Archive member included because of file (symbol)

c:/altera/13.0/nios2eds/bin/gnu/h-i686-mingw32/bin/../lib/gcc/nios2-elf/4.1.2\libgcc.a(_addsub_df.o)
                              obj/default//D/cs723-assignment1/software/freertos_test/freertos_test.o (__subdf3)
c:/altera/13.0/nios2eds/bin/gnu/h-i686-mingw32/bin/../lib/gcc/nios2-elf/4.1.2\libgcc.a(_mul_df.o)
                              obj/default//D/cs723-assignment1/software/freertos_test/freertos_test.o (__muldf3)
c:/altera/13.0/nios2eds/bin/gnu/h-i686-mingw32/bin/../lib/gcc/nios2-elf/4.1.2\libgcc.a(_div_df.o)
                              obj/default//D/cs723-assignment1/software/freertos_test/freertos_test.o (__divdf3)
c:/altera/13.0/nios2eds/bin/gnu/h-i686-mingw32/bin/../lib/gcc/nios2-elf/4.1.2\libgcc.a(_eq_df.o)
                              obj/default//D/cs723-assignment1/software/freertos_test/freertos_test.o (__eqdf2)
c:/altera/13.0/nios2eds/bin/gnu/h-i686-mingw32/bin/../lib/gcc/nios2-elf/4.1.2\libgcc.a(_si_to_df.o)
                              obj/default//D/cs723-assignment1/software/freertos_test/freertos_test.o (__floatsidf)
c:/altera/13.0/nios2eds/bin/gnu/h-i686-mingw32/bin/../lib/gcc/nios2-elf/4.1.2\libgcc.a(_thenan_df.o)
                              c:/altera/13.0/nios2eds/bin/gnu/h-i686-mingw32/bin/../lib/gcc/nios2-elf/4.1.2\libgcc.a(_addsub_df.o) (__thenan_df)
c:/altera/13.0/nios2eds/bin/gnu/h-i686-mingw32/bin/../lib/gcc/nios2-elf/4.1.2\libgcc.a(_usi_to_df.o)
                              obj/default//D/cs723-assignment1/software/freertos_test/freertos_test.o (__floatunsidf)
c:/altera/13.0/nios2eds/bin/gnu/h-i686-mingw32/bin/../lib/gcc/nios2-elf/4.1.2\libgcc.a(_muldi3.o)
                              c:/altera/13.0/nios2eds/bin/gnu/h-i686-mingw32/bin/../lib/gcc/nios2-elf/4.1.2\libgcc.a(_mul_df.o) (__muldi3)
c:/altera/13.0/nios2eds/bin/gnu/h-i686-mingw32/bin/../lib/gcc/nios2-elf/4.1.2\libgcc.a(_clzsi2.o)
                              c:/altera/13.0/nios2eds/bin/gnu/h-i686-mingw32/bin/../lib/gcc/nios2-elf/4.1.2\libgcc.a(_si_to_df.o) (__clzsi2)
c:/altera/13.0/nios2eds/bin/gnu/h-i686-mingw32/bin/../lib/gcc/nios2-elf/4.1.2\libgcc.a(_pack_df.o)
                              c:/altera/13.0/nios2eds/bin/gnu/h-i686-mingw32/bin/../lib/gcc/nios2-elf/4.1.2\libgcc.a(_addsub_df.o) (__pack_d)
c:/altera/13.0/nios2eds/bin/gnu/h-i686-mingw32/bin/../lib/gcc/nios2-elf/4.1.2\libgcc.a(_unpack_df.o)
                              c:/altera/13.0/nios2eds/bin/gnu/h-i686-mingw32/bin/../lib/gcc/nios2-elf/4.1.2\libgcc.a(_addsub_df.o) (__unpack_d)
c:/altera/13.0/nios2eds/bin/gnu/h-i686-mingw32/bin/../lib/gcc/nios2-elf/4.1.2\libgcc.a(_fpcmp_parts_df.o)
                              c:/altera/13.0/nios2eds/bin/gnu/h-i686-mingw32/bin/../lib/gcc/nios2-elf/4.1.2\libgcc.a(_eq_df.o) (__fpcmp_parts_d)
c:/altera/13.0/nios2eds/bin/gnu/h-i686-mingw32/bin/../lib/gcc/nios2-elf/4.1.2\libgcc.a(_clz.o)
                              c:/altera/13.0/nios2eds/bin/gnu/h-i686-mingw32/bin/../lib/gcc/nios2-elf/4.1.2\libgcc.a(_clzsi2.o) (__clz_tab)
c:/altera/13.0/nios2eds/bin/gnu/h-i686-mingw32/bin/../lib/gcc/nios2-elf/4.1.2/../../../../nios2-elf/lib\libc.a(lib_a-memcmp.o)
                              obj/default//D/cs723-assignment1/software/freertos_test/freertos/tasks.o (memcmp)
c:/altera/13.0/nios2eds/bin/gnu/h-i686-mingw32/bin/../lib/gcc/nios2-elf/4.1.2/../../../../nios2-elf/lib\libc.a(lib_a-memcpy.o)
                              obj/default//D/cs723-assignment1/software/freertos_test/freertos/queue.o (memcpy)
c:/altera/13.0/nios2eds/bin/gnu/h-i686-mingw32/bin/../lib/gcc/nios2-elf/4.1.2/../../../../nios2-elf/lib\libc.a(lib_a-memset.o)
                              obj/default//D/cs723-assignment1/software/freertos_test/freertos/tasks.o (memset)
c:/altera/13.0/nios2eds/bin/gnu/h-i686-mingw32/bin/../lib/gcc/nios2-elf/4.1.2/../../../../nios2-elf/lib\libc.a(lib_a-printf.o)
                              obj/default//D/cs723-assignment1/software/freertos_test/freertos/port.o (printf)
c:/altera/13.0/nios2eds/bin/gnu/h-i686-mingw32/bin/../lib/gcc/nios2-elf/4.1.2/../../../../nios2-elf/lib\libc.a(lib_a-puts.o)
                              obj/default//D/cs723-assignment1/software/freertos_test/freertos_test.o (puts)
c:/altera/13.0/nios2eds/bin/gnu/h-i686-mingw32/bin/../lib/gcc/nios2-elf/4.1.2/../../../../nios2-elf/lib\libc.a(lib_a-strlen.o)
                              c:/altera/13.0/nios2eds/bin/gnu/h-i686-mingw32/bin/../lib/gcc/nios2-elf/4.1.2/../../../../nios2-elf/lib\libc.a(lib_a-puts.o) (strlen)
c:/altera/13.0/nios2eds/bin/gnu/h-i686-mingw32/bin/../lib/gcc/nios2-elf/4.1.2/../../../../nios2-elf/lib\libc.a(lib_a-vfprintf.o)
                              c:/altera/13.0/nios2eds/bin/gnu/h-i686-mingw32/bin/../lib/gcc/nios2-elf/4.1.2/../../../../nios2-elf/lib\libc.a(lib_a-printf.o) (___vfprintf_internal_r)
c:/altera/13.0/nios2eds/bin/gnu/h-i686-mingw32/bin/../lib/gcc/nios2-elf/4.1.2/../../../../nios2-elf/lib\libc.a(lib_a-wsetup.o)
[...]
Memory Configuration

Name             Origin             Length             Attributes
onchip_memory_BEFORE_EXCEPTION 0x00000000         0x00000020
onchip_memory    0x00000020         0x00031fe0
reset            0x01000000         0x00000020
flash_controller 0x01000020         0x007fffe0
sdram            0x08000000         0x08000000
*default*        0x00000000         0xffffffff

Linker script and memory map

LOAD D:/cs723-assignment1/software/freertos_test_bsp//obj/HAL/src/crt0.o
LOAD obj/default//D/cs723-assignment1/software/freertos_test/freertos/croutine.o
LOAD obj/default//D/cs723-assignment1/software/freertos_test/freertos/event_groups.o
LOAD obj/default//D/cs723-assignment1/software/freertos_test/freertos/heap.o
LOAD obj/default//D/cs723-assignment1/software/freertos_test/freertos/list.o
LOAD obj/default//D/cs723-assignment1/software/freertos_test/freertos/port.o
LOAD obj/default//D/cs723-assignment1/software/freertos_test/freertos/queue.o
LOAD obj/default//D/cs723-assignment1/software/freertos_test/freertos/tasks.o
LOAD obj/default//D/cs723-assignment1/software/freertos_test/freertos/timers.o
LOAD obj/default//D/cs723-assignment1/software/freertos_test/freertos_test.o
LOAD obj/default//D/cs723-assignment1/software/freertos_test/freertos/port_asm.o
LOAD c:/altera/13.0/nios2eds/bin/gnu/h-i686-mingw32/bin/../lib/gcc/nios2-elf/4.1.2/../../../../nios2-elf/lib\libstdc++.a
LOAD c:/altera/13.0/nios2eds/bin/gnu/h-i686-mingw32/bin/../lib/gcc/nios2-elf/4.1.2/../../../../nios2-elf/lib\libm.a
LOAD c:/altera/13.0/nios2eds/bin/gnu/h-i686-mingw32/bin/../lib/gcc/nios2-elf/4.1.2\libgcc.a
START GROUP
LOAD c:/altera/13.0/nios2eds/bin/gnu/h-i686-mingw32/bin/../lib/gcc/nios2-elf/4.1.2/../../../../nios2-elf/lib\libc.a
LOAD c:/altera/13.0/nios2eds/bin/gnu/h-i686-mingw32/bin/../lib/gcc/nios2-elf/4.1.2\libgcc.a
LOAD D:/cs723-assignment1/software/freertos_test_bsp/\libhal_bsp.a
END GROUP
LOAD c:/altera/13.0/nios2eds/bin/gnu/h-i686-mingw32/bin/../lib/gcc/nios2-elf/4.1.2\libgcc.a
                0x00000000                __alt_mem_onchip_memory = 0x0
                0x01000000                __alt_mem_flash_controller = 0x1000000
                0x08000000                __alt_mem_sdram = 0x8000000

.entry          0x01000000        0x0
 *(.entry)
 .entry         0x01000000        0x0 D:/cs723-assignment1/software/freertos_test_bsp//obj/HAL/src/crt0.o
                0x01000000                __reset

.exceptions     0x00000020      0x228
                0x00000020                PROVIDE (__ram_exceptions_start, ABSOLUTE (.))
                0x00000020                . = ALIGN (0x20)
 *(.irq)
 *(.exceptions.entry.label)
 *(.exceptions.entry.user)
 *(.exceptions.entry)
 .exceptions.entry
                0x00000020       0x8c obj/default//D/cs723-assignment1/software/freertos_test/freertos/port_asm.o
 *(.exceptions.irqtest.user)
 *(.exceptions.irqtest)
 .exceptions.irqtest
                0x000000ac       0x14 obj/default//D/cs723-assignment1/software/freertos_test/freertos/port_asm.o
 *(.exceptions.irqhandler.user)
 *(.exceptions.irqhandler)
 .exceptions.irqhandler
                0x000000c0        0x4 obj/default//D/cs723-assignment1/software/freertos_test/freertos/port_asm.o
 *(.exceptions.irqreturn.user)
 *(.exceptions.irqreturn)
 .exceptions.irqreturn
                0x000000c4       0x8c obj/default//D/cs723-assignment1/software/freertos_test/freertos/port_asm.o
                0x000000c4                restore_sp_from_pxCurrentTCB
 *(.exceptions.notirq.label)
 *(.exceptions.notirq.user)
 *(.exceptions.notirq)
 *(.exceptions.soft.user)
 *(.exceptions.soft)
 .exceptions.soft
                0x00000150       0x2c obj/default//D/cs723-assignment1/software/freertos_test/freertos/port_asm.o
 *(.exceptions.unknown.user)
 *(.exceptions.unknown)
 *(.exceptions.exit.label)
 *(.exceptions.exit.user)
 *(.exceptions.exit)
 *(.exceptions)
 .exceptions    0x0000017c       0xcc D:/cs723-assignment1/software/freertos_test_bsp/\libhal_bsp.a(alt_irq_handler.o)
                0x0000017c                alt_irq_handler
                0x00000248                PROVIDE (__ram_exceptions_end, ABSOLUTE (.))
                0x00000020                PROVIDE (__flash_exceptions_start, LOADADDR (.exceptions))

.text           0x00000248    0x17624
                0x00000248                PROVIDE (stext, ABSOLUTE (.))
 *(.interp)
 *(.hash)
 *(.dynsym)
 *(.dynstr)
 *(.gnu.version)
 *(.gnu.version_d)
 *(.gnu.version_r)
 *(.rel.init)
 *(.rela.init)
 *(.rel.text .rel.text.* .rel.gnu.linkonce.t.*)
 *(.rela.text .rela.text.* .rela.gnu.linkonce.t.*)
 *(.rel.fini)
 *(.rela.fini)
 *(.rel.rodata .rel.rodata.* .rel.gnu.linkonce.r.*)
 *(.rela.rodata .rela.rodata.* .rela.gnu.linkonce.r.*)
 *(.rel.data .rel.data.* .rel.gnu.linkonce.d.*)
 *(.rela.data .rela.data.* .rela.gnu.linkonce.d.*)
 *(.rel.tdata .rel.tdata.* .rel.gnu.linkonce.td.*)
 *(.rela.tdata .rela.tdata.* .rela.gnu.linkonce.td.*)
 *(.rel.tbss .rel.tbss.* .rel.gnu.linkonce.tb.*)
 *(.rela.tbss .rela.tbss.* .rela.gnu.linkonce.tb.*)
 *(.rel.ctors)
 *(.rela.ctors)
 *(.rel.dtors)
 *(.rela.dtors)
 *(.rel.got)
 *(.rela.got)
 *(.rel.sdata .rel.sdata.* .rel.gnu.linkonce.s.*)
 *(.rela.sdata .rela.sdata.* .rela.gnu.linkonce.s.*)
 *(.rel.sbss .rel.sbss.* .rel.gnu.linkonce.sb.*)
 *(.rela.sbss .rela.sbss.* .rela.gnu.linkonce.sb.*)
 *(.rel.sdata2 .rel.sdata2.* .rel.gnu.linkonce.s2.*)
 *(.rela.sdata2 .rela.sdata2.* .rela.gnu.linkonce.s2.*)
 *(.rel.sbss2 .rel.sbss2.* .rel.gnu.linkonce.sb2.*)
 *(.rela.sbss2 .rela.sbss2.* .rela.gnu.linkonce.sb2.*)
 *(.rel.bss .rel.bss.* .rel.gnu.linkonce.b.*)
 *(.rela.bss .rela.bss.* .rela.gnu.linkonce.b.*)
 *(.rel.plt)
 *(.rela.plt)
 *(.rel.dyn)
 *(.init)
 *(.plt)
 *(.text .stub .text.* .gnu.linkonce.t.*)
 .text          0x00000248       0x48 D:/cs723-assignment1/software/freertos_test_bsp//obj/HAL/src/crt0.o
                0x00000248                _start
 .text          0x00000290      0x60c obj/default//D/cs723-assignment1/software/freertos_test/freertos/croutine.o
                0x00000290                xCoRoutineCreate
                0x000003d0                vCoRoutineAddToDelayedList
                0x00000694                vCoRoutineSchedule
                0x0000081c                xCoRoutineRemoveFromEventList
 .text          0x0000089c      0x720 obj/default//D/cs723-assignment1/software/freertos_test/freertos/event_groups.o
                0x0000089c                xEventGroupCreate
                0x000008f0                xEventGroupSync
                0x00000a74                xEventGroupWaitBits
                0x00000c34                xEventGroupClearBits
                0x00000c9c                xEventGroupGetBitsFromISR
                0x00000cd8                xEventGroupSetBits
                0x00000e64                vEventGroupDelete
                0x00000ed4                vEventGroupSetBitsCallback
                0x00000f0c                vEventGroupClearBitsCallback
 .text          0x00000fbc      0x448 obj/default//D/cs723-assignment1/software/freertos_test/freertos/heap.o
                0x00000fbc                pvPortMalloc
                0x00001150                vPortFree
                0x000011d0                xPortGetFreeHeapSize
                0x000011f0                vPortInitialiseBlocks
 .text          0x00001404      0x28c obj/default//D/cs723-assignment1/software/freertos_test/freertos/list.o
                0x00001404                vListInitialise
                0x00001474                vListInitialiseItem
                0x0000149c                vListInsertEnd
                0x00001524                vListInsert
                0x000015f8                uxListRemove
 .text          0x00001690      0x434 obj/default//D/cs723-assignment1/software/freertos_test/freertos/port.o
                0x00001690                vApplicationStackOverflowHook
                0x000016f4                pxPortInitialiseStack
                0x000017dc                xPortStartScheduler
                0x00001814                vPortEndScheduler
                0x000018c8                vPortSysTickHandler
                0x00001914                alt_irq_register
 .text          0x00001ac4     0x1134 obj/default//D/cs723-assignment1/software/freertos_test/freertos/queue.o
                0x00001ac4                xQueueGenericReset
                0x00001bd8                xQueueGenericCreate
                0x00001cb4                xQueueCreateMutex
                0x00001d78                xQueueGiveMutexRecursive
                0x00001e0c                xQueueTakeMutexRecursive
                0x00001eb4                xQueueCreateCountingSemaphore
                0x00001f10                xQueueGenericSend
                0x000020c0                xQueueGenericSendFromISR
                0x000021a8                xQueueGiveFromISR
                0x00002280                xQueueGenericReceive
                0x000024ac                xQueueReceiveFromISR
                0x00002590                xQueuePeekFromISR
                0x00002610                uxQueueMessagesWaiting
                0x00002650                uxQueueSpacesAvailable
                0x000026a4                uxQueueMessagesWaitingFromISR
                0x000026d4                vQueueDelete
                0x00002a80                xQueueIsQueueEmptyFromISR
                0x00002b1c                xQueueIsQueueFullFromISR
                0x00002b64                vQueueWaitForMessageRestricted
 .text          0x00002bf8     0x1c94 obj/default//D/cs723-assignment1/software/freertos_test/freertos/tasks.o
                0x00002bf8                xTaskGenericCreate
                0x00002dc0                vTaskDelete
                0x00002e98                vTaskDelay
                0x00002f10                vTaskStartScheduler
                0x00002fac                vTaskEndScheduler
                0x00002ff0                vTaskSuspendAll
                0x00003018                xTaskResumeAll
                0x00003168                xTaskGetTickCount
                0x00003190                xTaskGetTickCountFromISR
                0x000031bc                uxTaskGetNumberOfTasks
                0x000031dc                xTaskIncrementTick
                0x000033b8                vTaskSwitchContext
                0x000034e8                vTaskPlaceOnEventList
                0x00003548                vTaskPlaceOnUnorderedEventList
                0x000035bc                vTaskPlaceOnEventListRestricted
                0x0000361c                xTaskRemoveFromEventList
                0x00003704                xTaskRemoveFromUnorderedEventList
                0x000037d4                vTaskSetTimeOutState
                0x0000380c                xTaskCheckForTimeOut
                0x000038d0                vTaskMissedYield
                0x00003d50                uxTaskGetStackHighWaterMark
                0x00003e6c                xTaskGetCurrentTaskHandle
                0x00003e94                xTaskGetSchedulerState
                0x00003ee8                vTaskPriorityInherit
                0x00004018                xTaskPriorityDisinherit
                0x00004114                vTaskEnterCritical
                0x00004168                vTaskExitCritical
                0x000041d0                uxTaskResetEventItemValue
                0x00004214                pvTaskIncrementMutexHeldCount
                0x00004250                ulTaskNotifyTake
                0x00004328                xTaskNotifyWait
                0x00004434                xTaskNotify
                0x000045bc                xTaskNotifyFromISR
                0x0000477c                vTaskNotifyGiveFromISR
 .text          0x0000488c      0x8b0 obj/default//D/cs723-assignment1/software/freertos_test/freertos/timers.o
                0x0000488c                xTimerCreateTimerTask
                0x000048fc                xTimerCreate
                0x000049ac                xTimerGenericCommand
                0x00004a74                pcTimerGetTimerName
                0x000050c0                xTimerIsTimerActive
                0x0000510c                pvTimerGetTimerID
 .text          0x0000513c      0x5d8 obj/default//D/cs723-assignment1/software/freertos_test/freertos_test.o
                0x0000513c                freq_relay
                0x00005378                VGA_Task
                0x00005634                initOSDataStructs
                0x0000567c                main
                0x000056bc                initCreateTasks
 .text          0x00005714        0x0 obj/default//D/cs723-assignment1/software/freertos_test/freertos/port_asm.o
 .text          0x00005714      0x504 c:/altera/13.0/nios2eds/bin/gnu/h-i686-mingw32/bin/../lib/gcc/nios2-elf/4.1.2\libgcc.a(_addsub_df.o)
                0x00005b24                __subdf3
                0x00005ba4                __adddf3
 .text          0x00005c18      0x3c4 c:/altera/13.0/nios2eds/bin/gnu/h-i686-mingw32/bin/../lib/gcc/nios2-elf/4.1.2\libgcc.a(_mul_df.o)
                0x00005c18                __muldf3
 .text          0x00005fdc      0x258 c:/altera/13.0/nios2eds/bin/gnu/h-i686-mingw32/bin/../lib/gcc/nios2-elf/4.1.2\libgcc.a(_div_df.o)
                0x00005fdc                __divdf3
 .text          0x00006234       0x88 c:/altera/13.0/nios2eds/bin/gnu/h-i686-mingw32/bin/../lib/gcc/nios2-elf/4.1.2\libgcc.a(_eq_df.o)
                0x00006234                __eqdf2
 .text          0x000062bc       0xf8 c:/altera/13.0/nios2eds/bin/gnu/h-i686-mingw32/bin/../lib/gcc/nios2-elf/4.1.2\libgcc.a(_si_to_df.o)
                0x000062bc                __floatsidf
 .text          0x000063b4        0x0 c:/altera/13.0/nios2eds/bin/gnu/h-i686-mingw32/bin/../lib/gcc/nios2-elf/4.1.2\libgcc.a(_thenan_df.o)
 .text          0x000063b4      0x194 c:/altera/13.0/nios2eds/bin/gnu/h-i686-mingw32/bin/../lib/gcc/nios2-elf/4.1.2\libgcc.a(_usi_to_df.o)
                0x000063b4                __floatunsidf
 .text          0x00006548       0x98 c:/altera/13.0/nios2eds/bin/gnu/h-i686-mingw32/bin/../lib/gcc/nios2-elf/4.1.2\libgcc.a(_muldi3.o)
                0x00006548                __muldi3
 .text          0x000065e0       0x80 c:/altera/13.0/nios2eds/bin/gnu/h-i686-mingw32/bin/../lib/gcc/nios2-elf/4.1.2\libgcc.a(_clzsi2.o)
                0x000065e0                __clzsi2
 .text          0x00006660      0x314 c:/altera/13.0/nios2eds/bin/gnu/h-i686-mingw32/bin/../lib/gcc/nios2-elf/4.1.2\libgcc.a(_pack_df.o)
                0x00006660                __pack_d
 .text          0x00006974      0x138 c:/altera/13.0/nios2eds/bin/gnu/h-i686-mingw32/bin/../lib/gcc/nios2-elf/4.1.2\libgcc.a(_unpack_df.o)
                0x00006974                __unpack_d
 .text          0x00006aac       0xc8 c:/altera/13.0/nios2eds/bin/gnu/h-i686-mingw32/bin/../lib/gcc/nios2-elf/4.1.2\libgcc.a(_fpcmp_parts_df.o)
                0x00006aac                __fpcmp_parts_d
 .text          0x00006b74        0x0 c:/altera/13.0/nios2eds/bin/gnu/h-i686-mingw32/bin/../lib/gcc/nios2-elf/4.1.2\libgcc.a(_clz.o)
 .text          0x00006b74       0x74 c:/altera/13.0/nios2eds/bin/gnu/h-i686-mingw32/bin/../lib/gcc/nios2-elf/4.1.2/../../../../nios2-elf/lib\libc.a(lib_a-memcmp.o)
                0x00006b74                memcmp
 .text          0x00006be8       0xa0 c:/altera/13.0/nios2eds/bin/gnu/h-i686-mingw32/bin/../lib/gcc/nios2-elf/4.1.2/../../../../nios2-elf/lib\libc.a(lib_a-memcpy.o)
                0x00006be8                memcpy
 .text          0x00006c88       0x98 c:/altera/13.0/nios2eds/bin/gnu/h-i686-mingw32/bin/../lib/gcc/nios2-elf/4.1.2/../../../../nios2-elf/lib\libc.a(lib_a-memset.o)
                0x00006c88                memset
 .text          0x00006d20       0x78 c:/altera/13.0/nios2eds/bin/gnu/h-i686-mingw32/bin/../lib/gcc/nios2-elf/4.1.2/../../../../nios2-elf/lib\libc.a(lib_a-printf.o)
                0x00006d20                printf
                0x00006d64                _printf_r
 .text          0x00006d98       0xb4 c:/altera/13.0/nios2eds/bin/gnu/h-i686-mingw32/bin/../lib/gcc/nios2-elf/4.1.2/../../../../nios2-elf/lib\libc.a(lib_a-puts.o)
                0x00006d98                _puts_r
                0x00006e38                puts
 .text          0x00006e4c       0x74 c:/altera/13.0/nios2eds/bin/gnu/h-i686-mingw32/bin/../lib/gcc/nios2-elf/4.1.2/../../../../nios2-elf/lib\libc.a(lib_a-strlen.o)
                0x00006e4c                strlen
 .text          0x00006ec0     0x1f28 c:/altera/13.0/nios2eds/bin/gnu/h-i686-mingw32/bin/../lib/gcc/nios2-elf/4.1.2/../../../../nios2-elf/lib\libc.a(lib_a-vfprintf.o)
                0x00006f18                ___vfprintf_internal_r
                0x00008dc4                __vfprintf_internal
 .text          0x00008de8      0x13c c:/altera/13.0/nios2eds/bin/gnu/h-i686-mingw32/bin/../lib/gcc/nios2-elf/4.1.2/../../../../nios2-elf/lib\libc.a(lib_a-wsetup.o)
                0x00008de8                __swsetup_r
 .text          0x00008f24     0x17cc c:/altera/13.0/nios2eds/bin/gnu/h-i686-mingw32/bin/../lib/gcc/nios2-elf/4.1.2/../../../../nios2-elf/lib\libc.a(lib_a-dtoa.o)
                0x0000913c                _dtoa_r
 .text          0x0000a6f0      0x230 c:/altera/13.0/nios2eds/bin/gnu/h-i686-mingw32/bin/../lib/gcc/nios2-elf/4.1.2/../../../../nios2-elf/lib\libc.a(lib_a-fflush.o)
                0x0000a6f0                _fflush_r
                0x0000a8ec                fflush
 .text          0x0000a920      0x2c0 c:/altera/13.0/nios2eds/bin/gnu/h-i686-mingw32/bin/../lib/gcc/nios2-elf/4.1.2/../../../../nios2-elf/lib\libc.a(lib_a-findfp.o)
                0x0000a978                __sfp_lock_acquire
                0x0000a97c                __sfp_lock_release
                0x0000a980                __sinit_lock_acquire
                0x0000a984                __sinit_lock_release
                0x0000a988                __sinit
                0x0000aa3c                __fp_unlock_all
                0x0000aa54                __fp_lock_all
                0x0000aa6c                _cleanup_r
                0x0000aa78                _cleanup
                0x0000aa88                __sfmoreglue
                0x0000aaf0                __sfp
 .text          0x0000abe0      0x440 c:/altera/13.0/nios2eds/bin/gnu/h-i686-mingw32/bin/../lib/gcc/nios2-elf/4.1.2/../../../../nios2-elf/lib\libc.a(lib_a-freer.o)
                0x0000abe0                _malloc_trim_r
                0x0000ad0c                _free_r
 .text          0x0000b020      0x49c c:/altera/13.0/nios2eds/bin/gnu/h-i686-mingw32/bin/../lib/gcc/nios2-elf/4.1.2/../../../../nios2-elf/lib\libc.a(lib_a-fvwrite.o)
                0x0000b020                __sfvwrite_r
 .text          0x0000b4bc      0x180 c:/altera/13.0/nios2eds/bin/gnu/h-i686-mingw32/bin/../lib/gcc/nios2-elf/4.1.2/../../../../nios2-elf/lib\libc.a(lib_a-fwalk.o)
                0x0000b4bc                _fwalk_reent
                0x0000b584                _fwalk
 .text          0x0000b63c        0x0 c:/altera/13.0/nios2eds/bin/gnu/h-i686-mingw32/bin/../lib/gcc/nios2-elf/4.1.2/../../../../nios2-elf/lib\libc.a(lib_a-impure.o)
 .text          0x0000b63c       0xc4 c:/altera/13.0/nios2eds/bin/gnu/h-i686-mingw32/bin/../lib/gcc/nios2-elf/4.1.2/../../../../nios2-elf/lib\libc.a(lib_a-locale.o)
                0x0000b63c                __locale_charset
                0x0000b644                _localeconv_r
                0x0000b650                localeconv
                0x0000b660                _setlocale_r
                0x0000b6e4                setlocale
 .text          0x0000b700      0x194 c:/altera/13.0/nios2eds/bin/gnu/h-i686-mingw32/bin/../lib/gcc/nios2-elf/4.1.2/../../../../nios2-elf/lib\libc.a(lib_a-makebuf.o)
                0x0000b700                __smakebuf_r
 .text          0x0000b894      0x740 c:/altera/13.0/nios2eds/bin/gnu/h-i686-mingw32/bin/../lib/gcc/nios2-elf/4.1.2/../../../../nios2-elf/lib\libc.a(lib_a-mallocr.o)
                0x0000b894                _malloc_r
 .text          0x0000bfd4       0xe4 c:/altera/13.0/nios2eds/bin/gnu/h-i686-mingw32/bin/../lib/gcc/nios2-elf/4.1.2/../../../../nios2-elf/lib\libc.a(lib_a-memchr.o)
                0x0000bfd4                memchr
 .text          0x0000c0b8       0xe0 c:/altera/13.0/nios2eds/bin/gnu/h-i686-mingw32/bin/../lib/gcc/nios2-elf/4.1.2/../../../../nios2-elf/lib\libc.a(lib_a-memmove.o)
                0x0000c0b8                memmove
 .text          0x0000c198      0xff4 c:/altera/13.0/nios2eds/bin/gnu/h-i686-mingw32/bin/../lib/gcc/nios2-elf/4.1.2/../../../../nios2-elf/lib\libc.a(lib_a-mprec.o)
                0x0000c198                _Bfree
                0x0000c1c0                __hi0bits
                0x0000c230                __lo0bits
                0x0000c2f4                __mcmp
                0x0000c354                __ulp
                0x0000c3d4                __b2d
                0x0000c4f4                __ratio
                0x0000c5a4                _mprec_log10
                0x0000c638                __copybits
                0x0000c690                __any_on
                0x0000c718                _Balloc
                0x0000c7d4                __d2b
                0x0000c950                __mdiff
                0x0000cadc                __lshift
                0x0000cc28                __multiply
                0x0000ce10                __i2b
                0x0000ce4c                __multadd
                0x0000cf4c                __pow5mult
                0x0000d06c                __s2b
 .text          0x0000d18c      0x5f4 c:/altera/13.0/nios2eds/bin/gnu/h-i686-mingw32/bin/../lib/gcc/nios2-elf/4.1.2/../../../../nios2-elf/lib\libc.a(lib_a-reallocr.o)
                0x0000d18c                _realloc_r
 .text          0x0000d780       0x40 c:/altera/13.0/nios2eds/bin/gnu/h-i686-mingw32/bin/../lib/gcc/nios2-elf/4.1.2/../../../../nios2-elf/lib\libc.a(lib_a-s_isinfd.o)
                0x0000d780                __isinfd
 .text          0x0000d7c0       0x30 c:/altera/13.0/nios2eds/bin/gnu/h-i686-mingw32/bin/../lib/gcc/nios2-elf/4.1.2/../../../../nios2-elf/lib\libc.a(lib_a-s_isnand.o)
                0x0000d7c0                __isnand
 .text          0x0000d7f0       0x70 c:/altera/13.0/nios2eds/bin/gnu/h-i686-mingw32/bin/../lib/gcc/nios2-elf/4.1.2/../../../../nios2-elf/lib\libc.a(lib_a-sbrkr.o)
                0x0000d7f0                _sbrk_r
 .text          0x0000d860      0x14c c:/altera/13.0/nios2eds/bin/gnu/h-i686-mingw32/bin/../lib/gcc/nios2-elf/4.1.2/../../../../nios2-elf/lib\libc.a(lib_a-stdio.o)
                0x0000d860                __sclose
                0x0000d868                __sseek
                0x0000d8d0                __swrite
                0x0000d94c                __sread
 .text          0x0000d9ac       0xbc c:/altera/13.0/nios2eds/bin/gnu/h-i686-mingw32/bin/../lib/gcc/nios2-elf/4.1.2/../../../../nios2-elf/lib\libc.a(lib_a-strcmp.o)
                0x0000d9ac                strcmp
 .text          0x0000da68       0x78 c:/altera/13.0/nios2eds/bin/gnu/h-i686-mingw32/bin/../lib/gcc/nios2-elf/4.1.2/../../../../nios2-elf/lib\libc.a(lib_a-writer.o)
                0x0000da68                _write_r
 .text          0x0000dae0       0xb4 c:/altera/13.0/nios2eds/bin/gnu/h-i686-mingw32/bin/../lib/gcc/nios2-elf/4.1.2/../../../../nios2-elf/lib\libc.a(lib_a-callocr.o)
                0x0000dae0                _calloc_r
 .text          0x0000db94       0x70 c:/altera/13.0/nios2eds/bin/gnu/h-i686-mingw32/bin/../lib/gcc/nios2-elf/4.1.2/../../../../nios2-elf/lib\libc.a(lib_a-closer.o)
                0x0000db94                _close_r
 .text          0x0000dc04      0x124 c:/altera/13.0/nios2eds/bin/gnu/h-i686-mingw32/bin/../lib/gcc/nios2-elf/4.1.2/../../../../nios2-elf/lib\libc.a(lib_a-fclose.o)
                0x0000dc04                _fclose_r
                0x0000dd14                fclose
 .text          0x0000dd28       0x74 c:/altera/13.0/nios2eds/bin/gnu/h-i686-mingw32/bin/../lib/gcc/nios2-elf/4.1.2/../../../../nios2-elf/lib\libc.a(lib_a-fstatr.o)
                0x0000dd28                _fstat_r
 .text          0x0000dd9c        0x0 c:/altera/13.0/nios2eds/bin/gnu/h-i686-mingw32/bin/../lib/gcc/nios2-elf/4.1.2/../../../../nios2-elf/lib\libc.a(lib_a-int_errno.o)
 .text          0x0000dd9c       0x70 c:/altera/13.0/nios2eds/bin/gnu/h-i686-mingw32/bin/../lib/gcc/nios2-elf/4.1.2/../../../../nios2-elf/lib\libc.a(lib_a-isattyr.o)
                0x0000dd9c                _isatty_r
 .text          0x0000de0c       0x78 c:/altera/13.0/nios2eds/bin/gnu/h-i686-mingw32/bin/../lib/gcc/nios2-elf/4.1.2/../../../../nios2-elf/lib\libc.a(lib_a-lseekr.o)
                0x0000de0c                _lseek_r
 .text          0x0000de84       0x78 c:/altera/13.0/nios2eds/bin/gnu/h-i686-mingw32/bin/../lib/gcc/nios2-elf/4.1.2/../../../../nios2-elf/lib\libc.a(lib_a-readr.o)
                0x0000de84                _read_r
 .text          0x0000defc      0x5dc c:/altera/13.0/nios2eds/bin/gnu/h-i686-mingw32/bin/../lib/gcc/nios2-elf/4.1.2\libgcc.a(_udivdi3.o)
                0x0000defc                __udivdi3
 .text          0x0000e4d8      0x5b0 c:/altera/13.0/nios2eds/bin/gnu/h-i686-mingw32/bin/../lib/gcc/nios2-elf/4.1.2\libgcc.a(_umoddi3.o)
                0x0000e4d8                __umoddi3
 .text          0x0000ea88       0x88 c:/altera/13.0/nios2eds/bin/gnu/h-i686-mingw32/bin/../lib/gcc/nios2-elf/4.1.2\libgcc.a(_ne_df.o)
                0x0000ea88                __nedf2
 .text          0x0000eb10       0x88 c:/altera/13.0/nios2eds/bin/gnu/h-i686-mingw32/bin/../lib/gcc/nios2-elf/4.1.2\libgcc.a(_gt_df.o)
                0x0000eb10                __gtdf2
 .text          0x0000eb98       0x88 c:/altera/13.0/nios2eds/bin/gnu/h-i686-mingw32/bin/../lib/gcc/nios2-elf/4.1.2\libgcc.a(_ge_df.o)
                0x0000eb98                __gedf2
 .text          0x0000ec20       0x88 c:/altera/13.0/nios2eds/bin/gnu/h-i686-mingw32/bin/../lib/gcc/nios2-elf/4.1.2\libgcc.a(_lt_df.o)
                0x0000ec20                __ltdf2
 .text          0x0000eca8       0xd8 c:/altera/13.0/nios2eds/bin/gnu/h-i686-mingw32/bin/../lib/gcc/nios2-elf/4.1.2\libgcc.a(_df_to_si.o)
                0x0000eca8                __fixdfsi
 .text          0x0000ed80      0x14c c:/altera/13.0/nios2eds/bin/gnu/h-i686-mingw32/bin/../lib/gcc/nios2-elf/4.1.2\libgcc.a(lib2-divmod.o)
                0x0000edfc                __divsi3
                0x0000ee5c                __modsi3
                0x0000eebc                __udivsi3
                0x0000eec4                __umodsi3
 .text          0x0000eecc      0x15c D:/cs723-assignment1/software/freertos_test_bsp/\libhal_bsp.a(alt_close.o)
                0x0000eecc                close
 .text          0x0000f028       0x2c D:/cs723-assignment1/software/freertos_test_bsp/\libhal_bsp.a(alt_dev.o)
 .text          0x0000f054        0x0 D:/cs723-assignment1/software/freertos_test_bsp/\libhal_bsp.a(alt_errno.o)
 .text          0x0000f054      0x134 D:/cs723-assignment1/software/freertos_test_bsp/\libhal_bsp.a(alt_fstat.o)
                0x0000f054                fstat
 .text          0x0000f188        0x0 D:/cs723-assignment1/software/freertos_test_bsp/\libhal_bsp.a(alt_irq_handler.o)
 .text          0x0000f188        0x0 D:/cs723-assignment1/software/freertos_test_bsp/\libhal_bsp.a(alt_irq_vars.o)
 .text          0x0000f188      0x120 D:/cs723-assignment1/software/freertos_test_bsp/\libhal_bsp.a(alt_isatty.o)
                0x0000f188                isatty
 .text          0x0000f2a8      0x150 D:/cs723-assignment1/software/freertos_test_bsp/\libhal_bsp.a(alt_lseek.o)
                0x0000f2a8                lseek
 .text          0x0000f3f8       0x6c D:/cs723-assignment1/software/freertos_test_bsp/\libhal_bsp.a(alt_main.o)
                0x0000f3f8                alt_main
 .text          0x0000f464       0x40 D:/cs723-assignment1/software/freertos_test_bsp/\libhal_bsp.a(alt_malloc_lock.o)
                0x0000f464                __malloc_lock
                0x0000f484                __malloc_unlock
 .text          0x0000f4a4      0x180 D:/cs723-assignment1/software/freertos_test_bsp/\libhal_bsp.a(alt_read.o)
                0x0000f4a4                read
 .text          0x0000f624       0x60 D:/cs723-assignment1/software/freertos_test_bsp/\libhal_bsp.a(alt_release_fd.o)
                0x0000f624                alt_release_fd
 .text          0x0000f684       0xbc D:/cs723-assignment1/software/freertos_test_bsp/\libhal_bsp.a(alt_sbrk.o)
                0x0000f684                sbrk
 .text          0x0000f740      0x180 D:/cs723-assignment1/software/freertos_test_bsp/\libhal_bsp.a(alt_write.o)
                0x0000f740                write
 .text          0x0000f8c0      0x3d8 D:/cs723-assignment1/software/freertos_test_bsp/\libhal_bsp.a(alt_sys_init.o)
                0x0000f8c0                alt_irq_init
                0x0000f8f4                alt_sys_init
 .text          0x0000fc98      0x8d8 D:/cs723-assignment1/software/freertos_test_bsp/\libhal_bsp.a(altera_avalon_cfi_flash.o)
                0x0000fc98                alt_flash_cfi_init
                0x0000fd6c                alt_flash_cfi_write
                0x0001002c                alt_flash_cfi_get_info
                0x000100bc                alt_flash_cfi_read
                0x00010124                alt_write_value_to_flash
                0x00010288                alt_flash_program_block
 .text          0x00010570     0x14a8 D:/cs723-assignment1/software/freertos_test_bsp/\libhal_bsp.a(altera_avalon_cfi_flash_table.o)
                0x00010570                alt_read_query_entry_8bit
                0x000105b0                alt_read_query_entry_16bit
                0x000105f4                alt_read_query_entry_32bit
                0x0001063c                alt_write_flash_command_8bit_device_8bit_mode
                0x00010678                alt_write_flash_command_16bit_device_8bit_mode
                0x000106f4                alt_write_flash_command_32bit_device_8bit_mode
                0x0001073c                alt_write_flash_command_16bit_device_16bit_mode
                0x00010780                alt_write_flash_command_32bit_device_16bit_mode
                0x000107c8                alt_write_flash_command_32bit_device_32bit_mode
                0x00010810                alt_write_native_8bit
                0x00010844                alt_write_native_16bit
                0x00010878                alt_write_native_32bit
                0x000108a8                alt_set_flash_width_func
                0x00010a88                alt_set_flash_algorithm_func
                0x00010bb0                alt_read_cfi_table
                0x00011190                alt_read_cfi_width
                0x0001193c                alt_check_primary_table
 .text          0x00011a18      0x148 D:/cs723-assignment1/software/freertos_test_bsp/\libhal_bsp.a(altera_avalon_jtag_uart_fd.o)
                0x00011a18                altera_avalon_jtag_uart_read_fd
                0x00011a70                altera_avalon_jtag_uart_write_fd
                0x00011ac8                altera_avalon_jtag_uart_close_fd
                0x00011b10                altera_avalon_jtag_uart_ioctl_fd
 .text          0x00011b60      0x408 D:/cs723-assignment1/software/freertos_test_bsp/\libhal_bsp.a(altera_avalon_jtag_uart_init.o)
                0x00011b60                altera_avalon_jtag_uart_init
                0x00011ef4                altera_avalon_jtag_uart_close
 .text          0x00011f68       0xf4 D:/cs723-assignment1/software/freertos_test_bsp/\libhal_bsp.a(altera_avalon_jtag_uart_ioctl.o)
                0x00011f68                altera_avalon_jtag_uart_ioctl
 .text          0x0001205c      0x224 D:/cs723-assignment1/software/freertos_test_bsp/\libhal_bsp.a(altera_avalon_jtag_uart_read.o)
                0x0001205c                altera_avalon_jtag_uart_read
 .text          0x00012280      0x240 D:/cs723-assignment1/software/freertos_test_bsp/\libhal_bsp.a(altera_avalon_jtag_uart_write.o)
                0x00012280                altera_avalon_jtag_uart_write
 .text          0x000124c0      0xee0 D:/cs723-assignment1/software/freertos_test_bsp/\libhal_bsp.a(altera_avalon_lcd_16207.o)
                0x00012c94                altera_avalon_lcd_16207_write
                0x00013264                altera_avalon_lcd_16207_init
 .text          0x000133a0       0x58 D:/cs723-assignment1/software/freertos_test_bsp/\libhal_bsp.a(altera_avalon_lcd_16207_fd.o)
                0x000133a0                altera_avalon_lcd_16207_write_fd
 .text          0x000133f8       0xfc D:/cs723-assignment1/software/freertos_test_bsp/\libhal_bsp.a(altera_avalon_timer_sc.o)
                0x0001346c                alt_avalon_timer_sc_init
 .text          0x000134f4       0xf8 D:/cs723-assignment1/software/freertos_test_bsp/\libhal_bsp.a(altera_avalon_uart_fd.o)
                0x000134f4                altera_avalon_uart_read_fd
                0x0001354c                altera_avalon_uart_write_fd
                0x000135a4                altera_avalon_uart_close_fd
 .text          0x000135ec      0x3fc D:/cs723-assignment1/software/freertos_test_bsp/\libhal_bsp.a(altera_avalon_uart_init.o)
                0x000135ec                altera_avalon_uart_init
                0x00013988                altera_avalon_uart_close
 .text          0x000139e8      0x290 D:/cs723-assignment1/software/freertos_test_bsp/\libhal_bsp.a(altera_avalon_uart_read.o)
                0x000139e8                altera_avalon_uart_read
 .text          0x00013c78      0x228 D:/cs723-assignment1/software/freertos_test_bsp/\libhal_bsp.a(altera_avalon_uart_write.o)
                0x00013c78                altera_avalon_uart_write
 .text          0x00013ea0      0x700 D:/cs723-assignment1/software/freertos_test_bsp/\libhal_bsp.a(altera_up_avalon_ps2.o)
                0x00013ea0                read_RI_bit
                0x00013ed4                read_RE_bit
                0x00013f04                read_CE_bit
                0x00013f38                read_num_bytes_available
                0x00013f6c                read_data_valid
                0x00013fa0                read_data_byte
                0x00013fcc                alt_up_ps2_init
                0x00014098                alt_up_ps2_enable_read_interrupt
                0x000140ec                alt_up_ps2_disable_read_interrupt
                0x00014144                alt_up_ps2_write_data_byte
                0x000141bc                alt_up_ps2_wait_for_ack
                0x0001422c                alt_up_ps2_write_data_byte_with_ack
                0x00014298                alt_up_ps2_read_data_byte_timeout
                0x00014348                alt_up_ps2_read_data_byte
                0x000143c4                alt_up_ps2_clear_fifo
                0x0001441c                alt_up_ps2_read_fd
                0x000144b8                alt_up_ps2_write_fd
                0x00014560                alt_up_ps2_open_dev
 .text          0x000145a0      0x304 D:/cs723-assignment1/software/freertos_test_bsp/\libhal_bsp.a(altera_up_avalon_video_character_buffer_with_dma.o)
                0x000145a0                alt_up_char_buffer_init
                0x00014624                alt_up_char_buffer_open_dev
                0x00014664                alt_up_char_buffer_draw
                0x00014734                alt_up_char_buffer_string
                0x00014848                alt_up_char_buffer_clear
 .text          0x000148a4     0x156c D:/cs723-assignment1/software/freertos_test_bsp/\libhal_bsp.a(altera_up_avalon_video_pixel_buffer_dma.o)
                0x000148a4                alt_up_pixel_buffer_dma_open_dev
                0x000148e4                alt_up_pixel_buffer_dma_draw
                0x00014a84                alt_up_pixel_buffer_dma_change_back_buffer_address
                0x00014adc                alt_up_pixel_buffer_dma_swap_buffers
                0x00014b34                alt_up_pixel_buffer_dma_check_swap_buffers_status
                0x00014b68                alt_up_pixel_buffer_dma_clear_screen
                0x00014ccc                alt_up_pixel_buffer_dma_draw_box
                0x000151c0                alt_up_pixel_buffer_dma_draw_hline
                0x00015510                alt_up_pixel_buffer_dma_draw_vline
                0x000158e0                alt_up_pixel_buffer_dma_draw_rectangle
                0x000159a4                helper_plot_pixel
                0x00015a74                alt_up_pixel_buffer_dma_draw_line
 .text          0x00015e10      0x154 D:/cs723-assignment1/software/freertos_test_bsp/\libhal_bsp.a(alt_alarm_start.o)
                0x00015e10                alt_alarm_start
 .text          0x00015f64       0x78 D:/cs723-assignment1/software/freertos_test_bsp/\libhal_bsp.a(alt_dcache_flush.o)
                0x00015f64                alt_dcache_flush
 .text          0x00015fdc      0x114 D:/cs723-assignment1/software/freertos_test_bsp/\libhal_bsp.a(alt_dev_llist_insert.o)
                0x00015fdc                alt_dev_llist_insert
 .text          0x000160f0       0x64 D:/cs723-assignment1/software/freertos_test_bsp/\libhal_bsp.a(alt_do_ctors.o)
                0x000160f0                _do_ctors
 .text          0x00016154       0x64 D:/cs723-assignment1/software/freertos_test_bsp/\libhal_bsp.a(alt_do_dtors.o)
                0x00016154                _do_dtors
 .text          0x000161b8       0x94 D:/cs723-assignment1/software/freertos_test_bsp/\libhal_bsp.a(alt_find_dev.o)
                0x000161b8                alt_find_dev
 .text          0x0001624c       0xd0 D:/cs723-assignment1/software/freertos_test_bsp/\libhal_bsp.a(alt_flash_dev.o)
                0x0001624c                alt_flash_open_dev
                0x000162c8                alt_flash_close_dev
 .text          0x0001631c      0x13c D:/cs723-assignment1/software/freertos_test_bsp/\libhal_bsp.a(alt_io_redirect.o)
                0x000163e0                alt_io_redirect
 .text          0x00016458      0x2c4 D:/cs723-assignment1/software/freertos_test_bsp/\libhal_bsp.a(alt_open.o)
                0x00016534                open
 .text          0x0001671c      0x1a4 D:/cs723-assignment1/software/freertos_test_bsp/\libhal_bsp.a(alt_tick.o)
                0x0001671c                alt_alarm_stop
                0x000167b4                alt_tick
 .text          0x000168c0       0x30 D:/cs723-assignment1/software/freertos_test_bsp/\libhal_bsp.a(alt_usleep.o)
                0x000168c0                usleep
 .text          0x000168f0       0x20 D:/cs723-assignment1/software/freertos_test_bsp/\libhal_bsp.a(altera_nios2_qsys_irq.o)
                0x000168f0                altera_nios2_qsys_irq_init
 .text          0x00016910      0x460 D:/cs723-assignment1/software/freertos_test_bsp/\libhal_bsp.a(altera_avalon_cfi_flash_amd.o)
                0x00016910                alt_program_amd
                0x00016978                alt_erase_block_amd
 .text          0x00016d70      0x460 D:/cs723-assignment1/software/freertos_test_bsp/\libhal_bsp.a(altera_avalon_cfi_flash_intel.o)
                0x00016d70                alt_program_intel
                0x00016df4                alt_erase_block_intel
 .text          0x000171d0      0x12c D:/cs723-assignment1/software/freertos_test_bsp/\libhal_bsp.a(alt_busy_sleep.o)
                0x000171d0                alt_busy_sleep
 .text          0x000172fc      0x120 D:/cs723-assignment1/software/freertos_test_bsp/\libhal_bsp.a(alt_find_file.o)
                0x000172fc                alt_find_file
 .text          0x0001741c       0xb8 D:/cs723-assignment1/software/freertos_test_bsp/\libhal_bsp.a(alt_get_fd.o)
                0x0001741c                alt_get_fd
 .text          0x000174d4       0x14 c:/altera/13.0/nios2eds/bin/gnu/h-i686-mingw32/bin/../lib/gcc/nios2-elf/4.1.2/../../../../nios2-elf/lib\libc.a(lib_a-atexit.o)
                0x000174d4                atexit
 .text          0x000174e8        0x0 c:/altera/13.0/nios2eds/bin/gnu/h-i686-mingw32/bin/../lib/gcc/nios2-elf/4.1.2/../../../../nios2-elf/lib\libc.a(lib_a-ctype_.o)
 .text          0x000174e8       0x38 c:/altera/13.0/nios2eds/bin/gnu/h-i686-mingw32/bin/../lib/gcc/nios2-elf/4.1.2/../../../../nios2-elf/lib\libc.a(lib_a-exit.o)
                0x000174e8                exit
 .text          0x00017520      0x134 c:/altera/13.0/nios2eds/bin/gnu/h-i686-mingw32/bin/../lib/gcc/nios2-elf/4.1.2/../../../../nios2-elf/lib\libc.a(lib_a-__atexit.o)
                0x00017520                __register_exitproc
 .text          0x00017654      0x1b4 c:/altera/13.0/nios2eds/bin/gnu/h-i686-mingw32/bin/../lib/gcc/nios2-elf/4.1.2/../../../../nios2-elf/lib\libc.a(lib_a-__call_atexit.o)
                0x00017658                __call_exitprocs
 .text          0x00017808       0x60 D:/cs723-assignment1/software/freertos_test_bsp/\libhal_bsp.a(alt_exit.o)
                0x00017848                _exit
 *(.gnu.warning.*)
 *(.fini)
                0x00017868                PROVIDE (__etext, ABSOLUTE (.))
                0x00017868                PROVIDE (_etext, ABSOLUTE (.))
                0x00017868                PROVIDE (etext, ABSOLUTE (.))
 *(.eh_frame_hdr)
                0x00017868                . = ALIGN (0x4)
                0x00017868                PROVIDE (__preinit_array_start, ABSOLUTE (.))
 *(.preinit_array)
                0x00017868                PROVIDE (__preinit_array_end, ABSOLUTE (.))
                0x00017868                PROVIDE (__init_array_start, ABSOLUTE (.))
 *(.init_array)
                0x00017868                PROVIDE (__init_array_end, ABSOLUTE (.))
                0x00017868                PROVIDE (__fini_array_start, ABSOLUTE (.))
 *(.fini_array)
                0x00017868                PROVIDE (__fini_array_end, ABSOLUTE (.))
 *(.eh_frame)
 *(.gcc_except_table)
 *(.dynamic)
                0x00017868                PROVIDE (__CTOR_LIST__, ABSOLUTE (.))
 *(.ctors)
 *(SORT(.ctors.*))
 .ctors.65535   0x00017868        0x4 c:/altera/13.0/nios2eds/bin/gnu/h-i686-mingw32/bin/../lib/gcc/nios2-elf/4.1.2/../../../../nios2-elf/lib\libc.a(lib_a-__call_atexit.o)
                0x0001786c                PROVIDE (__CTOR_END__, ABSOLUTE (.))
                0x0001786c                PROVIDE (__DTOR_LIST__, ABSOLUTE (.))
 *(.dtors)
 *(SORT(.dtors.*))
                0x0001786c                PROVIDE (__DTOR_END__, ABSOLUTE (.))
 *(.jcr)
                0x0001786c                . = ALIGN (0x4)

.rodata         0x08000000      0x8f0
                0x08000000                PROVIDE (__ram_rodata_start, ABSOLUTE (.))
                0x08000000                . = ALIGN (0x4)
 *(.rodata .rodata.* .gnu.linkonce.r.*)
 .rodata        0x08000000       0x34 obj/default//D/cs723-assignment1/software/freertos_test/freertos/port.o
 .rodata        0x08000034       0x1c obj/default//D/cs723-assignment1/software/freertos_test/freertos/tasks.o
 .rodata        0x08000050        0x8 obj/default//D/cs723-assignment1/software/freertos_test/freertos/timers.o
 .rodata        0x08000058      0x21c obj/default//D/cs723-assignment1/software/freertos_test/freertos_test.o
 .rodata        0x08000274       0x14 c:/altera/13.0/nios2eds/bin/gnu/h-i686-mingw32/bin/../lib/gcc/nios2-elf/4.1.2\libgcc.a(_thenan_df.o)
                0x08000274                __thenan_df
 .rodata        0x08000288      0x100 c:/altera/13.0/nios2eds/bin/gnu/h-i686-mingw32/bin/../lib/gcc/nios2-elf/4.1.2\libgcc.a(_clz.o)
                0x08000288                __clz_tab
 .rodata.str1.4
                0x08000388        0x2 c:/altera/13.0/nios2eds/bin/gnu/h-i686-mingw32/bin/../lib/gcc/nios2-elf/4.1.2/../../../../nios2-elf/lib\libc.a(lib_a-puts.o)
                                  0x4 (size before relaxing)
 *fill*         0x0800038a        0x2 00
 .rodata.str1.4
                0x0800038c       0x5e c:/altera/13.0/nios2eds/bin/gnu/h-i686-mingw32/bin/../lib/gcc/nios2-elf/4.1.2/../../../../nios2-elf/lib\libc.a(lib_a-vfprintf.o)
                                 0x60 (size before relaxing)
 *fill*         0x080003ea        0x2 00
 .rodata        0x080003ec       0x20 c:/altera/13.0/nios2eds/bin/gnu/h-i686-mingw32/bin/../lib/gcc/nios2-elf/4.1.2/../../../../nios2-elf/lib\libc.a(lib_a-vfprintf.o)
 .rodata.str1.4
                0x0800040c       0x10 c:/altera/13.0/nios2eds/bin/gnu/h-i686-mingw32/bin/../lib/gcc/nios2-elf/4.1.2/../../../../nios2-elf/lib\libc.a(lib_a-dtoa.o)
                                 0x14 (size before relaxing)
 .rodata.str1.4
                0x0800041c        0x2 c:/altera/13.0/nios2eds/bin/gnu/h-i686-mingw32/bin/../lib/gcc/nios2-elf/4.1.2/../../../../nios2-elf/lib\libc.a(lib_a-impure.o)
                                  0x4 (size before relaxing)
 *fill*         0x0800041e        0x2 00
 .rodata.str1.4
                0x08000420       0x10 c:/altera/13.0/nios2eds/bin/gnu/h-i686-mingw32/bin/../lib/gcc/nios2-elf/4.1.2/../../../../nios2-elf/lib\libc.a(lib_a-locale.o)
                                 0x18 (size before relaxing)
 .rodata        0x08000430       0x30 c:/altera/13.0/nios2eds/bin/gnu/h-i686-mingw32/bin/../lib/gcc/nios2-elf/4.1.2/../../../../nios2-elf/lib\libc.a(lib_a-locale.o)
 .rodata        0x08000460      0x124 c:/altera/13.0/nios2eds/bin/gnu/h-i686-mingw32/bin/../lib/gcc/nios2-elf/4.1.2/../../../../nios2-elf/lib\libc.a(lib_a-mprec.o)
                0x08000460                __mprec_tens
                0x08000528                __mprec_bigtens
                0x08000550                __mprec_tinytens
 .rodata        0x08000584        0xc D:/cs723-assignment1/software/freertos_test_bsp/\libhal_bsp.a(alt_dev.o)
 .rodata        0x08000590       0x10 D:/cs723-assignment1/software/freertos_test_bsp/\libhal_bsp.a(alt_main.o)
 .rodata        0x080005a0       0xb0 D:/cs723-assignment1/software/freertos_test_bsp/\libhal_bsp.a(alt_sys_init.o)
 .rodata        0x08000650       0x1c D:/cs723-assignment1/software/freertos_test_bsp/\libhal_bsp.a(altera_up_avalon_video_character_buffer_with_dma.o)
 .rodata        0x0800066c      0x284 c:/altera/13.0/nios2eds/bin/gnu/h-i686-mingw32/bin/../lib/gcc/nios2-elf/4.1.2/../../../../nios2-elf/lib\libc.a(lib_a-ctype_.o)
                0x0800066c                _ctype_
 *(.rodata1)
                0x080008f0                . = ALIGN (0x4)
                0x080008f0                PROVIDE (__ram_rodata_end, ABSOLUTE (.))
                0x08000000                PROVIDE (__flash_rodata_start, LOADADDR (.rodata))

.rwdata         0x080008f0     0x1e14
                0x080008f0                PROVIDE (__ram_rwdata_start, ABSOLUTE (.))
                0x080008f0                . = ALIGN (0x4)
 *(.got.plt)
 *(.got)
 *(.data1)
 *(.data .data.* .gnu.linkonce.d.*)
 .data          0x080008f0        0x0 D:/cs723-assignment1/software/freertos_test_bsp//obj/HAL/src/crt0.o
 .data          0x080008f0        0x0 obj/default//D/cs723-assignment1/software/freertos_test/freertos/croutine.o
 .data          0x080008f0        0x0 obj/default//D/cs723-assignment1/software/freertos_test/freertos/event_groups.o
 .data          0x080008f0        0x0 obj/default//D/cs723-assignment1/software/freertos_test/freertos/heap.o
 .data          0x080008f0        0x0 obj/default//D/cs723-assignment1/software/freertos_test/freertos/list.o
 .data          0x080008f0        0x0 obj/default//D/cs723-assignment1/software/freertos_test/freertos/port.o
 .data          0x080008f0        0x0 obj/default//D/cs723-assignment1/software/freertos_test/freertos/queue.o
 .data          0x080008f0        0x0 obj/default//D/cs723-assignment1/software/freertos_test/freertos/tasks.o
 .data          0x080008f0        0x0 obj/default//D/cs723-assignment1/software/freertos_test/freertos/timers.o
 .data          0x080008f0        0x0 obj/default//D/cs723-assignment1/software/freertos_test/freertos_test.o
 .data          0x080008f0        0x0 obj/default//D/cs723-assignment1/software/freertos_test/freertos/port_asm.o
 .data          0x080008f0        0x0 c:/altera/13.0/nios2eds/bin/gnu/h-i686-mingw32/bin/../lib/gcc/nios2-elf/4.1.2\libgcc.a(_addsub_df.o)
 .data          0x080008f0        0x0 c:/altera/13.0/nios2eds/bin/gnu/h-i686-mingw32/bin/../lib/gcc/nios2-elf/4.1.2\libgcc.a(_mul_df.o)
 .data          0x080008f0        0x0 c:/altera/13.0/nios2eds/bin/gnu/h-i686-mingw32/bin/../lib/gcc/nios2-elf/4.1.2\libgcc.a(_div_df.o)
 .data          0x080008f0        0x0 c:/altera/13.0/nios2eds/bin/gnu/h-i686-mingw32/bin/../lib/gcc/nios2-elf/4.1.2\libgcc.a(_eq_df.o)
 .data          0x080008f0        0x0 c:/altera/13.0/nios2eds/bin/gnu/h-i686-mingw32/bin/../lib/gcc/nios2-elf/4.1.2\libgcc.a(_si_to_df.o)
 .data          0x080008f0        0x0 c:/altera/13.0/nios2eds/bin/gnu/h-i686-mingw32/bin/../lib/gcc/nios2-elf/4.1.2\libgcc.a(_thenan_df.o)
 .data          0x080008f0        0x0 c:/altera/13.0/nios2eds/bin/gnu/h-i686-mingw32/bin/../lib/gcc/nios2-elf/4.1.2\libgcc.a(_usi_to_df.o)
 .data          0x080008f0        0x0 c:/altera/13.0/nios2eds/bin/gnu/h-i686-mingw32/bin/../lib/gcc/nios2-elf/4.1.2\libgcc.a(_muldi3.o)
 .data          0x080008f0        0x0 c:/altera/13.0/nios2eds/bin/gnu/h-i686-mingw32/bin/../lib/gcc/nios2-elf/4.1.2\libgcc.a(_clzsi2.o)
 .data          0x080008f0        0x0 c:/altera/13.0/nios2eds/bin/gnu/h-i686-mingw32/bin/../lib/gcc/nios2-elf/4.1.2\libgcc.a(_pack_df.o)
 .data          0x080008f0        0x0 c:/altera/13.0/nios2eds/bin/gnu/h-i686-mingw32/bin/../lib/gcc/nios2-elf/4.1.2\libgcc.a(_unpack_df.o)
 .data          0x080008f0        0x0 c:/altera/13.0/nios2eds/bin/gnu/h-i686-mingw32/bin/../lib/gcc/nios2-elf/4.1.2\libgcc.a(_fpcmp_parts_df.o)
 .data          0x080008f0        0x0 c:/altera/13.0/nios2eds/bin/gnu/h-i686-mingw32/bin/../lib/gcc/nios2-elf/4.1.2\libgcc.a(_clz.o)
 .data          0x080008f0        0x0 c:/altera/13.0/nios2eds/bin/gnu/h-i686-mingw32/bin/../lib/gcc/nios2-elf/4.1.2/../../../../nios2-elf/lib\libc.a(lib_a-memcmp.o)
 .data          0x080008f0        0x0 c:/altera/13.0/nios2eds/bin/gnu/h-i686-mingw32/bin/../lib/gcc/nios2-elf/4.1.2/../../../../nios2-elf/lib\libc.a(lib_a-memcpy.o)
 .data          0x080008f0        0x0 c:/altera/13.0/nios2eds/bin/gnu/h-i686-mingw32/bin/../lib/gcc/nios2-elf/4.1.2/../../../../nios2-elf/lib\libc.a(lib_a-memset.o)
 .data          0x080008f0        0x0 c:/altera/13.0/nios2eds/bin/gnu/h-i686-mingw32/bin/../lib/gcc/nios2-elf/4.1.2/../../../../nios2-elf/lib\libc.a(lib_a-printf.o)
 .data          0x080008f0        0x0 c:/altera/13.0/nios2eds/bin/gnu/h-i686-mingw32/bin/../lib/gcc/nios2-elf/4.1.2/../../../../nios2-elf/lib\libc.a(lib_a-puts.o)
 .data          0x080008f0        0x0 c:/altera/13.0/nios2eds/bin/gnu/h-i686-mingw32/bin/../lib/gcc/nios2-elf/4.1.2/../../../../nios2-elf/lib\libc.a(lib_a-strlen.o)
 .data          0x080008f0        0x0 c:/altera/13.0/nios2eds/bin/gnu/h-i686-mingw32/bin/../lib/gcc/nios2-elf/4.1.2/../../../../nios2-elf/lib\libc.a(lib_a-vfprintf.o)
 .data          0x080008f0        0x0 c:/altera/13.0/nios2eds/bin/gnu/h-i686-mingw32/bin/../lib/gcc/nios2-elf/4.1.2/../../../../nios2-elf/lib\libc.a(lib_a-wsetup.o)
 .data          0x080008f0        0x0 c:/altera/13.0/nios2eds/bin/gnu/h-i686-mingw32/bin/../lib/gcc/nios2-elf/4.1.2/../../../../nios2-elf/lib\libc.a(lib_a-dtoa.o)
 .data          0x080008f0        0x0 c:/altera/13.0/nios2eds/bin/gnu/h-i686-mingw32/bin/../lib/gcc/nios2-elf/4.1.2/../../../../nios2-elf/lib\libc.a(lib_a-fflush.o)
 .data          0x080008f0        0x0 c:/altera/13.0/nios2eds/bin/gnu/h-i686-mingw32/bin/../lib/gcc/nios2-elf/4.1.2/../../../../nios2-elf/lib\libc.a(lib_a-findfp.o)
 .data          0x080008f0        0x0 c:/altera/13.0/nios2eds/bin/gnu/h-i686-mingw32/bin/../lib/gcc/nios2-elf/4.1.2/../../../../nios2-elf/lib\libc.a(lib_a-freer.o)
 .data          0x080008f0        0x0 c:/altera/13.0/nios2eds/bin/gnu/h-i686-mingw32/bin/../lib/gcc/nios2-elf/4.1.2/../../../../nios2-elf/lib\libc.a(lib_a-fvwrite.o)
 .data          0x080008f0        0x0 c:/altera/13.0/nios2eds/bin/gnu/h-i686-mingw32/bin/../lib/gcc/nios2-elf/4.1.2/../../../../nios2-elf/lib\libc.a(lib_a-fwalk.o)
 .data          0x080008f0      0x400 c:/altera/13.0/nios2eds/bin/gnu/h-i686-mingw32/bin/../lib/gcc/nios2-elf/4.1.2/../../../../nios2-elf/lib\libc.a(lib_a-impure.o)
 .data          0x08000cf0        0xc c:/altera/13.0/nios2eds/bin/gnu/h-i686-mingw32/bin/../lib/gcc/nios2-elf/4.1.2/../../../../nios2-elf/lib\libc.a(lib_a-locale.o)
                0x08000cf0                __lc_ctype
 .data          0x08000cfc        0x0 c:/altera/13.0/nios2eds/bin/gnu/h-i686-mingw32/bin/../lib/gcc/nios2-elf/4.1.2/../../../../nios2-elf/lib\libc.a(lib_a-makebuf.o)
 .data          0x08000cfc      0x408 c:/altera/13.0/nios2eds/bin/gnu/h-i686-mingw32/bin/../lib/gcc/nios2-elf/4.1.2/../../../../nios2-elf/lib\libc.a(lib_a-mallocr.o)
                0x08000cfc                __malloc_av_
 .data          0x08001104        0x0 c:/altera/13.0/nios2eds/bin/gnu/h-i686-mingw32/bin/../lib/gcc/nios2-elf/4.1.2/../../../../nios2-elf/lib\libc.a(lib_a-memchr.o)
 .data          0x08001104        0x0 c:/altera/13.0/nios2eds/bin/gnu/h-i686-mingw32/bin/../lib/gcc/nios2-elf/4.1.2/../../../../nios2-elf/lib\libc.a(lib_a-memmove.o)
 .data          0x08001104        0x0 c:/altera/13.0/nios2eds/bin/gnu/h-i686-mingw32/bin/../lib/gcc/nios2-elf/4.1.2/../../../../nios2-elf/lib\libc.a(lib_a-mprec.o)
 .data          0x08001104        0x0 c:/altera/13.0/nios2eds/bin/gnu/h-i686-mingw32/bin/../lib/gcc/nios2-elf/4.1.2/../../../../nios2-elf/lib\libc.a(lib_a-reallocr.o)
 .data          0x08001104        0x0 c:/altera/13.0/nios2eds/bin/gnu/h-i686-mingw32/bin/../lib/gcc/nios2-elf/4.1.2/../../../../nios2-elf/lib\libc.a(lib_a-s_isinfd.o)
 .data          0x08001104        0x0 c:/altera/13.0/nios2eds/bin/gnu/h-i686-mingw32/bin/../lib/gcc/nios2-elf/4.1.2/../../../../nios2-elf/lib\libc.a(lib_a-s_isnand.o)
 .data          0x08001104        0x0 c:/altera/13.0/nios2eds/bin/gnu/h-i686-mingw32/bin/../lib/gcc/nios2-elf/4.1.2/../../../../nios2-elf/lib\libc.a(lib_a-sbrkr.o)
 .data          0x08001104        0x0 c:/altera/13.0/nios2eds/bin/gnu/h-i686-mingw32/bin/../lib/gcc/nios2-elf/4.1.2/../../../../nios2-elf/lib\libc.a(lib_a-stdio.o)
 .data          0x08001104        0x0 c:/altera/13.0/nios2eds/bin/gnu/h-i686-mingw32/bin/../lib/gcc/nios2-elf/4.1.2/../../../../nios2-elf/lib\libc.a(lib_a-strcmp.o)
 .data          0x08001104        0x0 c:/altera/13.0/nios2eds/bin/gnu/h-i686-mingw32/bin/../lib/gcc/nios2-elf/4.1.2/../../../../nios2-elf/lib\libc.a(lib_a-writer.o)
 .data          0x08001104        0x0 c:/altera/13.0/nios2eds/bin/gnu/h-i686-mingw32/bin/../lib/gcc/nios2-elf/4.1.2/../../../../nios2-elf/lib\libc.a(lib_a-callocr.o)
 .data          0x08001104        0x0 c:/altera/13.0/nios2eds/bin/gnu/h-i686-mingw32/bin/../lib/gcc/nios2-elf/4.1.2/../../../../nios2-elf/lib\libc.a(lib_a-closer.o)
 .data          0x08001104        0x0 c:/altera/13.0/nios2eds/bin/gnu/h-i686-mingw32/bin/../lib/gcc/nios2-elf/4.1.2/../../../../nios2-elf/lib\libc.a(lib_a-fclose.o)
 .data          0x08001104        0x0 c:/altera/13.0/nios2eds/bin/gnu/h-i686-mingw32/bin/../lib/gcc/nios2-elf/4.1.2/../../../../nios2-elf/lib\libc.a(lib_a-fstatr.o)
 .data          0x08001104        0x0 c:/altera/13.0/nios2eds/bin/gnu/h-i686-mingw32/bin/../lib/gcc/nios2-elf/4.1.2/../../../../nios2-elf/lib\libc.a(lib_a-int_errno.o)
 .data          0x08001104        0x0 c:/altera/13.0/nios2eds/bin/gnu/h-i686-mingw32/bin/../lib/gcc/nios2-elf/4.1.2/../../../../nios2-elf/lib\libc.a(lib_a-isattyr.o)
 .data          0x08001104        0x0 c:/altera/13.0/nios2eds/bin/gnu/h-i686-mingw32/bin/../lib/gcc/nios2-elf/4.1.2/../../../../nios2-elf/lib\libc.a(lib_a-lseekr.o)
 .data          0x08001104        0x0 c:/altera/13.0/nios2eds/bin/gnu/h-i686-mingw32/bin/../lib/gcc/nios2-elf/4.1.2/../../../../nios2-elf/lib\libc.a(lib_a-readr.o)
 .data          0x08001104        0x0 c:/altera/13.0/nios2eds/bin/gnu/h-i686-mingw32/bin/../lib/gcc/nios2-elf/4.1.2\libgcc.a(_udivdi3.o)
 .data          0x08001104        0x0 c:/altera/13.0/nios2eds/bin/gnu/h-i686-mingw32/bin/../lib/gcc/nios2-elf/4.1.2\libgcc.a(_umoddi3.o)
 .data          0x08001104        0x0 c:/altera/13.0/nios2eds/bin/gnu/h-i686-mingw32/bin/../lib/gcc/nios2-elf/4.1.2\libgcc.a(_ne_df.o)
 .data          0x08001104        0x0 c:/altera/13.0/nios2eds/bin/gnu/h-i686-mingw32/bin/../lib/gcc/nios2-elf/4.1.2\libgcc.a(_gt_df.o)
 .data          0x08001104        0x0 c:/altera/13.0/nios2eds/bin/gnu/h-i686-mingw32/bin/../lib/gcc/nios2-elf/4.1.2\libgcc.a(_ge_df.o)
 .data          0x08001104        0x0 c:/altera/13.0/nios2eds/bin/gnu/h-i686-mingw32/bin/../lib/gcc/nios2-elf/4.1.2\libgcc.a(_lt_df.o)
 .data          0x08001104        0x0 c:/altera/13.0/nios2eds/bin/gnu/h-i686-mingw32/bin/../lib/gcc/nios2-elf/4.1.2\libgcc.a(_df_to_si.o)
 .data          0x08001104        0x0 c:/altera/13.0/nios2eds/bin/gnu/h-i686-mingw32/bin/../lib/gcc/nios2-elf/4.1.2\libgcc.a(lib2-divmod.o)
 .data          0x08001104        0x0 D:/cs723-assignment1/software/freertos_test_bsp/\libhal_bsp.a(alt_close.o)
 .data          0x08001104      0x1a8 D:/cs723-assignment1/software/freertos_test_bsp/\libhal_bsp.a(alt_dev.o)
                0x08001104                alt_dev_null
                0x0800112c                alt_fd_list
 .data          0x080012ac        0x0 D:/cs723-assignment1/software/freertos_test_bsp/\libhal_bsp.a(alt_errno.o)
 .data          0x080012ac        0x0 D:/cs723-assignment1/software/freertos_test_bsp/\libhal_bsp.a(alt_fstat.o)
 .data          0x080012ac        0x0 D:/cs723-assignment1/software/freertos_test_bsp/\libhal_bsp.a(alt_irq_handler.o)
 .data          0x080012ac        0x0 D:/cs723-assignment1/software/freertos_test_bsp/\libhal_bsp.a(alt_irq_vars.o)
 .data          0x080012ac        0x0 D:/cs723-assignment1/software/freertos_test_bsp/\libhal_bsp.a(alt_isatty.o)
 .data          0x080012ac        0x0 D:/cs723-assignment1/software/freertos_test_bsp/\libhal_bsp.a(alt_lseek.o)
 .data          0x080012ac        0x0 D:/cs723-assignment1/software/freertos_test_bsp/\libhal_bsp.a(alt_main.o)
 .data          0x080012ac        0x0 D:/cs723-assignment1/software/freertos_test_bsp/\libhal_bsp.a(alt_malloc_lock.o)
 .data          0x080012ac        0x0 D:/cs723-assignment1/software/freertos_test_bsp/\libhal_bsp.a(alt_read.o)
 .data          0x080012ac        0x0 D:/cs723-assignment1/software/freertos_test_bsp/\libhal_bsp.a(alt_release_fd.o)
 .data          0x080012ac        0x0 D:/cs723-assignment1/software/freertos_test_bsp/\libhal_bsp.a(alt_sbrk.o)
 .data          0x080012ac        0x0 D:/cs723-assignment1/software/freertos_test_bsp/\libhal_bsp.a(alt_write.o)
 .data          0x080012ac     0x13f0 D:/cs723-assignment1/software/freertos_test_bsp/\libhal_bsp.a(alt_sys_init.o)
 .data          0x0800269c        0x0 D:/cs723-assignment1/software/freertos_test_bsp/\libhal_bsp.a(altera_avalon_cfi_flash.o)
 .data          0x0800269c        0x0 D:/cs723-assignment1/software/freertos_test_bsp/\libhal_bsp.a(altera_avalon_cfi_flash_table.o)
 .data          0x0800269c        0x0 D:/cs723-assignment1/software/freertos_test_bsp/\libhal_bsp.a(altera_avalon_jtag_uart_fd.o)
 .data          0x0800269c        0x0 D:/cs723-assignment1/software/freertos_test_bsp/\libhal_bsp.a(altera_avalon_jtag_uart_init.o)
 .data          0x0800269c        0x0 D:/cs723-assignment1/software/freertos_test_bsp/\libhal_bsp.a(altera_avalon_jtag_uart_ioctl.o)
 .data          0x0800269c        0x0 D:/cs723-assignment1/software/freertos_test_bsp/\libhal_bsp.a(altera_avalon_jtag_uart_read.o)
 .data          0x0800269c        0x0 D:/cs723-assignment1/software/freertos_test_bsp/\libhal_bsp.a(altera_avalon_jtag_uart_write.o)
 .data          0x0800269c        0x0 D:/cs723-assignment1/software/freertos_test_bsp/\libhal_bsp.a(altera_avalon_lcd_16207.o)
 .data          0x0800269c        0x0 D:/cs723-assignment1/software/freertos_test_bsp/\libhal_bsp.a(altera_avalon_lcd_16207_fd.o)
 .data          0x0800269c        0x0 D:/cs723-assignment1/software/freertos_test_bsp/\libhal_bsp.a(altera_avalon_timer_sc.o)
 .data          0x0800269c        0x0 D:/cs723-assignment1/software/freertos_test_bsp/\libhal_bsp.a(altera_avalon_uart_fd.o)
 .data          0x0800269c        0x0 D:/cs723-assignment1/software/freertos_test_bsp/\libhal_bsp.a(altera_avalon_uart_init.o)
 .data          0x0800269c        0x0 D:/cs723-assignment1/software/freertos_test_bsp/\libhal_bsp.a(altera_avalon_uart_read.o)
 .data          0x0800269c        0x0 D:/cs723-assignment1/software/freertos_test_bsp/\libhal_bsp.a(altera_avalon_uart_write.o)
 .data          0x0800269c        0x0 D:/cs723-assignment1/software/freertos_test_bsp/\libhal_bsp.a(altera_up_avalon_ps2.o)
 .data          0x0800269c        0x0 D:/cs723-assignment1/software/freertos_test_bsp/\libhal_bsp.a(altera_up_avalon_video_character_buffer_with_dma.o)
 .data          0x0800269c        0x0 D:/cs723-assignment1/software/freertos_test_bsp/\libhal_bsp.a(altera_up_avalon_video_pixel_buffer_dma.o)
 .data          0x0800269c        0x0 D:/cs723-assignment1/software/freertos_test_bsp/\libhal_bsp.a(alt_alarm_start.o)
 .data          0x0800269c        0x0 D:/cs723-assignment1/software/freertos_test_bsp/\libhal_bsp.a(alt_dcache_flush.o)
 .data          0x0800269c        0x0 D:/cs723-assignment1/software/freertos_test_bsp/\libhal_bsp.a(alt_dev_llist_insert.o)
 .data          0x0800269c        0x0 D:/cs723-assignment1/software/freertos_test_bsp/\libhal_bsp.a(alt_do_ctors.o)
 .data          0x0800269c        0x0 D:/cs723-assignment1/software/freertos_test_bsp/\libhal_bsp.a(alt_do_dtors.o)
 .data          0x0800269c        0x0 D:/cs723-assignment1/software/freertos_test_bsp/\libhal_bsp.a(alt_find_dev.o)
 .data          0x0800269c        0x0 D:/cs723-assignment1/software/freertos_test_bsp/\libhal_bsp.a(alt_flash_dev.o)
 .data          0x0800269c        0x0 D:/cs723-assignment1/software/freertos_test_bsp/\libhal_bsp.a(alt_io_redirect.o)
 .data          0x0800269c        0x0 D:/cs723-assignment1/software/freertos_test_bsp/\libhal_bsp.a(alt_open.o)
 .data          0x0800269c        0x0 D:/cs723-assignment1/software/freertos_test_bsp/\libhal_bsp.a(alt_tick.o)
 .data          0x0800269c        0x0 D:/cs723-assignment1/software/freertos_test_bsp/\libhal_bsp.a(alt_usleep.o)
 .data          0x0800269c        0x0 D:/cs723-assignment1/software/freertos_test_bsp/\libhal_bsp.a(altera_nios2_qsys_irq.o)
 .data          0x0800269c        0x0 D:/cs723-assignment1/software/freertos_test_bsp/\libhal_bsp.a(altera_avalon_cfi_flash_amd.o)
 .data          0x0800269c        0x0 D:/cs723-assignment1/software/freertos_test_bsp/\libhal_bsp.a(altera_avalon_cfi_flash_intel.o)
 .data          0x0800269c        0x0 D:/cs723-assignment1/software/freertos_test_bsp/\libhal_bsp.a(alt_busy_sleep.o)
 .data          0x0800269c        0x0 D:/cs723-assignment1/software/freertos_test_bsp/\libhal_bsp.a(alt_find_file.o)
 .data          0x0800269c        0x0 D:/cs723-assignment1/software/freertos_test_bsp/\libhal_bsp.a(alt_get_fd.o)
 .data          0x0800269c        0x0 c:/altera/13.0/nios2eds/bin/gnu/h-i686-mingw32/bin/../lib/gcc/nios2-elf/4.1.2/../../../../nios2-elf/lib\libc.a(lib_a-atexit.o)
 .data          0x0800269c        0x0 c:/altera/13.0/nios2eds/bin/gnu/h-i686-mingw32/bin/../lib/gcc/nios2-elf/4.1.2/../../../../nios2-elf/lib\libc.a(lib_a-ctype_.o)
 .data          0x0800269c        0x0 c:/altera/13.0/nios2eds/bin/gnu/h-i686-mingw32/bin/../lib/gcc/nios2-elf/4.1.2/../../../../nios2-elf/lib\libc.a(lib_a-exit.o)
 .data          0x0800269c        0x0 c:/altera/13.0/nios2eds/bin/gnu/h-i686-mingw32/bin/../lib/gcc/nios2-elf/4.1.2/../../../../nios2-elf/lib\libc.a(lib_a-__atexit.o)
 .data          0x0800269c        0x0 c:/altera/13.0/nios2eds/bin/gnu/h-i686-mingw32/bin/../lib/gcc/nios2-elf/4.1.2/../../../../nios2-elf/lib\libc.a(lib_a-__call_atexit.o)
 .data          0x0800269c        0x0 D:/cs723-assignment1/software/freertos_test_bsp/\libhal_bsp.a(alt_exit.o)
                0x0800a69c                _gp = ABSOLUTE ((. + 0x8000))
                0x0800a69c                PROVIDE (gp, _gp)
 *(.rwdata .rwdata.*)
 *(.sdata .sdata.* .gnu.linkonce.s.*)
 .sdata         0x0800269c        0xc obj/default//D/cs723-assignment1/software/freertos_test/freertos/heap.o
 .sdata         0x080026a8        0x4 obj/default//D/cs723-assignment1/software/freertos_test/freertos/tasks.o
 .sdata         0x080026ac        0x8 obj/default//D/cs723-assignment1/software/freertos_test/freertos_test.o
 .sdata         0x080026b4        0x8 c:/altera/13.0/nios2eds/bin/gnu/h-i686-mingw32/bin/../lib/gcc/nios2-elf/4.1.2/../../../../nios2-elf/lib\libc.a(lib_a-impure.o)
                0x080026b4                _impure_ptr
                0x080026b8                _global_impure_ptr
 .sdata         0x080026bc        0x8 c:/altera/13.0/nios2eds/bin/gnu/h-i686-mingw32/bin/../lib/gcc/nios2-elf/4.1.2/../../../../nios2-elf/lib\libc.a(lib_a-locale.o)
                0x080026bc                __mb_cur_max
 .sdata         0x080026c4        0x8 c:/altera/13.0/nios2eds/bin/gnu/h-i686-mingw32/bin/../lib/gcc/nios2-elf/4.1.2/../../../../nios2-elf/lib\libc.a(lib_a-mallocr.o)
                0x080026c4                __malloc_trim_threshold
                0x080026c8                __malloc_sbrk_base
 .sdata         0x080026cc       0x14 D:/cs723-assignment1/software/freertos_test_bsp/\libhal_bsp.a(alt_dev.o)
                0x080026cc                alt_fs_list
                0x080026d4                alt_dev_list
                0x080026dc                alt_max_fd
 .sdata         0x080026e0        0x4 D:/cs723-assignment1/software/freertos_test_bsp/\libhal_bsp.a(alt_errno.o)
                0x080026e0                alt_errno
 .sdata         0x080026e4        0x4 D:/cs723-assignment1/software/freertos_test_bsp/\libhal_bsp.a(alt_irq_vars.o)
                0x080026e4                alt_priority_mask
 .sdata         0x080026e8        0x4 D:/cs723-assignment1/software/freertos_test_bsp/\libhal_bsp.a(alt_sbrk.o)
 .sdata         0x080026ec        0x4 D:/cs723-assignment1/software/freertos_test_bsp/\libhal_bsp.a(altera_avalon_lcd_16207.o)
 .sdata         0x080026f0        0x8 D:/cs723-assignment1/software/freertos_test_bsp/\libhal_bsp.a(alt_flash_dev.o)
                0x080026f0                alt_flash_dev_list
 .sdata         0x080026f8        0x8 D:/cs723-assignment1/software/freertos_test_bsp/\libhal_bsp.a(alt_tick.o)
                0x080026f8                alt_alarm_list
 .sdata         0x08002700        0x4 c:/altera/13.0/nios2eds/bin/gnu/h-i686-mingw32/bin/../lib/gcc/nios2-elf/4.1.2/../../../../nios2-elf/lib\libc.a(lib_a-ctype_.o)
                0x08002700                __ctype_ptr
 *(.sdata2 .sdata2.* .gnu.linkonce.s2.*)
                0x08002704                . = ALIGN (0x4)
                0x08002704                _edata = ABSOLUTE (.)
                0x08002704                PROVIDE (edata, ABSOLUTE (.))
                0x08002704                PROVIDE (__ram_rwdata_end, ABSOLUTE (.))
                0x080008f0                PROVIDE (__flash_rwdata_start, LOADADDR (.rwdata))

.bss            0x08002704    0x7d530
                0x08002704                __bss_start = ABSOLUTE (.)
                0x08002704                PROVIDE (__sbss_start, ABSOLUTE (.))
                0x08002704                PROVIDE (___sbss_start, ABSOLUTE (.))
 *(.dynsbss)
 *(.sbss .sbss.* .gnu.linkonce.sb.*)
 .sbss          0x08002704       0x1c obj/default//D/cs723-assignment1/software/freertos_test/freertos/croutine.o
                0x08002704                pxCurrentCoRoutine
 .sbss          0x08002720        0xc obj/default//D/cs723-assignment1/software/freertos_test/freertos/heap.o
 .sbss          0x0800272c       0x34 obj/default//D/cs723-assignment1/software/freertos_test/freertos/tasks.o
                0x0800272c                pxCurrentTCB
 .sbss          0x08002760       0x10 obj/default//D/cs723-assignment1/software/freertos_test/freertos/timers.o
 .sbss          0x08002770        0x4 obj/default//D/cs723-assignment1/software/freertos_test/freertos_test.o
 .sbss          0x08002774        0x8 obj/default//D/cs723-assignment1/software/freertos_test/freertos_test.o
                0x08002774                freq_buffer_sem
                0x08002778                HW_dataQ
 .sbss          0x0800277c        0xc c:/altera/13.0/nios2eds/bin/gnu/h-i686-mingw32/bin/../lib/gcc/nios2-elf/4.1.2/../../../../nios2-elf/lib\libc.a(lib_a-locale.o)
                0x0800277c                __nlocale_changed
                0x08002780                __mlocale_changed
                0x08002784                _PathLocale
 .sbss          0x08002788        0xc c:/altera/13.0/nios2eds/bin/gnu/h-i686-mingw32/bin/../lib/gcc/nios2-elf/4.1.2/../../../../nios2-elf/lib\libc.a(lib_a-mallocr.o)
                0x08002788                __malloc_top_pad
                0x0800278c                __malloc_max_sbrked_mem
                0x08002790                __malloc_max_total_mem
 .sbss          0x08002794        0x4 c:/altera/13.0/nios2eds/bin/gnu/h-i686-mingw32/bin/../lib/gcc/nios2-elf/4.1.2/../../../../nios2-elf/lib\libc.a(lib_a-int_errno.o)
                0x08002794                errno
 .sbss          0x08002798        0x4 D:/cs723-assignment1/software/freertos_test_bsp/\libhal_bsp.a(alt_irq_vars.o)
                0x08002798                alt_irq_active
 .sbss          0x0800279c        0xc D:/cs723-assignment1/software/freertos_test_bsp/\libhal_bsp.a(alt_main.o)
                0x0800279c                alt_argc
                0x080027a0                alt_argv
                0x080027a4                alt_envp
 .sbss          0x080027a8        0x8 D:/cs723-assignment1/software/freertos_test_bsp/\libhal_bsp.a(alt_tick.o)
                0x080027a8                _alt_tick_rate
                0x080027ac                _alt_nticks
 *(.sbss2 .sbss2.* .gnu.linkonce.sb2.*)
 *(.scommon)
                0x080027b0                PROVIDE (__sbss_end, ABSOLUTE (.))
                0x080027b0                PROVIDE (___sbss_end, ABSOLUTE (.))
 *(.dynbss)
 *(.bss .bss.* .gnu.linkonce.b.*)
 .bss           0x080027b0        0x0 D:/cs723-assignment1/software/freertos_test_bsp//obj/HAL/src/crt0.o
 .bss           0x080027b0       0x64 obj/default//D/cs723-assignment1/software/freertos_test/freertos/croutine.o
 .bss           0x08002814        0x0 obj/default//D/cs723-assignment1/software/freertos_test/freertos/event_groups.o
 .bss           0x08002814    0x7d000 obj/default//D/cs723-assignment1/software/freertos_test/freertos/heap.o
 .bss           0x0807f814        0x0 obj/default//D/cs723-assignment1/software/freertos_test/freertos/list.o
 .bss           0x0807f814        0x0 obj/default//D/cs723-assignment1/software/freertos_test/freertos/port.o
 .bss           0x0807f814        0x0 obj/default//D/cs723-assignment1/software/freertos_test/freertos/queue.o
 .bss           0x0807f814      0x140 obj/default//D/cs723-assignment1/software/freertos_test/freertos/tasks.o
 .bss           0x0807f954       0x28 obj/default//D/cs723-assignment1/software/freertos_test/freertos/timers.o
 .bss           0x0807f97c        0x0 obj/default//D/cs723-assignment1/software/freertos_test/freertos_test.o
 .bss           0x0807f97c        0x0 obj/default//D/cs723-assignment1/software/freertos_test/freertos/port_asm.o
 .bss           0x0807f97c        0x0 c:/altera/13.0/nios2eds/bin/gnu/h-i686-mingw32/bin/../lib/gcc/nios2-elf/4.1.2\libgcc.a(_addsub_df.o)
 .bss           0x0807f97c        0x0 c:/altera/13.0/nios2eds/bin/gnu/h-i686-mingw32/bin/../lib/gcc/nios2-elf/4.1.2\libgcc.a(_mul_df.o)
 .bss           0x0807f97c        0x0 c:/altera/13.0/nios2eds/bin/gnu/h-i686-mingw32/bin/../lib/gcc/nios2-elf/4.1.2\libgcc.a(_div_df.o)
 .bss           0x0807f97c        0x0 c:/altera/13.0/nios2eds/bin/gnu/h-i686-mingw32/bin/../lib/gcc/nios2-elf/4.1.2\libgcc.a(_eq_df.o)
 .bss           0x0807f97c        0x0 c:/altera/13.0/nios2eds/bin/gnu/h-i686-mingw32/bin/../lib/gcc/nios2-elf/4.1.2\libgcc.a(_si_to_df.o)
 .bss           0x0807f97c        0x0 c:/altera/13.0/nios2eds/bin/gnu/h-i686-mingw32/bin/../lib/gcc/nios2-elf/4.1.2\libgcc.a(_thenan_df.o)
 .bss           0x0807f97c        0x0 c:/altera/13.0/nios2eds/bin/gnu/h-i686-mingw32/bin/../lib/gcc/nios2-elf/4.1.2\libgcc.a(_usi_to_df.o)
 .bss           0x0807f97c        0x0 c:/altera/13.0/nios2eds/bin/gnu/h-i686-mingw32/bin/../lib/gcc/nios2-elf/4.1.2\libgcc.a(_muldi3.o)
 .bss           0x0807f97c        0x0 c:/altera/13.0/nios2eds/bin/gnu/h-i686-mingw32/bin/../lib/gcc/nios2-elf/4.1.2\libgcc.a(_clzsi2.o)
 .bss           0x0807f97c        0x0 c:/altera/13.0/nios2eds/bin/gnu/h-i686-mingw32/bin/../lib/gcc/nios2-elf/4.1.2\libgcc.a(_pack_df.o)
 .bss           0x0807f97c        0x0 c:/altera/13.0/nios2eds/bin/gnu/h-i686-mingw32/bin/../lib/gcc/nios2-elf/4.1.2\libgcc.a(_unpack_df.o)
 .bss           0x0807f97c        0x0 c:/altera/13.0/nios2eds/bin/gnu/h-i686-mingw32/bin/../lib/gcc/nios2-elf/4.1.2\libgcc.a(_fpcmp_parts_df.o)
 .bss           0x0807f97c        0x0 c:/altera/13.0/nios2eds/bin/gnu/h-i686-mingw32/bin/../lib/gcc/nios2-elf/4.1.2\libgcc.a(_clz.o)
 .bss           0x0807f97c        0x0 c:/altera/13.0/nios2eds/bin/gnu/h-i686-mingw32/bin/../lib/gcc/nios2-elf/4.1.2/../../../../nios2-elf/lib\libc.a(lib_a-memcmp.o)
 .bss           0x0807f97c        0x0 c:/altera/13.0/nios2eds/bin/gnu/h-i686-mingw32/bin/../lib/gcc/nios2-elf/4.1.2/../../../../nios2-elf/lib\libc.a(lib_a-memcpy.o)
 .bss           0x0807f97c        0x0 c:/altera/13.0/nios2eds/bin/gnu/h-i686-mingw32/bin/../lib/gcc/nios2-elf/4.1.2/../../../../nios2-elf/lib\libc.a(lib_a-memset.o)
 .bss           0x0807f97c        0x0 c:/altera/13.0/nios2eds/bin/gnu/h-i686-mingw32/bin/../lib/gcc/nios2-elf/4.1.2/../../../../nios2-elf/lib\libc.a(lib_a-printf.o)
 .bss           0x0807f97c        0x0 c:/altera/13.0/nios2eds/bin/gnu/h-i686-mingw32/bin/../lib/gcc/nios2-elf/4.1.2/../../../../nios2-elf/lib\libc.a(lib_a-puts.o)
 .bss           0x0807f97c        0x0 c:/altera/13.0/nios2eds/bin/gnu/h-i686-mingw32/bin/../lib/gcc/nios2-elf/4.1.2/../../../../nios2-elf/lib\libc.a(lib_a-strlen.o)
 .bss           0x0807f97c        0x0 c:/altera/13.0/nios2eds/bin/gnu/h-i686-mingw32/bin/../lib/gcc/nios2-elf/4.1.2/../../../../nios2-elf/lib\libc.a(lib_a-vfprintf.o)
 .bss           0x0807f97c        0x0 c:/altera/13.0/nios2eds/bin/gnu/h-i686-mingw32/bin/../lib/gcc/nios2-elf/4.1.2/../../../../nios2-elf/lib\libc.a(lib_a-wsetup.o)
 .bss           0x0807f97c        0x0 c:/altera/13.0/nios2eds/bin/gnu/h-i686-mingw32/bin/../lib/gcc/nios2-elf/4.1.2/../../../../nios2-elf/lib\libc.a(lib_a-dtoa.o)
 .bss           0x0807f97c        0x0 c:/altera/13.0/nios2eds/bin/gnu/h-i686-mingw32/bin/../lib/gcc/nios2-elf/4.1.2/../../../../nios2-elf/lib\libc.a(lib_a-fflush.o)
 .bss           0x0807f97c        0x0 c:/altera/13.0/nios2eds/bin/gnu/h-i686-mingw32/bin/../lib/gcc/nios2-elf/4.1.2/../../../../nios2-elf/lib\libc.a(lib_a-findfp.o)
 .bss           0x0807f97c        0x0 c:/altera/13.0/nios2eds/bin/gnu/h-i686-mingw32/bin/../lib/gcc/nios2-elf/4.1.2/../../../../nios2-elf/lib\libc.a(lib_a-freer.o)
 .bss           0x0807f97c        0x0 c:/altera/13.0/nios2eds/bin/gnu/h-i686-mingw32/bin/../lib/gcc/nios2-elf/4.1.2/../../../../nios2-elf/lib\libc.a(lib_a-fvwrite.o)
 .bss           0x0807f97c        0x0 c:/altera/13.0/nios2eds/bin/gnu/h-i686-mingw32/bin/../lib/gcc/nios2-elf/4.1.2/../../../../nios2-elf/lib\libc.a(lib_a-fwalk.o)
 .bss           0x0807f97c        0x0 c:/altera/13.0/nios2eds/bin/gnu/h-i686-mingw32/bin/../lib/gcc/nios2-elf/4.1.2/../../../../nios2-elf/lib\libc.a(lib_a-impure.o)
 .bss           0x0807f97c        0x0 c:/altera/13.0/nios2eds/bin/gnu/h-i686-mingw32/bin/../lib/gcc/nios2-elf/4.1.2/../../../../nios2-elf/lib\libc.a(lib_a-locale.o)
 .bss           0x0807f97c        0x0 c:/altera/13.0/nios2eds/bin/gnu/h-i686-mingw32/bin/../lib/gcc/nios2-elf/4.1.2/../../../../nios2-elf/lib\libc.a(lib_a-makebuf.o)
 .bss           0x0807f97c       0x28 c:/altera/13.0/nios2eds/bin/gnu/h-i686-mingw32/bin/../lib/gcc/nios2-elf/4.1.2/../../../../nios2-elf/lib\libc.a(lib_a-mallocr.o)
                0x0807f97c                __malloc_current_mallinfo
 .bss           0x0807f9a4        0x0 c:/altera/13.0/nios2eds/bin/gnu/h-i686-mingw32/bin/../lib/gcc/nios2-elf/4.1.2/../../../../nios2-elf/lib\libc.a(lib_a-memchr.o)
 .bss           0x0807f9a4        0x0 c:/altera/13.0/nios2eds/bin/gnu/h-i686-mingw32/bin/../lib/gcc/nios2-elf/4.1.2/../../../../nios2-elf/lib\libc.a(lib_a-memmove.o)
 .bss           0x0807f9a4        0x0 c:/altera/13.0/nios2eds/bin/gnu/h-i686-mingw32/bin/../lib/gcc/nios2-elf/4.1.2/../../../../nios2-elf/lib\libc.a(lib_a-mprec.o)
 .bss           0x0807f9a4        0x0 c:/altera/13.0/nios2eds/bin/gnu/h-i686-mingw32/bin/../lib/gcc/nios2-elf/4.1.2/../../../../nios2-elf/lib\libc.a(lib_a-reallocr.o)
 .bss           0x0807f9a4        0x0 c:/altera/13.0/nios2eds/bin/gnu/h-i686-mingw32/bin/../lib/gcc/nios2-elf/4.1.2/../../../../nios2-elf/lib\libc.a(lib_a-s_isinfd.o)
 .bss           0x0807f9a4        0x0 c:/altera/13.0/nios2eds/bin/gnu/h-i686-mingw32/bin/../lib/gcc/nios2-elf/4.1.2/../../../../nios2-elf/lib\libc.a(lib_a-s_isnand.o)
 .bss           0x0807f9a4        0x0 c:/altera/13.0/nios2eds/bin/gnu/h-i686-mingw32/bin/../lib/gcc/nios2-elf/4.1.2/../../../../nios2-elf/lib\libc.a(lib_a-sbrkr.o)
 .bss           0x0807f9a4        0x0 c:/altera/13.0/nios2eds/bin/gnu/h-i686-mingw32/bin/../lib/gcc/nios2-elf/4.1.2/../../../../nios2-elf/lib\libc.a(lib_a-stdio.o)
 .bss           0x0807f9a4        0x0 c:/altera/13.0/nios2eds/bin/gnu/h-i686-mingw32/bin/../lib/gcc/nios2-elf/4.1.2/../../../../nios2-elf/lib\libc.a(lib_a-strcmp.o)
 .bss           0x0807f9a4        0x0 c:/altera/13.0/nios2eds/bin/gnu/h-i686-mingw32/bin/../lib/gcc/nios2-elf/4.1.2/../../../../nios2-elf/lib\libc.a(lib_a-writer.o)
 .bss           0x0807f9a4        0x0 c:/altera/13.0/nios2eds/bin/gnu/h-i686-mingw32/bin/../lib/gcc/nios2-elf/4.1.2/../../../../nios2-elf/lib\libc.a(lib_a-callocr.o)
 .bss           0x0807f9a4        0x0 c:/altera/13.0/nios2eds/bin/gnu/h-i686-mingw32/bin/../lib/gcc/nios2-elf/4.1.2/../../../../nios2-elf/lib\libc.a(lib_a-closer.o)
 .bss           0x0807f9a4        0x0 c:/altera/13.0/nios2eds/bin/gnu/h-i686-mingw32/bin/../lib/gcc/nios2-elf/4.1.2/../../../../nios2-elf/lib\libc.a(lib_a-fclose.o)
 .bss           0x0807f9a4        0x0 c:/altera/13.0/nios2eds/bin/gnu/h-i686-mingw32/bin/../lib/gcc/nios2-elf/4.1.2/../../../../nios2-elf/lib\libc.a(lib_a-fstatr.o)
 .bss           0x0807f9a4        0x0 c:/altera/13.0/nios2eds/bin/gnu/h-i686-mingw32/bin/../lib/gcc/nios2-elf/4.1.2/../../../../nios2-elf/lib\libc.a(lib_a-int_errno.o)
 .bss           0x0807f9a4        0x0 c:/altera/13.0/nios2eds/bin/gnu/h-i686-mingw32/bin/../lib/gcc/nios2-elf/4.1.2/../../../../nios2-elf/lib\libc.a(lib_a-isattyr.o)
 .bss           0x0807f9a4        0x0 c:/altera/13.0/nios2eds/bin/gnu/h-i686-mingw32/bin/../lib/gcc/nios2-elf/4.1.2/../../../../nios2-elf/lib\libc.a(lib_a-lseekr.o)
 .bss           0x0807f9a4        0x0 c:/altera/13.0/nios2eds/bin/gnu/h-i686-mingw32/bin/../lib/gcc/nios2-elf/4.1.2/../../../../nios2-elf/lib\libc.a(lib_a-readr.o)
 .bss           0x0807f9a4        0x0 c:/altera/13.0/nios2eds/bin/gnu/h-i686-mingw32/bin/../lib/gcc/nios2-elf/4.1.2\libgcc.a(_udivdi3.o)
 .bss           0x0807f9a4        0x0 c:/altera/13.0/nios2eds/bin/gnu/h-i686-mingw32/bin/../lib/gcc/nios2-elf/4.1.2\libgcc.a(_umoddi3.o)
 .bss           0x0807f9a4        0x0 c:/altera/13.0/nios2eds/bin/gnu/h-i686-mingw32/bin/../lib/gcc/nios2-elf/4.1.2\libgcc.a(_ne_df.o)
 .bss           0x0807f9a4        0x0 c:/altera/13.0/nios2eds/bin/gnu/h-i686-mingw32/bin/../lib/gcc/nios2-elf/4.1.2\libgcc.a(_gt_df.o)
 .bss           0x0807f9a4        0x0 c:/altera/13.0/nios2eds/bin/gnu/h-i686-mingw32/bin/../lib/gcc/nios2-elf/4.1.2\libgcc.a(_ge_df.o)
 .bss           0x0807f9a4        0x0 c:/altera/13.0/nios2eds/bin/gnu/h-i686-mingw32/bin/../lib/gcc/nios2-elf/4.1.2\libgcc.a(_lt_df.o)
 .bss           0x0807f9a4        0x0 c:/altera/13.0/nios2eds/bin/gnu/h-i686-mingw32/bin/../lib/gcc/nios2-elf/4.1.2\libgcc.a(_df_to_si.o)
 .bss           0x0807f9a4        0x0 c:/altera/13.0/nios2eds/bin/gnu/h-i686-mingw32/bin/../lib/gcc/nios2-elf/4.1.2\libgcc.a(lib2-divmod.o)
 .bss           0x0807f9a4        0x0 D:/cs723-assignment1/software/freertos_test_bsp/\libhal_bsp.a(alt_close.o)
 .bss           0x0807f9a4        0x0 D:/cs723-assignment1/software/freertos_test_bsp/\libhal_bsp.a(alt_dev.o)
 .bss           0x0807f9a4        0x0 D:/cs723-assignment1/software/freertos_test_bsp/\libhal_bsp.a(alt_errno.o)
 .bss           0x0807f9a4        0x0 D:/cs723-assignment1/software/freertos_test_bsp/\libhal_bsp.a(alt_fstat.o)
 .bss           0x0807f9a4        0x0 D:/cs723-assignment1/software/freertos_test_bsp/\libhal_bsp.a(alt_irq_handler.o)
 .bss           0x0807f9a4        0x0 D:/cs723-assignment1/software/freertos_test_bsp/\libhal_bsp.a(alt_irq_vars.o)
 .bss           0x0807f9a4        0x0 D:/cs723-assignment1/software/freertos_test_bsp/\libhal_bsp.a(alt_isatty.o)
 .bss           0x0807f9a4        0x0 D:/cs723-assignment1/software/freertos_test_bsp/\libhal_bsp.a(alt_lseek.o)
 .bss           0x0807f9a4        0x0 D:/cs723-assignment1/software/freertos_test_bsp/\libhal_bsp.a(alt_main.o)
 .bss           0x0807f9a4        0x0 D:/cs723-assignment1/software/freertos_test_bsp/\libhal_bsp.a(alt_malloc_lock.o)
 .bss           0x0807f9a4        0x0 D:/cs723-assignment1/software/freertos_test_bsp/\libhal_bsp.a(alt_read.o)
 .bss           0x0807f9a4        0x0 D:/cs723-assignment1/software/freertos_test_bsp/\libhal_bsp.a(alt_release_fd.o)
 .bss           0x0807f9a4        0x0 D:/cs723-assignment1/software/freertos_test_bsp/\libhal_bsp.a(alt_sbrk.o)
 .bss           0x0807f9a4        0x0 D:/cs723-assignment1/software/freertos_test_bsp/\libhal_bsp.a(alt_write.o)
 .bss           0x0807f9a4        0x0 D:/cs723-assignment1/software/freertos_test_bsp/\libhal_bsp.a(alt_sys_init.o)
 .bss           0x0807f9a4        0x0 D:/cs723-assignment1/software/freertos_test_bsp/\libhal_bsp.a(altera_avalon_cfi_flash.o)
 .bss           0x0807f9a4        0x0 D:/cs723-assignment1/software/freertos_test_bsp/\libhal_bsp.a(altera_avalon_cfi_flash_table.o)
 .bss           0x0807f9a4        0x0 D:/cs723-assignment1/software/freertos_test_bsp/\libhal_bsp.a(altera_avalon_jtag_uart_fd.o)
 .bss           0x0807f9a4        0x0 D:/cs723-assignment1/software/freertos_test_bsp/\libhal_bsp.a(altera_avalon_jtag_uart_init.o)
 .bss           0x0807f9a4        0x0 D:/cs723-assignment1/software/freertos_test_bsp/\libhal_bsp.a(altera_avalon_jtag_uart_ioctl.o)
 .bss           0x0807f9a4        0x0 D:/cs723-assignment1/software/freertos_test_bsp/\libhal_bsp.a(altera_avalon_jtag_uart_read.o)
 .bss           0x0807f9a4        0x0 D:/cs723-assignment1/software/freertos_test_bsp/\libhal_bsp.a(altera_avalon_jtag_uart_write.o)
 .bss           0x0807f9a4        0x0 D:/cs723-assignment1/software/freertos_test_bsp/\libhal_bsp.a(altera_avalon_lcd_16207.o)
 .bss           0x0807f9a4        0x0 D:/cs723-assignment1/software/freertos_test_bsp/\libhal_bsp.a(altera_avalon_lcd_16207_fd.o)
 .bss           0x0807f9a4        0x0 D:/cs723-assignment1/software/freertos_test_bsp/\libhal_bsp.a(altera_avalon_timer_sc.o)
 .bss           0x0807f9a4        0x0 D:/cs723-assignment1/software/freertos_test_bsp/\libhal_bsp.a(altera_avalon_uart_fd.o)
 .bss           0x0807f9a4        0x0 D:/cs723-assignment1/software/freertos_test_bsp/\libhal_bsp.a(altera_avalon_uart_init.o)
 .bss           0x0807f9a4        0x0 D:/cs723-assignment1/software/freertos_test_bsp/\libhal_bsp.a(altera_avalon_uart_read.o)
 .bss           0x0807f9a4        0x0 D:/cs723-assignment1/software/freertos_test_bsp/\libhal_bsp.a(altera_avalon_uart_write.o)
 .bss           0x0807f9a4        0x0 D:/cs723-assignment1/software/freertos_test_bsp/\libhal_bsp.a(altera_up_avalon_ps2.o)
 .bss           0x0807f9a4        0x0 D:/cs723-assignment1/software/freertos_test_bsp/\libhal_bsp.a(altera_up_avalon_video_character_buffer_with_dma.o)
 .bss           0x0807f9a4        0x0 D:/cs723-assignment1/software/freertos_test_bsp/\libhal_bsp.a(altera_up_avalon_video_pixel_buffer_dma.o)
 .bss           0x0807f9a4        0x0 D:/cs723-assignment1/software/freertos_test_bsp/\libhal_bsp.a(alt_alarm_start.o)
 .bss           0x0807f9a4        0x0 D:/cs723-assignment1/software/freertos_test_bsp/\libhal_bsp.a(alt_dcache_flush.o)
 .bss           0x0807f9a4        0x0 D:/cs723-assignment1/software/freertos_test_bsp/\libhal_bsp.a(alt_dev_llist_insert.o)
 .bss           0x0807f9a4        0x0 D:/cs723-assignment1/software/freertos_test_bsp/\libhal_bsp.a(alt_do_ctors.o)
 .bss           0x0807f9a4        0x0 D:/cs723-assignment1/software/freertos_test_bsp/\libhal_bsp.a(alt_do_dtors.o)
 .bss           0x0807f9a4        0x0 D:/cs723-assignment1/software/freertos_test_bsp/\libhal_bsp.a(alt_find_dev.o)
 .bss           0x0807f9a4        0x0 D:/cs723-assignment1/software/freertos_test_bsp/\libhal_bsp.a(alt_flash_dev.o)
 .bss           0x0807f9a4        0x0 D:/cs723-assignment1/software/freertos_test_bsp/\libhal_bsp.a(alt_io_redirect.o)
 .bss           0x0807f9a4        0x0 D:/cs723-assignment1/software/freertos_test_bsp/\libhal_bsp.a(alt_open.o)
 .bss           0x0807f9a4        0x0 D:/cs723-assignment1/software/freertos_test_bsp/\libhal_bsp.a(alt_tick.o)
 .bss           0x0807f9a4        0x0 D:/cs723-assignment1/software/freertos_test_bsp/\libhal_bsp.a(alt_usleep.o)
 .bss           0x0807f9a4        0x0 D:/cs723-assignment1/software/freertos_test_bsp/\libhal_bsp.a(altera_nios2_qsys_irq.o)
 .bss           0x0807f9a4        0x0 D:/cs723-assignment1/software/freertos_test_bsp/\libhal_bsp.a(altera_avalon_cfi_flash_amd.o)
 .bss           0x0807f9a4        0x0 D:/cs723-assignment1/software/freertos_test_bsp/\libhal_bsp.a(altera_avalon_cfi_flash_intel.o)
 .bss           0x0807f9a4        0x0 D:/cs723-assignment1/software/freertos_test_bsp/\libhal_bsp.a(alt_busy_sleep.o)
 .bss           0x0807f9a4        0x0 D:/cs723-assignment1/software/freertos_test_bsp/\libhal_bsp.a(alt_find_file.o)
 .bss           0x0807f9a4        0x0 D:/cs723-assignment1/software/freertos_test_bsp/\libhal_bsp.a(alt_get_fd.o)
 .bss           0x0807f9a4        0x0 c:/altera/13.0/nios2eds/bin/gnu/h-i686-mingw32/bin/../lib/gcc/nios2-elf/4.1.2/../../../../nios2-elf/lib\libc.a(lib_a-atexit.o)
 .bss           0x0807f9a4        0x0 c:/altera/13.0/nios2eds/bin/gnu/h-i686-mingw32/bin/../lib/gcc/nios2-elf/4.1.2/../../../../nios2-elf/lib\libc.a(lib_a-ctype_.o)
 .bss           0x0807f9a4        0x0 c:/altera/13.0/nios2eds/bin/gnu/h-i686-mingw32/bin/../lib/gcc/nios2-elf/4.1.2/../../../../nios2-elf/lib\libc.a(lib_a-exit.o)
 .bss           0x0807f9a4        0x0 c:/altera/13.0/nios2eds/bin/gnu/h-i686-mingw32/bin/../lib/gcc/nios2-elf/4.1.2/../../../../nios2-elf/lib\libc.a(lib_a-__atexit.o)
 .bss           0x0807f9a4        0x0 c:/altera/13.0/nios2eds/bin/gnu/h-i686-mingw32/bin/../lib/gcc/nios2-elf/4.1.2/../../../../nios2-elf/lib\libc.a(lib_a-__call_atexit.o)
 .bss           0x0807f9a4        0x0 D:/cs723-assignment1/software/freertos_test_bsp/\libhal_bsp.a(alt_exit.o)
 *(COMMON)
 COMMON         0x0807f9a4      0x100 D:/cs723-assignment1/software/freertos_test_bsp/\libhal_bsp.a(alt_irq_handler.o)
                0x0807f9a4                alt_irq
 COMMON         0x0807faa4      0x190 c:/altera/13.0/nios2eds/bin/gnu/h-i686-mingw32/bin/../lib/gcc/nios2-elf/4.1.2/../../../../nios2-elf/lib\libc.a(lib_a-atexit.o)
                0x0807faa4                _atexit0
                0x0807fc34                . = ALIGN (0x4)
                0x0807fc34                __bss_end = ABSOLUTE (.)

.onchip_memory  0x0001786c        0x0
                0x0001786c                PROVIDE (_alt_partition_onchip_memory_start, ABSOLUTE (.))
 *(.onchip_memory. onchip_memory.*)
                0x0001786c                . = ALIGN (0x4)
                0x0001786c                PROVIDE (_alt_partition_onchip_memory_end, ABSOLUTE (.))
                0x0001786c                PROVIDE (_alt_partition_onchip_memory_load_addr, LOADADDR (.onchip_memory))

.flash_controller
                0x01000020        0x0
                0x01000020                PROVIDE (_alt_partition_flash_controller_start, ABSOLUTE (.))
 *(.flash_controller. flash_controller.*)
                0x01000020                . = ALIGN (0x4)
                0x01000020                PROVIDE (_alt_partition_flash_controller_end, ABSOLUTE (.))
                0x01000020                PROVIDE (_alt_partition_flash_controller_load_addr, LOADADDR (.flash_controller))

.sdram          0x0807fc34        0x0
                0x0807fc34                PROVIDE (_alt_partition_sdram_start, ABSOLUTE (.))
 *(.sdram. sdram.*)
                0x0807fc34                . = ALIGN (0x4)
                0x0807fc34                PROVIDE (_alt_partition_sdram_end, ABSOLUTE (.))
                0x0807fc34                _end = ABSOLUTE (.)
                0x0807fc34                end = ABSOLUTE (.)
                0x0807fc34                __alt_stack_base = ABSOLUTE (.)
                0x0807fc34                PROVIDE (_alt_partition_sdram_load_addr, LOADADDR (.sdram))

.stab
 *(.stab)

.stabstr
 *(.stabstr)

.stab.excl
 *(.stab.excl)

.stab.exclstr
 *(.stab.exclstr)

.stab.index
 *(.stab.index)

.stab.indexstr
 *(.stab.indexstr)

.comment        0x00000000       0x23
 *(.comment)
 .comment       0x00000000       0x23 obj/default//D/cs723-assignment1/software/freertos_test/freertos/croutine.o
                                 0x24 (size before relaxing)
 .comment       0x00000000       0x24 obj/default//D/cs723-assignment1/software/freertos_test/freertos/event_groups.o
 .comment       0x00000000       0x24 obj/default//D/cs723-assignment1/software/freertos_test/freertos/heap.o
 .comment       0x00000000       0x24 obj/default//D/cs723-assignment1/software/freertos_test/freertos/list.o
 .comment       0x00000000       0x24 obj/default//D/cs723-assignment1/software/freertos_test/freertos/port.o
 .comment       0x00000000       0x24 obj/default//D/cs723-assignment1/software/freertos_test/freertos/queue.o
 .comment       0x00000000       0x24 obj/default//D/cs723-assignment1/software/freertos_test/freertos/tasks.o
 .comment       0x00000000       0x24 obj/default//D/cs723-assignment1/software/freertos_test/freertos/timers.o
 .comment       0x00000000       0x24 obj/default//D/cs723-assignment1/software/freertos_test/freertos_test.o
 .comment       0x00000000       0x24 c:/altera/13.0/nios2eds/bin/gnu/h-i686-mingw32/bin/../lib/gcc/nios2-elf/4.1.2\libgcc.a(_addsub_df.o)
 .comment       0x00000000       0x24 c:/altera/13.0/nios2eds/bin/gnu/h-i686-mingw32/bin/../lib/gcc/nios2-elf/4.1.2\libgcc.a(_mul_df.o)
 .comment       0x00000000       0x24 c:/altera/13.0/nios2eds/bin/gnu/h-i686-mingw32/bin/../lib/gcc/nios2-elf/4.1.2\libgcc.a(_div_df.o)
 .comment       0x00000000       0x24 c:/altera/13.0/nios2eds/bin/gnu/h-i686-mingw32/bin/../lib/gcc/nios2-elf/4.1.2\libgcc.a(_eq_df.o)
 .comment       0x00000000       0x24 c:/altera/13.0/nios2eds/bin/gnu/h-i686-mingw32/bin/../lib/gcc/nios2-elf/4.1.2\libgcc.a(_si_to_df.o)
 .comment       0x00000000       0x24 c:/altera/13.0/nios2eds/bin/gnu/h-i686-mingw32/bin/../lib/gcc/nios2-elf/4.1.2\libgcc.a(_thenan_df.o)
 .comment       0x00000000       0x24 c:/altera/13.0/nios2eds/bin/gnu/h-i686-mingw32/bin/../lib/gcc/nios2-elf/4.1.2\libgcc.a(_usi_to_df.o)
 .comment       0x00000000       0x24 c:/altera/13.0/nios2eds/bin/gnu/h-i686-mingw32/bin/../lib/gcc/nios2-elf/4.1.2\libgcc.a(_muldi3.o)
 .comment       0x00000000       0x24 c:/altera/13.0/nios2eds/bin/gnu/h-i686-mingw32/bin/../lib/gcc/nios2-elf/4.1.2\libgcc.a(_clzsi2.o)
 .comment       0x00000000       0x24 c:/altera/13.0/nios2eds/bin/gnu/h-i686-mingw32/bin/../lib/gcc/nios2-elf/4.1.2\libgcc.a(_pack_df.o)
 .comment       0x00000000       0x24 c:/altera/13.0/nios2eds/bin/gnu/h-i686-mingw32/bin/../lib/gcc/nios2-elf/4.1.2\libgcc.a(_unpack_df.o)
 .comment       0x00000000       0x24 c:/altera/13.0/nios2eds/bin/gnu/h-i686-mingw32/bin/../lib/gcc/nios2-elf/4.1.2\libgcc.a(_fpcmp_parts_df.o)
 .comment       0x00000000       0x24 c:/altera/13.0/nios2eds/bin/gnu/h-i686-mingw32/bin/../lib/gcc/nios2-elf/4.1.2\libgcc.a(_clz.o)
 .comment       0x00000000       0x24 c:/altera/13.0/nios2eds/bin/gnu/h-i686-mingw32/bin/../lib/gcc/nios2-elf/4.1.2/../../../../nios2-elf/lib\libc.a(lib_a-memcmp.o)
 .comment       0x00000000       0x24 c:/altera/13.0/nios2eds/bin/gnu/h-i686-mingw32/bin/../lib/gcc/nios2-elf/4.1.2/../../../../nios2-elf/lib\libc.a(lib_a-memcpy.o)
 .comment       0x00000000       0x24 c:/altera/13.0/nios2eds/bin/gnu/h-i686-mingw32/bin/../lib/gcc/nios2-elf/4.1.2/../../../../nios2-elf/lib\libc.a(lib_a-memset.o)
 .comment       0x00000000       0x24 c:/altera/13.0/nios2eds/bin/gnu/h-i686-mingw32/bin/../lib/gcc/nios2-elf/4.1.2/../../../../nios2-elf/lib\libc.a(lib_a-printf.o)
 .comment       0x00000000       0x24 c:/altera/13.0/nios2eds/bin/gnu/h-i686-mingw32/bin/../lib/gcc/nios2-elf/4.1.2/../../../../nios2-elf/lib\libc.a(lib_a-puts.o)
 .comment       0x00000000       0x24 c:/altera/13.0/nios2eds/bin/gnu/h-i686-mingw32/bin/../lib/gcc/nios2-elf/4.1.2/../../../../nios2-elf/lib\libc.a(lib_a-strlen.o)
 .comment       0x00000000       0x24 c:/altera/13.0/nios2eds/bin/gnu/h-i686-mingw32/bin/../lib/gcc/nios2-elf/4.1.2/../../../../nios2-elf/lib\libc.a(lib_a-vfprintf.o)
 .comment       0x00000000       0x24 c:/altera/13.0/nios2eds/bin/gnu/h-i686-mingw32/bin/../lib/gcc/nios2-elf/4.1.2/../../../../nios2-elf/lib\libc.a(lib_a-wsetup.o)
 .comment       0x00000000       0x24 c:/altera/13.0/nios2eds/bin/gnu/h-i686-mingw32/bin/../lib/gcc/nios2-elf/4.1.2/../../../../nios2-elf/lib\libc.a(lib_a-dtoa.o)
 .comment       0x00000000       0x24 c:/altera/13.0/nios2eds/bin/gnu/h-i686-mingw32/bin/../lib/gcc/nios2-elf/4.1.2/../../../../nios2-elf/lib\libc.a(lib_a-fflush.o)
 .comment       0x00000000       0x24 c:/altera/13.0/nios2eds/bin/gnu/h-i686-mingw32/bin/../lib/gcc/nios2-elf/4.1.2/../../../../nios2-elf/lib\libc.a(lib_a-findfp.o)
 .comment       0x00000000       0x24 c:/altera/13.0/nios2eds/bin/gnu/h-i686-mingw32/bin/../lib/gcc/nios2-elf/4.1.2/../../../../nios2-elf/lib\libc.a(lib_a-freer.o)
 .comment       0x00000000       0x24 c:/altera/13.0/nios2eds/bin/gnu/h-i686-mingw32/bin/../lib/gcc/nios2-elf/4.1.2/../../../../nios2-elf/lib\libc.a(lib_a-fvwrite.o)
 .comment       0x00000000       0x24 c:/altera/13.0/nios2eds/bin/gnu/h-i686-mingw32/bin/../lib/gcc/nios2-elf/4.1.2/../../../../nios2-elf/lib\libc.a(lib_a-fwalk.o)