Archive member included because of file (symbol)

c:/altera/13.0/nios2eds/bin/gnu/h-i686-mingw32/bin/../lib/gcc/nios2-elf/4.1.2/../../../../nios2-elf/lib\libc.a(lib_a-memcmp.o)
                              obj/default//H/Documents/cs723/software/freertos_test/freertos/tasks.o (memcmp)
c:/altera/13.0/nios2eds/bin/gnu/h-i686-mingw32/bin/../lib/gcc/nios2-elf/4.1.2/../../../../nios2-elf/lib\libc.a(lib_a-memcpy.o)
                              obj/default//H/Documents/cs723/software/freertos_test/freertos/queue.o (memcpy)
c:/altera/13.0/nios2eds/bin/gnu/h-i686-mingw32/bin/../lib/gcc/nios2-elf/4.1.2/../../../../nios2-elf/lib\libc.a(lib_a-memset.o)
                              obj/default//H/Documents/cs723/software/freertos_test/freertos/tasks.o (memset)
c:/altera/13.0/nios2eds/bin/gnu/h-i686-mingw32/bin/../lib/gcc/nios2-elf/4.1.2/../../../../nios2-elf/lib\libc.a(lib_a-printf.o)
                              obj/default///uoa.auckland.ac.nz/engdfs/home/stoo718/Documents/cs723/software/freertos_test/freertos_test.o (printf)
c:/altera/13.0/nios2eds/bin/gnu/h-i686-mingw32/bin/../lib/gcc/nios2-elf/4.1.2/../../../../nios2-elf/lib\libc.a(lib_a-vfprintf.o)
                              c:/altera/13.0/nios2eds/bin/gnu/h-i686-mingw32/bin/../lib/gcc/nios2-elf/4.1.2/../../../../nios2-elf/lib\libc.a(lib_a-printf.o) (___vfprintf_internal_r)
c:/altera/13.0/nios2eds/bin/gnu/h-i686-mingw32/bin/../lib/gcc/nios2-elf/4.1.2/../../../../nios2-elf/lib\libc.a(lib_a-wsetup.o)
                              c:/altera/13.0/nios2eds/bin/gnu/h-i686-mingw32/bin/../lib/gcc/nios2-elf/4.1.2/../../../../nios2-elf/lib\libc.a(lib_a-vfprintf.o) (__swsetup_r)
c:/altera/13.0/nios2eds/bin/gnu/h-i686-mingw32/bin/../lib/gcc/nios2-elf/4.1.2/../../../../nios2-elf/lib\libc.a(lib_a-dtoa.o)
                              c:/altera/13.0/nios2eds/bin/gnu/h-i686-mingw32/bin/../lib/gcc/nios2-elf/4.1.2/../../../../nios2-elf/lib\libc.a(lib_a-vfprintf.o) (_dtoa_r)
c:/altera/13.0/nios2eds/bin/gnu/h-i686-mingw32/bin/../lib/gcc/nios2-elf/4.1.2/../../../../nios2-elf/lib\libc.a(lib_a-fflush.o)
                              c:/altera/13.0/nios2eds/bin/gnu/h-i686-mingw32/bin/../lib/gcc/nios2-elf/4.1.2/../../../../nios2-elf/lib\libc.a(lib_a-vfprintf.o) (_fflush_r)
c:/altera/13.0/nios2eds/bin/gnu/h-i686-mingw32/bin/../lib/gcc/nios2-elf/4.1.2/../../../../nios2-elf/lib\libc.a(lib_a-findfp.o)
                              c:/altera/13.0/nios2eds/bin/gnu/h-i686-mingw32/bin/../lib/gcc/nios2-elf/4.1.2/../../../../nios2-elf/lib\libc.a(lib_a-vfprintf.o) (__sinit)
c:/altera/13.0/nios2eds/bin/gnu/h-i686-mingw32/bin/../lib/gcc/nios2-elf/4.1.2/../../../../nios2-elf/lib\libc.a(lib_a-freer.o)
                              c:/altera/13.0/nios2eds/bin/gnu/h-i686-mingw32/bin/../lib/gcc/nios2-elf/4.1.2/../../../../nios2-elf/lib\libc.a(lib_a-wsetup.o) (_free_r)
c:/altera/13.0/nios2eds/bin/gnu/h-i686-mingw32/bin/../lib/gcc/nios2-elf/4.1.2/../../../../nios2-elf/lib\libc.a(lib_a-fvwrite.o)
                              c:/altera/13.0/nios2eds/bin/gnu/h-i686-mingw32/bin/../lib/gcc/nios2-elf/4.1.2/../../../../nios2-elf/lib\libc.a(lib_a-vfprintf.o) (__sfvwrite_r)
c:/altera/13.0/nios2eds/bin/gnu/h-i686-mingw32/bin/../lib/gcc/nios2-elf/4.1.2/../../../../nios2-elf/lib\libc.a(lib_a-fwalk.o)
                              c:/altera/13.0/nios2eds/bin/gnu/h-i686-mingw32/bin/../lib/gcc/nios2-elf/4.1.2/../../../../nios2-elf/lib\libc.a(lib_a-fflush.o) (_fwalk_reent)
c:/altera/13.0/nios2eds/bin/gnu/h-i686-mingw32/bin/../lib/gcc/nios2-elf/4.1.2/../../../../nios2-elf/lib\libc.a(lib_a-impure.o)
                              c:/altera/13.0/nios2eds/bin/gnu/h-i686-mingw32/bin/../lib/gcc/nios2-elf/4.1.2/../../../../nios2-elf/lib\libc.a(lib_a-printf.o) (_impure_ptr)
c:/altera/13.0/nios2eds/bin/gnu/h-i686-mingw32/bin/../lib/gcc/nios2-elf/4.1.2/../../../../nios2-elf/lib\libc.a(lib_a-locale.o)
                              c:/altera/13.0/nios2eds/bin/gnu/h-i686-mingw32/bin/../lib/gcc/nios2-elf/4.1.2/../../../../nios2-elf/lib\libc.a(lib_a-vfprintf.o) (_localeconv_r)
c:/altera/13.0/nios2eds/bin/gnu/h-i686-mingw32/bin/../lib/gcc/nios2-elf/4.1.2/../../../../nios2-elf/lib\libc.a(lib_a-makebuf.o)
                              c:/altera/13.0/nios2eds/bin/gnu/h-i686-mingw32/bin/../lib/gcc/nios2-elf/4.1.2/../../../../nios2-elf/lib\libc.a(lib_a-wsetup.o) (__smakebuf_r)
c:/altera/13.0/nios2eds/bin/gnu/h-i686-mingw32/bin/../lib/gcc/nios2-elf/4.1.2/../../../../nios2-elf/lib\libc.a(lib_a-mallocr.o)
                              c:/altera/13.0/nios2eds/bin/gnu/h-i686-mingw32/bin/../lib/gcc/nios2-elf/4.1.2/../../../../nios2-elf/lib\libc.a(lib_a-findfp.o) (_malloc_r)
c:/altera/13.0/nios2eds/bin/gnu/h-i686-mingw32/bin/../lib/gcc/nios2-elf/4.1.2/../../../../nios2-elf/lib\libc.a(lib_a-memchr.o)
                              c:/altera/13.0/nios2eds/bin/gnu/h-i686-mingw32/bin/../lib/gcc/nios2-elf/4.1.2/../../../../nios2-elf/lib\libc.a(lib_a-vfprintf.o) (memchr)
[...]
Memory Configuration

Name             Origin             Length             Attributes
onchip_memory_BEFORE_EXCEPTION 0x00000000         0x00000020
onchip_memory    0x00000020         0x00031fe0
reset            0x01000000         0x00000020
flash_controller 0x01000020         0x007fffe0
sdram            0x08000000         0x08000000
*default*        0x00000000         0xffffffff

Linker script and memory map

LOAD //uoa.auckland.ac.nz/engdfs/Home/stoo718/Documents/cs723/software/freertos_test_bsp//obj/HAL/src/crt0.o
LOAD obj/default///uoa.auckland.ac.nz/engdfs/home/stoo718/Documents/cs723/software/freertos_test/freertos_test.o
LOAD obj/default//H/Documents/cs723/software/freertos_test/freertos/croutine.o
LOAD obj/default//H/Documents/cs723/software/freertos_test/freertos/event_groups.o
LOAD obj/default//H/Documents/cs723/software/freertos_test/freertos/heap.o
LOAD obj/default//H/Documents/cs723/software/freertos_test/freertos/list.o
LOAD obj/default//H/Documents/cs723/software/freertos_test/freertos/port.o
LOAD obj/default//H/Documents/cs723/software/freertos_test/freertos/queue.o
LOAD obj/default//H/Documents/cs723/software/freertos_test/freertos/tasks.o
LOAD obj/default//H/Documents/cs723/software/freertos_test/freertos/timers.o
LOAD obj/default//H/Documents/cs723/software/freertos_test/freertos/port_asm.o
LOAD c:/altera/13.0/nios2eds/bin/gnu/h-i686-mingw32/bin/../lib/gcc/nios2-elf/4.1.2/../../../../nios2-elf/lib\libstdc++.a
LOAD c:/altera/13.0/nios2eds/bin/gnu/h-i686-mingw32/bin/../lib/gcc/nios2-elf/4.1.2/../../../../nios2-elf/lib\libm.a
LOAD c:/altera/13.0/nios2eds/bin/gnu/h-i686-mingw32/bin/../lib/gcc/nios2-elf/4.1.2\libgcc.a
START GROUP
LOAD c:/altera/13.0/nios2eds/bin/gnu/h-i686-mingw32/bin/../lib/gcc/nios2-elf/4.1.2/../../../../nios2-elf/lib\libc.a
LOAD c:/altera/13.0/nios2eds/bin/gnu/h-i686-mingw32/bin/../lib/gcc/nios2-elf/4.1.2\libgcc.a
LOAD //uoa.auckland.ac.nz/engdfs/Home/stoo718/Documents/cs723/software/freertos_test_bsp/\libhal_bsp.a
END GROUP
LOAD c:/altera/13.0/nios2eds/bin/gnu/h-i686-mingw32/bin/../lib/gcc/nios2-elf/4.1.2\libgcc.a
                0x00000000                __alt_mem_onchip_memory = 0x0
                0x01000000                __alt_mem_flash_controller = 0x1000000
                0x08000000                __alt_mem_sdram = 0x8000000

.entry          0x01000000        0x0
 *(.entry)
 .entry         0x01000000        0x0 //uoa.auckland.ac.nz/engdfs/Home/stoo718/Documents/cs723/software/freertos_test_bsp//obj/HAL/src/crt0.o
                0x01000000                __reset

.exceptions     0x00000020      0x228
                0x00000020                PROVIDE (__ram_exceptions_start, ABSOLUTE (.))
                0x00000020                . = ALIGN (0x20)
 *(.irq)
 *(.exceptions.entry.label)
 *(.exceptions.entry.user)
 *(.exceptions.entry)
 .exceptions.entry
                0x00000020       0x8c obj/default//H/Documents/cs723/software/freertos_test/freertos/port_asm.o
 *(.exceptions.irqtest.user)
 *(.exceptions.irqtest)
 .exceptions.irqtest
                0x000000ac       0x14 obj/default//H/Documents/cs723/software/freertos_test/freertos/port_asm.o
 *(.exceptions.irqhandler.user)
 *(.exceptions.irqhandler)
 .exceptions.irqhandler
                0x000000c0        0x4 obj/default//H/Documents/cs723/software/freertos_test/freertos/port_asm.o
 *(.exceptions.irqreturn.user)
 *(.exceptions.irqreturn)
 .exceptions.irqreturn
                0x000000c4       0x8c obj/default//H/Documents/cs723/software/freertos_test/freertos/port_asm.o
                0x000000c4                restore_sp_from_pxCurrentTCB
 *(.exceptions.notirq.label)
 *(.exceptions.notirq.user)
 *(.exceptions.notirq)
 *(.exceptions.soft.user)
 *(.exceptions.soft)
 .exceptions.soft
                0x00000150       0x2c obj/default//H/Documents/cs723/software/freertos_test/freertos/port_asm.o
 *(.exceptions.unknown.user)
 *(.exceptions.unknown)
 *(.exceptions.exit.label)
 *(.exceptions.exit.user)
 *(.exceptions.exit)
 *(.exceptions)
 .exceptions    0x0000017c       0xcc //uoa.auckland.ac.nz/engdfs/Home/stoo718/Documents/cs723/software/freertos_test_bsp/\libhal_bsp.a(alt_irq_handler.o)
                0x0000017c                alt_irq_handler
                0x00000248                PROVIDE (__ram_exceptions_end, ABSOLUTE (.))
                0x00000020                PROVIDE (__flash_exceptions_start, LOADADDR (.exceptions))

.text           0x00000248    0x15b0c
                0x00000248                PROVIDE (stext, ABSOLUTE (.))
 *(.interp)
 *(.hash)
 *(.dynsym)
 *(.dynstr)
 *(.gnu.version)
 *(.gnu.version_d)
 *(.gnu.version_r)
 *(.rel.init)
 *(.rela.init)
 *(.rel.text .rel.text.* .rel.gnu.linkonce.t.*)
 *(.rela.text .rela.text.* .rela.gnu.linkonce.t.*)
 *(.rel.fini)
 *(.rela.fini)
 *(.rel.rodata .rel.rodata.* .rel.gnu.linkonce.r.*)
 *(.rela.rodata .rela.rodata.* .rela.gnu.linkonce.r.*)
 *(.rel.data .rel.data.* .rel.gnu.linkonce.d.*)
 *(.rela.data .rela.data.* .rela.gnu.linkonce.d.*)
 *(.rel.tdata .rel.tdata.* .rel.gnu.linkonce.td.*)
 *(.rela.tdata .rela.tdata.* .rela.gnu.linkonce.td.*)
 *(.rel.tbss .rel.tbss.* .rel.gnu.linkonce.tb.*)
 *(.rela.tbss .rela.tbss.* .rela.gnu.linkonce.tb.*)
 *(.rel.ctors)
 *(.rela.ctors)
 *(.rel.dtors)
 *(.rela.dtors)
 *(.rel.got)
 *(.rela.got)
 *(.rel.sdata .rel.sdata.* .rel.gnu.linkonce.s.*)
 *(.rela.sdata .rela.sdata.* .rela.gnu.linkonce.s.*)
 *(.rel.sbss .rel.sbss.* .rel.gnu.linkonce.sb.*)
 *(.rela.sbss .rela.sbss.* .rela.gnu.linkonce.sb.*)
 *(.rel.sdata2 .rel.sdata2.* .rel.gnu.linkonce.s2.*)
 *(.rela.sdata2 .rela.sdata2.* .rela.gnu.linkonce.s2.*)
 *(.rel.sbss2 .rel.sbss2.* .rel.gnu.linkonce.sb2.*)
 *(.rela.sbss2 .rela.sbss2.* .rela.gnu.linkonce.sb2.*)
 *(.rel.bss .rel.bss.* .rel.gnu.linkonce.b.*)
 *(.rela.bss .rela.bss.* .rela.gnu.linkonce.b.*)
 *(.rel.plt)
 *(.rela.plt)
 *(.rel.dyn)
 *(.init)
 *(.plt)
 *(.text .stub .text.* .gnu.linkonce.t.*)
 .text          0x00000248       0x48 //uoa.auckland.ac.nz/engdfs/Home/stoo718/Documents/cs723/software/freertos_test_bsp//obj/HAL/src/crt0.o
                0x00000248                _start
 .text          0x00000290       0xe0 obj/default///uoa.auckland.ac.nz/engdfs/home/stoo718/Documents/cs723/software/freertos_test/freertos_test.o
                0x00000290                main
 .text          0x00000370      0x60c obj/default//H/Documents/cs723/software/freertos_test/freertos/croutine.o
                0x00000370                xCoRoutineCreate
                0x000004b0                vCoRoutineAddToDelayedList
                0x00000774                vCoRoutineSchedule
                0x000008fc                xCoRoutineRemoveFromEventList
 .text          0x0000097c      0x720 obj/default//H/Documents/cs723/software/freertos_test/freertos/event_groups.o
                0x0000097c                xEventGroupCreate
                0x000009d0                xEventGroupSync
                0x00000b54                xEventGroupWaitBits
                0x00000d14                xEventGroupClearBits
                0x00000d7c                xEventGroupGetBitsFromISR
                0x00000db8                xEventGroupSetBits
                0x00000f44                vEventGroupDelete
                0x00000fb4                vEventGroupSetBitsCallback
                0x00000fec                vEventGroupClearBitsCallback
 .text          0x0000109c      0x448 obj/default//H/Documents/cs723/software/freertos_test/freertos/heap.o
                0x0000109c                pvPortMalloc
                0x00001230                vPortFree
                0x000012b0                xPortGetFreeHeapSize
                0x000012d0                vPortInitialiseBlocks
 .text          0x000014e4      0x28c obj/default//H/Documents/cs723/software/freertos_test/freertos/list.o
                0x000014e4                vListInitialise
                0x00001554                vListInitialiseItem
                0x0000157c                vListInsertEnd
                0x00001604                vListInsert
                0x000016d8                uxListRemove
 .text          0x00001770      0x434 obj/default//H/Documents/cs723/software/freertos_test/freertos/port.o
                0x00001770                vApplicationStackOverflowHook
                0x000017d4                pxPortInitialiseStack
                0x000018bc                xPortStartScheduler
                0x000018f4                vPortEndScheduler
                0x000019a8                vPortSysTickHandler
                0x000019f4                alt_irq_register
 .text          0x00001ba4     0x1134 obj/default//H/Documents/cs723/software/freertos_test/freertos/queue.o
                0x00001ba4                xQueueGenericReset
                0x00001cb8                xQueueGenericCreate
                0x00001d94                xQueueCreateMutex
                0x00001e58                xQueueGiveMutexRecursive
                0x00001eec                xQueueTakeMutexRecursive
                0x00001f94                xQueueCreateCountingSemaphore
                0x00001ff0                xQueueGenericSend
                0x000021a0                xQueueGenericSendFromISR
                0x00002288                xQueueGiveFromISR
                0x00002360                xQueueGenericReceive
                0x0000258c                xQueueReceiveFromISR
                0x00002670                xQueuePeekFromISR
                0x000026f0                uxQueueMessagesWaiting
                0x00002730                uxQueueSpacesAvailable
                0x00002784                uxQueueMessagesWaitingFromISR
                0x000027b4                vQueueDelete
                0x00002b60                xQueueIsQueueEmptyFromISR
                0x00002bfc                xQueueIsQueueFullFromISR
                0x00002c44                vQueueWaitForMessageRestricted
 .text          0x00002cd8     0x1c94 obj/default//H/Documents/cs723/software/freertos_test/freertos/tasks.o
                0x00002cd8                xTaskGenericCreate
                0x00002ea0                vTaskDelete
                0x00002f78                vTaskDelay
                0x00002ff0                vTaskStartScheduler
                0x0000308c                vTaskEndScheduler
                0x000030d0                vTaskSuspendAll
                0x000030f8                xTaskResumeAll
                0x00003248                xTaskGetTickCount
                0x00003270                xTaskGetTickCountFromISR
                0x0000329c                uxTaskGetNumberOfTasks
                0x000032bc                xTaskIncrementTick
                0x00003498                vTaskSwitchContext
                0x000035c8                vTaskPlaceOnEventList
                0x00003628                vTaskPlaceOnUnorderedEventList
                0x0000369c                vTaskPlaceOnEventListRestricted
                0x000036fc                xTaskRemoveFromEventList
                0x000037e4                xTaskRemoveFromUnorderedEventList
                0x000038b4                vTaskSetTimeOutState
                0x000038ec                xTaskCheckForTimeOut
                0x000039b0                vTaskMissedYield
                0x00003e30                uxTaskGetStackHighWaterMark
                0x00003f4c                xTaskGetCurrentTaskHandle
                0x00003f74                xTaskGetSchedulerState
                0x00003fc8                vTaskPriorityInherit
                0x000040f8                xTaskPriorityDisinherit
                0x000041f4                vTaskEnterCritical
                0x00004248                vTaskExitCritical
                0x000042b0                uxTaskResetEventItemValue
                0x000042f4                pvTaskIncrementMutexHeldCount
                0x00004330                ulTaskNotifyTake
                0x00004408                xTaskNotifyWait
                0x00004514                xTaskNotify
                0x0000469c                xTaskNotifyFromISR
                0x0000485c                vTaskNotifyGiveFromISR
 .text          0x0000496c      0x8b0 obj/default//H/Documents/cs723/software/freertos_test/freertos/timers.o
                0x0000496c                xTimerCreateTimerTask
                0x000049dc                xTimerCreate
                0x00004a8c                xTimerGenericCommand
                0x00004b54                pcTimerGetTimerName
                0x000051a0                xTimerIsTimerActive
                0x000051ec                pvTimerGetTimerID
 .text          0x0000521c        0x0 obj/default//H/Documents/cs723/software/freertos_test/freertos/port_asm.o
 .text          0x0000521c       0x74 c:/altera/13.0/nios2eds/bin/gnu/h-i686-mingw32/bin/../lib/gcc/nios2-elf/4.1.2/../../../../nios2-elf/lib\libc.a(lib_a-memcmp.o)
                0x0000521c                memcmp
 .text          0x00005290       0xa0 c:/altera/13.0/nios2eds/bin/gnu/h-i686-mingw32/bin/../lib/gcc/nios2-elf/4.1.2/../../../../nios2-elf/lib\libc.a(lib_a-memcpy.o)
                0x00005290                memcpy
 .text          0x00005330       0x98 c:/altera/13.0/nios2eds/bin/gnu/h-i686-mingw32/bin/../lib/gcc/nios2-elf/4.1.2/../../../../nios2-elf/lib\libc.a(lib_a-memset.o)
                0x00005330                memset
 .text          0x000053c8       0x78 c:/altera/13.0/nios2eds/bin/gnu/h-i686-mingw32/bin/../lib/gcc/nios2-elf/4.1.2/../../../../nios2-elf/lib\libc.a(lib_a-printf.o)
                0x000053c8                printf
                0x0000540c                _printf_r
 .text          0x00005440     0x1f28 c:/altera/13.0/nios2eds/bin/gnu/h-i686-mingw32/bin/../lib/gcc/nios2-elf/4.1.2/../../../../nios2-elf/lib\libc.a(lib_a-vfprintf.o)
                0x00005498                ___vfprintf_internal_r
                0x00007344                __vfprintf_internal
 .text          0x00007368      0x13c c:/altera/13.0/nios2eds/bin/gnu/h-i686-mingw32/bin/../lib/gcc/nios2-elf/4.1.2/../../../../nios2-elf/lib\libc.a(lib_a-wsetup.o)
                0x00007368                __swsetup_r
 .text          0x000074a4     0x17cc c:/altera/13.0/nios2eds/bin/gnu/h-i686-mingw32/bin/../lib/gcc/nios2-elf/4.1.2/../../../../nios2-elf/lib\libc.a(lib_a-dtoa.o)
                0x000076bc                _dtoa_r
 .text          0x00008c70      0x230 c:/altera/13.0/nios2eds/bin/gnu/h-i686-mingw32/bin/../lib/gcc/nios2-elf/4.1.2/../../../../nios2-elf/lib\libc.a(lib_a-fflush.o)
                0x00008c70                _fflush_r
                0x00008e6c                fflush
 .text          0x00008ea0      0x2c0 c:/altera/13.0/nios2eds/bin/gnu/h-i686-mingw32/bin/../lib/gcc/nios2-elf/4.1.2/../../../../nios2-elf/lib\libc.a(lib_a-findfp.o)
                0x00008ef8                __sfp_lock_acquire
                0x00008efc                __sfp_lock_release
                0x00008f00                __sinit_lock_acquire
                0x00008f04                __sinit_lock_release
                0x00008f08                __sinit
                0x00008fbc                __fp_unlock_all
                0x00008fd4                __fp_lock_all
                0x00008fec                _cleanup_r
                0x00008ff8                _cleanup
                0x00009008                __sfmoreglue
                0x00009070                __sfp
 .text          0x00009160      0x440 c:/altera/13.0/nios2eds/bin/gnu/h-i686-mingw32/bin/../lib/gcc/nios2-elf/4.1.2/../../../../nios2-elf/lib\libc.a(lib_a-freer.o)
                0x00009160                _malloc_trim_r
                0x0000928c                _free_r
 .text          0x000095a0      0x49c c:/altera/13.0/nios2eds/bin/gnu/h-i686-mingw32/bin/../lib/gcc/nios2-elf/4.1.2/../../../../nios2-elf/lib\libc.a(lib_a-fvwrite.o)
                0x000095a0                __sfvwrite_r
 .text          0x00009a3c      0x180 c:/altera/13.0/nios2eds/bin/gnu/h-i686-mingw32/bin/../lib/gcc/nios2-elf/4.1.2/../../../../nios2-elf/lib\libc.a(lib_a-fwalk.o)
                0x00009a3c                _fwalk_reent
                0x00009b04                _fwalk
 .text          0x00009bbc        0x0 c:/altera/13.0/nios2eds/bin/gnu/h-i686-mingw32/bin/../lib/gcc/nios2-elf/4.1.2/../../../../nios2-elf/lib\libc.a(lib_a-impure.o)
 .text          0x00009bbc       0xc4 c:/altera/13.0/nios2eds/bin/gnu/h-i686-mingw32/bin/../lib/gcc/nios2-elf/4.1.2/../../../../nios2-elf/lib\libc.a(lib_a-locale.o)
                0x00009bbc                __locale_charset
                0x00009bc4                _localeconv_r
                0x00009bd0                localeconv
                0x00009be0                _setlocale_r
                0x00009c64                setlocale
 .text          0x00009c80      0x194 c:/altera/13.0/nios2eds/bin/gnu/h-i686-mingw32/bin/../lib/gcc/nios2-elf/4.1.2/../../../../nios2-elf/lib\libc.a(lib_a-makebuf.o)
                0x00009c80                __smakebuf_r
 .text          0x00009e14      0x740 c:/altera/13.0/nios2eds/bin/gnu/h-i686-mingw32/bin/../lib/gcc/nios2-elf/4.1.2/../../../../nios2-elf/lib\libc.a(lib_a-mallocr.o)
                0x00009e14                _malloc_r
 .text          0x0000a554       0xe4 c:/altera/13.0/nios2eds/bin/gnu/h-i686-mingw32/bin/../lib/gcc/nios2-elf/4.1.2/../../../../nios2-elf/lib\libc.a(lib_a-memchr.o)
                0x0000a554                memchr
 .text          0x0000a638       0xe0 c:/altera/13.0/nios2eds/bin/gnu/h-i686-mingw32/bin/../lib/gcc/nios2-elf/4.1.2/../../../../nios2-elf/lib\libc.a(lib_a-memmove.o)
                0x0000a638                memmove
 .text          0x0000a718      0xff4 c:/altera/13.0/nios2eds/bin/gnu/h-i686-mingw32/bin/../lib/gcc/nios2-elf/4.1.2/../../../../nios2-elf/lib\libc.a(lib_a-mprec.o)
                0x0000a718                _Bfree
                0x0000a740                __hi0bits
                0x0000a7b0                __lo0bits
                0x0000a874                __mcmp
                0x0000a8d4                __ulp
                0x0000a954                __b2d
                0x0000aa74                __ratio
                0x0000ab24                _mprec_log10
                0x0000abb8                __copybits
                0x0000ac10                __any_on
                0x0000ac98                _Balloc
                0x0000ad54                __d2b
                0x0000aed0                __mdiff
                0x0000b05c                __lshift
                0x0000b1a8                __multiply
                0x0000b390                __i2b
                0x0000b3cc                __multadd
                0x0000b4cc                __pow5mult
                0x0000b5ec                __s2b
 .text          0x0000b70c      0x5f4 c:/altera/13.0/nios2eds/bin/gnu/h-i686-mingw32/bin/../lib/gcc/nios2-elf/4.1.2/../../../../nios2-elf/lib\libc.a(lib_a-reallocr.o)
                0x0000b70c                _realloc_r
 .text          0x0000bd00       0x40 c:/altera/13.0/nios2eds/bin/gnu/h-i686-mingw32/bin/../lib/gcc/nios2-elf/4.1.2/../../../../nios2-elf/lib\libc.a(lib_a-s_isinfd.o)
                0x0000bd00                __isinfd
 .text          0x0000bd40       0x30 c:/altera/13.0/nios2eds/bin/gnu/h-i686-mingw32/bin/../lib/gcc/nios2-elf/4.1.2/../../../../nios2-elf/lib\libc.a(lib_a-s_isnand.o)
                0x0000bd40                __isnand
 .text          0x0000bd70       0x70 c:/altera/13.0/nios2eds/bin/gnu/h-i686-mingw32/bin/../lib/gcc/nios2-elf/4.1.2/../../../../nios2-elf/lib\libc.a(lib_a-sbrkr.o)
                0x0000bd70                _sbrk_r
 .text          0x0000bde0      0x14c c:/altera/13.0/nios2eds/bin/gnu/h-i686-mingw32/bin/../lib/gcc/nios2-elf/4.1.2/../../../../nios2-elf/lib\libc.a(lib_a-stdio.o)
                0x0000bde0                __sclose
                0x0000bde8                __sseek
                0x0000be50                __swrite
                0x0000becc                __sread
 .text          0x0000bf2c       0xbc c:/altera/13.0/nios2eds/bin/gnu/h-i686-mingw32/bin/../lib/gcc/nios2-elf/4.1.2/../../../../nios2-elf/lib\libc.a(lib_a-strcmp.o)
                0x0000bf2c                strcmp
 .text          0x0000bfe8       0x74 c:/altera/13.0/nios2eds/bin/gnu/h-i686-mingw32/bin/../lib/gcc/nios2-elf/4.1.2/../../../../nios2-elf/lib\libc.a(lib_a-strlen.o)
                0x0000bfe8                strlen
 .text          0x0000c05c       0x78 c:/altera/13.0/nios2eds/bin/gnu/h-i686-mingw32/bin/../lib/gcc/nios2-elf/4.1.2/../../../../nios2-elf/lib\libc.a(lib_a-writer.o)
                0x0000c05c                _write_r
 .text          0x0000c0d4       0xb4 c:/altera/13.0/nios2eds/bin/gnu/h-i686-mingw32/bin/../lib/gcc/nios2-elf/4.1.2/../../../../nios2-elf/lib\libc.a(lib_a-callocr.o)
                0x0000c0d4                _calloc_r
 .text          0x0000c188       0x70 c:/altera/13.0/nios2eds/bin/gnu/h-i686-mingw32/bin/../lib/gcc/nios2-elf/4.1.2/../../../../nios2-elf/lib\libc.a(lib_a-closer.o)
                0x0000c188                _close_r
 .text          0x0000c1f8      0x124 c:/altera/13.0/nios2eds/bin/gnu/h-i686-mingw32/bin/../lib/gcc/nios2-elf/4.1.2/../../../../nios2-elf/lib\libc.a(lib_a-fclose.o)
                0x0000c1f8                _fclose_r
                0x0000c308                fclose
 .text          0x0000c31c       0x74 c:/altera/13.0/nios2eds/bin/gnu/h-i686-mingw32/bin/../lib/gcc/nios2-elf/4.1.2/../../../../nios2-elf/lib\libc.a(lib_a-fstatr.o)
                0x0000c31c                _fstat_r
 .text          0x0000c390        0x0 c:/altera/13.0/nios2eds/bin/gnu/h-i686-mingw32/bin/../lib/gcc/nios2-elf/4.1.2/../../../../nios2-elf/lib\libc.a(lib_a-int_errno.o)
 .text          0x0000c390       0x70 c:/altera/13.0/nios2eds/bin/gnu/h-i686-mingw32/bin/../lib/gcc/nios2-elf/4.1.2/../../../../nios2-elf/lib\libc.a(lib_a-isattyr.o)
                0x0000c390                _isatty_r
 .text          0x0000c400       0x78 c:/altera/13.0/nios2eds/bin/gnu/h-i686-mingw32/bin/../lib/gcc/nios2-elf/4.1.2/../../../../nios2-elf/lib\libc.a(lib_a-lseekr.o)
                0x0000c400                _lseek_r
 .text          0x0000c478       0x78 c:/altera/13.0/nios2eds/bin/gnu/h-i686-mingw32/bin/../lib/gcc/nios2-elf/4.1.2/../../../../nios2-elf/lib\libc.a(lib_a-readr.o)
                0x0000c478                _read_r
 .text          0x0000c4f0      0x5dc c:/altera/13.0/nios2eds/bin/gnu/h-i686-mingw32/bin/../lib/gcc/nios2-elf/4.1.2\libgcc.a(_udivdi3.o)
                0x0000c4f0                __udivdi3
 .text          0x0000cacc      0x5b0 c:/altera/13.0/nios2eds/bin/gnu/h-i686-mingw32/bin/../lib/gcc/nios2-elf/4.1.2\libgcc.a(_umoddi3.o)
                0x0000cacc                __umoddi3
 .text          0x0000d07c      0x504 c:/altera/13.0/nios2eds/bin/gnu/h-i686-mingw32/bin/../lib/gcc/nios2-elf/4.1.2\libgcc.a(_addsub_df.o)
                0x0000d48c                __subdf3
                0x0000d50c                __adddf3
 .text          0x0000d580      0x3c4 c:/altera/13.0/nios2eds/bin/gnu/h-i686-mingw32/bin/../lib/gcc/nios2-elf/4.1.2\libgcc.a(_mul_df.o)
                0x0000d580                __muldf3
 .text          0x0000d944      0x258 c:/altera/13.0/nios2eds/bin/gnu/h-i686-mingw32/bin/../lib/gcc/nios2-elf/4.1.2\libgcc.a(_div_df.o)
                0x0000d944                __divdf3
 .text          0x0000db9c       0x88 c:/altera/13.0/nios2eds/bin/gnu/h-i686-mingw32/bin/../lib/gcc/nios2-elf/4.1.2\libgcc.a(_eq_df.o)
                0x0000db9c                __eqdf2
 .text          0x0000dc24       0x88 c:/altera/13.0/nios2eds/bin/gnu/h-i686-mingw32/bin/../lib/gcc/nios2-elf/4.1.2\libgcc.a(_ne_df.o)
                0x0000dc24                __nedf2
 .text          0x0000dcac       0x88 c:/altera/13.0/nios2eds/bin/gnu/h-i686-mingw32/bin/../lib/gcc/nios2-elf/4.1.2\libgcc.a(_gt_df.o)
                0x0000dcac                __gtdf2
 .text          0x0000dd34       0x88 c:/altera/13.0/nios2eds/bin/gnu/h-i686-mingw32/bin/../lib/gcc/nios2-elf/4.1.2\libgcc.a(_ge_df.o)
                0x0000dd34                __gedf2
 .text          0x0000ddbc       0x88 c:/altera/13.0/nios2eds/bin/gnu/h-i686-mingw32/bin/../lib/gcc/nios2-elf/4.1.2\libgcc.a(_lt_df.o)
                0x0000ddbc                __ltdf2
 .text          0x0000de44       0xf8 c:/altera/13.0/nios2eds/bin/gnu/h-i686-mingw32/bin/../lib/gcc/nios2-elf/4.1.2\libgcc.a(_si_to_df.o)
                0x0000de44                __floatsidf
 .text          0x0000df3c       0xd8 c:/altera/13.0/nios2eds/bin/gnu/h-i686-mingw32/bin/../lib/gcc/nios2-elf/4.1.2\libgcc.a(_df_to_si.o)
                0x0000df3c                __fixdfsi
 .text          0x0000e014        0x0 c:/altera/13.0/nios2eds/bin/gnu/h-i686-mingw32/bin/../lib/gcc/nios2-elf/4.1.2\libgcc.a(_thenan_df.o)
 .text          0x0000e014      0x194 c:/altera/13.0/nios2eds/bin/gnu/h-i686-mingw32/bin/../lib/gcc/nios2-elf/4.1.2\libgcc.a(_usi_to_df.o)
                0x0000e014                __floatunsidf
 .text          0x0000e1a8      0x14c c:/altera/13.0/nios2eds/bin/gnu/h-i686-mingw32/bin/../lib/gcc/nios2-elf/4.1.2\libgcc.a(lib2-divmod.o)
                0x0000e224                __divsi3
                0x0000e284                __modsi3
                0x0000e2e4                __udivsi3
                0x0000e2ec                __umodsi3
 .text          0x0000e2f4       0x98 c:/altera/13.0/nios2eds/bin/gnu/h-i686-mingw32/bin/../lib/gcc/nios2-elf/4.1.2\libgcc.a(_muldi3.o)
                0x0000e2f4                __muldi3
 .text          0x0000e38c        0x0 c:/altera/13.0/nios2eds/bin/gnu/h-i686-mingw32/bin/../lib/gcc/nios2-elf/4.1.2\libgcc.a(_clz.o)
 .text          0x0000e38c       0x80 c:/altera/13.0/nios2eds/bin/gnu/h-i686-mingw32/bin/../lib/gcc/nios2-elf/4.1.2\libgcc.a(_clzsi2.o)
                0x0000e38c                __clzsi2
 .text          0x0000e40c      0x314 c:/altera/13.0/nios2eds/bin/gnu/h-i686-mingw32/bin/../lib/gcc/nios2-elf/4.1.2\libgcc.a(_pack_df.o)
                0x0000e40c                __pack_d
 .text          0x0000e720      0x138 c:/altera/13.0/nios2eds/bin/gnu/h-i686-mingw32/bin/../lib/gcc/nios2-elf/4.1.2\libgcc.a(_unpack_df.o)
                0x0000e720                __unpack_d
 .text          0x0000e858       0xc8 c:/altera/13.0/nios2eds/bin/gnu/h-i686-mingw32/bin/../lib/gcc/nios2-elf/4.1.2\libgcc.a(_fpcmp_parts_df.o)
                0x0000e858                __fpcmp_parts_d
 .text          0x0000e920      0x15c //uoa.auckland.ac.nz/engdfs/Home/stoo718/Documents/cs723/software/freertos_test_bsp/\libhal_bsp.a(alt_close.o)
                0x0000e920                close
 .text          0x0000ea7c       0x2c //uoa.auckland.ac.nz/engdfs/Home/stoo718/Documents/cs723/software/freertos_test_bsp/\libhal_bsp.a(alt_dev.o)
 .text          0x0000eaa8        0x0 //uoa.auckland.ac.nz/engdfs/Home/stoo718/Documents/cs723/software/freertos_test_bsp/\libhal_bsp.a(alt_errno.o)
 .text          0x0000eaa8      0x134 //uoa.auckland.ac.nz/engdfs/Home/stoo718/Documents/cs723/software/freertos_test_bsp/\libhal_bsp.a(alt_fstat.o)
                0x0000eaa8                fstat
 .text          0x0000ebdc        0x0 //uoa.auckland.ac.nz/engdfs/Home/stoo718/Documents/cs723/software/freertos_test_bsp/\libhal_bsp.a(alt_irq_handler.o)
 .text          0x0000ebdc        0x0 //uoa.auckland.ac.nz/engdfs/Home/stoo718/Documents/cs723/software/freertos_test_bsp/\libhal_bsp.a(alt_irq_vars.o)
 .text          0x0000ebdc      0x120 //uoa.auckland.ac.nz/engdfs/Home/stoo718/Documents/cs723/software/freertos_test_bsp/\libhal_bsp.a(alt_isatty.o)
                0x0000ebdc                isatty
 .text          0x0000ecfc      0x150 //uoa.auckland.ac.nz/engdfs/Home/stoo718/Documents/cs723/software/freertos_test_bsp/\libhal_bsp.a(alt_lseek.o)
                0x0000ecfc                lseek
 .text          0x0000ee4c       0x6c //uoa.auckland.ac.nz/engdfs/Home/stoo718/Documents/cs723/software/freertos_test_bsp/\libhal_bsp.a(alt_main.o)
                0x0000ee4c                alt_main
 .text          0x0000eeb8       0x40 //uoa.auckland.ac.nz/engdfs/Home/stoo718/Documents/cs723/software/freertos_test_bsp/\libhal_bsp.a(alt_malloc_lock.o)
                0x0000eeb8                __malloc_lock
                0x0000eed8                __malloc_unlock
 .text          0x0000eef8      0x180 //uoa.auckland.ac.nz/engdfs/Home/stoo718/Documents/cs723/software/freertos_test_bsp/\libhal_bsp.a(alt_read.o)
                0x0000eef8                read
 .text          0x0000f078       0x60 //uoa.auckland.ac.nz/engdfs/Home/stoo718/Documents/cs723/software/freertos_test_bsp/\libhal_bsp.a(alt_release_fd.o)
                0x0000f078                alt_release_fd
 .text          0x0000f0d8       0xbc //uoa.auckland.ac.nz/engdfs/Home/stoo718/Documents/cs723/software/freertos_test_bsp/\libhal_bsp.a(alt_sbrk.o)
                0x0000f0d8                sbrk
 .text          0x0000f194      0x180 //uoa.auckland.ac.nz/engdfs/Home/stoo718/Documents/cs723/software/freertos_test_bsp/\libhal_bsp.a(alt_write.o)
                0x0000f194                write
 .text          0x0000f314      0x3d8 //uoa.auckland.ac.nz/engdfs/Home/stoo718/Documents/cs723/software/freertos_test_bsp/\libhal_bsp.a(alt_sys_init.o)
                0x0000f314                alt_irq_init
                0x0000f348                alt_sys_init
 .text          0x0000f6ec      0x8d8 //uoa.auckland.ac.nz/engdfs/Home/stoo718/Documents/cs723/software/freertos_test_bsp/\libhal_bsp.a(altera_avalon_cfi_flash.o)
                0x0000f6ec                alt_flash_cfi_init
                0x0000f7c0                alt_flash_cfi_write
                0x0000fa80                alt_flash_cfi_get_info
                0x0000fb10                alt_flash_cfi_read
                0x0000fb78                alt_write_value_to_flash
                0x0000fcdc                alt_flash_program_block
 .text          0x0000ffc4     0x14a8 //uoa.auckland.ac.nz/engdfs/Home/stoo718/Documents/cs723/software/freertos_test_bsp/\libhal_bsp.a(altera_avalon_cfi_flash_table.o)
                0x0000ffc4                alt_read_query_entry_8bit
                0x00010004                alt_read_query_entry_16bit
                0x00010048                alt_read_query_entry_32bit
                0x00010090                alt_write_flash_command_8bit_device_8bit_mode
                0x000100cc                alt_write_flash_command_16bit_device_8bit_mode
                0x00010148                alt_write_flash_command_32bit_device_8bit_mode
                0x00010190                alt_write_flash_command_16bit_device_16bit_mode
                0x000101d4                alt_write_flash_command_32bit_device_16bit_mode
                0x0001021c                alt_write_flash_command_32bit_device_32bit_mode
                0x00010264                alt_write_native_8bit
                0x00010298                alt_write_native_16bit
                0x000102cc                alt_write_native_32bit
                0x000102fc                alt_set_flash_width_func
                0x000104dc                alt_set_flash_algorithm_func
                0x00010604                alt_read_cfi_table
                0x00010be4                alt_read_cfi_width
                0x00011390                alt_check_primary_table
 .text          0x0001146c      0x148 //uoa.auckland.ac.nz/engdfs/Home/stoo718/Documents/cs723/software/freertos_test_bsp/\libhal_bsp.a(altera_avalon_jtag_uart_fd.o)
                0x0001146c                altera_avalon_jtag_uart_read_fd
                0x000114c4                altera_avalon_jtag_uart_write_fd
                0x0001151c                altera_avalon_jtag_uart_close_fd
                0x00011564                altera_avalon_jtag_uart_ioctl_fd
 .text          0x000115b4      0x408 //uoa.auckland.ac.nz/engdfs/Home/stoo718/Documents/cs723/software/freertos_test_bsp/\libhal_bsp.a(altera_avalon_jtag_uart_init.o)
                0x000115b4                altera_avalon_jtag_uart_init
                0x00011948                altera_avalon_jtag_uart_close
 .text          0x000119bc       0xf4 //uoa.auckland.ac.nz/engdfs/Home/stoo718/Documents/cs723/software/freertos_test_bsp/\libhal_bsp.a(altera_avalon_jtag_uart_ioctl.o)
                0x000119bc                altera_avalon_jtag_uart_ioctl
 .text          0x00011ab0      0x224 //uoa.auckland.ac.nz/engdfs/Home/stoo718/Documents/cs723/software/freertos_test_bsp/\libhal_bsp.a(altera_avalon_jtag_uart_read.o)
                0x00011ab0                altera_avalon_jtag_uart_read
 .text          0x00011cd4      0x240 //uoa.auckland.ac.nz/engdfs/Home/stoo718/Documents/cs723/software/freertos_test_bsp/\libhal_bsp.a(altera_avalon_jtag_uart_write.o)
                0x00011cd4                altera_avalon_jtag_uart_write
 .text          0x00011f14      0xee0 //uoa.auckland.ac.nz/engdfs/Home/stoo718/Documents/cs723/software/freertos_test_bsp/\libhal_bsp.a(altera_avalon_lcd_16207.o)
                0x000126e8                altera_avalon_lcd_16207_write
                0x00012cb8                altera_avalon_lcd_16207_init
 .text          0x00012df4       0x58 //uoa.auckland.ac.nz/engdfs/Home/stoo718/Documents/cs723/software/freertos_test_bsp/\libhal_bsp.a(altera_avalon_lcd_16207_fd.o)
                0x00012df4                altera_avalon_lcd_16207_write_fd
 .text          0x00012e4c       0xfc //uoa.auckland.ac.nz/engdfs/Home/stoo718/Documents/cs723/software/freertos_test_bsp/\libhal_bsp.a(altera_avalon_timer_sc.o)
                0x00012ec0                alt_avalon_timer_sc_init
 .text          0x00012f48       0xf8 //uoa.auckland.ac.nz/engdfs/Home/stoo718/Documents/cs723/software/freertos_test_bsp/\libhal_bsp.a(altera_avalon_uart_fd.o)
                0x00012f48                altera_avalon_uart_read_fd
                0x00012fa0                altera_avalon_uart_write_fd
                0x00012ff8                altera_avalon_uart_close_fd
 .text          0x00013040      0x3fc //uoa.auckland.ac.nz/engdfs/Home/stoo718/Documents/cs723/software/freertos_test_bsp/\libhal_bsp.a(altera_avalon_uart_init.o)
                0x00013040                altera_avalon_uart_init
                0x000133dc                altera_avalon_uart_close
 .text          0x0001343c      0x290 //uoa.auckland.ac.nz/engdfs/Home/stoo718/Documents/cs723/software/freertos_test_bsp/\libhal_bsp.a(altera_avalon_uart_read.o)
                0x0001343c                altera_avalon_uart_read
 .text          0x000136cc      0x228 //uoa.auckland.ac.nz/engdfs/Home/stoo718/Documents/cs723/software/freertos_test_bsp/\libhal_bsp.a(altera_avalon_uart_write.o)
                0x000136cc                altera_avalon_uart_write
 .text          0x000138f4      0x700 //uoa.auckland.ac.nz/engdfs/Home/stoo718/Documents/cs723/software/freertos_test_bsp/\libhal_bsp.a(altera_up_avalon_ps2.o)
                0x000138f4                read_RI_bit
                0x00013928                read_RE_bit
                0x00013958                read_CE_bit
                0x0001398c                read_num_bytes_available
                0x000139c0                read_data_valid
                0x000139f4                read_data_byte
                0x00013a20                alt_up_ps2_init
                0x00013aec                alt_up_ps2_enable_read_interrupt
                0x00013b40                alt_up_ps2_disable_read_interrupt
                0x00013b98                alt_up_ps2_write_data_byte
                0x00013c10                alt_up_ps2_wait_for_ack
                0x00013c80                alt_up_ps2_write_data_byte_with_ack
                0x00013cec                alt_up_ps2_read_data_byte_timeout
                0x00013d9c                alt_up_ps2_read_data_byte
                0x00013e18                alt_up_ps2_clear_fifo
                0x00013e70                alt_up_ps2_read_fd
                0x00013f0c                alt_up_ps2_write_fd
                0x00013fb4                alt_up_ps2_open_dev
 .text          0x00013ff4      0x304 //uoa.auckland.ac.nz/engdfs/Home/stoo718/Documents/cs723/software/freertos_test_bsp/\libhal_bsp.a(altera_up_avalon_video_character_buffer_with_dma.o)
                0x00013ff4                alt_up_char_buffer_init
                0x00014078                alt_up_char_buffer_open_dev
                0x000140b8                alt_up_char_buffer_draw
                0x00014188                alt_up_char_buffer_string
                0x0001429c                alt_up_char_buffer_clear
 .text          0x000142f8      0x154 //uoa.auckland.ac.nz/engdfs/Home/stoo718/Documents/cs723/software/freertos_test_bsp/\libhal_bsp.a(alt_alarm_start.o)
                0x000142f8                alt_alarm_start
 .text          0x0001444c       0x78 //uoa.auckland.ac.nz/engdfs/Home/stoo718/Documents/cs723/software/freertos_test_bsp/\libhal_bsp.a(alt_dcache_flush.o)
                0x0001444c                alt_dcache_flush
 .text          0x000144c4      0x114 //uoa.auckland.ac.nz/engdfs/Home/stoo718/Documents/cs723/software/freertos_test_bsp/\libhal_bsp.a(alt_dev_llist_insert.o)
                0x000144c4                alt_dev_llist_insert
 .text          0x000145d8       0x64 //uoa.auckland.ac.nz/engdfs/Home/stoo718/Documents/cs723/software/freertos_test_bsp/\libhal_bsp.a(alt_do_ctors.o)
                0x000145d8                _do_ctors
 .text          0x0001463c       0x64 //uoa.auckland.ac.nz/engdfs/Home/stoo718/Documents/cs723/software/freertos_test_bsp/\libhal_bsp.a(alt_do_dtors.o)
                0x0001463c                _do_dtors
 .text          0x000146a0       0x94 //uoa.auckland.ac.nz/engdfs/Home/stoo718/Documents/cs723/software/freertos_test_bsp/\libhal_bsp.a(alt_find_dev.o)
                0x000146a0                alt_find_dev
 .text          0x00014734       0xd0 //uoa.auckland.ac.nz/engdfs/Home/stoo718/Documents/cs723/software/freertos_test_bsp/\libhal_bsp.a(alt_flash_dev.o)
                0x00014734                alt_flash_open_dev
                0x000147b0                alt_flash_close_dev
 .text          0x00014804      0x13c //uoa.auckland.ac.nz/engdfs/Home/stoo718/Documents/cs723/software/freertos_test_bsp/\libhal_bsp.a(alt_io_redirect.o)
                0x000148c8                alt_io_redirect
 .text          0x00014940      0x2c4 //uoa.auckland.ac.nz/engdfs/Home/stoo718/Documents/cs723/software/freertos_test_bsp/\libhal_bsp.a(alt_open.o)
                0x00014a1c                open
 .text          0x00014c04      0x1a4 //uoa.auckland.ac.nz/engdfs/Home/stoo718/Documents/cs723/software/freertos_test_bsp/\libhal_bsp.a(alt_tick.o)
                0x00014c04                alt_alarm_stop
                0x00014c9c                alt_tick
 .text          0x00014da8       0x30 //uoa.auckland.ac.nz/engdfs/Home/stoo718/Documents/cs723/software/freertos_test_bsp/\libhal_bsp.a(alt_usleep.o)
                0x00014da8                usleep
 .text          0x00014dd8       0x20 //uoa.auckland.ac.nz/engdfs/Home/stoo718/Documents/cs723/software/freertos_test_bsp/\libhal_bsp.a(altera_nios2_qsys_irq.o)
                0x00014dd8                altera_nios2_qsys_irq_init
 .text          0x00014df8      0x460 //uoa.auckland.ac.nz/engdfs/Home/stoo718/Documents/cs723/software/freertos_test_bsp/\libhal_bsp.a(altera_avalon_cfi_flash_amd.o)
                0x00014df8                alt_program_amd
                0x00014e60                alt_erase_block_amd
 .text          0x00015258      0x460 //uoa.auckland.ac.nz/engdfs/Home/stoo718/Documents/cs723/software/freertos_test_bsp/\libhal_bsp.a(altera_avalon_cfi_flash_intel.o)
                0x00015258                alt_program_intel
                0x000152dc                alt_erase_block_intel
 .text          0x000156b8      0x12c //uoa.auckland.ac.nz/engdfs/Home/stoo718/Documents/cs723/software/freertos_test_bsp/\libhal_bsp.a(alt_busy_sleep.o)
                0x000156b8                alt_busy_sleep
 .text          0x000157e4      0x120 //uoa.auckland.ac.nz/engdfs/Home/stoo718/Documents/cs723/software/freertos_test_bsp/\libhal_bsp.a(alt_find_file.o)
                0x000157e4                alt_find_file
 .text          0x00015904       0xb8 //uoa.auckland.ac.nz/engdfs/Home/stoo718/Documents/cs723/software/freertos_test_bsp/\libhal_bsp.a(alt_get_fd.o)
                0x00015904                alt_get_fd
 .text          0x000159bc       0x14 c:/altera/13.0/nios2eds/bin/gnu/h-i686-mingw32/bin/../lib/gcc/nios2-elf/4.1.2/../../../../nios2-elf/lib\libc.a(lib_a-atexit.o)
                0x000159bc                atexit
 .text          0x000159d0        0x0 c:/altera/13.0/nios2eds/bin/gnu/h-i686-mingw32/bin/../lib/gcc/nios2-elf/4.1.2/../../../../nios2-elf/lib\libc.a(lib_a-ctype_.o)
 .text          0x000159d0       0x38 c:/altera/13.0/nios2eds/bin/gnu/h-i686-mingw32/bin/../lib/gcc/nios2-elf/4.1.2/../../../../nios2-elf/lib\libc.a(lib_a-exit.o)
                0x000159d0                exit
 .text          0x00015a08      0x134 c:/altera/13.0/nios2eds/bin/gnu/h-i686-mingw32/bin/../lib/gcc/nios2-elf/4.1.2/../../../../nios2-elf/lib\libc.a(lib_a-__atexit.o)
                0x00015a08                __register_exitproc
 .text          0x00015b3c      0x1b4 c:/altera/13.0/nios2eds/bin/gnu/h-i686-mingw32/bin/../lib/gcc/nios2-elf/4.1.2/../../../../nios2-elf/lib\libc.a(lib_a-__call_atexit.o)
                0x00015b40                __call_exitprocs
 .text          0x00015cf0       0x60 //uoa.auckland.ac.nz/engdfs/Home/stoo718/Documents/cs723/software/freertos_test_bsp/\libhal_bsp.a(alt_exit.o)
                0x00015d30                _exit
 *(.gnu.warning.*)
 *(.fini)
                0x00015d50                PROVIDE (__etext, ABSOLUTE (.))
                0x00015d50                PROVIDE (_etext, ABSOLUTE (.))
                0x00015d50                PROVIDE (etext, ABSOLUTE (.))
 *(.eh_frame_hdr)
                0x00015d50                . = ALIGN (0x4)
                0x00015d50                PROVIDE (__preinit_array_start, ABSOLUTE (.))
 *(.preinit_array)
                0x00015d50                PROVIDE (__preinit_array_end, ABSOLUTE (.))
                0x00015d50                PROVIDE (__init_array_start, ABSOLUTE (.))
 *(.init_array)
                0x00015d50                PROVIDE (__init_array_end, ABSOLUTE (.))
                0x00015d50                PROVIDE (__fini_array_start, ABSOLUTE (.))
 *(.fini_array)
                0x00015d50                PROVIDE (__fini_array_end, ABSOLUTE (.))
 *(.eh_frame)
 *(.gcc_except_table)
 *(.dynamic)
                0x00015d50                PROVIDE (__CTOR_LIST__, ABSOLUTE (.))
 *(.ctors)
 *(SORT(.ctors.*))
 .ctors.65535   0x00015d50        0x4 c:/altera/13.0/nios2eds/bin/gnu/h-i686-mingw32/bin/../lib/gcc/nios2-elf/4.1.2/../../../../nios2-elf/lib\libc.a(lib_a-__call_atexit.o)
                0x00015d54                PROVIDE (__CTOR_END__, ABSOLUTE (.))
                0x00015d54                PROVIDE (__DTOR_LIST__, ABSOLUTE (.))
 *(.dtors)
 *(SORT(.dtors.*))
                0x00015d54                PROVIDE (__DTOR_END__, ABSOLUTE (.))
 *(.jcr)
                0x00015d54                . = ALIGN (0x4)

.rodata         0x08000000      0x6f8
                0x08000000                PROVIDE (__ram_rodata_start, ABSOLUTE (.))
                0x08000000                . = ALIGN (0x4)
 *(.rodata .rodata.* .gnu.linkonce.r.*)
 .rodata        0x08000000       0x28 obj/default///uoa.auckland.ac.nz/engdfs/home/stoo718/Documents/cs723/software/freertos_test/freertos_test.o
 .rodata        0x08000028       0x34 obj/default//H/Documents/cs723/software/freertos_test/freertos/port.o
 .rodata        0x0800005c       0x1c obj/default//H/Documents/cs723/software/freertos_test/freertos/tasks.o
 .rodata        0x08000078        0x8 obj/default//H/Documents/cs723/software/freertos_test/freertos/timers.o
 .rodata.str1.4
                0x08000080       0x5e c:/altera/13.0/nios2eds/bin/gnu/h-i686-mingw32/bin/../lib/gcc/nios2-elf/4.1.2/../../../../nios2-elf/lib\libc.a(lib_a-vfprintf.o)
                                 0x60 (size before relaxing)
 *fill*         0x080000de        0x2 00
 .rodata        0x080000e0       0x20 c:/altera/13.0/nios2eds/bin/gnu/h-i686-mingw32/bin/../lib/gcc/nios2-elf/4.1.2/../../../../nios2-elf/lib\libc.a(lib_a-vfprintf.o)
 .rodata.str1.4
                0x08000100       0x10 c:/altera/13.0/nios2eds/bin/gnu/h-i686-mingw32/bin/../lib/gcc/nios2-elf/4.1.2/../../../../nios2-elf/lib\libc.a(lib_a-dtoa.o)
                                 0x14 (size before relaxing)
 .rodata.str1.4
                0x08000110        0x2 c:/altera/13.0/nios2eds/bin/gnu/h-i686-mingw32/bin/../lib/gcc/nios2-elf/4.1.2/../../../../nios2-elf/lib\libc.a(lib_a-impure.o)
                                  0x4 (size before relaxing)
 *fill*         0x08000112        0x2 00
 .rodata.str1.4
                0x08000114       0x10 c:/altera/13.0/nios2eds/bin/gnu/h-i686-mingw32/bin/../lib/gcc/nios2-elf/4.1.2/../../../../nios2-elf/lib\libc.a(lib_a-locale.o)
                                 0x18 (size before relaxing)
 .rodata        0x08000124       0x30 c:/altera/13.0/nios2eds/bin/gnu/h-i686-mingw32/bin/../lib/gcc/nios2-elf/4.1.2/../../../../nios2-elf/lib\libc.a(lib_a-locale.o)
 .rodata        0x08000154      0x124 c:/altera/13.0/nios2eds/bin/gnu/h-i686-mingw32/bin/../lib/gcc/nios2-elf/4.1.2/../../../../nios2-elf/lib\libc.a(lib_a-mprec.o)
                0x08000154                __mprec_tens
                0x0800021c                __mprec_bigtens
                0x08000244                __mprec_tinytens
 .rodata        0x08000278       0x14 c:/altera/13.0/nios2eds/bin/gnu/h-i686-mingw32/bin/../lib/gcc/nios2-elf/4.1.2\libgcc.a(_thenan_df.o)
                0x08000278                __thenan_df
 .rodata        0x0800028c      0x100 c:/altera/13.0/nios2eds/bin/gnu/h-i686-mingw32/bin/../lib/gcc/nios2-elf/4.1.2\libgcc.a(_clz.o)
                0x0800028c                __clz_tab
 .rodata        0x0800038c        0xc //uoa.auckland.ac.nz/engdfs/Home/stoo718/Documents/cs723/software/freertos_test_bsp/\libhal_bsp.a(alt_dev.o)
 .rodata        0x08000398       0x10 //uoa.auckland.ac.nz/engdfs/Home/stoo718/Documents/cs723/software/freertos_test_bsp/\libhal_bsp.a(alt_main.o)
 .rodata        0x080003a8       0xb0 //uoa.auckland.ac.nz/engdfs/Home/stoo718/Documents/cs723/software/freertos_test_bsp/\libhal_bsp.a(alt_sys_init.o)
 .rodata        0x08000458       0x1c //uoa.auckland.ac.nz/engdfs/Home/stoo718/Documents/cs723/software/freertos_test_bsp/\libhal_bsp.a(altera_up_avalon_video_character_buffer_with_dma.o)
 .rodata        0x08000474      0x284 c:/altera/13.0/nios2eds/bin/gnu/h-i686-mingw32/bin/../lib/gcc/nios2-elf/4.1.2/../../../../nios2-elf/lib\libc.a(lib_a-ctype_.o)
                0x08000474                _ctype_
 *(.rodata1)
                0x080006f8                . = ALIGN (0x4)
                0x080006f8                PROVIDE (__ram_rodata_end, ABSOLUTE (.))
                0x08000000                PROVIDE (__flash_rodata_start, LOADADDR (.rodata))

.rwdata         0x080006f8     0x1e0c
                0x080006f8                PROVIDE (__ram_rwdata_start, ABSOLUTE (.))
                0x080006f8                . = ALIGN (0x4)
 *(.got.plt)
 *(.got)
 *(.data1)
 *(.data .data.* .gnu.linkonce.d.*)
 .data          0x080006f8        0x0 //uoa.auckland.ac.nz/engdfs/Home/stoo718/Documents/cs723/software/freertos_test_bsp//obj/HAL/src/crt0.o
 .data          0x080006f8        0x0 obj/default///uoa.auckland.ac.nz/engdfs/home/stoo718/Documents/cs723/software/freertos_test/freertos_test.o
 .data          0x080006f8        0x0 obj/default//H/Documents/cs723/software/freertos_test/freertos/croutine.o
 .data          0x080006f8        0x0 obj/default//H/Documents/cs723/software/freertos_test/freertos/event_groups.o
 .data          0x080006f8        0x0 obj/default//H/Documents/cs723/software/freertos_test/freertos/heap.o
 .data          0x080006f8        0x0 obj/default//H/Documents/cs723/software/freertos_test/freertos/list.o
 .data          0x080006f8        0x0 obj/default//H/Documents/cs723/software/freertos_test/freertos/port.o
 .data          0x080006f8        0x0 obj/default//H/Documents/cs723/software/freertos_test/freertos/queue.o
 .data          0x080006f8        0x0 obj/default//H/Documents/cs723/software/freertos_test/freertos/tasks.o
 .data          0x080006f8        0x0 obj/default//H/Documents/cs723/software/freertos_test/freertos/timers.o
 .data          0x080006f8        0x0 obj/default//H/Documents/cs723/software/freertos_test/freertos/port_asm.o
 .data          0x080006f8        0x0 c:/altera/13.0/nios2eds/bin/gnu/h-i686-mingw32/bin/../lib/gcc/nios2-elf/4.1.2/../../../../nios2-elf/lib\libc.a(lib_a-memcmp.o)
 .data          0x080006f8        0x0 c:/altera/13.0/nios2eds/bin/gnu/h-i686-mingw32/bin/../lib/gcc/nios2-elf/4.1.2/../../../../nios2-elf/lib\libc.a(lib_a-memcpy.o)
 .data          0x080006f8        0x0 c:/altera/13.0/nios2eds/bin/gnu/h-i686-mingw32/bin/../lib/gcc/nios2-elf/4.1.2/../../../../nios2-elf/lib\libc.a(lib_a-memset.o)
 .data          0x080006f8        0x0 c:/altera/13.0/nios2eds/bin/gnu/h-i686-mingw32/bin/../lib/gcc/nios2-elf/4.1.2/../../../../nios2-elf/lib\libc.a(lib_a-printf.o)
 .data          0x080006f8        0x0 c:/altera/13.0/nios2eds/bin/gnu/h-i686-mingw32/bin/../lib/gcc/nios2-elf/4.1.2/../../../../nios2-elf/lib\libc.a(lib_a-vfprintf.o)
 .data          0x080006f8        0x0 c:/altera/13.0/nios2eds/bin/gnu/h-i686-mingw32/bin/../lib/gcc/nios2-elf/4.1.2/../../../../nios2-elf/lib\libc.a(lib_a-wsetup.o)
 .data          0x080006f8        0x0 c:/altera/13.0/nios2eds/bin/gnu/h-i686-mingw32/bin/../lib/gcc/nios2-elf/4.1.2/../../../../nios2-elf/lib\libc.a(lib_a-dtoa.o)
 .data          0x080006f8        0x0 c:/altera/13.0/nios2eds/bin/gnu/h-i686-mingw32/bin/../lib/gcc/nios2-elf/4.1.2/../../../../nios2-elf/lib\libc.a(lib_a-fflush.o)
 .data          0x080006f8        0x0 c:/altera/13.0/nios2eds/bin/gnu/h-i686-mingw32/bin/../lib/gcc/nios2-elf/4.1.2/../../../../nios2-elf/lib\libc.a(lib_a-findfp.o)
 .data          0x080006f8        0x0 c:/altera/13.0/nios2eds/bin/gnu/h-i686-mingw32/bin/../lib/gcc/nios2-elf/4.1.2/../../../../nios2-elf/lib\libc.a(lib_a-freer.o)
 .data          0x080006f8        0x0 c:/altera/13.0/nios2eds/bin/gnu/h-i686-mingw32/bin/../lib/gcc/nios2-elf/4.1.2/../../../../nios2-elf/lib\libc.a(lib_a-fvwrite.o)
 .data          0x080006f8        0x0 c:/altera/13.0/nios2eds/bin/gnu/h-i686-mingw32/bin/../lib/gcc/nios2-elf/4.1.2/../../../../nios2-elf/lib\libc.a(lib_a-fwalk.o)
 .data          0x080006f8      0x400 c:/altera/13.0/nios2eds/bin/gnu/h-i686-mingw32/bin/../lib/gcc/nios2-elf/4.1.2/../../../../nios2-elf/lib\libc.a(lib_a-impure.o)
 .data          0x08000af8        0xc c:/altera/13.0/nios2eds/bin/gnu/h-i686-mingw32/bin/../lib/gcc/nios2-elf/4.1.2/../../../../nios2-elf/lib\libc.a(lib_a-locale.o)
                0x08000af8                __lc_ctype
 .data          0x08000b04        0x0 c:/altera/13.0/nios2eds/bin/gnu/h-i686-mingw32/bin/../lib/gcc/nios2-elf/4.1.2/../../../../nios2-elf/lib\libc.a(lib_a-makebuf.o)
 .data          0x08000b04      0x408 c:/altera/13.0/nios2eds/bin/gnu/h-i686-mingw32/bin/../lib/gcc/nios2-elf/4.1.2/../../../../nios2-elf/lib\libc.a(lib_a-mallocr.o)
                0x08000b04                __malloc_av_
 .data          0x08000f0c        0x0 c:/altera/13.0/nios2eds/bin/gnu/h-i686-mingw32/bin/../lib/gcc/nios2-elf/4.1.2/../../../../nios2-elf/lib\libc.a(lib_a-memchr.o)
 .data          0x08000f0c        0x0 c:/altera/13.0/nios2eds/bin/gnu/h-i686-mingw32/bin/../lib/gcc/nios2-elf/4.1.2/../../../../nios2-elf/lib\libc.a(lib_a-memmove.o)
 .data          0x08000f0c        0x0 c:/altera/13.0/nios2eds/bin/gnu/h-i686-mingw32/bin/../lib/gcc/nios2-elf/4.1.2/../../../../nios2-elf/lib\libc.a(lib_a-mprec.o)
 .data          0x08000f0c        0x0 c:/altera/13.0/nios2eds/bin/gnu/h-i686-mingw32/bin/../lib/gcc/nios2-elf/4.1.2/../../../../nios2-elf/lib\libc.a(lib_a-reallocr.o)
 .data          0x08000f0c        0x0 c:/altera/13.0/nios2eds/bin/gnu/h-i686-mingw32/bin/../lib/gcc/nios2-elf/4.1.2/../../../../nios2-elf/lib\libc.a(lib_a-s_isinfd.o)
 .data          0x08000f0c        0x0 c:/altera/13.0/nios2eds/bin/gnu/h-i686-mingw32/bin/../lib/gcc/nios2-elf/4.1.2/../../../../nios2-elf/lib\libc.a(lib_a-s_isnand.o)
 .data          0x08000f0c        0x0 c:/altera/13.0/nios2eds/bin/gnu/h-i686-mingw32/bin/../lib/gcc/nios2-elf/4.1.2/../../../../nios2-elf/lib\libc.a(lib_a-sbrkr.o)
 .data          0x08000f0c        0x0 c:/altera/13.0/nios2eds/bin/gnu/h-i686-mingw32/bin/../lib/gcc/nios2-elf/4.1.2/../../../../nios2-elf/lib\libc.a(lib_a-stdio.o)
 .data          0x08000f0c        0x0 c:/altera/13.0/nios2eds/bin/gnu/h-i686-mingw32/bin/../lib/gcc/nios2-elf/4.1.2/../../../../nios2-elf/lib\libc.a(lib_a-strcmp.o)
 .data          0x08000f0c        0x0 c:/altera/13.0/nios2eds/bin/gnu/h-i686-mingw32/bin/../lib/gcc/nios2-elf/4.1.2/../../../../nios2-elf/lib\libc.a(lib_a-strlen.o)
 .data          0x08000f0c        0x0 c:/altera/13.0/nios2eds/bin/gnu/h-i686-mingw32/bin/../lib/gcc/nios2-elf/4.1.2/../../../../nios2-elf/lib\libc.a(lib_a-writer.o)
 .data          0x08000f0c        0x0 c:/altera/13.0/nios2eds/bin/gnu/h-i686-mingw32/bin/../lib/gcc/nios2-elf/4.1.2/../../../../nios2-elf/lib\libc.a(lib_a-callocr.o)
 .data          0x08000f0c        0x0 c:/altera/13.0/nios2eds/bin/gnu/h-i686-mingw32/bin/../lib/gcc/nios2-elf/4.1.2/../../../../nios2-elf/lib\libc.a(lib_a-closer.o)
 .data          0x08000f0c        0x0 c:/altera/13.0/nios2eds/bin/gnu/h-i686-mingw32/bin/../lib/gcc/nios2-elf/4.1.2/../../../../nios2-elf/lib\libc.a(lib_a-fclose.o)
 .data          0x08000f0c        0x0 c:/altera/13.0/nios2eds/bin/gnu/h-i686-mingw32/bin/../lib/gcc/nios2-elf/4.1.2/../../../../nios2-elf/lib\libc.a(lib_a-fstatr.o)
 .data          0x08000f0c        0x0 c:/altera/13.0/nios2eds/bin/gnu/h-i686-mingw32/bin/../lib/gcc/nios2-elf/4.1.2/../../../../nios2-elf/lib\libc.a(lib_a-int_errno.o)
 .data          0x08000f0c        0x0 c:/altera/13.0/nios2eds/bin/gnu/h-i686-mingw32/bin/../lib/gcc/nios2-elf/4.1.2/../../../../nios2-elf/lib\libc.a(lib_a-isattyr.o)
 .data          0x08000f0c        0x0 c:/altera/13.0/nios2eds/bin/gnu/h-i686-mingw32/bin/../lib/gcc/nios2-elf/4.1.2/../../../../nios2-elf/lib\libc.a(lib_a-lseekr.o)
 .data          0x08000f0c        0x0 c:/altera/13.0/nios2eds/bin/gnu/h-i686-mingw32/bin/../lib/gcc/nios2-elf/4.1.2/../../../../nios2-elf/lib\libc.a(lib_a-readr.o)
 .data          0x08000f0c        0x0 c:/altera/13.0/nios2eds/bin/gnu/h-i686-mingw32/bin/../lib/gcc/nios2-elf/4.1.2\libgcc.a(_udivdi3.o)
 .data          0x08000f0c        0x0 c:/altera/13.0/nios2eds/bin/gnu/h-i686-mingw32/bin/../lib/gcc/nios2-elf/4.1.2\libgcc.a(_umoddi3.o)
 .data          0x08000f0c        0x0 c:/altera/13.0/nios2eds/bin/gnu/h-i686-mingw32/bin/../lib/gcc/nios2-elf/4.1.2\libgcc.a(_addsub_df.o)
 .data          0x08000f0c        0x0 c:/altera/13.0/nios2eds/bin/gnu/h-i686-mingw32/bin/../lib/gcc/nios2-elf/4.1.2\libgcc.a(_mul_df.o)
 .data          0x08000f0c        0x0 c:/altera/13.0/nios2eds/bin/gnu/h-i686-mingw32/bin/../lib/gcc/nios2-elf/4.1.2\libgcc.a(_div_df.o)
 .data          0x08000f0c        0x0 c:/altera/13.0/nios2eds/bin/gnu/h-i686-mingw32/bin/../lib/gcc/nios2-elf/4.1.2\libgcc.a(_eq_df.o)
 .data          0x08000f0c        0x0 c:/altera/13.0/nios2eds/bin/gnu/h-i686-mingw32/bin/../lib/gcc/nios2-elf/4.1.2\libgcc.a(_ne_df.o)
 .data          0x08000f0c        0x0 c:/altera/13.0/nios2eds/bin/gnu/h-i686-mingw32/bin/../lib/gcc/nios2-elf/4.1.2\libgcc.a(_gt_df.o)
 .data          0x08000f0c        0x0 c:/altera/13.0/nios2eds/bin/gnu/h-i686-mingw32/bin/../lib/gcc/nios2-elf/4.1.2\libgcc.a(_ge_df.o)
 .data          0x08000f0c        0x0 c:/altera/13.0/nios2eds/bin/gnu/h-i686-mingw32/bin/../lib/gcc/nios2-elf/4.1.2\libgcc.a(_lt_df.o)
 .data          0x08000f0c        0x0 c:/altera/13.0/nios2eds/bin/gnu/h-i686-mingw32/bin/../lib/gcc/nios2-elf/4.1.2\libgcc.a(_si_to_df.o)
 .data          0x08000f0c        0x0 c:/altera/13.0/nios2eds/bin/gnu/h-i686-mingw32/bin/../lib/gcc/nios2-elf/4.1.2\libgcc.a(_df_to_si.o)
 .data          0x08000f0c        0x0 c:/altera/13.0/nios2eds/bin/gnu/h-i686-mingw32/bin/../lib/gcc/nios2-elf/4.1.2\libgcc.a(_thenan_df.o)
 .data          0x08000f0c        0x0 c:/altera/13.0/nios2eds/bin/gnu/h-i686-mingw32/bin/../lib/gcc/nios2-elf/4.1.2\libgcc.a(_usi_to_df.o)
 .data          0x08000f0c        0x0 c:/altera/13.0/nios2eds/bin/gnu/h-i686-mingw32/bin/../lib/gcc/nios2-elf/4.1.2\libgcc.a(lib2-divmod.o)
 .data          0x08000f0c        0x0 c:/altera/13.0/nios2eds/bin/gnu/h-i686-mingw32/bin/../lib/gcc/nios2-elf/4.1.2\libgcc.a(_muldi3.o)
 .data          0x08000f0c        0x0 c:/altera/13.0/nios2eds/bin/gnu/h-i686-mingw32/bin/../lib/gcc/nios2-elf/4.1.2\libgcc.a(_clz.o)
 .data          0x08000f0c        0x0 c:/altera/13.0/nios2eds/bin/gnu/h-i686-mingw32/bin/../lib/gcc/nios2-elf/4.1.2\libgcc.a(_clzsi2.o)
 .data          0x08000f0c        0x0 c:/altera/13.0/nios2eds/bin/gnu/h-i686-mingw32/bin/../lib/gcc/nios2-elf/4.1.2\libgcc.a(_pack_df.o)
 .data          0x08000f0c        0x0 c:/altera/13.0/nios2eds/bin/gnu/h-i686-mingw32/bin/../lib/gcc/nios2-elf/4.1.2\libgcc.a(_unpack_df.o)
 .data          0x08000f0c        0x0 c:/altera/13.0/nios2eds/bin/gnu/h-i686-mingw32/bin/../lib/gcc/nios2-elf/4.1.2\libgcc.a(_fpcmp_parts_df.o)
 .data          0x08000f0c        0x0 //uoa.auckland.ac.nz/engdfs/Home/stoo718/Documents/cs723/software/freertos_test_bsp/\libhal_bsp.a(alt_close.o)
 .data          0x08000f0c      0x1a8 //uoa.auckland.ac.nz/engdfs/Home/stoo718/Documents/cs723/software/freertos_test_bsp/\libhal_bsp.a(alt_dev.o)
                0x08000f0c                alt_dev_null
                0x08000f34                alt_fd_list
 .data          0x080010b4        0x0 //uoa.auckland.ac.nz/engdfs/Home/stoo718/Documents/cs723/software/freertos_test_bsp/\libhal_bsp.a(alt_errno.o)
 .data          0x080010b4        0x0 //uoa.auckland.ac.nz/engdfs/Home/stoo718/Documents/cs723/software/freertos_test_bsp/\libhal_bsp.a(alt_fstat.o)
 .data          0x080010b4        0x0 //uoa.auckland.ac.nz/engdfs/Home/stoo718/Documents/cs723/software/freertos_test_bsp/\libhal_bsp.a(alt_irq_handler.o)
 .data          0x080010b4        0x0 //uoa.auckland.ac.nz/engdfs/Home/stoo718/Documents/cs723/software/freertos_test_bsp/\libhal_bsp.a(alt_irq_vars.o)
 .data          0x080010b4        0x0 //uoa.auckland.ac.nz/engdfs/Home/stoo718/Documents/cs723/software/freertos_test_bsp/\libhal_bsp.a(alt_isatty.o)
 .data          0x080010b4        0x0 //uoa.auckland.ac.nz/engdfs/Home/stoo718/Documents/cs723/software/freertos_test_bsp/\libhal_bsp.a(alt_lseek.o)
 .data          0x080010b4        0x0 //uoa.auckland.ac.nz/engdfs/Home/stoo718/Documents/cs723/software/freertos_test_bsp/\libhal_bsp.a(alt_main.o)
 .data          0x080010b4        0x0 //uoa.auckland.ac.nz/engdfs/Home/stoo718/Documents/cs723/software/freertos_test_bsp/\libhal_bsp.a(alt_malloc_lock.o)
 .data          0x080010b4        0x0 //uoa.auckland.ac.nz/engdfs/Home/stoo718/Documents/cs723/software/freertos_test_bsp/\libhal_bsp.a(alt_read.o)
 .data          0x080010b4        0x0 //uoa.auckland.ac.nz/engdfs/Home/stoo718/Documents/cs723/software/freertos_test_bsp/\libhal_bsp.a(alt_release_fd.o)
 .data          0x080010b4        0x0 //uoa.auckland.ac.nz/engdfs/Home/stoo718/Documents/cs723/software/freertos_test_bsp/\libhal_bsp.a(alt_sbrk.o)
 .data          0x080010b4        0x0 //uoa.auckland.ac.nz/engdfs/Home/stoo718/Documents/cs723/software/freertos_test_bsp/\libhal_bsp.a(alt_write.o)
 .data          0x080010b4     0x13f0 //uoa.auckland.ac.nz/engdfs/Home/stoo718/Documents/cs723/software/freertos_test_bsp/\libhal_bsp.a(alt_sys_init.o)
 .data          0x080024a4        0x0 //uoa.auckland.ac.nz/engdfs/Home/stoo718/Documents/cs723/software/freertos_test_bsp/\libhal_bsp.a(altera_avalon_cfi_flash.o)
 .data          0x080024a4        0x0 //uoa.auckland.ac.nz/engdfs/Home/stoo718/Documents/cs723/software/freertos_test_bsp/\libhal_bsp.a(altera_avalon_cfi_flash_table.o)
 .data          0x080024a4        0x0 //uoa.auckland.ac.nz/engdfs/Home/stoo718/Documents/cs723/software/freertos_test_bsp/\libhal_bsp.a(altera_avalon_jtag_uart_fd.o)
 .data          0x080024a4        0x0 //uoa.auckland.ac.nz/engdfs/Home/stoo718/Documents/cs723/software/freertos_test_bsp/\libhal_bsp.a(altera_avalon_jtag_uart_init.o)
 .data          0x080024a4        0x0 //uoa.auckland.ac.nz/engdfs/Home/stoo718/Documents/cs723/software/freertos_test_bsp/\libhal_bsp.a(altera_avalon_jtag_uart_ioctl.o)
 .data          0x080024a4        0x0 //uoa.auckland.ac.nz/engdfs/Home/stoo718/Documents/cs723/software/freertos_test_bsp/\libhal_bsp.a(altera_avalon_jtag_uart_read.o)
 .data          0x080024a4        0x0 //uoa.auckland.ac.nz/engdfs/Home/stoo718/Documents/cs723/software/freertos_test_bsp/\libhal_bsp.a(altera_avalon_jtag_uart_write.o)
 .data          0x080024a4        0x0 //uoa.auckland.ac.nz/engdfs/Home/stoo718/Documents/cs723/software/freertos_test_bsp/\libhal_bsp.a(altera_avalon_lcd_16207.o)
 .data          0x080024a4        0x0 //uoa.auckland.ac.nz/engdfs/Home/stoo718/Documents/cs723/software/freertos_test_bsp/\libhal_bsp.a(altera_avalon_lcd_16207_fd.o)
 .data          0x080024a4        0x0 //uoa.auckland.ac.nz/engdfs/Home/stoo718/Documents/cs723/software/freertos_test_bsp/\libhal_bsp.a(altera_avalon_timer_sc.o)
 .data          0x080024a4        0x0 //uoa.auckland.ac.nz/engdfs/Home/stoo718/Documents/cs723/software/freertos_test_bsp/\libhal_bsp.a(altera_avalon_uart_fd.o)
 .data          0x080024a4        0x0 //uoa.auckland.ac.nz/engdfs/Home/stoo718/Documents/cs723/software/freertos_test_bsp/\libhal_bsp.a(altera_avalon_uart_init.o)
 .data          0x080024a4        0x0 //uoa.auckland.ac.nz/engdfs/Home/stoo718/Documents/cs723/software/freertos_test_bsp/\libhal_bsp.a(altera_avalon_uart_read.o)
 .data          0x080024a4        0x0 //uoa.auckland.ac.nz/engdfs/Home/stoo718/Documents/cs723/software/freertos_test_bsp/\libhal_bsp.a(altera_avalon_uart_write.o)
 .data          0x080024a4        0x0 //uoa.auckland.ac.nz/engdfs/Home/stoo718/Documents/cs723/software/freertos_test_bsp/\libhal_bsp.a(altera_up_avalon_ps2.o)
 .data          0x080024a4        0x0 //uoa.auckland.ac.nz/engdfs/Home/stoo718/Documents/cs723/software/freertos_test_bsp/\libhal_bsp.a(altera_up_avalon_video_character_buffer_with_dma.o)
 .data          0x080024a4        0x0 //uoa.auckland.ac.nz/engdfs/Home/stoo718/Documents/cs723/software/freertos_test_bsp/\libhal_bsp.a(alt_alarm_start.o)
 .data          0x080024a4        0x0 //uoa.auckland.ac.nz/engdfs/Home/stoo718/Documents/cs723/software/freertos_test_bsp/\libhal_bsp.a(alt_dcache_flush.o)
 .data          0x080024a4        0x0 //uoa.auckland.ac.nz/engdfs/Home/stoo718/Documents/cs723/software/freertos_test_bsp/\libhal_bsp.a(alt_dev_llist_insert.o)
 .data          0x080024a4        0x0 //uoa.auckland.ac.nz/engdfs/Home/stoo718/Documents/cs723/software/freertos_test_bsp/\libhal_bsp.a(alt_do_ctors.o)
 .data          0x080024a4        0x0 //uoa.auckland.ac.nz/engdfs/Home/stoo718/Documents/cs723/software/freertos_test_bsp/\libhal_bsp.a(alt_do_dtors.o)
 .data          0x080024a4        0x0 //uoa.auckland.ac.nz/engdfs/Home/stoo718/Documents/cs723/software/freertos_test_bsp/\libhal_bsp.a(alt_find_dev.o)
 .data          0x080024a4        0x0 //uoa.auckland.ac.nz/engdfs/Home/stoo718/Documents/cs723/software/freertos_test_bsp/\libhal_bsp.a(alt_flash_dev.o)
 .data          0x080024a4        0x0 //uoa.auckland.ac.nz/engdfs/Home/stoo718/Documents/cs723/software/freertos_test_bsp/\libhal_bsp.a(alt_io_redirect.o)
 .data          0x080024a4        0x0 //uoa.auckland.ac.nz/engdfs/Home/stoo718/Documents/cs723/software/freertos_test_bsp/\libhal_bsp.a(alt_open.o)
 .data          0x080024a4        0x0 //uoa.auckland.ac.nz/engdfs/Home/stoo718/Documents/cs723/software/freertos_test_bsp/\libhal_bsp.a(alt_tick.o)
 .data          0x080024a4        0x0 //uoa.auckland.ac.nz/engdfs/Home/stoo718/Documents/cs723/software/freertos_test_bsp/\libhal_bsp.a(alt_usleep.o)
 .data          0x080024a4        0x0 //uoa.auckland.ac.nz/engdfs/Home/stoo718/Documents/cs723/software/freertos_test_bsp/\libhal_bsp.a(altera_nios2_qsys_irq.o)
 .data          0x080024a4        0x0 //uoa.auckland.ac.nz/engdfs/Home/stoo718/Documents/cs723/software/freertos_test_bsp/\libhal_bsp.a(altera_avalon_cfi_flash_amd.o)
 .data          0x080024a4        0x0 //uoa.auckland.ac.nz/engdfs/Home/stoo718/Documents/cs723/software/freertos_test_bsp/\libhal_bsp.a(altera_avalon_cfi_flash_intel.o)
 .data          0x080024a4        0x0 //uoa.auckland.ac.nz/engdfs/Home/stoo718/Documents/cs723/software/freertos_test_bsp/\libhal_bsp.a(alt_busy_sleep.o)
 .data          0x080024a4        0x0 //uoa.auckland.ac.nz/engdfs/Home/stoo718/Documents/cs723/software/freertos_test_bsp/\libhal_bsp.a(alt_find_file.o)
 .data          0x080024a4        0x0 //uoa.auckland.ac.nz/engdfs/Home/stoo718/Documents/cs723/software/freertos_test_bsp/\libhal_bsp.a(alt_get_fd.o)
 .data          0x080024a4        0x0 c:/altera/13.0/nios2eds/bin/gnu/h-i686-mingw32/bin/../lib/gcc/nios2-elf/4.1.2/../../../../nios2-elf/lib\libc.a(lib_a-atexit.o)
 .data          0x080024a4        0x0 c:/altera/13.0/nios2eds/bin/gnu/h-i686-mingw32/bin/../lib/gcc/nios2-elf/4.1.2/../../../../nios2-elf/lib\libc.a(lib_a-ctype_.o)
 .data          0x080024a4        0x0 c:/altera/13.0/nios2eds/bin/gnu/h-i686-mingw32/bin/../lib/gcc/nios2-elf/4.1.2/../../../../nios2-elf/lib\libc.a(lib_a-exit.o)
 .data          0x080024a4        0x0 c:/altera/13.0/nios2eds/bin/gnu/h-i686-mingw32/bin/../lib/gcc/nios2-elf/4.1.2/../../../../nios2-elf/lib\libc.a(lib_a-__atexit.o)
 .data          0x080024a4        0x0 c:/altera/13.0/nios2eds/bin/gnu/h-i686-mingw32/bin/../lib/gcc/nios2-elf/4.1.2/../../../../nios2-elf/lib\libc.a(lib_a-__call_atexit.o)
 .data          0x080024a4        0x0 //uoa.auckland.ac.nz/engdfs/Home/stoo718/Documents/cs723/software/freertos_test_bsp/\libhal_bsp.a(alt_exit.o)
                0x0800a4a4                _gp = ABSOLUTE ((. + 0x8000))
                0x0800a4a4                PROVIDE (gp, _gp)
 *(.rwdata .rwdata.*)
 *(.sdata .sdata.* .gnu.linkonce.s.*)
 .sdata         0x080024a4        0xc obj/default//H/Documents/cs723/software/freertos_test/freertos/heap.o
 .sdata         0x080024b0        0x4 obj/default//H/Documents/cs723/software/freertos_test/freertos/tasks.o
 .sdata         0x080024b4        0x8 c:/altera/13.0/nios2eds/bin/gnu/h-i686-mingw32/bin/../lib/gcc/nios2-elf/4.1.2/../../../../nios2-elf/lib\libc.a(lib_a-impure.o)
                0x080024b4                _impure_ptr
                0x080024b8                _global_impure_ptr
 .sdata         0x080024bc        0x8 c:/altera/13.0/nios2eds/bin/gnu/h-i686-mingw32/bin/../lib/gcc/nios2-elf/4.1.2/../../../../nios2-elf/lib\libc.a(lib_a-locale.o)
                0x080024bc                __mb_cur_max
 .sdata         0x080024c4        0x8 c:/altera/13.0/nios2eds/bin/gnu/h-i686-mingw32/bin/../lib/gcc/nios2-elf/4.1.2/../../../../nios2-elf/lib\libc.a(lib_a-mallocr.o)
                0x080024c4                __malloc_trim_threshold
                0x080024c8                __malloc_sbrk_base
 .sdata         0x080024cc       0x14 //uoa.auckland.ac.nz/engdfs/Home/stoo718/Documents/cs723/software/freertos_test_bsp/\libhal_bsp.a(alt_dev.o)
                0x080024cc                alt_fs_list
                0x080024d4                alt_dev_list
                0x080024dc                alt_max_fd
 .sdata         0x080024e0        0x4 //uoa.auckland.ac.nz/engdfs/Home/stoo718/Documents/cs723/software/freertos_test_bsp/\libhal_bsp.a(alt_errno.o)
                0x080024e0                alt_errno
 .sdata         0x080024e4        0x4 //uoa.auckland.ac.nz/engdfs/Home/stoo718/Documents/cs723/software/freertos_test_bsp/\libhal_bsp.a(alt_irq_vars.o)
                0x080024e4                alt_priority_mask
 .sdata         0x080024e8        0x4 //uoa.auckland.ac.nz/engdfs/Home/stoo718/Documents/cs723/software/freertos_test_bsp/\libhal_bsp.a(alt_sbrk.o)
 .sdata         0x080024ec        0x4 //uoa.auckland.ac.nz/engdfs/Home/stoo718/Documents/cs723/software/freertos_test_bsp/\libhal_bsp.a(altera_avalon_lcd_16207.o)
 .sdata         0x080024f0        0x8 //uoa.auckland.ac.nz/engdfs/Home/stoo718/Documents/cs723/software/freertos_test_bsp/\libhal_bsp.a(alt_flash_dev.o)
                0x080024f0                alt_flash_dev_list
 .sdata         0x080024f8        0x8 //uoa.auckland.ac.nz/engdfs/Home/stoo718/Documents/cs723/software/freertos_test_bsp/\libhal_bsp.a(alt_tick.o)
                0x080024f8                alt_alarm_list
 .sdata         0x08002500        0x4 c:/altera/13.0/nios2eds/bin/gnu/h-i686-mingw32/bin/../lib/gcc/nios2-elf/4.1.2/../../../../nios2-elf/lib\libc.a(lib_a-ctype_.o)
                0x08002500                __ctype_ptr
 *(.sdata2 .sdata2.* .gnu.linkonce.s2.*)
                0x08002504                . = ALIGN (0x4)
                0x08002504                _edata = ABSOLUTE (.)
                0x08002504                PROVIDE (edata, ABSOLUTE (.))
                0x08002504                PROVIDE (__ram_rwdata_end, ABSOLUTE (.))
                0x080006f8                PROVIDE (__flash_rwdata_start, LOADADDR (.rwdata))

.bss            0x08002504    0x7d524
                0x08002504                __bss_start = ABSOLUTE (.)
                0x08002504                PROVIDE (__sbss_start, ABSOLUTE (.))
                0x08002504                PROVIDE (___sbss_start, ABSOLUTE (.))
 *(.dynsbss)
 *(.sbss .sbss.* .gnu.linkonce.sb.*)
 .sbss          0x08002504       0x1c obj/default//H/Documents/cs723/software/freertos_test/freertos/croutine.o
                0x08002504                pxCurrentCoRoutine
 .sbss          0x08002520        0xc obj/default//H/Documents/cs723/software/freertos_test/freertos/heap.o
 .sbss          0x0800252c       0x34 obj/default//H/Documents/cs723/software/freertos_test/freertos/tasks.o
                0x0800252c                pxCurrentTCB
 .sbss          0x08002560       0x10 obj/default//H/Documents/cs723/software/freertos_test/freertos/timers.o
 .sbss          0x08002570        0xc c:/altera/13.0/nios2eds/bin/gnu/h-i686-mingw32/bin/../lib/gcc/nios2-elf/4.1.2/../../../../nios2-elf/lib\libc.a(lib_a-locale.o)
                0x08002570                __nlocale_changed
                0x08002574                __mlocale_changed
                0x08002578                _PathLocale
 .sbss          0x0800257c        0xc c:/altera/13.0/nios2eds/bin/gnu/h-i686-mingw32/bin/../lib/gcc/nios2-elf/4.1.2/../../../../nios2-elf/lib\libc.a(lib_a-mallocr.o)
                0x0800257c                __malloc_top_pad
                0x08002580                __malloc_max_sbrked_mem
                0x08002584                __malloc_max_total_mem
 .sbss          0x08002588        0x4 c:/altera/13.0/nios2eds/bin/gnu/h-i686-mingw32/bin/../lib/gcc/nios2-elf/4.1.2/../../../../nios2-elf/lib\libc.a(lib_a-int_errno.o)
                0x08002588                errno
 .sbss          0x0800258c        0x4 //uoa.auckland.ac.nz/engdfs/Home/stoo718/Documents/cs723/software/freertos_test_bsp/\libhal_bsp.a(alt_irq_vars.o)
                0x0800258c                alt_irq_active
 .sbss          0x08002590        0xc //uoa.auckland.ac.nz/engdfs/Home/stoo718/Documents/cs723/software/freertos_test_bsp/\libhal_bsp.a(alt_main.o)
                0x08002590                alt_argc
                0x08002594                alt_argv
                0x08002598                alt_envp
 .sbss          0x0800259c        0x8 //uoa.auckland.ac.nz/engdfs/Home/stoo718/Documents/cs723/software/freertos_test_bsp/\libhal_bsp.a(alt_tick.o)
                0x0800259c                _alt_tick_rate
                0x080025a0                _alt_nticks
 *(.sbss2 .sbss2.* .gnu.linkonce.sb2.*)
 *(.scommon)
                0x080025a4                PROVIDE (__sbss_end, ABSOLUTE (.))
                0x080025a4                PROVIDE (___sbss_end, ABSOLUTE (.))
 *(.dynbss)
 *(.bss .bss.* .gnu.linkonce.b.*)
 .bss           0x080025a4        0x0 //uoa.auckland.ac.nz/engdfs/Home/stoo718/Documents/cs723/software/freertos_test_bsp//obj/HAL/src/crt0.o
 .bss           0x080025a4        0x0 obj/default///uoa.auckland.ac.nz/engdfs/home/stoo718/Documents/cs723/software/freertos_test/freertos_test.o
 .bss           0x080025a4       0x64 obj/default//H/Documents/cs723/software/freertos_test/freertos/croutine.o
 .bss           0x08002608        0x0 obj/default//H/Documents/cs723/software/freertos_test/freertos/event_groups.o
 .bss           0x08002608    0x7d000 obj/default//H/Documents/cs723/software/freertos_test/freertos/heap.o
 .bss           0x0807f608        0x0 obj/default//H/Documents/cs723/software/freertos_test/freertos/list.o
 .bss           0x0807f608        0x0 obj/default//H/Documents/cs723/software/freertos_test/freertos/port.o
 .bss           0x0807f608        0x0 obj/default//H/Documents/cs723/software/freertos_test/freertos/queue.o
 .bss           0x0807f608      0x140 obj/default//H/Documents/cs723/software/freertos_test/freertos/tasks.o
 .bss           0x0807f748       0x28 obj/default//H/Documents/cs723/software/freertos_test/freertos/timers.o
 .bss           0x0807f770        0x0 obj/default//H/Documents/cs723/software/freertos_test/freertos/port_asm.o
 .bss           0x0807f770        0x0 c:/altera/13.0/nios2eds/bin/gnu/h-i686-mingw32/bin/../lib/gcc/nios2-elf/4.1.2/../../../../nios2-elf/lib\libc.a(lib_a-memcmp.o)
 .bss           0x0807f770        0x0 c:/altera/13.0/nios2eds/bin/gnu/h-i686-mingw32/bin/../lib/gcc/nios2-elf/4.1.2/../../../../nios2-elf/lib\libc.a(lib_a-memcpy.o)
 .bss           0x0807f770        0x0 c:/altera/13.0/nios2eds/bin/gnu/h-i686-mingw32/bin/../lib/gcc/nios2-elf/4.1.2/../../../../nios2-elf/lib\libc.a(lib_a-memset.o)
 .bss           0x0807f770        0x0 c:/altera/13.0/nios2eds/bin/gnu/h-i686-mingw32/bin/../lib/gcc/nios2-elf/4.1.2/../../../../nios2-elf/lib\libc.a(lib_a-printf.o)
 .bss           0x0807f770        0x0 c:/altera/13.0/nios2eds/bin/gnu/h-i686-mingw32/bin/../lib/gcc/nios2-elf/4.1.2/../../../../nios2-elf/lib\libc.a(lib_a-vfprintf.o)
 .bss           0x0807f770        0x0 c:/altera/13.0/nios2eds/bin/gnu/h-i686-mingw32/bin/../lib/gcc/nios2-elf/4.1.2/../../../../nios2-elf/lib\libc.a(lib_a-wsetup.o)
 .bss           0x0807f770        0x0 c:/altera/13.0/nios2eds/bin/gnu/h-i686-mingw32/bin/../lib/gcc/nios2-elf/4.1.2/../../../../nios2-elf/lib\libc.a(lib_a-dtoa.o)
 .bss           0x0807f770        0x0 c:/altera/13.0/nios2eds/bin/gnu/h-i686-mingw32/bin/../lib/gcc/nios2-elf/4.1.2/../../../../nios2-elf/lib\libc.a(lib_a-fflush.o)
 .bss           0x0807f770        0x0 c:/altera/13.0/nios2eds/bin/gnu/h-i686-mingw32/bin/../lib/gcc/nios2-elf/4.1.2/../../../../nios2-elf/lib\libc.a(lib_a-findfp.o)
 .bss           0x0807f770        0x0 c:/altera/13.0/nios2eds/bin/gnu/h-i686-mingw32/bin/../lib/gcc/nios2-elf/4.1.2/../../../../nios2-elf/lib\libc.a(lib_a-freer.o)
 .bss           0x0807f770        0x0 c:/altera/13.0/nios2eds/bin/gnu/h-i686-mingw32/bin/../lib/gcc/nios2-elf/4.1.2/../../../../nios2-elf/lib\libc.a(lib_a-fvwrite.o)
 .bss           0x0807f770        0x0 c:/altera/13.0/nios2eds/bin/gnu/h-i686-mingw32/bin/../lib/gcc/nios2-elf/4.1.2/../../../../nios2-elf/lib\libc.a(lib_a-fwalk.o)
 .bss           0x0807f770        0x0 c:/altera/13.0/nios2eds/bin/gnu/h-i686-mingw32/bin/../lib/gcc/nios2-elf/4.1.2/../../../../nios2-elf/lib\libc.a(lib_a-impure.o)
 .bss           0x0807f770        0x0 c:/altera/13.0/nios2eds/bin/gnu/h-i686-mingw32/bin/../lib/gcc/nios2-elf/4.1.2/../../../../nios2-elf/lib\libc.a(lib_a-locale.o)
 .bss           0x0807f770        0x0 c:/altera/13.0/nios2eds/bin/gnu/h-i686-mingw32/bin/../lib/gcc/nios2-elf/4.1.2/../../../../nios2-elf/lib\libc.a(lib_a-makebuf.o)
 .bss           0x0807f770       0x28 c:/altera/13.0/nios2eds/bin/gnu/h-i686-mingw32/bin/../lib/gcc/nios2-elf/4.1.2/../../../../nios2-elf/lib\libc.a(lib_a-mallocr.o)
                0x0807f770                __malloc_current_mallinfo
 .bss           0x0807f798        0x0 c:/altera/13.0/nios2eds/bin/gnu/h-i686-mingw32/bin/../lib/gcc/nios2-elf/4.1.2/../../../../nios2-elf/lib\libc.a(lib_a-memchr.o)
 .bss           0x0807f798        0x0 c:/altera/13.0/nios2eds/bin/gnu/h-i686-mingw32/bin/../lib/gcc/nios2-elf/4.1.2/../../../../nios2-elf/lib\libc.a(lib_a-memmove.o)
 .bss           0x0807f798        0x0 c:/altera/13.0/nios2eds/bin/gnu/h-i686-mingw32/bin/../lib/gcc/nios2-elf/4.1.2/../../../../nios2-elf/lib\libc.a(lib_a-mprec.o)
 .bss           0x0807f798        0x0 c:/altera/13.0/nios2eds/bin/gnu/h-i686-mingw32/bin/../lib/gcc/nios2-elf/4.1.2/../../../../nios2-elf/lib\libc.a(lib_a-reallocr.o)
 .bss           0x0807f798        0x0 c:/altera/13.0/nios2eds/bin/gnu/h-i686-mingw32/bin/../lib/gcc/nios2-elf/4.1.2/../../../../nios2-elf/lib\libc.a(lib_a-s_isinfd.o)
 .bss           0x0807f798        0x0 c:/altera/13.0/nios2eds/bin/gnu/h-i686-mingw32/bin/../lib/gcc/nios2-elf/4.1.2/../../../../nios2-elf/lib\libc.a(lib_a-s_isnand.o)
 .bss           0x0807f798        0x0 c:/altera/13.0/nios2eds/bin/gnu/h-i686-mingw32/bin/../lib/gcc/nios2-elf/4.1.2/../../../../nios2-elf/lib\libc.a(lib_a-sbrkr.o)
 .bss           0x0807f798        0x0 c:/altera/13.0/nios2eds/bin/gnu/h-i686-mingw32/bin/../lib/gcc/nios2-elf/4.1.2/../../../../nios2-elf/lib\libc.a(lib_a-stdio.o)
 .bss           0x0807f798        0x0 c:/altera/13.0/nios2eds/bin/gnu/h-i686-mingw32/bin/../lib/gcc/nios2-elf/4.1.2/../../../../nios2-elf/lib\libc.a(lib_a-strcmp.o)
 .bss           0x0807f798        0x0 c:/altera/13.0/nios2eds/bin/gnu/h-i686-mingw32/bin/../lib/gcc/nios2-elf/4.1.2/../../../../nios2-elf/lib\libc.a(lib_a-strlen.o)
 .bss           0x0807f798        0x0 c:/altera/13.0/nios2eds/bin/gnu/h-i686-mingw32/bin/../lib/gcc/nios2-elf/4.1.2/../../../../nios2-elf/lib\libc.a(lib_a-writer.o)
 .bss           0x0807f798        0x0 c:/altera/13.0/nios2eds/bin/gnu/h-i686-mingw32/bin/../lib/gcc/nios2-elf/4.1.2/../../../../nios2-elf/lib\libc.a(lib_a-callocr.o)
 .bss           0x0807f798        0x0 c:/altera/13.0/nios2eds/bin/gnu/h-i686-mingw32/bin/../lib/gcc/nios2-elf/4.1.2/../../../../nios2-elf/lib\libc.a(lib_a-closer.o)
 .bss           0x0807f798        0x0 c:/altera/13.0/nios2eds/bin/gnu/h-i686-mingw32/bin/../lib/gcc/nios2-elf/4.1.2/../../../../nios2-elf/lib\libc.a(lib_a-fclose.o)
 .bss           0x0807f798        0x0 c:/altera/13.0/nios2eds/bin/gnu/h-i686-mingw32/bin/../lib/gcc/nios2-elf/4.1.2/../../../../nios2-elf/lib\libc.a(lib_a-fstatr.o)
 .bss           0x0807f798        0x0 c:/altera/13.0/nios2eds/bin/gnu/h-i686-mingw32/bin/../lib/gcc/nios2-elf/4.1.2/../../../../nios2-elf/lib\libc.a(lib_a-int_errno.o)
 .bss           0x0807f798        0x0 c:/altera/13.0/nios2eds/bin/gnu/h-i686-mingw32/bin/../lib/gcc/nios2-elf/4.1.2/../../../../nios2-elf/lib\libc.a(lib_a-isattyr.o)
 .bss           0x0807f798        0x0 c:/altera/13.0/nios2eds/bin/gnu/h-i686-mingw32/bin/../lib/gcc/nios2-elf/4.1.2/../../../../nios2-elf/lib\libc.a(lib_a-lseekr.o)
 .bss           0x0807f798        0x0 c:/altera/13.0/nios2eds/bin/gnu/h-i686-mingw32/bin/../lib/gcc/nios2-elf/4.1.2/../../../../nios2-elf/lib\libc.a(lib_a-readr.o)
 .bss           0x0807f798        0x0 c:/altera/13.0/nios2eds/bin/gnu/h-i686-mingw32/bin/../lib/gcc/nios2-elf/4.1.2\libgcc.a(_udivdi3.o)
 .bss           0x0807f798        0x0 c:/altera/13.0/nios2eds/bin/gnu/h-i686-mingw32/bin/../lib/gcc/nios2-elf/4.1.2\libgcc.a(_umoddi3.o)
 .bss           0x0807f798        0x0 c:/altera/13.0/nios2eds/bin/gnu/h-i686-mingw32/bin/../lib/gcc/nios2-elf/4.1.2\libgcc.a(_addsub_df.o)
 .bss           0x0807f798        0x0 c:/altera/13.0/nios2eds/bin/gnu/h-i686-mingw32/bin/../lib/gcc/nios2-elf/4.1.2\libgcc.a(_mul_df.o)
 .bss           0x0807f798        0x0 c:/altera/13.0/nios2eds/bin/gnu/h-i686-mingw32/bin/../lib/gcc/nios2-elf/4.1.2\libgcc.a(_div_df.o)
 .bss           0x0807f798        0x0 c:/altera/13.0/nios2eds/bin/gnu/h-i686-mingw32/bin/../lib/gcc/nios2-elf/4.1.2\libgcc.a(_eq_df.o)
 .bss           0x0807f798        0x0 c:/altera/13.0/nios2eds/bin/gnu/h-i686-mingw32/bin/../lib/gcc/nios2-elf/4.1.2\libgcc.a(_ne_df.o)
 .bss           0x0807f798        0x0 c:/altera/13.0/nios2eds/bin/gnu/h-i686-mingw32/bin/../lib/gcc/nios2-elf/4.1.2\libgcc.a(_gt_df.o)
 .bss           0x0807f798        0x0 c:/altera/13.0/nios2eds/bin/gnu/h-i686-mingw32/bin/../lib/gcc/nios2-elf/4.1.2\libgcc.a(_ge_df.o)
 .bss           0x0807f798        0x0 c:/altera/13.0/nios2eds/bin/gnu/h-i686-mingw32/bin/../lib/gcc/nios2-elf/4.1.2\libgcc.a(_lt_df.o)
 .bss           0x0807f798        0x0 c:/altera/13.0/nios2eds/bin/gnu/h-i686-mingw32/bin/../lib/gcc/nios2-elf/4.1.2\libgcc.a(_si_to_df.o)
 .bss           0x0807f798        0x0 c:/altera/13.0/nios2eds/bin/gnu/h-i686-mingw32/bin/../lib/gcc/nios2-elf/4.1.2\libgcc.a(_df_to_si.o)
 .bss           0x0807f798        0x0 c:/altera/13.0/nios2eds/bin/gnu/h-i686-mingw32/bin/../lib/gcc/nios2-elf/4.1.2\libgcc.a(_thenan_df.o)
 .bss           0x0807f798        0x0 c:/altera/13.0/nios2eds/bin/gnu/h-i686-mingw32/bin/../lib/gcc/nios2-elf/4.1.2\libgcc.a(_usi_to_df.o)
 .bss           0x0807f798        0x0 c:/altera/13.0/nios2eds/bin/gnu/h-i686-mingw32/bin/../lib/gcc/nios2-elf/4.1.2\libgcc.a(lib2-divmod.o)
 .bss           0x0807f798        0x0 c:/altera/13.0/nios2eds/bin/gnu/h-i686-mingw32/bin/../lib/gcc/nios2-elf/4.1.2\libgcc.a(_muldi3.o)
 .bss           0x0807f798        0x0 c:/altera/13.0/nios2eds/bin/gnu/h-i686-mingw32/bin/../lib/gcc/nios2-elf/4.1.2\libgcc.a(_clz.o)
 .bss           0x0807f798        0x0 c:/altera/13.0/nios2eds/bin/gnu/h-i686-mingw32/bin/../lib/gcc/nios2-elf/4.1.2\libgcc.a(_clzsi2.o)
 .bss           0x0807f798        0x0 c:/altera/13.0/nios2eds/bin/gnu/h-i686-mingw32/bin/../lib/gcc/nios2-elf/4.1.2\libgcc.a(_pack_df.o)
 .bss           0x0807f798        0x0 c:/altera/13.0/nios2eds/bin/gnu/h-i686-mingw32/bin/../lib/gcc/nios2-elf/4.1.2\libgcc.a(_unpack_df.o)
 .bss           0x0807f798        0x0 c:/altera/13.0/nios2eds/bin/gnu/h-i686-mingw32/bin/../lib/gcc/nios2-elf/4.1.2\libgcc.a(_fpcmp_parts_df.o)
 .bss           0x0807f798        0x0 //uoa.auckland.ac.nz/engdfs/Home/stoo718/Documents/cs723/software/freertos_test_bsp/\libhal_bsp.a(alt_close.o)
 .bss           0x0807f798        0x0 //uoa.auckland.ac.nz/engdfs/Home/stoo718/Documents/cs723/software/freertos_test_bsp/\libhal_bsp.a(alt_dev.o)
 .bss           0x0807f798        0x0 //uoa.auckland.ac.nz/engdfs/Home/stoo718/Documents/cs723/software/freertos_test_bsp/\libhal_bsp.a(alt_errno.o)
 .bss           0x0807f798        0x0 //uoa.auckland.ac.nz/engdfs/Home/stoo718/Documents/cs723/software/freertos_test_bsp/\libhal_bsp.a(alt_fstat.o)
 .bss           0x0807f798        0x0 //uoa.auckland.ac.nz/engdfs/Home/stoo718/Documents/cs723/software/freertos_test_bsp/\libhal_bsp.a(alt_irq_handler.o)
 .bss           0x0807f798        0x0 //uoa.auckland.ac.nz/engdfs/Home/stoo718/Documents/cs723/software/freertos_test_bsp/\libhal_bsp.a(alt_irq_vars.o)
 .bss           0x0807f798        0x0 //uoa.auckland.ac.nz/engdfs/Home/stoo718/Documents/cs723/software/freertos_test_bsp/\libhal_bsp.a(alt_isatty.o)
 .bss           0x0807f798        0x0 //uoa.auckland.ac.nz/engdfs/Home/stoo718/Documents/cs723/software/freertos_test_bsp/\libhal_bsp.a(alt_lseek.o)
 .bss           0x0807f798        0x0 //uoa.auckland.ac.nz/engdfs/Home/stoo718/Documents/cs723/software/freertos_test_bsp/\libhal_bsp.a(alt_main.o)
 .bss           0x0807f798        0x0 //uoa.auckland.ac.nz/engdfs/Home/stoo718/Documents/cs723/software/freertos_test_bsp/\libhal_bsp.a(alt_malloc_lock.o)
 .bss           0x0807f798        0x0 //uoa.auckland.ac.nz/engdfs/Home/stoo718/Documents/cs723/software/freertos_test_bsp/\libhal_bsp.a(alt_read.o)
 .bss           0x0807f798        0x0 //uoa.auckland.ac.nz/engdfs/Home/stoo718/Documents/cs723/software/freertos_test_bsp/\libhal_bsp.a(alt_release_fd.o)
 .bss           0x0807f798        0x0 //uoa.auckland.ac.nz/engdfs/Home/stoo718/Documents/cs723/software/freertos_test_bsp/\libhal_bsp.a(alt_sbrk.o)
 .bss           0x0807f798        0x0 //uoa.auckland.ac.nz/engdfs/Home/stoo718/Documents/cs723/software/freertos_test_bsp/\libhal_bsp.a(alt_write.o)
 .bss           0x0807f798        0x0 //uoa.auckland.ac.nz/engdfs/Home/stoo718/Documents/cs723/software/freertos_test_bsp/\libhal_bsp.a(alt_sys_init.o)
 .bss           0x0807f798        0x0 //uoa.auckland.ac.nz/engdfs/Home/stoo718/Documents/cs723/software/freertos_test_bsp/\libhal_bsp.a(altera_avalon_cfi_flash.o)
 .bss           0x0807f798        0x0 //uoa.auckland.ac.nz/engdfs/Home/stoo718/Documents/cs723/software/freertos_test_bsp/\libhal_bsp.a(altera_avalon_cfi_flash_table.o)
 .bss           0x0807f798        0x0 //uoa.auckland.ac.nz/engdfs/Home/stoo718/Documents/cs723/software/freertos_test_bsp/\libhal_bsp.a(altera_avalon_jtag_uart_fd.o)
 .bss           0x0807f798        0x0 //uoa.auckland.ac.nz/engdfs/Home/stoo718/Documents/cs723/software/freertos_test_bsp/\libhal_bsp.a(altera_avalon_jtag_uart_init.o)
 .bss           0x0807f798        0x0 //uoa.auckland.ac.nz/engdfs/Home/stoo718/Documents/cs723/software/freertos_test_bsp/\libhal_bsp.a(altera_avalon_jtag_uart_ioctl.o)
 .bss           0x0807f798        0x0 //uoa.auckland.ac.nz/engdfs/Home/stoo718/Documents/cs723/software/freertos_test_bsp/\libhal_bsp.a(altera_avalon_jtag_uart_read.o)
 .bss           0x0807f798        0x0 //uoa.auckland.ac.nz/engdfs/Home/stoo718/Documents/cs723/software/freertos_test_bsp/\libhal_bsp.a(altera_avalon_jtag_uart_write.o)
 .bss           0x0807f798        0x0 //uoa.auckland.ac.nz/engdfs/Home/stoo718/Documents/cs723/software/freertos_test_bsp/\libhal_bsp.a(altera_avalon_lcd_16207.o)
 .bss           0x0807f798        0x0 //uoa.auckland.ac.nz/engdfs/Home/stoo718/Documents/cs723/software/freertos_test_bsp/\libhal_bsp.a(altera_avalon_lcd_16207_fd.o)
 .bss           0x0807f798        0x0 //uoa.auckland.ac.nz/engdfs/Home/stoo718/Documents/cs723/software/freertos_test_bsp/\libhal_bsp.a(altera_avalon_timer_sc.o)
 .bss           0x0807f798        0x0 //uoa.auckland.ac.nz/engdfs/Home/stoo718/Documents/cs723/software/freertos_test_bsp/\libhal_bsp.a(altera_avalon_uart_fd.o)
 .bss           0x0807f798        0x0 //uoa.auckland.ac.nz/engdfs/Home/stoo718/Documents/cs723/software/freertos_test_bsp/\libhal_bsp.a(altera_avalon_uart_init.o)
 .bss           0x0807f798        0x0 //uoa.auckland.ac.nz/engdfs/Home/stoo718/Documents/cs723/software/freertos_test_bsp/\libhal_bsp.a(altera_avalon_uart_read.o)
 .bss           0x0807f798        0x0 //uoa.auckland.ac.nz/engdfs/Home/stoo718/Documents/cs723/software/freertos_test_bsp/\libhal_bsp.a(altera_avalon_uart_write.o)
 .bss           0x0807f798        0x0 //uoa.auckland.ac.nz/engdfs/Home/stoo718/Documents/cs723/software/freertos_test_bsp/\libhal_bsp.a(altera_up_avalon_ps2.o)
 .bss           0x0807f798        0x0 //uoa.auckland.ac.nz/engdfs/Home/stoo718/Documents/cs723/software/freertos_test_bsp/\libhal_bsp.a(altera_up_avalon_video_character_buffer_with_dma.o)
 .bss           0x0807f798        0x0 //uoa.auckland.ac.nz/engdfs/Home/stoo718/Documents/cs723/software/freertos_test_bsp/\libhal_bsp.a(alt_alarm_start.o)
 .bss           0x0807f798        0x0 //uoa.auckland.ac.nz/engdfs/Home/stoo718/Documents/cs723/software/freertos_test_bsp/\libhal_bsp.a(alt_dcache_flush.o)
 .bss           0x0807f798        0x0 //uoa.auckland.ac.nz/engdfs/Home/stoo718/Documents/cs723/software/freertos_test_bsp/\libhal_bsp.a(alt_dev_llist_insert.o)
 .bss           0x0807f798        0x0 //uoa.auckland.ac.nz/engdfs/Home/stoo718/Documents/cs723/software/freertos_test_bsp/\libhal_bsp.a(alt_do_ctors.o)
 .bss           0x0807f798        0x0 //uoa.auckland.ac.nz/engdfs/Home/stoo718/Documents/cs723/software/freertos_test_bsp/\libhal_bsp.a(alt_do_dtors.o)
 .bss           0x0807f798        0x0 //uoa.auckland.ac.nz/engdfs/Home/stoo718/Documents/cs723/software/freertos_test_bsp/\libhal_bsp.a(alt_find_dev.o)
 .bss           0x0807f798        0x0 //uoa.auckland.ac.nz/engdfs/Home/stoo718/Documents/cs723/software/freertos_test_bsp/\libhal_bsp.a(alt_flash_dev.o)
 .bss           0x0807f798        0x0 //uoa.auckland.ac.nz/engdfs/Home/stoo718/Documents/cs723/software/freertos_test_bsp/\libhal_bsp.a(alt_io_redirect.o)
 .bss           0x0807f798        0x0 //uoa.auckland.ac.nz/engdfs/Home/stoo718/Documents/cs723/software/freertos_test_bsp/\libhal_bsp.a(alt_open.o)
 .bss           0x0807f798        0x0 //uoa.auckland.ac.nz/engdfs/Home/stoo718/Documents/cs723/software/freertos_test_bsp/\libhal_bsp.a(alt_tick.o)
 .bss           0x0807f798        0x0 //uoa.auckland.ac.nz/engdfs/Home/stoo718/Documents/cs723/software/freertos_test_bsp/\libhal_bsp.a(alt_usleep.o)
 .bss           0x0807f798        0x0 //uoa.auckland.ac.nz/engdfs/Home/stoo718/Documents/cs723/software/freertos_test_bsp/\libhal_bsp.a(altera_nios2_qsys_irq.o)
 .bss           0x0807f798        0x0 //uoa.auckland.ac.nz/engdfs/Home/stoo718/Documents/cs723/software/freertos_test_bsp/\libhal_bsp.a(altera_avalon_cfi_flash_amd.o)
 .bss           0x0807f798        0x0 //uoa.auckland.ac.nz/engdfs/Home/stoo718/Documents/cs723/software/freertos_test_bsp/\libhal_bsp.a(altera_avalon_cfi_flash_intel.o)
 .bss           0x0807f798        0x0 //uoa.auckland.ac.nz/engdfs/Home/stoo718/Documents/cs723/software/freertos_test_bsp/\libhal_bsp.a(alt_busy_sleep.o)
 .bss           0x0807f798        0x0 //uoa.auckland.ac.nz/engdfs/Home/stoo718/Documents/cs723/software/freertos_test_bsp/\libhal_bsp.a(alt_find_file.o)
 .bss           0x0807f798        0x0 //uoa.auckland.ac.nz/engdfs/Home/stoo718/Documents/cs723/software/freertos_test_bsp/\libhal_bsp.a(alt_get_fd.o)
 .bss           0x0807f798        0x0 c:/altera/13.0/nios2eds/bin/gnu/h-i686-mingw32/bin/../lib/gcc/nios2-elf/4.1.2/../../../../nios2-elf/lib\libc.a(lib_a-atexit.o)
 .bss           0x0807f798        0x0 c:/altera/13.0/nios2eds/bin/gnu/h-i686-mingw32/bin/../lib/gcc/nios2-elf/4.1.2/../../../../nios2-elf/lib\libc.a(lib_a-ctype_.o)
 .bss           0x0807f798        0x0 c:/altera/13.0/nios2eds/bin/gnu/h-i686-mingw32/bin/../lib/gcc/nios2-elf/4.1.2/../../../../nios2-elf/lib\libc.a(lib_a-exit.o)
 .bss           0x0807f798        0x0 c:/altera/13.0/nios2eds/bin/gnu/h-i686-mingw32/bin/../lib/gcc/nios2-elf/4.1.2/../../../../nios2-elf/lib\libc.a(lib_a-__atexit.o)
 .bss           0x0807f798        0x0 c:/altera/13.0/nios2eds/bin/gnu/h-i686-mingw32/bin/../lib/gcc/nios2-elf/4.1.2/../../../../nios2-elf/lib\libc.a(lib_a-__call_atexit.o)
 .bss           0x0807f798        0x0 //uoa.auckland.ac.nz/engdfs/Home/stoo718/Documents/cs723/software/freertos_test_bsp/\libhal_bsp.a(alt_exit.o)
 *(COMMON)
 COMMON         0x0807f798      0x100 //uoa.auckland.ac.nz/engdfs/Home/stoo718/Documents/cs723/software/freertos_test_bsp/\libhal_bsp.a(alt_irq_handler.o)
                0x0807f798                alt_irq
 COMMON         0x0807f898      0x190 c:/altera/13.0/nios2eds/bin/gnu/h-i686-mingw32/bin/../lib/gcc/nios2-elf/4.1.2/../../../../nios2-elf/lib\libc.a(lib_a-atexit.o)
                0x0807f898                _atexit0
                0x0807fa28                . = ALIGN (0x4)
                0x0807fa28                __bss_end = ABSOLUTE (.)

.onchip_memory  0x00015d54        0x0
                0x00015d54                PROVIDE (_alt_partition_onchip_memory_start, ABSOLUTE (.))
 *(.onchip_memory. onchip_memory.*)
                0x00015d54                . = ALIGN (0x4)
                0x00015d54                PROVIDE (_alt_partition_onchip_memory_end, ABSOLUTE (.))
                0x00015d54                PROVIDE (_alt_partition_onchip_memory_load_addr, LOADADDR (.onchip_memory))

.flash_controller
                0x01000020        0x0
                0x01000020                PROVIDE (_alt_partition_flash_controller_start, ABSOLUTE (.))
 *(.flash_controller. flash_controller.*)
                0x01000020                . = ALIGN (0x4)
                0x01000020                PROVIDE (_alt_partition_flash_controller_end, ABSOLUTE (.))
                0x01000020                PROVIDE (_alt_partition_flash_controller_load_addr, LOADADDR (.flash_controller))

.sdram          0x0807fa28        0x0
                0x0807fa28                PROVIDE (_alt_partition_sdram_start, ABSOLUTE (.))
 *(.sdram. sdram.*)
                0x0807fa28                . = ALIGN (0x4)
                0x0807fa28                PROVIDE (_alt_partition_sdram_end, ABSOLUTE (.))
                0x0807fa28                _end = ABSOLUTE (.)
                0x0807fa28                end = ABSOLUTE (.)
                0x0807fa28                __alt_stack_base = ABSOLUTE (.)
                0x0807fa28                PROVIDE (_alt_partition_sdram_load_addr, LOADADDR (.sdram))

.stab
 *(.stab)

.stabstr
 *(.stabstr)

.stab.excl
 *(.stab.excl)

.stab.exclstr
 *(.stab.exclstr)

.stab.index
 *(.stab.index)

.stab.indexstr
 *(.stab.indexstr)

.comment        0x00000000       0x23
 *(.comment)
 .comment       0x00000000       0x23 obj/default///uoa.auckland.ac.nz/engdfs/home/stoo718/Documents/cs723/software/freertos_test/freertos_test.o
                                 0x24 (size before relaxing)
 .comment       0x00000000       0x24 obj/default//H/Documents/cs723/software/freertos_test/freertos/croutine.o
 .comment       0x00000000       0x24 obj/default//H/Documents/cs723/software/freertos_test/freertos/event_groups.o
 .comment       0x00000000       0x24 obj/default//H/Documents/cs723/software/freertos_test/freertos/heap.o
 .comment       0x00000000       0x24 obj/default//H/Documents/cs723/software/freertos_test/freertos/list.o
 .comment       0x00000000       0x24 obj/default//H/Documents/cs723/software/freertos_test/freertos/port.o
 .comment       0x00000000       0x24 obj/default//H/Documents/cs723/software/freertos_test/freertos/queue.o
 .comment       0x00000000       0x24 obj/default//H/Documents/cs723/software/freertos_test/freertos/tasks.o
 .comment       0x00000000       0x24 obj/default//H/Documents/cs723/software/freertos_test/freertos/timers.o
 .comment       0x00000000       0x24 c:/altera/13.0/nios2eds/bin/gnu/h-i686-mingw32/bin/../lib/gcc/nios2-elf/4.1.2/../../../../nios2-elf/lib\libc.a(lib_a-memcmp.o)
 .comment       0x00000000       0x24 c:/altera/13.0/nios2eds/bin/gnu/h-i686-mingw32/bin/../lib/gcc/nios2-elf/4.1.2/../../../../nios2-elf/lib\libc.a(lib_a-memcpy.o)
 .comment       0x00000000       0x24 c:/altera/13.0/nios2eds/bin/gnu/h-i686-mingw32/bin/../lib/gcc/nios2-elf/4.1.2/../../../../nios2-elf/lib\libc.a(lib_a-memset.o)
 .comment       0x00000000       0x24 c:/altera/13.0/nios2eds/bin/gnu/h-i686-mingw32/bin/../lib/gcc/nios2-elf/4.1.2/../../../../nios2-elf/lib\libc.a(lib_a-printf.o)
 .comment       0x00000000       0x24 c:/altera/13.0/nios2eds/bin/gnu/h-i686-mingw32/bin/../lib/gcc/nios2-elf/4.1.2/../../../../nios2-elf/lib\libc.a(lib_a-vfprintf.o)