Archive member included because of file (symbol)

c:/altera/13.0/nios2eds/bin/gnu/h-i686-mingw32/bin/../lib/gcc/nios2-elf/4.1.2\libgcc.a(_div_df.o)
                              obj/default//D/cs723-assignment1/software/freertos_test/freertos_test.o (__divdf3)
c:/altera/13.0/nios2eds/bin/gnu/h-i686-mingw32/bin/../lib/gcc/nios2-elf/4.1.2\libgcc.a(_si_to_df.o)
                              obj/default//D/cs723-assignment1/software/freertos_test/freertos_test.o (__floatsidf)
c:/altera/13.0/nios2eds/bin/gnu/h-i686-mingw32/bin/../lib/gcc/nios2-elf/4.1.2\libgcc.a(_thenan_df.o)
                              c:/altera/13.0/nios2eds/bin/gnu/h-i686-mingw32/bin/../lib/gcc/nios2-elf/4.1.2\libgcc.a(_div_df.o) (__thenan_df)
c:/altera/13.0/nios2eds/bin/gnu/h-i686-mingw32/bin/../lib/gcc/nios2-elf/4.1.2\libgcc.a(_clzsi2.o)
                              c:/altera/13.0/nios2eds/bin/gnu/h-i686-mingw32/bin/../lib/gcc/nios2-elf/4.1.2\libgcc.a(_si_to_df.o) (__clzsi2)
c:/altera/13.0/nios2eds/bin/gnu/h-i686-mingw32/bin/../lib/gcc/nios2-elf/4.1.2\libgcc.a(_pack_df.o)
                              c:/altera/13.0/nios2eds/bin/gnu/h-i686-mingw32/bin/../lib/gcc/nios2-elf/4.1.2\libgcc.a(_div_df.o) (__pack_d)
c:/altera/13.0/nios2eds/bin/gnu/h-i686-mingw32/bin/../lib/gcc/nios2-elf/4.1.2\libgcc.a(_unpack_df.o)
                              c:/altera/13.0/nios2eds/bin/gnu/h-i686-mingw32/bin/../lib/gcc/nios2-elf/4.1.2\libgcc.a(_div_df.o) (__unpack_d)
c:/altera/13.0/nios2eds/bin/gnu/h-i686-mingw32/bin/../lib/gcc/nios2-elf/4.1.2\libgcc.a(_clz.o)
                              c:/altera/13.0/nios2eds/bin/gnu/h-i686-mingw32/bin/../lib/gcc/nios2-elf/4.1.2\libgcc.a(_clzsi2.o) (__clz_tab)
c:/altera/13.0/nios2eds/bin/gnu/h-i686-mingw32/bin/../lib/gcc/nios2-elf/4.1.2/../../../../nios2-elf/lib\libc.a(lib_a-memcmp.o)
                              obj/default//D/cs723-assignment1/software/freertos_test/freertos/tasks.o (memcmp)
c:/altera/13.0/nios2eds/bin/gnu/h-i686-mingw32/bin/../lib/gcc/nios2-elf/4.1.2/../../../../nios2-elf/lib\libc.a(lib_a-memcpy.o)
                              obj/default//D/cs723-assignment1/software/freertos_test/freertos/queue.o (memcpy)
c:/altera/13.0/nios2eds/bin/gnu/h-i686-mingw32/bin/../lib/gcc/nios2-elf/4.1.2/../../../../nios2-elf/lib\libc.a(lib_a-memset.o)
                              obj/default//D/cs723-assignment1/software/freertos_test/freertos/tasks.o (memset)
c:/altera/13.0/nios2eds/bin/gnu/h-i686-mingw32/bin/../lib/gcc/nios2-elf/4.1.2/../../../../nios2-elf/lib\libc.a(lib_a-printf.o)
                              obj/default//D/cs723-assignment1/software/freertos_test/freertos/port.o (printf)
c:/altera/13.0/nios2eds/bin/gnu/h-i686-mingw32/bin/../lib/gcc/nios2-elf/4.1.2/../../../../nios2-elf/lib\libc.a(lib_a-puts.o)
                              obj/default//D/cs723-assignment1/software/freertos_test/freertos_test.o (puts)
c:/altera/13.0/nios2eds/bin/gnu/h-i686-mingw32/bin/../lib/gcc/nios2-elf/4.1.2/../../../../nios2-elf/lib\libc.a(lib_a-strlen.o)
                              c:/altera/13.0/nios2eds/bin/gnu/h-i686-mingw32/bin/../lib/gcc/nios2-elf/4.1.2/../../../../nios2-elf/lib\libc.a(lib_a-puts.o) (strlen)
c:/altera/13.0/nios2eds/bin/gnu/h-i686-mingw32/bin/../lib/gcc/nios2-elf/4.1.2/../../../../nios2-elf/lib\libc.a(lib_a-vfprintf.o)
                              c:/altera/13.0/nios2eds/bin/gnu/h-i686-mingw32/bin/../lib/gcc/nios2-elf/4.1.2/../../../../nios2-elf/lib\libc.a(lib_a-printf.o) (___vfprintf_internal_r)
c:/altera/13.0/nios2eds/bin/gnu/h-i686-mingw32/bin/../lib/gcc/nios2-elf/4.1.2/../../../../nios2-elf/lib\libc.a(lib_a-wsetup.o)
                              c:/altera/13.0/nios2eds/bin/gnu/h-i686-mingw32/bin/../lib/gcc/nios2-elf/4.1.2/../../../../nios2-elf/lib\libc.a(lib_a-vfprintf.o) (__swsetup_r)
c:/altera/13.0/nios2eds/bin/gnu/h-i686-mingw32/bin/../lib/gcc/nios2-elf/4.1.2/../../../../nios2-elf/lib\libc.a(lib_a-dtoa.o)
                              c:/altera/13.0/nios2eds/bin/gnu/h-i686-mingw32/bin/../lib/gcc/nios2-elf/4.1.2/../../../../nios2-elf/lib\libc.a(lib_a-vfprintf.o) (_dtoa_r)
c:/altera/13.0/nios2eds/bin/gnu/h-i686-mingw32/bin/../lib/gcc/nios2-elf/4.1.2/../../../../nios2-elf/lib\libc.a(lib_a-fflush.o)
                              c:/altera/13.0/nios2eds/bin/gnu/h-i686-mingw32/bin/../lib/gcc/nios2-elf/4.1.2/../../../../nios2-elf/lib\libc.a(lib_a-vfprintf.o) (_fflush_r)
c:/altera/13.0/nios2eds/bin/gnu/h-i686-mingw32/bin/../lib/gcc/nios2-elf/4.1.2/../../../../nios2-elf/lib\libc.a(lib_a-findfp.o)
                              c:/altera/13.0/nios2eds/bin/gnu/h-i686-mingw32/bin/../lib/gcc/nios2-elf/4.1.2/../../../../nios2-elf/lib\libc.a(lib_a-vfprintf.o) (__sinit)
c:/altera/13.0/nios2eds/bin/gnu/h-i686-mingw32/bin/../lib/gcc/nios2-elf/4.1.2/../../../../nios2-elf/lib\libc.a(lib_a-freer.o)
                              c:/altera/13.0/nios2eds/bin/gnu/h-i686-mingw32/bin/../lib/gcc/nios2-elf/4.1.2/../../../../nios2-elf/lib\libc.a(lib_a-wsetup.o) (_free_r)
[...]
Memory Configuration

Name             Origin             Length             Attributes
onchip_memory_BEFORE_EXCEPTION 0x00000000         0x00000020
onchip_memory    0x00000020         0x00031fe0
reset            0x01000000         0x00000020
flash_controller 0x01000020         0x007fffe0
sdram            0x08000000         0x08000000
*default*        0x00000000         0xffffffff

Linker script and memory map

LOAD D:/cs723-assignment1/software/freertos_test_bsp//obj/HAL/src/crt0.o
LOAD obj/default//D/cs723-assignment1/software/freertos_test/freertos/croutine.o
LOAD obj/default//D/cs723-assignment1/software/freertos_test/freertos/event_groups.o
LOAD obj/default//D/cs723-assignment1/software/freertos_test/freertos/heap.o
LOAD obj/default//D/cs723-assignment1/software/freertos_test/freertos/list.o
LOAD obj/default//D/cs723-assignment1/software/freertos_test/freertos/port.o
LOAD obj/default//D/cs723-assignment1/software/freertos_test/freertos/queue.o
LOAD obj/default//D/cs723-assignment1/software/freertos_test/freertos/tasks.o
LOAD obj/default//D/cs723-assignment1/software/freertos_test/freertos/timers.o
LOAD obj/default//D/cs723-assignment1/software/freertos_test/freertos_test.o
LOAD obj/default//D/cs723-assignment1/software/freertos_test/freertos/port_asm.o
LOAD c:/altera/13.0/nios2eds/bin/gnu/h-i686-mingw32/bin/../lib/gcc/nios2-elf/4.1.2/../../../../nios2-elf/lib\libstdc++.a
LOAD c:/altera/13.0/nios2eds/bin/gnu/h-i686-mingw32/bin/../lib/gcc/nios2-elf/4.1.2/../../../../nios2-elf/lib\libm.a
LOAD c:/altera/13.0/nios2eds/bin/gnu/h-i686-mingw32/bin/../lib/gcc/nios2-elf/4.1.2\libgcc.a
START GROUP
LOAD c:/altera/13.0/nios2eds/bin/gnu/h-i686-mingw32/bin/../lib/gcc/nios2-elf/4.1.2/../../../../nios2-elf/lib\libc.a
LOAD c:/altera/13.0/nios2eds/bin/gnu/h-i686-mingw32/bin/../lib/gcc/nios2-elf/4.1.2\libgcc.a
LOAD D:/cs723-assignment1/software/freertos_test_bsp/\libhal_bsp.a
END GROUP
LOAD c:/altera/13.0/nios2eds/bin/gnu/h-i686-mingw32/bin/../lib/gcc/nios2-elf/4.1.2\libgcc.a
                0x00000000                __alt_mem_onchip_memory = 0x0
                0x01000000                __alt_mem_flash_controller = 0x1000000
                0x08000000                __alt_mem_sdram = 0x8000000

.entry          0x01000000        0x0
 *(.entry)
 .entry         0x01000000        0x0 D:/cs723-assignment1/software/freertos_test_bsp//obj/HAL/src/crt0.o
                0x01000000                __reset

.exceptions     0x00000020      0x228
                0x00000020                PROVIDE (__ram_exceptions_start, ABSOLUTE (.))
                0x00000020                . = ALIGN (0x20)
 *(.irq)
 *(.exceptions.entry.label)
 *(.exceptions.entry.user)
 *(.exceptions.entry)
 .exceptions.entry
                0x00000020       0x8c obj/default//D/cs723-assignment1/software/freertos_test/freertos/port_asm.o
 *(.exceptions.irqtest.user)
 *(.exceptions.irqtest)
 .exceptions.irqtest
                0x000000ac       0x14 obj/default//D/cs723-assignment1/software/freertos_test/freertos/port_asm.o
 *(.exceptions.irqhandler.user)
 *(.exceptions.irqhandler)
 .exceptions.irqhandler
                0x000000c0        0x4 obj/default//D/cs723-assignment1/software/freertos_test/freertos/port_asm.o
 *(.exceptions.irqreturn.user)
 *(.exceptions.irqreturn)
 .exceptions.irqreturn
                0x000000c4       0x8c obj/default//D/cs723-assignment1/software/freertos_test/freertos/port_asm.o
                0x000000c4                restore_sp_from_pxCurrentTCB
 *(.exceptions.notirq.label)
 *(.exceptions.notirq.user)
 *(.exceptions.notirq)
 *(.exceptions.soft.user)
 *(.exceptions.soft)
 .exceptions.soft
                0x00000150       0x2c obj/default//D/cs723-assignment1/software/freertos_test/freertos/port_asm.o
 *(.exceptions.unknown.user)
 *(.exceptions.unknown)
 *(.exceptions.exit.label)
 *(.exceptions.exit.user)
 *(.exceptions.exit)
 *(.exceptions)
 .exceptions    0x0000017c       0xcc D:/cs723-assignment1/software/freertos_test_bsp/\libhal_bsp.a(alt_irq_handler.o)
                0x0000017c                alt_irq_handler
                0x00000248                PROVIDE (__ram_exceptions_end, ABSOLUTE (.))
                0x00000020                PROVIDE (__flash_exceptions_start, LOADADDR (.exceptions))

.text           0x00000248    0x15c30
                0x00000248                PROVIDE (stext, ABSOLUTE (.))
 *(.interp)
 *(.hash)
 *(.dynsym)
 *(.dynstr)
 *(.gnu.version)
 *(.gnu.version_d)
 *(.gnu.version_r)
 *(.rel.init)
 *(.rela.init)
 *(.rel.text .rel.text.* .rel.gnu.linkonce.t.*)
 *(.rela.text .rela.text.* .rela.gnu.linkonce.t.*)
 *(.rel.fini)
 *(.rela.fini)
 *(.rel.rodata .rel.rodata.* .rel.gnu.linkonce.r.*)
 *(.rela.rodata .rela.rodata.* .rela.gnu.linkonce.r.*)
 *(.rel.data .rel.data.* .rel.gnu.linkonce.d.*)
 *(.rela.data .rela.data.* .rela.gnu.linkonce.d.*)
 *(.rel.tdata .rel.tdata.* .rel.gnu.linkonce.td.*)
 *(.rela.tdata .rela.tdata.* .rela.gnu.linkonce.td.*)
 *(.rel.tbss .rel.tbss.* .rel.gnu.linkonce.tb.*)
 *(.rela.tbss .rela.tbss.* .rela.gnu.linkonce.tb.*)
 *(.rel.ctors)
 *(.rela.ctors)
 *(.rel.dtors)
 *(.rela.dtors)
 *(.rel.got)
 *(.rela.got)
 *(.rel.sdata .rel.sdata.* .rel.gnu.linkonce.s.*)
 *(.rela.sdata .rela.sdata.* .rela.gnu.linkonce.s.*)
 *(.rel.sbss .rel.sbss.* .rel.gnu.linkonce.sb.*)
 *(.rela.sbss .rela.sbss.* .rela.gnu.linkonce.sb.*)
 *(.rel.sdata2 .rel.sdata2.* .rel.gnu.linkonce.s2.*)
 *(.rela.sdata2 .rela.sdata2.* .rela.gnu.linkonce.s2.*)
 *(.rel.sbss2 .rel.sbss2.* .rel.gnu.linkonce.sb2.*)
 *(.rela.sbss2 .rela.sbss2.* .rela.gnu.linkonce.sb2.*)
 *(.rel.bss .rel.bss.* .rel.gnu.linkonce.b.*)
 *(.rela.bss .rela.bss.* .rela.gnu.linkonce.b.*)
 *(.rel.plt)
 *(.rela.plt)
 *(.rel.dyn)
 *(.init)
 *(.plt)
 *(.text .stub .text.* .gnu.linkonce.t.*)
 .text          0x00000248       0x48 D:/cs723-assignment1/software/freertos_test_bsp//obj/HAL/src/crt0.o
                0x00000248                _start
 .text          0x00000290      0x60c obj/default//D/cs723-assignment1/software/freertos_test/freertos/croutine.o
                0x00000290                xCoRoutineCreate
                0x000003d0                vCoRoutineAddToDelayedList
                0x00000694                vCoRoutineSchedule
                0x0000081c                xCoRoutineRemoveFromEventList
 .text          0x0000089c      0x720 obj/default//D/cs723-assignment1/software/freertos_test/freertos/event_groups.o
                0x0000089c                xEventGroupCreate
                0x000008f0                xEventGroupSync
                0x00000a74                xEventGroupWaitBits
                0x00000c34                xEventGroupClearBits
                0x00000c9c                xEventGroupGetBitsFromISR
                0x00000cd8                xEventGroupSetBits
                0x00000e64                vEventGroupDelete
                0x00000ed4                vEventGroupSetBitsCallback
                0x00000f0c                vEventGroupClearBitsCallback
 .text          0x00000fbc      0x448 obj/default//D/cs723-assignment1/software/freertos_test/freertos/heap.o
                0x00000fbc                pvPortMalloc
                0x00001150                vPortFree
                0x000011d0                xPortGetFreeHeapSize
                0x000011f0                vPortInitialiseBlocks
 .text          0x00001404      0x28c obj/default//D/cs723-assignment1/software/freertos_test/freertos/list.o
                0x00001404                vListInitialise
                0x00001474                vListInitialiseItem
                0x0000149c                vListInsertEnd
                0x00001524                vListInsert
                0x000015f8                uxListRemove
 .text          0x00001690      0x434 obj/default//D/cs723-assignment1/software/freertos_test/freertos/port.o
                0x00001690                vApplicationStackOverflowHook
                0x000016f4                pxPortInitialiseStack
                0x000017dc                xPortStartScheduler
                0x00001814                vPortEndScheduler
                0x000018c8                vPortSysTickHandler
                0x00001914                alt_irq_register
 .text          0x00001ac4     0x1134 obj/default//D/cs723-assignment1/software/freertos_test/freertos/queue.o
                0x00001ac4                xQueueGenericReset
                0x00001bd8                xQueueGenericCreate
                0x00001cb4                xQueueCreateMutex
                0x00001d78                xQueueGiveMutexRecursive
                0x00001e0c                xQueueTakeMutexRecursive
                0x00001eb4                xQueueCreateCountingSemaphore
                0x00001f10                xQueueGenericSend
                0x000020c0                xQueueGenericSendFromISR
                0x000021a8                xQueueGiveFromISR
                0x00002280                xQueueGenericReceive
                0x000024ac                xQueueReceiveFromISR
                0x00002590                xQueuePeekFromISR
                0x00002610                uxQueueMessagesWaiting
                0x00002650                uxQueueSpacesAvailable
                0x000026a4                uxQueueMessagesWaitingFromISR
                0x000026d4                vQueueDelete
                0x00002a80                xQueueIsQueueEmptyFromISR
                0x00002b1c                xQueueIsQueueFullFromISR
                0x00002b64                vQueueWaitForMessageRestricted
 .text          0x00002bf8     0x1c94 obj/default//D/cs723-assignment1/software/freertos_test/freertos/tasks.o
                0x00002bf8                xTaskGenericCreate
                0x00002dc0                vTaskDelete
                0x00002e98                vTaskDelay
                0x00002f10                vTaskStartScheduler
                0x00002fac                vTaskEndScheduler
                0x00002ff0                vTaskSuspendAll
                0x00003018                xTaskResumeAll
                0x00003168                xTaskGetTickCount
                0x00003190                xTaskGetTickCountFromISR
                0x000031bc                uxTaskGetNumberOfTasks
                0x000031dc                xTaskIncrementTick
                0x000033b8                vTaskSwitchContext
                0x000034e8                vTaskPlaceOnEventList
                0x00003548                vTaskPlaceOnUnorderedEventList
                0x000035bc                vTaskPlaceOnEventListRestricted
                0x0000361c                xTaskRemoveFromEventList
                0x00003704                xTaskRemoveFromUnorderedEventList
                0x000037d4                vTaskSetTimeOutState
                0x0000380c                xTaskCheckForTimeOut
                0x000038d0                vTaskMissedYield
                0x00003d50                uxTaskGetStackHighWaterMark
                0x00003e6c                xTaskGetCurrentTaskHandle
                0x00003e94                xTaskGetSchedulerState
                0x00003ee8                vTaskPriorityInherit
                0x00004018                xTaskPriorityDisinherit
                0x00004114                vTaskEnterCritical
                0x00004168                vTaskExitCritical
                0x000041d0                uxTaskResetEventItemValue
                0x00004214                pvTaskIncrementMutexHeldCount
                0x00004250                ulTaskNotifyTake
                0x00004328                xTaskNotifyWait
                0x00004434                xTaskNotify
                0x000045bc                xTaskNotifyFromISR
                0x0000477c                vTaskNotifyGiveFromISR
 .text          0x0000488c      0x8b0 obj/default//D/cs723-assignment1/software/freertos_test/freertos/timers.o
                0x0000488c                xTimerCreateTimerTask
                0x000048fc                xTimerCreate
                0x000049ac                xTimerGenericCommand
                0x00004a74                pcTimerGetTimerName
                0x000050c0                xTimerIsTimerActive
                0x0000510c                pvTimerGetTimerID
 .text          0x0000513c      0x150 obj/default//D/cs723-assignment1/software/freertos_test/freertos_test.o
                0x0000513c                freq_relay
                0x00005218                initOSDataStructs
                0x00005250                main
 .text          0x0000528c        0x0 obj/default//D/cs723-assignment1/software/freertos_test/freertos/port_asm.o
 .text          0x0000528c      0x258 c:/altera/13.0/nios2eds/bin/gnu/h-i686-mingw32/bin/../lib/gcc/nios2-elf/4.1.2\libgcc.a(_div_df.o)
                0x0000528c                __divdf3
 .text          0x000054e4       0xf8 c:/altera/13.0/nios2eds/bin/gnu/h-i686-mingw32/bin/../lib/gcc/nios2-elf/4.1.2\libgcc.a(_si_to_df.o)
                0x000054e4                __floatsidf
 .text          0x000055dc        0x0 c:/altera/13.0/nios2eds/bin/gnu/h-i686-mingw32/bin/../lib/gcc/nios2-elf/4.1.2\libgcc.a(_thenan_df.o)
 .text          0x000055dc       0x80 c:/altera/13.0/nios2eds/bin/gnu/h-i686-mingw32/bin/../lib/gcc/nios2-elf/4.1.2\libgcc.a(_clzsi2.o)
                0x000055dc                __clzsi2
 .text          0x0000565c      0x314 c:/altera/13.0/nios2eds/bin/gnu/h-i686-mingw32/bin/../lib/gcc/nios2-elf/4.1.2\libgcc.a(_pack_df.o)
                0x0000565c                __pack_d
 .text          0x00005970      0x138 c:/altera/13.0/nios2eds/bin/gnu/h-i686-mingw32/bin/../lib/gcc/nios2-elf/4.1.2\libgcc.a(_unpack_df.o)
                0x00005970                __unpack_d
 .text          0x00005aa8        0x0 c:/altera/13.0/nios2eds/bin/gnu/h-i686-mingw32/bin/../lib/gcc/nios2-elf/4.1.2\libgcc.a(_clz.o)
 .text          0x00005aa8       0x74 c:/altera/13.0/nios2eds/bin/gnu/h-i686-mingw32/bin/../lib/gcc/nios2-elf/4.1.2/../../../../nios2-elf/lib\libc.a(lib_a-memcmp.o)
                0x00005aa8                memcmp
 .text          0x00005b1c       0xa0 c:/altera/13.0/nios2eds/bin/gnu/h-i686-mingw32/bin/../lib/gcc/nios2-elf/4.1.2/../../../../nios2-elf/lib\libc.a(lib_a-memcpy.o)
                0x00005b1c                memcpy
 .text          0x00005bbc       0x98 c:/altera/13.0/nios2eds/bin/gnu/h-i686-mingw32/bin/../lib/gcc/nios2-elf/4.1.2/../../../../nios2-elf/lib\libc.a(lib_a-memset.o)
                0x00005bbc                memset
 .text          0x00005c54       0x78 c:/altera/13.0/nios2eds/bin/gnu/h-i686-mingw32/bin/../lib/gcc/nios2-elf/4.1.2/../../../../nios2-elf/lib\libc.a(lib_a-printf.o)
                0x00005c54                printf
                0x00005c98                _printf_r
 .text          0x00005ccc       0xb4 c:/altera/13.0/nios2eds/bin/gnu/h-i686-mingw32/bin/../lib/gcc/nios2-elf/4.1.2/../../../../nios2-elf/lib\libc.a(lib_a-puts.o)
                0x00005ccc                _puts_r
                0x00005d6c                puts
 .text          0x00005d80       0x74 c:/altera/13.0/nios2eds/bin/gnu/h-i686-mingw32/bin/../lib/gcc/nios2-elf/4.1.2/../../../../nios2-elf/lib\libc.a(lib_a-strlen.o)
                0x00005d80                strlen
 .text          0x00005df4     0x1f28 c:/altera/13.0/nios2eds/bin/gnu/h-i686-mingw32/bin/../lib/gcc/nios2-elf/4.1.2/../../../../nios2-elf/lib\libc.a(lib_a-vfprintf.o)
                0x00005e4c                ___vfprintf_internal_r
                0x00007cf8                __vfprintf_internal
 .text          0x00007d1c      0x13c c:/altera/13.0/nios2eds/bin/gnu/h-i686-mingw32/bin/../lib/gcc/nios2-elf/4.1.2/../../../../nios2-elf/lib\libc.a(lib_a-wsetup.o)
                0x00007d1c                __swsetup_r
 .text          0x00007e58     0x17cc c:/altera/13.0/nios2eds/bin/gnu/h-i686-mingw32/bin/../lib/gcc/nios2-elf/4.1.2/../../../../nios2-elf/lib\libc.a(lib_a-dtoa.o)
                0x00008070                _dtoa_r
 .text          0x00009624      0x230 c:/altera/13.0/nios2eds/bin/gnu/h-i686-mingw32/bin/../lib/gcc/nios2-elf/4.1.2/../../../../nios2-elf/lib\libc.a(lib_a-fflush.o)
                0x00009624                _fflush_r
                0x00009820                fflush
 .text          0x00009854      0x2c0 c:/altera/13.0/nios2eds/bin/gnu/h-i686-mingw32/bin/../lib/gcc/nios2-elf/4.1.2/../../../../nios2-elf/lib\libc.a(lib_a-findfp.o)
                0x000098ac                __sfp_lock_acquire
                0x000098b0                __sfp_lock_release
                0x000098b4                __sinit_lock_acquire
                0x000098b8                __sinit_lock_release
                0x000098bc                __sinit
                0x00009970                __fp_unlock_all
                0x00009988                __fp_lock_all
                0x000099a0                _cleanup_r
                0x000099ac                _cleanup
                0x000099bc                __sfmoreglue
                0x00009a24                __sfp
 .text          0x00009b14      0x440 c:/altera/13.0/nios2eds/bin/gnu/h-i686-mingw32/bin/../lib/gcc/nios2-elf/4.1.2/../../../../nios2-elf/lib\libc.a(lib_a-freer.o)
                0x00009b14                _malloc_trim_r
                0x00009c40                _free_r
 .text          0x00009f54      0x49c c:/altera/13.0/nios2eds/bin/gnu/h-i686-mingw32/bin/../lib/gcc/nios2-elf/4.1.2/../../../../nios2-elf/lib\libc.a(lib_a-fvwrite.o)
                0x00009f54                __sfvwrite_r
 .text          0x0000a3f0      0x180 c:/altera/13.0/nios2eds/bin/gnu/h-i686-mingw32/bin/../lib/gcc/nios2-elf/4.1.2/../../../../nios2-elf/lib\libc.a(lib_a-fwalk.o)
                0x0000a3f0                _fwalk_reent
                0x0000a4b8                _fwalk
 .text          0x0000a570        0x0 c:/altera/13.0/nios2eds/bin/gnu/h-i686-mingw32/bin/../lib/gcc/nios2-elf/4.1.2/../../../../nios2-elf/lib\libc.a(lib_a-impure.o)
 .text          0x0000a570       0xc4 c:/altera/13.0/nios2eds/bin/gnu/h-i686-mingw32/bin/../lib/gcc/nios2-elf/4.1.2/../../../../nios2-elf/lib\libc.a(lib_a-locale.o)
                0x0000a570                __locale_charset
                0x0000a578                _localeconv_r
                0x0000a584                localeconv
                0x0000a594                _setlocale_r
                0x0000a618                setlocale
 .text          0x0000a634      0x194 c:/altera/13.0/nios2eds/bin/gnu/h-i686-mingw32/bin/../lib/gcc/nios2-elf/4.1.2/../../../../nios2-elf/lib\libc.a(lib_a-makebuf.o)
                0x0000a634                __smakebuf_r
 .text          0x0000a7c8      0x740 c:/altera/13.0/nios2eds/bin/gnu/h-i686-mingw32/bin/../lib/gcc/nios2-elf/4.1.2/../../../../nios2-elf/lib\libc.a(lib_a-mallocr.o)
                0x0000a7c8                _malloc_r
 .text          0x0000af08       0xe4 c:/altera/13.0/nios2eds/bin/gnu/h-i686-mingw32/bin/../lib/gcc/nios2-elf/4.1.2/../../../../nios2-elf/lib\libc.a(lib_a-memchr.o)
                0x0000af08                memchr
 .text          0x0000afec       0xe0 c:/altera/13.0/nios2eds/bin/gnu/h-i686-mingw32/bin/../lib/gcc/nios2-elf/4.1.2/../../../../nios2-elf/lib\libc.a(lib_a-memmove.o)
                0x0000afec                memmove
 .text          0x0000b0cc      0xff4 c:/altera/13.0/nios2eds/bin/gnu/h-i686-mingw32/bin/../lib/gcc/nios2-elf/4.1.2/../../../../nios2-elf/lib\libc.a(lib_a-mprec.o)
                0x0000b0cc                _Bfree
                0x0000b0f4                __hi0bits
                0x0000b164                __lo0bits
                0x0000b228                __mcmp
                0x0000b288                __ulp
                0x0000b308                __b2d
                0x0000b428                __ratio
                0x0000b4d8                _mprec_log10
                0x0000b56c                __copybits
                0x0000b5c4                __any_on
                0x0000b64c                _Balloc
                0x0000b708                __d2b
                0x0000b884                __mdiff
                0x0000ba10                __lshift
                0x0000bb5c                __multiply
                0x0000bd44                __i2b
                0x0000bd80                __multadd
                0x0000be80                __pow5mult
                0x0000bfa0                __s2b
 .text          0x0000c0c0      0x5f4 c:/altera/13.0/nios2eds/bin/gnu/h-i686-mingw32/bin/../lib/gcc/nios2-elf/4.1.2/../../../../nios2-elf/lib\libc.a(lib_a-reallocr.o)
                0x0000c0c0                _realloc_r
 .text          0x0000c6b4       0x40 c:/altera/13.0/nios2eds/bin/gnu/h-i686-mingw32/bin/../lib/gcc/nios2-elf/4.1.2/../../../../nios2-elf/lib\libc.a(lib_a-s_isinfd.o)
                0x0000c6b4                __isinfd
 .text          0x0000c6f4       0x30 c:/altera/13.0/nios2eds/bin/gnu/h-i686-mingw32/bin/../lib/gcc/nios2-elf/4.1.2/../../../../nios2-elf/lib\libc.a(lib_a-s_isnand.o)
                0x0000c6f4                __isnand
 .text          0x0000c724       0x70 c:/altera/13.0/nios2eds/bin/gnu/h-i686-mingw32/bin/../lib/gcc/nios2-elf/4.1.2/../../../../nios2-elf/lib\libc.a(lib_a-sbrkr.o)
                0x0000c724                _sbrk_r
 .text          0x0000c794      0x14c c:/altera/13.0/nios2eds/bin/gnu/h-i686-mingw32/bin/../lib/gcc/nios2-elf/4.1.2/../../../../nios2-elf/lib\libc.a(lib_a-stdio.o)
                0x0000c794                __sclose
                0x0000c79c                __sseek
                0x0000c804                __swrite
                0x0000c880                __sread
 .text          0x0000c8e0       0xbc c:/altera/13.0/nios2eds/bin/gnu/h-i686-mingw32/bin/../lib/gcc/nios2-elf/4.1.2/../../../../nios2-elf/lib\libc.a(lib_a-strcmp.o)
                0x0000c8e0                strcmp
 .text          0x0000c99c       0x78 c:/altera/13.0/nios2eds/bin/gnu/h-i686-mingw32/bin/../lib/gcc/nios2-elf/4.1.2/../../../../nios2-elf/lib\libc.a(lib_a-writer.o)
                0x0000c99c                _write_r
 .text          0x0000ca14       0xb4 c:/altera/13.0/nios2eds/bin/gnu/h-i686-mingw32/bin/../lib/gcc/nios2-elf/4.1.2/../../../../nios2-elf/lib\libc.a(lib_a-callocr.o)
                0x0000ca14                _calloc_r
 .text          0x0000cac8       0x70 c:/altera/13.0/nios2eds/bin/gnu/h-i686-mingw32/bin/../lib/gcc/nios2-elf/4.1.2/../../../../nios2-elf/lib\libc.a(lib_a-closer.o)
                0x0000cac8                _close_r
 .text          0x0000cb38      0x124 c:/altera/13.0/nios2eds/bin/gnu/h-i686-mingw32/bin/../lib/gcc/nios2-elf/4.1.2/../../../../nios2-elf/lib\libc.a(lib_a-fclose.o)
                0x0000cb38                _fclose_r
                0x0000cc48                fclose
 .text          0x0000cc5c       0x74 c:/altera/13.0/nios2eds/bin/gnu/h-i686-mingw32/bin/../lib/gcc/nios2-elf/4.1.2/../../../../nios2-elf/lib\libc.a(lib_a-fstatr.o)
                0x0000cc5c                _fstat_r
 .text          0x0000ccd0        0x0 c:/altera/13.0/nios2eds/bin/gnu/h-i686-mingw32/bin/../lib/gcc/nios2-elf/4.1.2/../../../../nios2-elf/lib\libc.a(lib_a-int_errno.o)
 .text          0x0000ccd0       0x70 c:/altera/13.0/nios2eds/bin/gnu/h-i686-mingw32/bin/../lib/gcc/nios2-elf/4.1.2/../../../../nios2-elf/lib\libc.a(lib_a-isattyr.o)
                0x0000ccd0                _isatty_r
 .text          0x0000cd40       0x78 c:/altera/13.0/nios2eds/bin/gnu/h-i686-mingw32/bin/../lib/gcc/nios2-elf/4.1.2/../../../../nios2-elf/lib\libc.a(lib_a-lseekr.o)
                0x0000cd40                _lseek_r
 .text          0x0000cdb8       0x78 c:/altera/13.0/nios2eds/bin/gnu/h-i686-mingw32/bin/../lib/gcc/nios2-elf/4.1.2/../../../../nios2-elf/lib\libc.a(lib_a-readr.o)
                0x0000cdb8                _read_r
 .text          0x0000ce30      0x5dc c:/altera/13.0/nios2eds/bin/gnu/h-i686-mingw32/bin/../lib/gcc/nios2-elf/4.1.2\libgcc.a(_udivdi3.o)
                0x0000ce30                __udivdi3
 .text          0x0000d40c      0x5b0 c:/altera/13.0/nios2eds/bin/gnu/h-i686-mingw32/bin/../lib/gcc/nios2-elf/4.1.2\libgcc.a(_umoddi3.o)
                0x0000d40c                __umoddi3
 .text          0x0000d9bc      0x504 c:/altera/13.0/nios2eds/bin/gnu/h-i686-mingw32/bin/../lib/gcc/nios2-elf/4.1.2\libgcc.a(_addsub_df.o)
                0x0000ddcc                __subdf3
                0x0000de4c                __adddf3
 .text          0x0000dec0      0x3c4 c:/altera/13.0/nios2eds/bin/gnu/h-i686-mingw32/bin/../lib/gcc/nios2-elf/4.1.2\libgcc.a(_mul_df.o)
                0x0000dec0                __muldf3
 .text          0x0000e284       0x88 c:/altera/13.0/nios2eds/bin/gnu/h-i686-mingw32/bin/../lib/gcc/nios2-elf/4.1.2\libgcc.a(_eq_df.o)
                0x0000e284                __eqdf2
 .text          0x0000e30c       0x88 c:/altera/13.0/nios2eds/bin/gnu/h-i686-mingw32/bin/../lib/gcc/nios2-elf/4.1.2\libgcc.a(_ne_df.o)
                0x0000e30c                __nedf2
 .text          0x0000e394       0x88 c:/altera/13.0/nios2eds/bin/gnu/h-i686-mingw32/bin/../lib/gcc/nios2-elf/4.1.2\libgcc.a(_gt_df.o)
                0x0000e394                __gtdf2
 .text          0x0000e41c       0x88 c:/altera/13.0/nios2eds/bin/gnu/h-i686-mingw32/bin/../lib/gcc/nios2-elf/4.1.2\libgcc.a(_ge_df.o)
                0x0000e41c                __gedf2
 .text          0x0000e4a4       0x88 c:/altera/13.0/nios2eds/bin/gnu/h-i686-mingw32/bin/../lib/gcc/nios2-elf/4.1.2\libgcc.a(_lt_df.o)
                0x0000e4a4                __ltdf2
 .text          0x0000e52c       0xd8 c:/altera/13.0/nios2eds/bin/gnu/h-i686-mingw32/bin/../lib/gcc/nios2-elf/4.1.2\libgcc.a(_df_to_si.o)
                0x0000e52c                __fixdfsi
 .text          0x0000e604      0x194 c:/altera/13.0/nios2eds/bin/gnu/h-i686-mingw32/bin/../lib/gcc/nios2-elf/4.1.2\libgcc.a(_usi_to_df.o)
                0x0000e604                __floatunsidf
 .text          0x0000e798      0x14c c:/altera/13.0/nios2eds/bin/gnu/h-i686-mingw32/bin/../lib/gcc/nios2-elf/4.1.2\libgcc.a(lib2-divmod.o)
                0x0000e814                __divsi3
                0x0000e874                __modsi3
                0x0000e8d4                __udivsi3
                0x0000e8dc                __umodsi3
 .text          0x0000e8e4       0x98 c:/altera/13.0/nios2eds/bin/gnu/h-i686-mingw32/bin/../lib/gcc/nios2-elf/4.1.2\libgcc.a(_muldi3.o)
                0x0000e8e4                __muldi3
 .text          0x0000e97c       0xc8 c:/altera/13.0/nios2eds/bin/gnu/h-i686-mingw32/bin/../lib/gcc/nios2-elf/4.1.2\libgcc.a(_fpcmp_parts_df.o)
                0x0000e97c                __fpcmp_parts_d
 .text          0x0000ea44      0x15c D:/cs723-assignment1/software/freertos_test_bsp/\libhal_bsp.a(alt_close.o)
                0x0000ea44                close
 .text          0x0000eba0       0x2c D:/cs723-assignment1/software/freertos_test_bsp/\libhal_bsp.a(alt_dev.o)
 .text          0x0000ebcc        0x0 D:/cs723-assignment1/software/freertos_test_bsp/\libhal_bsp.a(alt_errno.o)
 .text          0x0000ebcc      0x134 D:/cs723-assignment1/software/freertos_test_bsp/\libhal_bsp.a(alt_fstat.o)
                0x0000ebcc                fstat
 .text          0x0000ed00        0x0 D:/cs723-assignment1/software/freertos_test_bsp/\libhal_bsp.a(alt_irq_handler.o)
 .text          0x0000ed00        0x0 D:/cs723-assignment1/software/freertos_test_bsp/\libhal_bsp.a(alt_irq_vars.o)
 .text          0x0000ed00      0x120 D:/cs723-assignment1/software/freertos_test_bsp/\libhal_bsp.a(alt_isatty.o)
                0x0000ed00                isatty
 .text          0x0000ee20      0x150 D:/cs723-assignment1/software/freertos_test_bsp/\libhal_bsp.a(alt_lseek.o)
                0x0000ee20                lseek
 .text          0x0000ef70       0x6c D:/cs723-assignment1/software/freertos_test_bsp/\libhal_bsp.a(alt_main.o)
                0x0000ef70                alt_main
 .text          0x0000efdc       0x40 D:/cs723-assignment1/software/freertos_test_bsp/\libhal_bsp.a(alt_malloc_lock.o)
                0x0000efdc                __malloc_lock
                0x0000effc                __malloc_unlock
 .text          0x0000f01c      0x180 D:/cs723-assignment1/software/freertos_test_bsp/\libhal_bsp.a(alt_read.o)
                0x0000f01c                read
 .text          0x0000f19c       0x60 D:/cs723-assignment1/software/freertos_test_bsp/\libhal_bsp.a(alt_release_fd.o)
                0x0000f19c                alt_release_fd
 .text          0x0000f1fc       0xbc D:/cs723-assignment1/software/freertos_test_bsp/\libhal_bsp.a(alt_sbrk.o)
                0x0000f1fc                sbrk
 .text          0x0000f2b8      0x180 D:/cs723-assignment1/software/freertos_test_bsp/\libhal_bsp.a(alt_write.o)
                0x0000f2b8                write
 .text          0x0000f438      0x3d8 D:/cs723-assignment1/software/freertos_test_bsp/\libhal_bsp.a(alt_sys_init.o)
                0x0000f438                alt_irq_init
                0x0000f46c                alt_sys_init
 .text          0x0000f810      0x8d8 D:/cs723-assignment1/software/freertos_test_bsp/\libhal_bsp.a(altera_avalon_cfi_flash.o)
                0x0000f810                alt_flash_cfi_init
                0x0000f8e4                alt_flash_cfi_write
                0x0000fba4                alt_flash_cfi_get_info
                0x0000fc34                alt_flash_cfi_read
                0x0000fc9c                alt_write_value_to_flash
                0x0000fe00                alt_flash_program_block
 .text          0x000100e8     0x14a8 D:/cs723-assignment1/software/freertos_test_bsp/\libhal_bsp.a(altera_avalon_cfi_flash_table.o)
                0x000100e8                alt_read_query_entry_8bit
                0x00010128                alt_read_query_entry_16bit
                0x0001016c                alt_read_query_entry_32bit
                0x000101b4                alt_write_flash_command_8bit_device_8bit_mode
                0x000101f0                alt_write_flash_command_16bit_device_8bit_mode
                0x0001026c                alt_write_flash_command_32bit_device_8bit_mode
                0x000102b4                alt_write_flash_command_16bit_device_16bit_mode
                0x000102f8                alt_write_flash_command_32bit_device_16bit_mode
                0x00010340                alt_write_flash_command_32bit_device_32bit_mode
                0x00010388                alt_write_native_8bit
                0x000103bc                alt_write_native_16bit
                0x000103f0                alt_write_native_32bit
                0x00010420                alt_set_flash_width_func
                0x00010600                alt_set_flash_algorithm_func
                0x00010728                alt_read_cfi_table
                0x00010d08                alt_read_cfi_width
                0x000114b4                alt_check_primary_table
 .text          0x00011590      0x148 D:/cs723-assignment1/software/freertos_test_bsp/\libhal_bsp.a(altera_avalon_jtag_uart_fd.o)
                0x00011590                altera_avalon_jtag_uart_read_fd
                0x000115e8                altera_avalon_jtag_uart_write_fd
                0x00011640                altera_avalon_jtag_uart_close_fd
                0x00011688                altera_avalon_jtag_uart_ioctl_fd
 .text          0x000116d8      0x408 D:/cs723-assignment1/software/freertos_test_bsp/\libhal_bsp.a(altera_avalon_jtag_uart_init.o)
                0x000116d8                altera_avalon_jtag_uart_init
                0x00011a6c                altera_avalon_jtag_uart_close
 .text          0x00011ae0       0xf4 D:/cs723-assignment1/software/freertos_test_bsp/\libhal_bsp.a(altera_avalon_jtag_uart_ioctl.o)
                0x00011ae0                altera_avalon_jtag_uart_ioctl
 .text          0x00011bd4      0x224 D:/cs723-assignment1/software/freertos_test_bsp/\libhal_bsp.a(altera_avalon_jtag_uart_read.o)
                0x00011bd4                altera_avalon_jtag_uart_read
 .text          0x00011df8      0x240 D:/cs723-assignment1/software/freertos_test_bsp/\libhal_bsp.a(altera_avalon_jtag_uart_write.o)
                0x00011df8                altera_avalon_jtag_uart_write
 .text          0x00012038      0xee0 D:/cs723-assignment1/software/freertos_test_bsp/\libhal_bsp.a(altera_avalon_lcd_16207.o)
                0x0001280c                altera_avalon_lcd_16207_write
                0x00012ddc                altera_avalon_lcd_16207_init
 .text          0x00012f18       0x58 D:/cs723-assignment1/software/freertos_test_bsp/\libhal_bsp.a(altera_avalon_lcd_16207_fd.o)
                0x00012f18                altera_avalon_lcd_16207_write_fd
 .text          0x00012f70       0xfc D:/cs723-assignment1/software/freertos_test_bsp/\libhal_bsp.a(altera_avalon_timer_sc.o)
                0x00012fe4                alt_avalon_timer_sc_init
 .text          0x0001306c       0xf8 D:/cs723-assignment1/software/freertos_test_bsp/\libhal_bsp.a(altera_avalon_uart_fd.o)
                0x0001306c                altera_avalon_uart_read_fd
                0x000130c4                altera_avalon_uart_write_fd
                0x0001311c                altera_avalon_uart_close_fd
 .text          0x00013164      0x3fc D:/cs723-assignment1/software/freertos_test_bsp/\libhal_bsp.a(altera_avalon_uart_init.o)
                0x00013164                altera_avalon_uart_init
                0x00013500                altera_avalon_uart_close
 .text          0x00013560      0x290 D:/cs723-assignment1/software/freertos_test_bsp/\libhal_bsp.a(altera_avalon_uart_read.o)
                0x00013560                altera_avalon_uart_read
 .text          0x000137f0      0x228 D:/cs723-assignment1/software/freertos_test_bsp/\libhal_bsp.a(altera_avalon_uart_write.o)
                0x000137f0                altera_avalon_uart_write
 .text          0x00013a18      0x700 D:/cs723-assignment1/software/freertos_test_bsp/\libhal_bsp.a(altera_up_avalon_ps2.o)
                0x00013a18                read_RI_bit
                0x00013a4c                read_RE_bit
                0x00013a7c                read_CE_bit
                0x00013ab0                read_num_bytes_available
                0x00013ae4                read_data_valid
                0x00013b18                read_data_byte
                0x00013b44                alt_up_ps2_init
                0x00013c10                alt_up_ps2_enable_read_interrupt
                0x00013c64                alt_up_ps2_disable_read_interrupt
                0x00013cbc                alt_up_ps2_write_data_byte
                0x00013d34                alt_up_ps2_wait_for_ack
                0x00013da4                alt_up_ps2_write_data_byte_with_ack
                0x00013e10                alt_up_ps2_read_data_byte_timeout
                0x00013ec0                alt_up_ps2_read_data_byte
                0x00013f3c                alt_up_ps2_clear_fifo
                0x00013f94                alt_up_ps2_read_fd
                0x00014030                alt_up_ps2_write_fd
                0x000140d8                alt_up_ps2_open_dev
 .text          0x00014118      0x304 D:/cs723-assignment1/software/freertos_test_bsp/\libhal_bsp.a(altera_up_avalon_video_character_buffer_with_dma.o)
                0x00014118                alt_up_char_buffer_init
                0x0001419c                alt_up_char_buffer_open_dev
                0x000141dc                alt_up_char_buffer_draw
                0x000142ac                alt_up_char_buffer_string
                0x000143c0                alt_up_char_buffer_clear
 .text          0x0001441c      0x154 D:/cs723-assignment1/software/freertos_test_bsp/\libhal_bsp.a(alt_alarm_start.o)
                0x0001441c                alt_alarm_start
 .text          0x00014570       0x78 D:/cs723-assignment1/software/freertos_test_bsp/\libhal_bsp.a(alt_dcache_flush.o)
                0x00014570                alt_dcache_flush
 .text          0x000145e8      0x114 D:/cs723-assignment1/software/freertos_test_bsp/\libhal_bsp.a(alt_dev_llist_insert.o)
                0x000145e8                alt_dev_llist_insert
 .text          0x000146fc       0x64 D:/cs723-assignment1/software/freertos_test_bsp/\libhal_bsp.a(alt_do_ctors.o)
                0x000146fc                _do_ctors
 .text          0x00014760       0x64 D:/cs723-assignment1/software/freertos_test_bsp/\libhal_bsp.a(alt_do_dtors.o)
                0x00014760                _do_dtors
 .text          0x000147c4       0x94 D:/cs723-assignment1/software/freertos_test_bsp/\libhal_bsp.a(alt_find_dev.o)
                0x000147c4                alt_find_dev
 .text          0x00014858       0xd0 D:/cs723-assignment1/software/freertos_test_bsp/\libhal_bsp.a(alt_flash_dev.o)
                0x00014858                alt_flash_open_dev
                0x000148d4                alt_flash_close_dev
 .text          0x00014928      0x13c D:/cs723-assignment1/software/freertos_test_bsp/\libhal_bsp.a(alt_io_redirect.o)
                0x000149ec                alt_io_redirect
 .text          0x00014a64      0x2c4 D:/cs723-assignment1/software/freertos_test_bsp/\libhal_bsp.a(alt_open.o)
                0x00014b40                open
 .text          0x00014d28      0x1a4 D:/cs723-assignment1/software/freertos_test_bsp/\libhal_bsp.a(alt_tick.o)
                0x00014d28                alt_alarm_stop
                0x00014dc0                alt_tick
 .text          0x00014ecc       0x30 D:/cs723-assignment1/software/freertos_test_bsp/\libhal_bsp.a(alt_usleep.o)
                0x00014ecc                usleep
 .text          0x00014efc       0x20 D:/cs723-assignment1/software/freertos_test_bsp/\libhal_bsp.a(altera_nios2_qsys_irq.o)
                0x00014efc                altera_nios2_qsys_irq_init
 .text          0x00014f1c      0x460 D:/cs723-assignment1/software/freertos_test_bsp/\libhal_bsp.a(altera_avalon_cfi_flash_amd.o)
                0x00014f1c                alt_program_amd
                0x00014f84                alt_erase_block_amd
 .text          0x0001537c      0x460 D:/cs723-assignment1/software/freertos_test_bsp/\libhal_bsp.a(altera_avalon_cfi_flash_intel.o)
                0x0001537c                alt_program_intel
                0x00015400                alt_erase_block_intel
 .text          0x000157dc      0x12c D:/cs723-assignment1/software/freertos_test_bsp/\libhal_bsp.a(alt_busy_sleep.o)
                0x000157dc                alt_busy_sleep
 .text          0x00015908      0x120 D:/cs723-assignment1/software/freertos_test_bsp/\libhal_bsp.a(alt_find_file.o)
                0x00015908                alt_find_file
 .text          0x00015a28       0xb8 D:/cs723-assignment1/software/freertos_test_bsp/\libhal_bsp.a(alt_get_fd.o)
                0x00015a28                alt_get_fd
 .text          0x00015ae0       0x14 c:/altera/13.0/nios2eds/bin/gnu/h-i686-mingw32/bin/../lib/gcc/nios2-elf/4.1.2/../../../../nios2-elf/lib\libc.a(lib_a-atexit.o)
                0x00015ae0                atexit
 .text          0x00015af4        0x0 c:/altera/13.0/nios2eds/bin/gnu/h-i686-mingw32/bin/../lib/gcc/nios2-elf/4.1.2/../../../../nios2-elf/lib\libc.a(lib_a-ctype_.o)
 .text          0x00015af4       0x38 c:/altera/13.0/nios2eds/bin/gnu/h-i686-mingw32/bin/../lib/gcc/nios2-elf/4.1.2/../../../../nios2-elf/lib\libc.a(lib_a-exit.o)
                0x00015af4                exit
 .text          0x00015b2c      0x134 c:/altera/13.0/nios2eds/bin/gnu/h-i686-mingw32/bin/../lib/gcc/nios2-elf/4.1.2/../../../../nios2-elf/lib\libc.a(lib_a-__atexit.o)
                0x00015b2c                __register_exitproc
 .text          0x00015c60      0x1b4 c:/altera/13.0/nios2eds/bin/gnu/h-i686-mingw32/bin/../lib/gcc/nios2-elf/4.1.2/../../../../nios2-elf/lib\libc.a(lib_a-__call_atexit.o)
                0x00015c64                __call_exitprocs
 .text          0x00015e14       0x60 D:/cs723-assignment1/software/freertos_test_bsp/\libhal_bsp.a(alt_exit.o)
                0x00015e54                _exit
 *(.gnu.warning.*)
 *(.fini)
                0x00015e74                PROVIDE (__etext, ABSOLUTE (.))
                0x00015e74                PROVIDE (_etext, ABSOLUTE (.))
                0x00015e74                PROVIDE (etext, ABSOLUTE (.))
 *(.eh_frame_hdr)
                0x00015e74                . = ALIGN (0x4)
                0x00015e74                PROVIDE (__preinit_array_start, ABSOLUTE (.))
 *(.preinit_array)
                0x00015e74                PROVIDE (__preinit_array_end, ABSOLUTE (.))
                0x00015e74                PROVIDE (__init_array_start, ABSOLUTE (.))
 *(.init_array)
                0x00015e74                PROVIDE (__init_array_end, ABSOLUTE (.))
                0x00015e74                PROVIDE (__fini_array_start, ABSOLUTE (.))
 *(.fini_array)
                0x00015e74                PROVIDE (__fini_array_end, ABSOLUTE (.))
 *(.eh_frame)
 *(.gcc_except_table)
 *(.dynamic)
                0x00015e74                PROVIDE (__CTOR_LIST__, ABSOLUTE (.))
 *(.ctors)
 *(SORT(.ctors.*))
 .ctors.65535   0x00015e74        0x4 c:/altera/13.0/nios2eds/bin/gnu/h-i686-mingw32/bin/../lib/gcc/nios2-elf/4.1.2/../../../../nios2-elf/lib\libc.a(lib_a-__call_atexit.o)
                0x00015e78                PROVIDE (__CTOR_END__, ABSOLUTE (.))
                0x00015e78                PROVIDE (__DTOR_LIST__, ABSOLUTE (.))
 *(.dtors)
 *(SORT(.dtors.*))
                0x00015e78                PROVIDE (__DTOR_END__, ABSOLUTE (.))
 *(.jcr)
                0x00015e78                . = ALIGN (0x4)

.rodata         0x08000000      0x718
                0x08000000                PROVIDE (__ram_rodata_start, ABSOLUTE (.))
                0x08000000                . = ALIGN (0x4)
 *(.rodata .rodata.* .gnu.linkonce.r.*)
 .rodata        0x08000000       0x34 obj/default//D/cs723-assignment1/software/freertos_test/freertos/port.o
 .rodata        0x08000034       0x1c obj/default//D/cs723-assignment1/software/freertos_test/freertos/tasks.o
 .rodata        0x08000050        0x8 obj/default//D/cs723-assignment1/software/freertos_test/freertos/timers.o
 .rodata        0x08000058       0x44 obj/default//D/cs723-assignment1/software/freertos_test/freertos_test.o
 .rodata        0x0800009c       0x14 c:/altera/13.0/nios2eds/bin/gnu/h-i686-mingw32/bin/../lib/gcc/nios2-elf/4.1.2\libgcc.a(_thenan_df.o)
                0x0800009c                __thenan_df
 .rodata        0x080000b0      0x100 c:/altera/13.0/nios2eds/bin/gnu/h-i686-mingw32/bin/../lib/gcc/nios2-elf/4.1.2\libgcc.a(_clz.o)
                0x080000b0                __clz_tab
 .rodata.str1.4
                0x080001b0        0x2 c:/altera/13.0/nios2eds/bin/gnu/h-i686-mingw32/bin/../lib/gcc/nios2-elf/4.1.2/../../../../nios2-elf/lib\libc.a(lib_a-puts.o)
                                  0x4 (size before relaxing)
 *fill*         0x080001b2        0x2 00
 .rodata.str1.4
                0x080001b4       0x5e c:/altera/13.0/nios2eds/bin/gnu/h-i686-mingw32/bin/../lib/gcc/nios2-elf/4.1.2/../../../../nios2-elf/lib\libc.a(lib_a-vfprintf.o)
                                 0x60 (size before relaxing)
 *fill*         0x08000212        0x2 00
 .rodata        0x08000214       0x20 c:/altera/13.0/nios2eds/bin/gnu/h-i686-mingw32/bin/../lib/gcc/nios2-elf/4.1.2/../../../../nios2-elf/lib\libc.a(lib_a-vfprintf.o)
 .rodata.str1.4
                0x08000234       0x10 c:/altera/13.0/nios2eds/bin/gnu/h-i686-mingw32/bin/../lib/gcc/nios2-elf/4.1.2/../../../../nios2-elf/lib\libc.a(lib_a-dtoa.o)
                                 0x14 (size before relaxing)
 .rodata.str1.4
                0x08000244        0x2 c:/altera/13.0/nios2eds/bin/gnu/h-i686-mingw32/bin/../lib/gcc/nios2-elf/4.1.2/../../../../nios2-elf/lib\libc.a(lib_a-impure.o)
                                  0x4 (size before relaxing)
 *fill*         0x08000246        0x2 00
 .rodata.str1.4
                0x08000248       0x10 c:/altera/13.0/nios2eds/bin/gnu/h-i686-mingw32/bin/../lib/gcc/nios2-elf/4.1.2/../../../../nios2-elf/lib\libc.a(lib_a-locale.o)
                                 0x18 (size before relaxing)
 .rodata        0x08000258       0x30 c:/altera/13.0/nios2eds/bin/gnu/h-i686-mingw32/bin/../lib/gcc/nios2-elf/4.1.2/../../../../nios2-elf/lib\libc.a(lib_a-locale.o)
 .rodata        0x08000288      0x124 c:/altera/13.0/nios2eds/bin/gnu/h-i686-mingw32/bin/../lib/gcc/nios2-elf/4.1.2/../../../../nios2-elf/lib\libc.a(lib_a-mprec.o)
                0x08000288                __mprec_tens
                0x08000350                __mprec_bigtens
                0x08000378                __mprec_tinytens
 .rodata        0x080003ac        0xc D:/cs723-assignment1/software/freertos_test_bsp/\libhal_bsp.a(alt_dev.o)
 .rodata        0x080003b8       0x10 D:/cs723-assignment1/software/freertos_test_bsp/\libhal_bsp.a(alt_main.o)
 .rodata        0x080003c8       0xb0 D:/cs723-assignment1/software/freertos_test_bsp/\libhal_bsp.a(alt_sys_init.o)
 .rodata        0x08000478       0x1c D:/cs723-assignment1/software/freertos_test_bsp/\libhal_bsp.a(altera_up_avalon_video_character_buffer_with_dma.o)
 .rodata        0x08000494      0x284 c:/altera/13.0/nios2eds/bin/gnu/h-i686-mingw32/bin/../lib/gcc/nios2-elf/4.1.2/../../../../nios2-elf/lib\libc.a(lib_a-ctype_.o)
                0x08000494                _ctype_
 *(.rodata1)
                0x08000718                . = ALIGN (0x4)
                0x08000718                PROVIDE (__ram_rodata_end, ABSOLUTE (.))
                0x08000000                PROVIDE (__flash_rodata_start, LOADADDR (.rodata))

.rwdata         0x08000718     0x1e0c
                0x08000718                PROVIDE (__ram_rwdata_start, ABSOLUTE (.))
                0x08000718                . = ALIGN (0x4)
 *(.got.plt)
 *(.got)
 *(.data1)
 *(.data .data.* .gnu.linkonce.d.*)
 .data          0x08000718        0x0 D:/cs723-assignment1/software/freertos_test_bsp//obj/HAL/src/crt0.o
 .data          0x08000718        0x0 obj/default//D/cs723-assignment1/software/freertos_test/freertos/croutine.o
 .data          0x08000718        0x0 obj/default//D/cs723-assignment1/software/freertos_test/freertos/event_groups.o
 .data          0x08000718        0x0 obj/default//D/cs723-assignment1/software/freertos_test/freertos/heap.o
 .data          0x08000718        0x0 obj/default//D/cs723-assignment1/software/freertos_test/freertos/list.o
 .data          0x08000718        0x0 obj/default//D/cs723-assignment1/software/freertos_test/freertos/port.o
 .data          0x08000718        0x0 obj/default//D/cs723-assignment1/software/freertos_test/freertos/queue.o
 .data          0x08000718        0x0 obj/default//D/cs723-assignment1/software/freertos_test/freertos/tasks.o
 .data          0x08000718        0x0 obj/default//D/cs723-assignment1/software/freertos_test/freertos/timers.o
 .data          0x08000718        0x0 obj/default//D/cs723-assignment1/software/freertos_test/freertos_test.o
 .data          0x08000718        0x0 obj/default//D/cs723-assignment1/software/freertos_test/freertos/port_asm.o
 .data          0x08000718        0x0 c:/altera/13.0/nios2eds/bin/gnu/h-i686-mingw32/bin/../lib/gcc/nios2-elf/4.1.2\libgcc.a(_div_df.o)
 .data          0x08000718        0x0 c:/altera/13.0/nios2eds/bin/gnu/h-i686-mingw32/bin/../lib/gcc/nios2-elf/4.1.2\libgcc.a(_si_to_df.o)
 .data          0x08000718        0x0 c:/altera/13.0/nios2eds/bin/gnu/h-i686-mingw32/bin/../lib/gcc/nios2-elf/4.1.2\libgcc.a(_thenan_df.o)
 .data          0x08000718        0x0 c:/altera/13.0/nios2eds/bin/gnu/h-i686-mingw32/bin/../lib/gcc/nios2-elf/4.1.2\libgcc.a(_clzsi2.o)
 .data          0x08000718        0x0 c:/altera/13.0/nios2eds/bin/gnu/h-i686-mingw32/bin/../lib/gcc/nios2-elf/4.1.2\libgcc.a(_pack_df.o)
 .data          0x08000718        0x0 c:/altera/13.0/nios2eds/bin/gnu/h-i686-mingw32/bin/../lib/gcc/nios2-elf/4.1.2\libgcc.a(_unpack_df.o)
 .data          0x08000718        0x0 c:/altera/13.0/nios2eds/bin/gnu/h-i686-mingw32/bin/../lib/gcc/nios2-elf/4.1.2\libgcc.a(_clz.o)
 .data          0x08000718        0x0 c:/altera/13.0/nios2eds/bin/gnu/h-i686-mingw32/bin/../lib/gcc/nios2-elf/4.1.2/../../../../nios2-elf/lib\libc.a(lib_a-memcmp.o)
 .data          0x08000718        0x0 c:/altera/13.0/nios2eds/bin/gnu/h-i686-mingw32/bin/../lib/gcc/nios2-elf/4.1.2/../../../../nios2-elf/lib\libc.a(lib_a-memcpy.o)
 .data          0x08000718        0x0 c:/altera/13.0/nios2eds/bin/gnu/h-i686-mingw32/bin/../lib/gcc/nios2-elf/4.1.2/../../../../nios2-elf/lib\libc.a(lib_a-memset.o)
 .data          0x08000718        0x0 c:/altera/13.0/nios2eds/bin/gnu/h-i686-mingw32/bin/../lib/gcc/nios2-elf/4.1.2/../../../../nios2-elf/lib\libc.a(lib_a-printf.o)
 .data          0x08000718        0x0 c:/altera/13.0/nios2eds/bin/gnu/h-i686-mingw32/bin/../lib/gcc/nios2-elf/4.1.2/../../../../nios2-elf/lib\libc.a(lib_a-puts.o)
 .data          0x08000718        0x0 c:/altera/13.0/nios2eds/bin/gnu/h-i686-mingw32/bin/../lib/gcc/nios2-elf/4.1.2/../../../../nios2-elf/lib\libc.a(lib_a-strlen.o)
 .data          0x08000718        0x0 c:/altera/13.0/nios2eds/bin/gnu/h-i686-mingw32/bin/../lib/gcc/nios2-elf/4.1.2/../../../../nios2-elf/lib\libc.a(lib_a-vfprintf.o)
 .data          0x08000718        0x0 c:/altera/13.0/nios2eds/bin/gnu/h-i686-mingw32/bin/../lib/gcc/nios2-elf/4.1.2/../../../../nios2-elf/lib\libc.a(lib_a-wsetup.o)
 .data          0x08000718        0x0 c:/altera/13.0/nios2eds/bin/gnu/h-i686-mingw32/bin/../lib/gcc/nios2-elf/4.1.2/../../../../nios2-elf/lib\libc.a(lib_a-dtoa.o)
 .data          0x08000718        0x0 c:/altera/13.0/nios2eds/bin/gnu/h-i686-mingw32/bin/../lib/gcc/nios2-elf/4.1.2/../../../../nios2-elf/lib\libc.a(lib_a-fflush.o)
 .data          0x08000718        0x0 c:/altera/13.0/nios2eds/bin/gnu/h-i686-mingw32/bin/../lib/gcc/nios2-elf/4.1.2/../../../../nios2-elf/lib\libc.a(lib_a-findfp.o)
 .data          0x08000718        0x0 c:/altera/13.0/nios2eds/bin/gnu/h-i686-mingw32/bin/../lib/gcc/nios2-elf/4.1.2/../../../../nios2-elf/lib\libc.a(lib_a-freer.o)
 .data          0x08000718        0x0 c:/altera/13.0/nios2eds/bin/gnu/h-i686-mingw32/bin/../lib/gcc/nios2-elf/4.1.2/../../../../nios2-elf/lib\libc.a(lib_a-fvwrite.o)
 .data          0x08000718        0x0 c:/altera/13.0/nios2eds/bin/gnu/h-i686-mingw32/bin/../lib/gcc/nios2-elf/4.1.2/../../../../nios2-elf/lib\libc.a(lib_a-fwalk.o)
 .data          0x08000718      0x400 c:/altera/13.0/nios2eds/bin/gnu/h-i686-mingw32/bin/../lib/gcc/nios2-elf/4.1.2/../../../../nios2-elf/lib\libc.a(lib_a-impure.o)
 .data          0x08000b18        0xc c:/altera/13.0/nios2eds/bin/gnu/h-i686-mingw32/bin/../lib/gcc/nios2-elf/4.1.2/../../../../nios2-elf/lib\libc.a(lib_a-locale.o)
                0x08000b18                __lc_ctype
 .data          0x08000b24        0x0 c:/altera/13.0/nios2eds/bin/gnu/h-i686-mingw32/bin/../lib/gcc/nios2-elf/4.1.2/../../../../nios2-elf/lib\libc.a(lib_a-makebuf.o)
 .data          0x08000b24      0x408 c:/altera/13.0/nios2eds/bin/gnu/h-i686-mingw32/bin/../lib/gcc/nios2-elf/4.1.2/../../../../nios2-elf/lib\libc.a(lib_a-mallocr.o)
                0x08000b24                __malloc_av_
 .data          0x08000f2c        0x0 c:/altera/13.0/nios2eds/bin/gnu/h-i686-mingw32/bin/../lib/gcc/nios2-elf/4.1.2/../../../../nios2-elf/lib\libc.a(lib_a-memchr.o)
 .data          0x08000f2c        0x0 c:/altera/13.0/nios2eds/bin/gnu/h-i686-mingw32/bin/../lib/gcc/nios2-elf/4.1.2/../../../../nios2-elf/lib\libc.a(lib_a-memmove.o)
 .data          0x08000f2c        0x0 c:/altera/13.0/nios2eds/bin/gnu/h-i686-mingw32/bin/../lib/gcc/nios2-elf/4.1.2/../../../../nios2-elf/lib\libc.a(lib_a-mprec.o)
 .data          0x08000f2c        0x0 c:/altera/13.0/nios2eds/bin/gnu/h-i686-mingw32/bin/../lib/gcc/nios2-elf/4.1.2/../../../../nios2-elf/lib\libc.a(lib_a-reallocr.o)
 .data          0x08000f2c        0x0 c:/altera/13.0/nios2eds/bin/gnu/h-i686-mingw32/bin/../lib/gcc/nios2-elf/4.1.2/../../../../nios2-elf/lib\libc.a(lib_a-s_isinfd.o)
 .data          0x08000f2c        0x0 c:/altera/13.0/nios2eds/bin/gnu/h-i686-mingw32/bin/../lib/gcc/nios2-elf/4.1.2/../../../../nios2-elf/lib\libc.a(lib_a-s_isnand.o)
 .data          0x08000f2c        0x0 c:/altera/13.0/nios2eds/bin/gnu/h-i686-mingw32/bin/../lib/gcc/nios2-elf/4.1.2/../../../../nios2-elf/lib\libc.a(lib_a-sbrkr.o)
 .data          0x08000f2c        0x0 c:/altera/13.0/nios2eds/bin/gnu/h-i686-mingw32/bin/../lib/gcc/nios2-elf/4.1.2/../../../../nios2-elf/lib\libc.a(lib_a-stdio.o)
 .data          0x08000f2c        0x0 c:/altera/13.0/nios2eds/bin/gnu/h-i686-mingw32/bin/../lib/gcc/nios2-elf/4.1.2/../../../../nios2-elf/lib\libc.a(lib_a-strcmp.o)
 .data          0x08000f2c        0x0 c:/altera/13.0/nios2eds/bin/gnu/h-i686-mingw32/bin/../lib/gcc/nios2-elf/4.1.2/../../../../nios2-elf/lib\libc.a(lib_a-writer.o)
 .data          0x08000f2c        0x0 c:/altera/13.0/nios2eds/bin/gnu/h-i686-mingw32/bin/../lib/gcc/nios2-elf/4.1.2/../../../../nios2-elf/lib\libc.a(lib_a-callocr.o)
 .data          0x08000f2c        0x0 c:/altera/13.0/nios2eds/bin/gnu/h-i686-mingw32/bin/../lib/gcc/nios2-elf/4.1.2/../../../../nios2-elf/lib\libc.a(lib_a-closer.o)
 .data          0x08000f2c        0x0 c:/altera/13.0/nios2eds/bin/gnu/h-i686-mingw32/bin/../lib/gcc/nios2-elf/4.1.2/../../../../nios2-elf/lib\libc.a(lib_a-fclose.o)
 .data          0x08000f2c        0x0 c:/altera/13.0/nios2eds/bin/gnu/h-i686-mingw32/bin/../lib/gcc/nios2-elf/4.1.2/../../../../nios2-elf/lib\libc.a(lib_a-fstatr.o)
 .data          0x08000f2c        0x0 c:/altera/13.0/nios2eds/bin/gnu/h-i686-mingw32/bin/../lib/gcc/nios2-elf/4.1.2/../../../../nios2-elf/lib\libc.a(lib_a-int_errno.o)
 .data          0x08000f2c        0x0 c:/altera/13.0/nios2eds/bin/gnu/h-i686-mingw32/bin/../lib/gcc/nios2-elf/4.1.2/../../../../nios2-elf/lib\libc.a(lib_a-isattyr.o)
 .data          0x08000f2c        0x0 c:/altera/13.0/nios2eds/bin/gnu/h-i686-mingw32/bin/../lib/gcc/nios2-elf/4.1.2/../../../../nios2-elf/lib\libc.a(lib_a-lseekr.o)
 .data          0x08000f2c        0x0 c:/altera/13.0/nios2eds/bin/gnu/h-i686-mingw32/bin/../lib/gcc/nios2-elf/4.1.2/../../../../nios2-elf/lib\libc.a(lib_a-readr.o)
 .data          0x08000f2c        0x0 c:/altera/13.0/nios2eds/bin/gnu/h-i686-mingw32/bin/../lib/gcc/nios2-elf/4.1.2\libgcc.a(_udivdi3.o)
 .data          0x08000f2c        0x0 c:/altera/13.0/nios2eds/bin/gnu/h-i686-mingw32/bin/../lib/gcc/nios2-elf/4.1.2\libgcc.a(_umoddi3.o)
 .data          0x08000f2c        0x0 c:/altera/13.0/nios2eds/bin/gnu/h-i686-mingw32/bin/../lib/gcc/nios2-elf/4.1.2\libgcc.a(_addsub_df.o)
 .data          0x08000f2c        0x0 c:/altera/13.0/nios2eds/bin/gnu/h-i686-mingw32/bin/../lib/gcc/nios2-elf/4.1.2\libgcc.a(_mul_df.o)
 .data          0x08000f2c        0x0 c:/altera/13.0/nios2eds/bin/gnu/h-i686-mingw32/bin/../lib/gcc/nios2-elf/4.1.2\libgcc.a(_eq_df.o)
 .data          0x08000f2c        0x0 c:/altera/13.0/nios2eds/bin/gnu/h-i686-mingw32/bin/../lib/gcc/nios2-elf/4.1.2\libgcc.a(_ne_df.o)
 .data          0x08000f2c        0x0 c:/altera/13.0/nios2eds/bin/gnu/h-i686-mingw32/bin/../lib/gcc/nios2-elf/4.1.2\libgcc.a(_gt_df.o)
 .data          0x08000f2c        0x0 c:/altera/13.0/nios2eds/bin/gnu/h-i686-mingw32/bin/../lib/gcc/nios2-elf/4.1.2\libgcc.a(_ge_df.o)
 .data          0x08000f2c        0x0 c:/altera/13.0/nios2eds/bin/gnu/h-i686-mingw32/bin/../lib/gcc/nios2-elf/4.1.2\libgcc.a(_lt_df.o)
 .data          0x08000f2c        0x0 c:/altera/13.0/nios2eds/bin/gnu/h-i686-mingw32/bin/../lib/gcc/nios2-elf/4.1.2\libgcc.a(_df_to_si.o)
 .data          0x08000f2c        0x0 c:/altera/13.0/nios2eds/bin/gnu/h-i686-mingw32/bin/../lib/gcc/nios2-elf/4.1.2\libgcc.a(_usi_to_df.o)
 .data          0x08000f2c        0x0 c:/altera/13.0/nios2eds/bin/gnu/h-i686-mingw32/bin/../lib/gcc/nios2-elf/4.1.2\libgcc.a(lib2-divmod.o)
 .data          0x08000f2c        0x0 c:/altera/13.0/nios2eds/bin/gnu/h-i686-mingw32/bin/../lib/gcc/nios2-elf/4.1.2\libgcc.a(_muldi3.o)
 .data          0x08000f2c        0x0 c:/altera/13.0/nios2eds/bin/gnu/h-i686-mingw32/bin/../lib/gcc/nios2-elf/4.1.2\libgcc.a(_fpcmp_parts_df.o)
 .data          0x08000f2c        0x0 D:/cs723-assignment1/software/freertos_test_bsp/\libhal_bsp.a(alt_close.o)
 .data          0x08000f2c      0x1a8 D:/cs723-assignment1/software/freertos_test_bsp/\libhal_bsp.a(alt_dev.o)
                0x08000f2c                alt_dev_null
                0x08000f54                alt_fd_list
 .data          0x080010d4        0x0 D:/cs723-assignment1/software/freertos_test_bsp/\libhal_bsp.a(alt_errno.o)
 .data          0x080010d4        0x0 D:/cs723-assignment1/software/freertos_test_bsp/\libhal_bsp.a(alt_fstat.o)
 .data          0x080010d4        0x0 D:/cs723-assignment1/software/freertos_test_bsp/\libhal_bsp.a(alt_irq_handler.o)
 .data          0x080010d4        0x0 D:/cs723-assignment1/software/freertos_test_bsp/\libhal_bsp.a(alt_irq_vars.o)
 .data          0x080010d4        0x0 D:/cs723-assignment1/software/freertos_test_bsp/\libhal_bsp.a(alt_isatty.o)
 .data          0x080010d4        0x0 D:/cs723-assignment1/software/freertos_test_bsp/\libhal_bsp.a(alt_lseek.o)
 .data          0x080010d4        0x0 D:/cs723-assignment1/software/freertos_test_bsp/\libhal_bsp.a(alt_main.o)
 .data          0x080010d4        0x0 D:/cs723-assignment1/software/freertos_test_bsp/\libhal_bsp.a(alt_malloc_lock.o)
 .data          0x080010d4        0x0 D:/cs723-assignment1/software/freertos_test_bsp/\libhal_bsp.a(alt_read.o)
 .data          0x080010d4        0x0 D:/cs723-assignment1/software/freertos_test_bsp/\libhal_bsp.a(alt_release_fd.o)
 .data          0x080010d4        0x0 D:/cs723-assignment1/software/freertos_test_bsp/\libhal_bsp.a(alt_sbrk.o)
 .data          0x080010d4        0x0 D:/cs723-assignment1/software/freertos_test_bsp/\libhal_bsp.a(alt_write.o)
 .data          0x080010d4     0x13f0 D:/cs723-assignment1/software/freertos_test_bsp/\libhal_bsp.a(alt_sys_init.o)
 .data          0x080024c4        0x0 D:/cs723-assignment1/software/freertos_test_bsp/\libhal_bsp.a(altera_avalon_cfi_flash.o)
 .data          0x080024c4        0x0 D:/cs723-assignment1/software/freertos_test_bsp/\libhal_bsp.a(altera_avalon_cfi_flash_table.o)
 .data          0x080024c4        0x0 D:/cs723-assignment1/software/freertos_test_bsp/\libhal_bsp.a(altera_avalon_jtag_uart_fd.o)
 .data          0x080024c4        0x0 D:/cs723-assignment1/software/freertos_test_bsp/\libhal_bsp.a(altera_avalon_jtag_uart_init.o)
 .data          0x080024c4        0x0 D:/cs723-assignment1/software/freertos_test_bsp/\libhal_bsp.a(altera_avalon_jtag_uart_ioctl.o)
 .data          0x080024c4        0x0 D:/cs723-assignment1/software/freertos_test_bsp/\libhal_bsp.a(altera_avalon_jtag_uart_read.o)
 .data          0x080024c4        0x0 D:/cs723-assignment1/software/freertos_test_bsp/\libhal_bsp.a(altera_avalon_jtag_uart_write.o)
 .data          0x080024c4        0x0 D:/cs723-assignment1/software/freertos_test_bsp/\libhal_bsp.a(altera_avalon_lcd_16207.o)
 .data          0x080024c4        0x0 D:/cs723-assignment1/software/freertos_test_bsp/\libhal_bsp.a(altera_avalon_lcd_16207_fd.o)
 .data          0x080024c4        0x0 D:/cs723-assignment1/software/freertos_test_bsp/\libhal_bsp.a(altera_avalon_timer_sc.o)
 .data          0x080024c4        0x0 D:/cs723-assignment1/software/freertos_test_bsp/\libhal_bsp.a(altera_avalon_uart_fd.o)
 .data          0x080024c4        0x0 D:/cs723-assignment1/software/freertos_test_bsp/\libhal_bsp.a(altera_avalon_uart_init.o)
 .data          0x080024c4        0x0 D:/cs723-assignment1/software/freertos_test_bsp/\libhal_bsp.a(altera_avalon_uart_read.o)
 .data          0x080024c4        0x0 D:/cs723-assignment1/software/freertos_test_bsp/\libhal_bsp.a(altera_avalon_uart_write.o)
 .data          0x080024c4        0x0 D:/cs723-assignment1/software/freertos_test_bsp/\libhal_bsp.a(altera_up_avalon_ps2.o)
 .data          0x080024c4        0x0 D:/cs723-assignment1/software/freertos_test_bsp/\libhal_bsp.a(altera_up_avalon_video_character_buffer_with_dma.o)
 .data          0x080024c4        0x0 D:/cs723-assignment1/software/freertos_test_bsp/\libhal_bsp.a(alt_alarm_start.o)
 .data          0x080024c4        0x0 D:/cs723-assignment1/software/freertos_test_bsp/\libhal_bsp.a(alt_dcache_flush.o)
 .data          0x080024c4        0x0 D:/cs723-assignment1/software/freertos_test_bsp/\libhal_bsp.a(alt_dev_llist_insert.o)
 .data          0x080024c4        0x0 D:/cs723-assignment1/software/freertos_test_bsp/\libhal_bsp.a(alt_do_ctors.o)
 .data          0x080024c4        0x0 D:/cs723-assignment1/software/freertos_test_bsp/\libhal_bsp.a(alt_do_dtors.o)
 .data          0x080024c4        0x0 D:/cs723-assignment1/software/freertos_test_bsp/\libhal_bsp.a(alt_find_dev.o)
 .data          0x080024c4        0x0 D:/cs723-assignment1/software/freertos_test_bsp/\libhal_bsp.a(alt_flash_dev.o)
 .data          0x080024c4        0x0 D:/cs723-assignment1/software/freertos_test_bsp/\libhal_bsp.a(alt_io_redirect.o)
 .data          0x080024c4        0x0 D:/cs723-assignment1/software/freertos_test_bsp/\libhal_bsp.a(alt_open.o)
 .data          0x080024c4        0x0 D:/cs723-assignment1/software/freertos_test_bsp/\libhal_bsp.a(alt_tick.o)
 .data          0x080024c4        0x0 D:/cs723-assignment1/software/freertos_test_bsp/\libhal_bsp.a(alt_usleep.o)
 .data          0x080024c4        0x0 D:/cs723-assignment1/software/freertos_test_bsp/\libhal_bsp.a(altera_nios2_qsys_irq.o)
 .data          0x080024c4        0x0 D:/cs723-assignment1/software/freertos_test_bsp/\libhal_bsp.a(altera_avalon_cfi_flash_amd.o)
 .data          0x080024c4        0x0 D:/cs723-assignment1/software/freertos_test_bsp/\libhal_bsp.a(altera_avalon_cfi_flash_intel.o)
 .data          0x080024c4        0x0 D:/cs723-assignment1/software/freertos_test_bsp/\libhal_bsp.a(alt_busy_sleep.o)
 .data          0x080024c4        0x0 D:/cs723-assignment1/software/freertos_test_bsp/\libhal_bsp.a(alt_find_file.o)
 .data          0x080024c4        0x0 D:/cs723-assignment1/software/freertos_test_bsp/\libhal_bsp.a(alt_get_fd.o)
 .data          0x080024c4        0x0 c:/altera/13.0/nios2eds/bin/gnu/h-i686-mingw32/bin/../lib/gcc/nios2-elf/4.1.2/../../../../nios2-elf/lib\libc.a(lib_a-atexit.o)
 .data          0x080024c4        0x0 c:/altera/13.0/nios2eds/bin/gnu/h-i686-mingw32/bin/../lib/gcc/nios2-elf/4.1.2/../../../../nios2-elf/lib\libc.a(lib_a-ctype_.o)
 .data          0x080024c4        0x0 c:/altera/13.0/nios2eds/bin/gnu/h-i686-mingw32/bin/../lib/gcc/nios2-elf/4.1.2/../../../../nios2-elf/lib\libc.a(lib_a-exit.o)
 .data          0x080024c4        0x0 c:/altera/13.0/nios2eds/bin/gnu/h-i686-mingw32/bin/../lib/gcc/nios2-elf/4.1.2/../../../../nios2-elf/lib\libc.a(lib_a-__atexit.o)
 .data          0x080024c4        0x0 c:/altera/13.0/nios2eds/bin/gnu/h-i686-mingw32/bin/../lib/gcc/nios2-elf/4.1.2/../../../../nios2-elf/lib\libc.a(lib_a-__call_atexit.o)
 .data          0x080024c4        0x0 D:/cs723-assignment1/software/freertos_test_bsp/\libhal_bsp.a(alt_exit.o)
                0x0800a4c4                _gp = ABSOLUTE ((. + 0x8000))
                0x0800a4c4                PROVIDE (gp, _gp)
 *(.rwdata .rwdata.*)
 *(.sdata .sdata.* .gnu.linkonce.s.*)
 .sdata         0x080024c4        0xc obj/default//D/cs723-assignment1/software/freertos_test/freertos/heap.o
 .sdata         0x080024d0        0x4 obj/default//D/cs723-assignment1/software/freertos_test/freertos/tasks.o
 .sdata         0x080024d4        0x8 c:/altera/13.0/nios2eds/bin/gnu/h-i686-mingw32/bin/../lib/gcc/nios2-elf/4.1.2/../../../../nios2-elf/lib\libc.a(lib_a-impure.o)
                0x080024d4                _impure_ptr
                0x080024d8                _global_impure_ptr
 .sdata         0x080024dc        0x8 c:/altera/13.0/nios2eds/bin/gnu/h-i686-mingw32/bin/../lib/gcc/nios2-elf/4.1.2/../../../../nios2-elf/lib\libc.a(lib_a-locale.o)
                0x080024dc                __mb_cur_max
 .sdata         0x080024e4        0x8 c:/altera/13.0/nios2eds/bin/gnu/h-i686-mingw32/bin/../lib/gcc/nios2-elf/4.1.2/../../../../nios2-elf/lib\libc.a(lib_a-mallocr.o)
                0x080024e4                __malloc_trim_threshold
                0x080024e8                __malloc_sbrk_base
 .sdata         0x080024ec       0x14 D:/cs723-assignment1/software/freertos_test_bsp/\libhal_bsp.a(alt_dev.o)
                0x080024ec                alt_fs_list
                0x080024f4                alt_dev_list
                0x080024fc                alt_max_fd
 .sdata         0x08002500        0x4 D:/cs723-assignment1/software/freertos_test_bsp/\libhal_bsp.a(alt_errno.o)
                0x08002500                alt_errno
 .sdata         0x08002504        0x4 D:/cs723-assignment1/software/freertos_test_bsp/\libhal_bsp.a(alt_irq_vars.o)
                0x08002504                alt_priority_mask
 .sdata         0x08002508        0x4 D:/cs723-assignment1/software/freertos_test_bsp/\libhal_bsp.a(alt_sbrk.o)
 .sdata         0x0800250c        0x4 D:/cs723-assignment1/software/freertos_test_bsp/\libhal_bsp.a(altera_avalon_lcd_16207.o)
 .sdata         0x08002510        0x8 D:/cs723-assignment1/software/freertos_test_bsp/\libhal_bsp.a(alt_flash_dev.o)
                0x08002510                alt_flash_dev_list
 .sdata         0x08002518        0x8 D:/cs723-assignment1/software/freertos_test_bsp/\libhal_bsp.a(alt_tick.o)
                0x08002518                alt_alarm_list
 .sdata         0x08002520        0x4 c:/altera/13.0/nios2eds/bin/gnu/h-i686-mingw32/bin/../lib/gcc/nios2-elf/4.1.2/../../../../nios2-elf/lib\libc.a(lib_a-ctype_.o)
                0x08002520                __ctype_ptr
 *(.sdata2 .sdata2.* .gnu.linkonce.s2.*)
                0x08002524                . = ALIGN (0x4)
                0x08002524                _edata = ABSOLUTE (.)
                0x08002524                PROVIDE (edata, ABSOLUTE (.))
                0x08002524                PROVIDE (__ram_rwdata_end, ABSOLUTE (.))
                0x08000718                PROVIDE (__flash_rwdata_start, LOADADDR (.rwdata))

.bss            0x08002524    0x7d528
                0x08002524                __bss_start = ABSOLUTE (.)
                0x08002524                PROVIDE (__sbss_start, ABSOLUTE (.))
                0x08002524                PROVIDE (___sbss_start, ABSOLUTE (.))
 *(.dynsbss)
 *(.sbss .sbss.* .gnu.linkonce.sb.*)
 .sbss          0x08002524       0x1c obj/default//D/cs723-assignment1/software/freertos_test/freertos/croutine.o
                0x08002524                pxCurrentCoRoutine
 .sbss          0x08002540        0xc obj/default//D/cs723-assignment1/software/freertos_test/freertos/heap.o
 .sbss          0x0800254c       0x34 obj/default//D/cs723-assignment1/software/freertos_test/freertos/tasks.o
                0x0800254c                pxCurrentTCB
 .sbss          0x08002580       0x10 obj/default//D/cs723-assignment1/software/freertos_test/freertos/timers.o
 .sbss          0x08002590        0x4 obj/default//D/cs723-assignment1/software/freertos_test/freertos_test.o
                0x08002590                HW_dataQ
 .sbss          0x08002594        0xc c:/altera/13.0/nios2eds/bin/gnu/h-i686-mingw32/bin/../lib/gcc/nios2-elf/4.1.2/../../../../nios2-elf/lib\libc.a(lib_a-locale.o)
                0x08002594                __nlocale_changed
                0x08002598                __mlocale_changed
                0x0800259c                _PathLocale
 .sbss          0x080025a0        0xc c:/altera/13.0/nios2eds/bin/gnu/h-i686-mingw32/bin/../lib/gcc/nios2-elf/4.1.2/../../../../nios2-elf/lib\libc.a(lib_a-mallocr.o)
                0x080025a0                __malloc_top_pad
                0x080025a4                __malloc_max_sbrked_mem
                0x080025a8                __malloc_max_total_mem
 .sbss          0x080025ac        0x4 c:/altera/13.0/nios2eds/bin/gnu/h-i686-mingw32/bin/../lib/gcc/nios2-elf/4.1.2/../../../../nios2-elf/lib\libc.a(lib_a-int_errno.o)
                0x080025ac                errno
 .sbss          0x080025b0        0x4 D:/cs723-assignment1/software/freertos_test_bsp/\libhal_bsp.a(alt_irq_vars.o)
                0x080025b0                alt_irq_active
 .sbss          0x080025b4        0xc D:/cs723-assignment1/software/freertos_test_bsp/\libhal_bsp.a(alt_main.o)
                0x080025b4                alt_argc
                0x080025b8                alt_argv
                0x080025bc                alt_envp
 .sbss          0x080025c0        0x8 D:/cs723-assignment1/software/freertos_test_bsp/\libhal_bsp.a(alt_tick.o)
                0x080025c0                _alt_tick_rate
                0x080025c4                _alt_nticks
 *(.sbss2 .sbss2.* .gnu.linkonce.sb2.*)
 *(.scommon)
                0x080025c8                PROVIDE (__sbss_end, ABSOLUTE (.))
                0x080025c8                PROVIDE (___sbss_end, ABSOLUTE (.))
 *(.dynbss)
 *(.bss .bss.* .gnu.linkonce.b.*)
 .bss           0x080025c8        0x0 D:/cs723-assignment1/software/freertos_test_bsp//obj/HAL/src/crt0.o
 .bss           0x080025c8       0x64 obj/default//D/cs723-assignment1/software/freertos_test/freertos/croutine.o
 .bss           0x0800262c        0x0 obj/default//D/cs723-assignment1/software/freertos_test/freertos/event_groups.o
 .bss           0x0800262c    0x7d000 obj/default//D/cs723-assignment1/software/freertos_test/freertos/heap.o
 .bss           0x0807f62c        0x0 obj/default//D/cs723-assignment1/software/freertos_test/freertos/list.o
 .bss           0x0807f62c        0x0 obj/default//D/cs723-assignment1/software/freertos_test/freertos/port.o
 .bss           0x0807f62c        0x0 obj/default//D/cs723-assignment1/software/freertos_test/freertos/queue.o
 .bss           0x0807f62c      0x140 obj/default//D/cs723-assignment1/software/freertos_test/freertos/tasks.o
 .bss           0x0807f76c       0x28 obj/default//D/cs723-assignment1/software/freertos_test/freertos/timers.o
 .bss           0x0807f794        0x0 obj/default//D/cs723-assignment1/software/freertos_test/freertos_test.o
 .bss           0x0807f794        0x0 obj/default//D/cs723-assignment1/software/freertos_test/freertos/port_asm.o
 .bss           0x0807f794        0x0 c:/altera/13.0/nios2eds/bin/gnu/h-i686-mingw32/bin/../lib/gcc/nios2-elf/4.1.2\libgcc.a(_div_df.o)
 .bss           0x0807f794        0x0 c:/altera/13.0/nios2eds/bin/gnu/h-i686-mingw32/bin/../lib/gcc/nios2-elf/4.1.2\libgcc.a(_si_to_df.o)
 .bss           0x0807f794        0x0 c:/altera/13.0/nios2eds/bin/gnu/h-i686-mingw32/bin/../lib/gcc/nios2-elf/4.1.2\libgcc.a(_thenan_df.o)
 .bss           0x0807f794        0x0 c:/altera/13.0/nios2eds/bin/gnu/h-i686-mingw32/bin/../lib/gcc/nios2-elf/4.1.2\libgcc.a(_clzsi2.o)
 .bss           0x0807f794        0x0 c:/altera/13.0/nios2eds/bin/gnu/h-i686-mingw32/bin/../lib/gcc/nios2-elf/4.1.2\libgcc.a(_pack_df.o)
 .bss           0x0807f794        0x0 c:/altera/13.0/nios2eds/bin/gnu/h-i686-mingw32/bin/../lib/gcc/nios2-elf/4.1.2\libgcc.a(_unpack_df.o)
 .bss           0x0807f794        0x0 c:/altera/13.0/nios2eds/bin/gnu/h-i686-mingw32/bin/../lib/gcc/nios2-elf/4.1.2\libgcc.a(_clz.o)
 .bss           0x0807f794        0x0 c:/altera/13.0/nios2eds/bin/gnu/h-i686-mingw32/bin/../lib/gcc/nios2-elf/4.1.2/../../../../nios2-elf/lib\libc.a(lib_a-memcmp.o)
 .bss           0x0807f794        0x0 c:/altera/13.0/nios2eds/bin/gnu/h-i686-mingw32/bin/../lib/gcc/nios2-elf/4.1.2/../../../../nios2-elf/lib\libc.a(lib_a-memcpy.o)
 .bss           0x0807f794        0x0 c:/altera/13.0/nios2eds/bin/gnu/h-i686-mingw32/bin/../lib/gcc/nios2-elf/4.1.2/../../../../nios2-elf/lib\libc.a(lib_a-memset.o)
 .bss           0x0807f794        0x0 c:/altera/13.0/nios2eds/bin/gnu/h-i686-mingw32/bin/../lib/gcc/nios2-elf/4.1.2/../../../../nios2-elf/lib\libc.a(lib_a-printf.o)
 .bss           0x0807f794        0x0 c:/altera/13.0/nios2eds/bin/gnu/h-i686-mingw32/bin/../lib/gcc/nios2-elf/4.1.2/../../../../nios2-elf/lib\libc.a(lib_a-puts.o)
 .bss           0x0807f794        0x0 c:/altera/13.0/nios2eds/bin/gnu/h-i686-mingw32/bin/../lib/gcc/nios2-elf/4.1.2/../../../../nios2-elf/lib\libc.a(lib_a-strlen.o)
 .bss           0x0807f794        0x0 c:/altera/13.0/nios2eds/bin/gnu/h-i686-mingw32/bin/../lib/gcc/nios2-elf/4.1.2/../../../../nios2-elf/lib\libc.a(lib_a-vfprintf.o)
 .bss           0x0807f794        0x0 c:/altera/13.0/nios2eds/bin/gnu/h-i686-mingw32/bin/../lib/gcc/nios2-elf/4.1.2/../../../../nios2-elf/lib\libc.a(lib_a-wsetup.o)
 .bss           0x0807f794        0x0 c:/altera/13.0/nios2eds/bin/gnu/h-i686-mingw32/bin/../lib/gcc/nios2-elf/4.1.2/../../../../nios2-elf/lib\libc.a(lib_a-dtoa.o)
 .bss           0x0807f794        0x0 c:/altera/13.0/nios2eds/bin/gnu/h-i686-mingw32/bin/../lib/gcc/nios2-elf/4.1.2/../../../../nios2-elf/lib\libc.a(lib_a-fflush.o)
 .bss           0x0807f794        0x0 c:/altera/13.0/nios2eds/bin/gnu/h-i686-mingw32/bin/../lib/gcc/nios2-elf/4.1.2/../../../../nios2-elf/lib\libc.a(lib_a-findfp.o)
 .bss           0x0807f794        0x0 c:/altera/13.0/nios2eds/bin/gnu/h-i686-mingw32/bin/../lib/gcc/nios2-elf/4.1.2/../../../../nios2-elf/lib\libc.a(lib_a-freer.o)
 .bss           0x0807f794        0x0 c:/altera/13.0/nios2eds/bin/gnu/h-i686-mingw32/bin/../lib/gcc/nios2-elf/4.1.2/../../../../nios2-elf/lib\libc.a(lib_a-fvwrite.o)
 .bss           0x0807f794        0x0 c:/altera/13.0/nios2eds/bin/gnu/h-i686-mingw32/bin/../lib/gcc/nios2-elf/4.1.2/../../../../nios2-elf/lib\libc.a(lib_a-fwalk.o)
 .bss           0x0807f794        0x0 c:/altera/13.0/nios2eds/bin/gnu/h-i686-mingw32/bin/../lib/gcc/nios2-elf/4.1.2/../../../../nios2-elf/lib\libc.a(lib_a-impure.o)
 .bss           0x0807f794        0x0 c:/altera/13.0/nios2eds/bin/gnu/h-i686-mingw32/bin/../lib/gcc/nios2-elf/4.1.2/../../../../nios2-elf/lib\libc.a(lib_a-locale.o)
 .bss           0x0807f794        0x0 c:/altera/13.0/nios2eds/bin/gnu/h-i686-mingw32/bin/../lib/gcc/nios2-elf/4.1.2/../../../../nios2-elf/lib\libc.a(lib_a-makebuf.o)
 .bss           0x0807f794       0x28 c:/altera/13.0/nios2eds/bin/gnu/h-i686-mingw32/bin/../lib/gcc/nios2-elf/4.1.2/../../../../nios2-elf/lib\libc.a(lib_a-mallocr.o)
                0x0807f794                __malloc_current_mallinfo
 .bss           0x0807f7bc        0x0 c:/altera/13.0/nios2eds/bin/gnu/h-i686-mingw32/bin/../lib/gcc/nios2-elf/4.1.2/../../../../nios2-elf/lib\libc.a(lib_a-memchr.o)
 .bss           0x0807f7bc        0x0 c:/altera/13.0/nios2eds/bin/gnu/h-i686-mingw32/bin/../lib/gcc/nios2-elf/4.1.2/../../../../nios2-elf/lib\libc.a(lib_a-memmove.o)
 .bss           0x0807f7bc        0x0 c:/altera/13.0/nios2eds/bin/gnu/h-i686-mingw32/bin/../lib/gcc/nios2-elf/4.1.2/../../../../nios2-elf/lib\libc.a(lib_a-mprec.o)
 .bss           0x0807f7bc        0x0 c:/altera/13.0/nios2eds/bin/gnu/h-i686-mingw32/bin/../lib/gcc/nios2-elf/4.1.2/../../../../nios2-elf/lib\libc.a(lib_a-reallocr.o)
 .bss           0x0807f7bc        0x0 c:/altera/13.0/nios2eds/bin/gnu/h-i686-mingw32/bin/../lib/gcc/nios2-elf/4.1.2/../../../../nios2-elf/lib\libc.a(lib_a-s_isinfd.o)
 .bss           0x0807f7bc        0x0 c:/altera/13.0/nios2eds/bin/gnu/h-i686-mingw32/bin/../lib/gcc/nios2-elf/4.1.2/../../../../nios2-elf/lib\libc.a(lib_a-s_isnand.o)
 .bss           0x0807f7bc        0x0 c:/altera/13.0/nios2eds/bin/gnu/h-i686-mingw32/bin/../lib/gcc/nios2-elf/4.1.2/../../../../nios2-elf/lib\libc.a(lib_a-sbrkr.o)
 .bss           0x0807f7bc        0x0 c:/altera/13.0/nios2eds/bin/gnu/h-i686-mingw32/bin/../lib/gcc/nios2-elf/4.1.2/../../../../nios2-elf/lib\libc.a(lib_a-stdio.o)
 .bss           0x0807f7bc        0x0 c:/altera/13.0/nios2eds/bin/gnu/h-i686-mingw32/bin/../lib/gcc/nios2-elf/4.1.2/../../../../nios2-elf/lib\libc.a(lib_a-strcmp.o)
 .bss           0x0807f7bc        0x0 c:/altera/13.0/nios2eds/bin/gnu/h-i686-mingw32/bin/../lib/gcc/nios2-elf/4.1.2/../../../../nios2-elf/lib\libc.a(lib_a-writer.o)
 .bss           0x0807f7bc        0x0 c:/altera/13.0/nios2eds/bin/gnu/h-i686-mingw32/bin/../lib/gcc/nios2-elf/4.1.2/../../../../nios2-elf/lib\libc.a(lib_a-callocr.o)
 .bss           0x0807f7bc        0x0 c:/altera/13.0/nios2eds/bin/gnu/h-i686-mingw32/bin/../lib/gcc/nios2-elf/4.1.2/../../../../nios2-elf/lib\libc.a(lib_a-closer.o)
 .bss           0x0807f7bc        0x0 c:/altera/13.0/nios2eds/bin/gnu/h-i686-mingw32/bin/../lib/gcc/nios2-elf/4.1.2/../../../../nios2-elf/lib\libc.a(lib_a-fclose.o)
 .bss           0x0807f7bc        0x0 c:/altera/13.0/nios2eds/bin/gnu/h-i686-mingw32/bin/../lib/gcc/nios2-elf/4.1.2/../../../../nios2-elf/lib\libc.a(lib_a-fstatr.o)
 .bss           0x0807f7bc        0x0 c:/altera/13.0/nios2eds/bin/gnu/h-i686-mingw32/bin/../lib/gcc/nios2-elf/4.1.2/../../../../nios2-elf/lib\libc.a(lib_a-int_errno.o)
 .bss           0x0807f7bc        0x0 c:/altera/13.0/nios2eds/bin/gnu/h-i686-mingw32/bin/../lib/gcc/nios2-elf/4.1.2/../../../../nios2-elf/lib\libc.a(lib_a-isattyr.o)
 .bss           0x0807f7bc        0x0 c:/altera/13.0/nios2eds/bin/gnu/h-i686-mingw32/bin/../lib/gcc/nios2-elf/4.1.2/../../../../nios2-elf/lib\libc.a(lib_a-lseekr.o)
 .bss           0x0807f7bc        0x0 c:/altera/13.0/nios2eds/bin/gnu/h-i686-mingw32/bin/../lib/gcc/nios2-elf/4.1.2/../../../../nios2-elf/lib\libc.a(lib_a-readr.o)
 .bss           0x0807f7bc        0x0 c:/altera/13.0/nios2eds/bin/gnu/h-i686-mingw32/bin/../lib/gcc/nios2-elf/4.1.2\libgcc.a(_udivdi3.o)
 .bss           0x0807f7bc        0x0 c:/altera/13.0/nios2eds/bin/gnu/h-i686-mingw32/bin/../lib/gcc/nios2-elf/4.1.2\libgcc.a(_umoddi3.o)
 .bss           0x0807f7bc        0x0 c:/altera/13.0/nios2eds/bin/gnu/h-i686-mingw32/bin/../lib/gcc/nios2-elf/4.1.2\libgcc.a(_addsub_df.o)
 .bss           0x0807f7bc        0x0 c:/altera/13.0/nios2eds/bin/gnu/h-i686-mingw32/bin/../lib/gcc/nios2-elf/4.1.2\libgcc.a(_mul_df.o)
 .bss           0x0807f7bc        0x0 c:/altera/13.0/nios2eds/bin/gnu/h-i686-mingw32/bin/../lib/gcc/nios2-elf/4.1.2\libgcc.a(_eq_df.o)
 .bss           0x0807f7bc        0x0 c:/altera/13.0/nios2eds/bin/gnu/h-i686-mingw32/bin/../lib/gcc/nios2-elf/4.1.2\libgcc.a(_ne_df.o)
 .bss           0x0807f7bc        0x0 c:/altera/13.0/nios2eds/bin/gnu/h-i686-mingw32/bin/../lib/gcc/nios2-elf/4.1.2\libgcc.a(_gt_df.o)
 .bss           0x0807f7bc        0x0 c:/altera/13.0/nios2eds/bin/gnu/h-i686-mingw32/bin/../lib/gcc/nios2-elf/4.1.2\libgcc.a(_ge_df.o)
 .bss           0x0807f7bc        0x0 c:/altera/13.0/nios2eds/bin/gnu/h-i686-mingw32/bin/../lib/gcc/nios2-elf/4.1.2\libgcc.a(_lt_df.o)
 .bss           0x0807f7bc        0x0 c:/altera/13.0/nios2eds/bin/gnu/h-i686-mingw32/bin/../lib/gcc/nios2-elf/4.1.2\libgcc.a(_df_to_si.o)
 .bss           0x0807f7bc        0x0 c:/altera/13.0/nios2eds/bin/gnu/h-i686-mingw32/bin/../lib/gcc/nios2-elf/4.1.2\libgcc.a(_usi_to_df.o)
 .bss           0x0807f7bc        0x0 c:/altera/13.0/nios2eds/bin/gnu/h-i686-mingw32/bin/../lib/gcc/nios2-elf/4.1.2\libgcc.a(lib2-divmod.o)
 .bss           0x0807f7bc        0x0 c:/altera/13.0/nios2eds/bin/gnu/h-i686-mingw32/bin/../lib/gcc/nios2-elf/4.1.2\libgcc.a(_muldi3.o)
 .bss           0x0807f7bc        0x0 c:/altera/13.0/nios2eds/bin/gnu/h-i686-mingw32/bin/../lib/gcc/nios2-elf/4.1.2\libgcc.a(_fpcmp_parts_df.o)
 .bss           0x0807f7bc        0x0 D:/cs723-assignment1/software/freertos_test_bsp/\libhal_bsp.a(alt_close.o)
 .bss           0x0807f7bc        0x0 D:/cs723-assignment1/software/freertos_test_bsp/\libhal_bsp.a(alt_dev.o)
 .bss           0x0807f7bc        0x0 D:/cs723-assignment1/software/freertos_test_bsp/\libhal_bsp.a(alt_errno.o)
 .bss           0x0807f7bc        0x0 D:/cs723-assignment1/software/freertos_test_bsp/\libhal_bsp.a(alt_fstat.o)
 .bss           0x0807f7bc        0x0 D:/cs723-assignment1/software/freertos_test_bsp/\libhal_bsp.a(alt_irq_handler.o)
 .bss           0x0807f7bc        0x0 D:/cs723-assignment1/software/freertos_test_bsp/\libhal_bsp.a(alt_irq_vars.o)
 .bss           0x0807f7bc        0x0 D:/cs723-assignment1/software/freertos_test_bsp/\libhal_bsp.a(alt_isatty.o)
 .bss           0x0807f7bc        0x0 D:/cs723-assignment1/software/freertos_test_bsp/\libhal_bsp.a(alt_lseek.o)
 .bss           0x0807f7bc        0x0 D:/cs723-assignment1/software/freertos_test_bsp/\libhal_bsp.a(alt_main.o)
 .bss           0x0807f7bc        0x0 D:/cs723-assignment1/software/freertos_test_bsp/\libhal_bsp.a(alt_malloc_lock.o)
 .bss           0x0807f7bc        0x0 D:/cs723-assignment1/software/freertos_test_bsp/\libhal_bsp.a(alt_read.o)
 .bss           0x0807f7bc        0x0 D:/cs723-assignment1/software/freertos_test_bsp/\libhal_bsp.a(alt_release_fd.o)
 .bss           0x0807f7bc        0x0 D:/cs723-assignment1/software/freertos_test_bsp/\libhal_bsp.a(alt_sbrk.o)
 .bss           0x0807f7bc        0x0 D:/cs723-assignment1/software/freertos_test_bsp/\libhal_bsp.a(alt_write.o)
 .bss           0x0807f7bc        0x0 D:/cs723-assignment1/software/freertos_test_bsp/\libhal_bsp.a(alt_sys_init.o)
 .bss           0x0807f7bc        0x0 D:/cs723-assignment1/software/freertos_test_bsp/\libhal_bsp.a(altera_avalon_cfi_flash.o)
 .bss           0x0807f7bc        0x0 D:/cs723-assignment1/software/freertos_test_bsp/\libhal_bsp.a(altera_avalon_cfi_flash_table.o)
 .bss           0x0807f7bc        0x0 D:/cs723-assignment1/software/freertos_test_bsp/\libhal_bsp.a(altera_avalon_jtag_uart_fd.o)
 .bss           0x0807f7bc        0x0 D:/cs723-assignment1/software/freertos_test_bsp/\libhal_bsp.a(altera_avalon_jtag_uart_init.o)
 .bss           0x0807f7bc        0x0 D:/cs723-assignment1/software/freertos_test_bsp/\libhal_bsp.a(altera_avalon_jtag_uart_ioctl.o)
 .bss           0x0807f7bc        0x0 D:/cs723-assignment1/software/freertos_test_bsp/\libhal_bsp.a(altera_avalon_jtag_uart_read.o)
 .bss           0x0807f7bc        0x0 D:/cs723-assignment1/software/freertos_test_bsp/\libhal_bsp.a(altera_avalon_jtag_uart_write.o)
 .bss           0x0807f7bc        0x0 D:/cs723-assignment1/software/freertos_test_bsp/\libhal_bsp.a(altera_avalon_lcd_16207.o)
 .bss           0x0807f7bc        0x0 D:/cs723-assignment1/software/freertos_test_bsp/\libhal_bsp.a(altera_avalon_lcd_16207_fd.o)
 .bss           0x0807f7bc        0x0 D:/cs723-assignment1/software/freertos_test_bsp/\libhal_bsp.a(altera_avalon_timer_sc.o)
 .bss           0x0807f7bc        0x0 D:/cs723-assignment1/software/freertos_test_bsp/\libhal_bsp.a(altera_avalon_uart_fd.o)
 .bss           0x0807f7bc        0x0 D:/cs723-assignment1/software/freertos_test_bsp/\libhal_bsp.a(altera_avalon_uart_init.o)
 .bss           0x0807f7bc        0x0 D:/cs723-assignment1/software/freertos_test_bsp/\libhal_bsp.a(altera_avalon_uart_read.o)
 .bss           0x0807f7bc        0x0 D:/cs723-assignment1/software/freertos_test_bsp/\libhal_bsp.a(altera_avalon_uart_write.o)
 .bss           0x0807f7bc        0x0 D:/cs723-assignment1/software/freertos_test_bsp/\libhal_bsp.a(altera_up_avalon_ps2.o)
 .bss           0x0807f7bc        0x0 D:/cs723-assignment1/software/freertos_test_bsp/\libhal_bsp.a(altera_up_avalon_video_character_buffer_with_dma.o)
 .bss           0x0807f7bc        0x0 D:/cs723-assignment1/software/freertos_test_bsp/\libhal_bsp.a(alt_alarm_start.o)
 .bss           0x0807f7bc        0x0 D:/cs723-assignment1/software/freertos_test_bsp/\libhal_bsp.a(alt_dcache_flush.o)
 .bss           0x0807f7bc        0x0 D:/cs723-assignment1/software/freertos_test_bsp/\libhal_bsp.a(alt_dev_llist_insert.o)
 .bss           0x0807f7bc        0x0 D:/cs723-assignment1/software/freertos_test_bsp/\libhal_bsp.a(alt_do_ctors.o)
 .bss           0x0807f7bc        0x0 D:/cs723-assignment1/software/freertos_test_bsp/\libhal_bsp.a(alt_do_dtors.o)
 .bss           0x0807f7bc        0x0 D:/cs723-assignment1/software/freertos_test_bsp/\libhal_bsp.a(alt_find_dev.o)
 .bss           0x0807f7bc        0x0 D:/cs723-assignment1/software/freertos_test_bsp/\libhal_bsp.a(alt_flash_dev.o)
 .bss           0x0807f7bc        0x0 D:/cs723-assignment1/software/freertos_test_bsp/\libhal_bsp.a(alt_io_redirect.o)
 .bss           0x0807f7bc        0x0 D:/cs723-assignment1/software/freertos_test_bsp/\libhal_bsp.a(alt_open.o)
 .bss           0x0807f7bc        0x0 D:/cs723-assignment1/software/freertos_test_bsp/\libhal_bsp.a(alt_tick.o)
 .bss           0x0807f7bc        0x0 D:/cs723-assignment1/software/freertos_test_bsp/\libhal_bsp.a(alt_usleep.o)
 .bss           0x0807f7bc        0x0 D:/cs723-assignment1/software/freertos_test_bsp/\libhal_bsp.a(altera_nios2_qsys_irq.o)
 .bss           0x0807f7bc        0x0 D:/cs723-assignment1/software/freertos_test_bsp/\libhal_bsp.a(altera_avalon_cfi_flash_amd.o)
 .bss           0x0807f7bc        0x0 D:/cs723-assignment1/software/freertos_test_bsp/\libhal_bsp.a(altera_avalon_cfi_flash_intel.o)
 .bss           0x0807f7bc        0x0 D:/cs723-assignment1/software/freertos_test_bsp/\libhal_bsp.a(alt_busy_sleep.o)
 .bss           0x0807f7bc        0x0 D:/cs723-assignment1/software/freertos_test_bsp/\libhal_bsp.a(alt_find_file.o)
 .bss           0x0807f7bc        0x0 D:/cs723-assignment1/software/freertos_test_bsp/\libhal_bsp.a(alt_get_fd.o)
 .bss           0x0807f7bc        0x0 c:/altera/13.0/nios2eds/bin/gnu/h-i686-mingw32/bin/../lib/gcc/nios2-elf/4.1.2/../../../../nios2-elf/lib\libc.a(lib_a-atexit.o)
 .bss           0x0807f7bc        0x0 c:/altera/13.0/nios2eds/bin/gnu/h-i686-mingw32/bin/../lib/gcc/nios2-elf/4.1.2/../../../../nios2-elf/lib\libc.a(lib_a-ctype_.o)
 .bss           0x0807f7bc        0x0 c:/altera/13.0/nios2eds/bin/gnu/h-i686-mingw32/bin/../lib/gcc/nios2-elf/4.1.2/../../../../nios2-elf/lib\libc.a(lib_a-exit.o)
 .bss           0x0807f7bc        0x0 c:/altera/13.0/nios2eds/bin/gnu/h-i686-mingw32/bin/../lib/gcc/nios2-elf/4.1.2/../../../../nios2-elf/lib\libc.a(lib_a-__atexit.o)
 .bss           0x0807f7bc        0x0 c:/altera/13.0/nios2eds/bin/gnu/h-i686-mingw32/bin/../lib/gcc/nios2-elf/4.1.2/../../../../nios2-elf/lib\libc.a(lib_a-__call_atexit.o)
 .bss           0x0807f7bc        0x0 D:/cs723-assignment1/software/freertos_test_bsp/\libhal_bsp.a(alt_exit.o)
 *(COMMON)
 COMMON         0x0807f7bc      0x100 D:/cs723-assignment1/software/freertos_test_bsp/\libhal_bsp.a(alt_irq_handler.o)
                0x0807f7bc                alt_irq
 COMMON         0x0807f8bc      0x190 c:/altera/13.0/nios2eds/bin/gnu/h-i686-mingw32/bin/../lib/gcc/nios2-elf/4.1.2/../../../../nios2-elf/lib\libc.a(lib_a-atexit.o)
                0x0807f8bc                _atexit0
                0x0807fa4c                . = ALIGN (0x4)
                0x0807fa4c                __bss_end = ABSOLUTE (.)

.onchip_memory  0x00015e78        0x0
                0x00015e78                PROVIDE (_alt_partition_onchip_memory_start, ABSOLUTE (.))
 *(.onchip_memory. onchip_memory.*)
                0x00015e78                . = ALIGN (0x4)
                0x00015e78                PROVIDE (_alt_partition_onchip_memory_end, ABSOLUTE (.))
                0x00015e78                PROVIDE (_alt_partition_onchip_memory_load_addr, LOADADDR (.onchip_memory))

.flash_controller
                0x01000020        0x0
                0x01000020                PROVIDE (_alt_partition_flash_controller_start, ABSOLUTE (.))
 *(.flash_controller. flash_controller.*)
                0x01000020                . = ALIGN (0x4)
                0x01000020                PROVIDE (_alt_partition_flash_controller_end, ABSOLUTE (.))
                0x01000020                PROVIDE (_alt_partition_flash_controller_load_addr, LOADADDR (.flash_controller))

.sdram          0x0807fa4c        0x0
                0x0807fa4c                PROVIDE (_alt_partition_sdram_start, ABSOLUTE (.))
 *(.sdram. sdram.*)
                0x0807fa4c                . = ALIGN (0x4)
                0x0807fa4c                PROVIDE (_alt_partition_sdram_end, ABSOLUTE (.))
                0x0807fa4c                _end = ABSOLUTE (.)
                0x0807fa4c                end = ABSOLUTE (.)
                0x0807fa4c                __alt_stack_base = ABSOLUTE (.)
                0x0807fa4c                PROVIDE (_alt_partition_sdram_load_addr, LOADADDR (.sdram))

.stab
 *(.stab)

.stabstr
 *(.stabstr)

.stab.excl
 *(.stab.excl)

.stab.exclstr
 *(.stab.exclstr)

.stab.index
 *(.stab.index)

.stab.indexstr
 *(.stab.indexstr)

.comment        0x00000000       0x23
 *(.comment)
 .comment       0x00000000       0x23 obj/default//D/cs723-assignment1/software/freertos_test/freertos/croutine.o
                                 0x24 (size before relaxing)
 .comment       0x00000000       0x24 obj/default//D/cs723-assignment1/software/freertos_test/freertos/event_groups.o
 .comment       0x00000000       0x24 obj/default//D/cs723-assignment1/software/freertos_test/freertos/heap.o
 .comment       0x00000000       0x24 obj/default//D/cs723-assignment1/software/freertos_test/freertos/list.o
 .comment       0x00000000       0x24 obj/default//D/cs723-assignment1/software/freertos_test/freertos/port.o
 .comment       0x00000000       0x24 obj/default//D/cs723-assignment1/software/freertos_test/freertos/queue.o
 .comment       0x00000000       0x24 obj/default//D/cs723-assignment1/software/freertos_test/freertos/tasks.o
 .comment       0x00000000       0x24 obj/default//D/cs723-assignment1/software/freertos_test/freertos/timers.o
 .comment       0x00000000       0x24 obj/default//D/cs723-assignment1/software/freertos_test/freertos_test.o
 .comment       0x00000000       0x24 c:/altera/13.0/nios2eds/bin/gnu/h-i686-mingw32/bin/../lib/gcc/nios2-elf/4.1.2\libgcc.a(_div_df.o)
 .comment       0x00000000       0x24 c:/altera/13.0/nios2eds/bin/gnu/h-i686-mingw32/bin/../lib/gcc/nios2-elf/4.1.2\libgcc.a(_si_to_df.o)
 .comment       0x00000000       0x24 c:/altera/13.0/nios2eds/bin/gnu/h-i686-mingw32/bin/../lib/gcc/nios2-elf/4.1.2\libgcc.a(_thenan_df.o)
 .comment       0x00000000       0x24 c:/altera/13.0/nios2eds/bin/gnu/h-i686-mingw32/bin/../lib/gcc/nios2-elf/4.1.2\libgcc.a(_clzsi2.o)
 .comment       0x00000000       0x24 c:/altera/13.0/nios2eds/bin/gnu/h-i686-mingw32/bin/../lib/gcc/nios2-elf/4.1.2\libgcc.a(_pack_df.o)
 .comment       0x00000000       0x24 c:/altera/13.0/nios2eds/bin/gnu/h-i686-mingw32/bin/../lib/gcc/nios2-elf/4.1.2\libgcc.a(_unpack_df.o)
 .comment       0x00000000       0x24 c:/altera/13.0/nios2eds/bin/gnu/h-i686-mingw32/bin/../lib/gcc/nios2-elf/4.1.2\libgcc.a(_clz.o)
 .comment       0x00000000       0x24 c:/altera/13.0/nios2eds/bin/gnu/h-i686-mingw32/bin/../lib/gcc/nios2-elf/4.1.2/../../../../nios2-elf/lib\libc.a(lib_a-memcmp.o)
 .comment       0x00000000       0x24 c:/altera/13.0/nios2eds/bin/gnu/h-i686-mingw32/bin/../lib/gcc/nios2-elf/4.1.2/../../../../nios2-elf/lib\libc.a(lib_a-memcpy.o)
 .comment       0x00000000       0x24 c:/altera/13.0/nios2eds/bin/gnu/h-i686-mingw32/bin/../lib/gcc/nios2-elf/4.1.2/../../../../nios2-elf/lib\libc.a(lib_a-memset.o)
 .comment       0x00000000       0x24 c:/altera/13.0/nios2eds/bin/gnu/h-i686-mingw32/bin/../lib/gcc/nios2-elf/4.1.2/../../../../nios2-elf/lib\libc.a(lib_a-printf.o)
 .comment       0x00000000       0x24 c:/altera/13.0/nios2eds/bin/gnu/h-i686-mingw32/bin/../lib/gcc/nios2-elf/4.1.2/../../../../nios2-elf/lib\libc.a(lib_a-puts.o)
 .comment       0x00000000       0x24 c:/altera/13.0/nios2eds/bin/gnu/h-i686-mingw32/bin/../lib/gcc/nios2-elf/4.1.2/../../../../nios2-elf/lib\libc.a(lib_a-strlen.o)
 .comment       0x00000000       0x24 c:/altera/13.0/nios2eds/bin/gnu/h-i686-mingw32/bin/../lib/gcc/nios2-elf/4.1.2/../../../../nios2-elf/lib\libc.a(lib_a-vfprintf.o)
 .comment       0x00000000       0x24 c:/altera/13.0/nios2eds/bin/gnu/h-i686-mingw32/bin/../lib/gcc/nios2-elf/4.1.2/../../../../nios2-elf/lib\libc.a(lib_a-wsetup.o)
 .comment       0x00000000       0x24 c:/altera/13.0/nios2eds/bin/gnu/h-i686-mingw32/bin/../lib/gcc/nios2-elf/4.1.2/../../../../nios2-elf/lib\libc.a(lib_a-dtoa.o)
 .comment       0x00000000       0x24 c:/altera/13.0/nios2eds/bin/gnu/h-i686-mingw32/bin/../lib/gcc/nios2-elf/4.1.2/../../../../nios2-elf/lib\libc.a(lib_a-fflush.o)
 .comment       0x00000000       0x24 c:/altera/13.0/nios2eds/bin/gnu/h-i686-mingw32/bin/../lib/gcc/nios2-elf/4.1.2/../../../../nios2-elf/lib\libc.a(lib_a-findfp.o)
 .comment       0x00000000       0x24 c:/altera/13.0/nios2eds/bin/gnu/h-i686-mingw32/bin/../lib/gcc/nios2-elf/4.1.2/../../../../nios2-elf/lib\libc.a(lib_a-freer.o)
 .comment       0x00000000       0x24 c:/altera/13.0/nios2eds/bin/gnu/h-i686-mingw32/bin/../lib/gcc/nios2-elf/4.1.2/../../../../nios2-elf/lib\libc.a(lib_a-fvwrite.o)
 .comment       0x00000000       0x24 c:/altera/13.0/nios2eds/bin/gnu/h-i686-mingw32/bin/../lib/gcc/nios2-elf/4.1.2/../../../../nios2-elf/lib\libc.a(lib_a-fwalk.o)
 .comment       0x00000000       0x24 c:/altera/13.0/nios2eds/bin/gnu/h-i686-mingw32/bin/../lib/gcc/nios2-elf/4.1.2/../../../../nios2-elf/lib\libc.a(lib_a-impure.o)
 .comment       0x00000000       0x24 c:/altera/13.0/nios2eds/bin/gnu/h-i686-mingw32/bin/../lib/gcc/nios2-elf/4.1.2/../../../../nios2-elf/lib\libc.a(lib_a-locale.o)
 .comment       0x00000000       0x24 c:/altera/13.0/nios2eds/bin/gnu/h-i686-mingw32/bin/../lib/gcc/nios2-elf/4.1.2/../../../../nios2-elf/lib\libc.a(lib_a-makebuf.o)
 .comment       0x00000000       0x24 c:/altera/13.0/nios2eds/bin/gnu/h-i686-mingw32/bin/../lib/gcc/nios2-elf/4.1.2/../../../../nios2-elf/lib\libc.a(lib_a-mallocr.o)
 .comment       0x00000000       0x24 c:/altera/13.0/nios2eds/bin/gnu/h-i686-mingw32/bin/../lib/gcc/nios2-elf/4.1.2/../../../../nios2-elf/lib\libc.a(lib_a-memchr.o)
 .comment       0x00000000       0x24 c:/altera/13.0/nios2eds/bin/gnu/h-i686-mingw32/bin/../lib/gcc/nios2-elf/4.1.2/../../../../nios2-elf/lib\libc.a(lib_a-memmove.o)
 .comment       0x00000000       0x24 c:/altera/13.0/nios2eds/bin/gnu/h-i686-mingw32/bin/../lib/gcc/nios2-elf/4.1.2/../../../../nios2-elf/lib\libc.a(lib_a-mprec.o)
 .comment       0x00000000       0x24 c:/altera/13.0/nios2eds/bin/gnu/h-i686-mingw32/bin/../lib/gcc/nios2-elf/4.1.2/../../../../nios2-elf/lib\libc.a(lib_a-reallocr.o)
 .comment       0x00000000       0x24 c:/altera/13.0/nios2eds/bin/gnu/h-i686-mingw32/bin/../lib/gcc/nios2-elf/4.1.2/../../../../nios2-elf/lib\libc.a(lib_a-s_isinfd.o)
 .comment       0x00000000       0x24 c:/altera/13.0/nios2eds/bin/gnu/h-i686-mingw32/bin/../lib/gcc/nios2-elf/4.1.2/../../../../nios2-elf/lib\libc.a(lib_a-s_isnand.o)
 .comment       0x00000000       0x24 c:/altera/13.0/nios2eds/bin/gnu/h-i686-mingw32/bin/../lib/gcc/nios2-elf/4.1.2/../../../../nios2-elf/lib\libc.a(lib_a-sbrkr.o)
 .comment       0x00000000       0x24 c:/altera/13.0/nios2eds/bin/gnu/h-i686-mingw32/bin/../lib/gcc/nios2-elf/4.1.2/../../../../nios2-elf/lib\libc.a(lib_a-stdio.o)
 .comment       0x00000000       0x24 c:/altera/13.0/nios2eds/bin/gnu/h-i686-mingw32/bin/../lib/gcc/nios2-elf/4.1.2/../../../../nios2-elf/lib\libc.a(lib_a-strcmp.o)
 .comment       0x00000000       0x24 c:/altera/13.0/nios2eds/bin/gnu/h-i686-mingw32/bin/../lib/gcc/nios2-elf/4.1.2/../../../../nios2-elf/lib\libc.a(lib_a-writer.o)
 .comment       0x00000000       0x24 c:/altera/13.0/nios2eds/bin/gnu/h-i686-mingw32/bin/../lib/gcc/nios2-elf/4.1.2/../../../../nios2-elf/lib\libc.a(lib_a-callocr.o)
 .comment       0x00000000       0x24 c:/altera/13.0/nios2eds/bin/gnu/h-i686-mingw32/bin/../lib/gcc/nios2-elf/4.1.2/../../../../nios2-elf/lib\libc.a(lib_a-closer.o)