Archive member included because of file (symbol)

c:/altera/13.0sp1/nios2eds/bin/gnu/h-i686-mingw32/bin/../lib/gcc/nios2-elf/4.1.2\libgcc.a(_addsub_df.o)
                              obj/freertos_test.o (__subdf3)
c:/altera/13.0sp1/nios2eds/bin/gnu/h-i686-mingw32/bin/../lib/gcc/nios2-elf/4.1.2\libgcc.a(_mul_df.o)
                              obj/freertos_test.o (__muldf3)
c:/altera/13.0sp1/nios2eds/bin/gnu/h-i686-mingw32/bin/../lib/gcc/nios2-elf/4.1.2\libgcc.a(_div_df.o)
                              obj/freertos_test.o (__divdf3)
c:/altera/13.0sp1/nios2eds/bin/gnu/h-i686-mingw32/bin/../lib/gcc/nios2-elf/4.1.2\libgcc.a(_gt_df.o)
                              obj/freertos_test.o (__gtdf2)
c:/altera/13.0sp1/nios2eds/bin/gnu/h-i686-mingw32/bin/../lib/gcc/nios2-elf/4.1.2\libgcc.a(_ge_df.o)
                              obj/freertos_test.o (__gedf2)
c:/altera/13.0sp1/nios2eds/bin/gnu/h-i686-mingw32/bin/../lib/gcc/nios2-elf/4.1.2\libgcc.a(_lt_df.o)
                              obj/freertos_test.o (__ltdf2)
c:/altera/13.0sp1/nios2eds/bin/gnu/h-i686-mingw32/bin/../lib/gcc/nios2-elf/4.1.2\libgcc.a(_si_to_df.o)
                              obj/freertos_test.o (__floatsidf)
c:/altera/13.0sp1/nios2eds/bin/gnu/h-i686-mingw32/bin/../lib/gcc/nios2-elf/4.1.2\libgcc.a(_df_to_si.o)
                              obj/freertos_test.o (__fixdfsi)
c:/altera/13.0sp1/nios2eds/bin/gnu/h-i686-mingw32/bin/../lib/gcc/nios2-elf/4.1.2\libgcc.a(_thenan_df.o)
                              c:/altera/13.0sp1/nios2eds/bin/gnu/h-i686-mingw32/bin/../lib/gcc/nios2-elf/4.1.2\libgcc.a(_addsub_df.o) (__thenan_df)
c:/altera/13.0sp1/nios2eds/bin/gnu/h-i686-mingw32/bin/../lib/gcc/nios2-elf/4.1.2\libgcc.a(_usi_to_df.o)
                              obj/freertos_test.o (__floatunsidf)
c:/altera/13.0sp1/nios2eds/bin/gnu/h-i686-mingw32/bin/../lib/gcc/nios2-elf/4.1.2\libgcc.a(_muldi3.o)
                              c:/altera/13.0sp1/nios2eds/bin/gnu/h-i686-mingw32/bin/../lib/gcc/nios2-elf/4.1.2\libgcc.a(_mul_df.o) (__muldi3)
c:/altera/13.0sp1/nios2eds/bin/gnu/h-i686-mingw32/bin/../lib/gcc/nios2-elf/4.1.2\libgcc.a(_clzsi2.o)
                              c:/altera/13.0sp1/nios2eds/bin/gnu/h-i686-mingw32/bin/../lib/gcc/nios2-elf/4.1.2\libgcc.a(_si_to_df.o) (__clzsi2)
c:/altera/13.0sp1/nios2eds/bin/gnu/h-i686-mingw32/bin/../lib/gcc/nios2-elf/4.1.2\libgcc.a(_pack_df.o)
                              c:/altera/13.0sp1/nios2eds/bin/gnu/h-i686-mingw32/bin/../lib/gcc/nios2-elf/4.1.2\libgcc.a(_addsub_df.o) (__pack_d)
c:/altera/13.0sp1/nios2eds/bin/gnu/h-i686-mingw32/bin/../lib/gcc/nios2-elf/4.1.2\libgcc.a(_unpack_df.o)
                              c:/altera/13.0sp1/nios2eds/bin/gnu/h-i686-mingw32/bin/../lib/gcc/nios2-elf/4.1.2\libgcc.a(_addsub_df.o) (__unpack_d)
c:/altera/13.0sp1/nios2eds/bin/gnu/h-i686-mingw32/bin/../lib/gcc/nios2-elf/4.1.2\libgcc.a(_fpcmp_parts_df.o)
                              c:/altera/13.0sp1/nios2eds/bin/gnu/h-i686-mingw32/bin/../lib/gcc/nios2-elf/4.1.2\libgcc.a(_gt_df.o) (__fpcmp_parts_d)
c:/altera/13.0sp1/nios2eds/bin/gnu/h-i686-mingw32/bin/../lib/gcc/nios2-elf/4.1.2\libgcc.a(_clz.o)
                              c:/altera/13.0sp1/nios2eds/bin/gnu/h-i686-mingw32/bin/../lib/gcc/nios2-elf/4.1.2\libgcc.a(_clzsi2.o) (__clz_tab)
c:/altera/13.0sp1/nios2eds/bin/gnu/h-i686-mingw32/bin/../lib/gcc/nios2-elf/4.1.2/../../../../nios2-elf/lib\libc.a(lib_a-memcmp.o)
                              obj/FreeRTOS/tasks.o (memcmp)
c:/altera/13.0sp1/nios2eds/bin/gnu/h-i686-mingw32/bin/../lib/gcc/nios2-elf/4.1.2/../../../../nios2-elf/lib\libc.a(lib_a-memcpy.o)
                              obj/FreeRTOS/queue.o (memcpy)
c:/altera/13.0sp1/nios2eds/bin/gnu/h-i686-mingw32/bin/../lib/gcc/nios2-elf/4.1.2/../../../../nios2-elf/lib\libc.a(lib_a-memset.o)
                              obj/FreeRTOS/tasks.o (memset)
c:/altera/13.0sp1/nios2eds/bin/gnu/h-i686-mingw32/bin/../lib/gcc/nios2-elf/4.1.2/../../../../nios2-elf/lib\libc.a(lib_a-printf.o)
                              obj/FreeRTOS/port.o (printf)
c:/altera/13.0sp1/nios2eds/bin/gnu/h-i686-mingw32/bin/../lib/gcc/nios2-elf/4.1.2/../../../../nios2-elf/lib\libc.a(lib_a-puts.o)
                              obj/freertos_test.o (puts)
c:/altera/13.0sp1/nios2eds/bin/gnu/h-i686-mingw32/bin/../lib/gcc/nios2-elf/4.1.2/../../../../nios2-elf/lib\libc.a(lib_a-sprintf.o)
                              obj/freertos_test.o (sprintf)
c:/altera/13.0sp1/nios2eds/bin/gnu/h-i686-mingw32/bin/../lib/gcc/nios2-elf/4.1.2/../../../../nios2-elf/lib\libc.a(lib_a-strlen.o)
                              c:/altera/13.0sp1/nios2eds/bin/gnu/h-i686-mingw32/bin/../lib/gcc/nios2-elf/4.1.2/../../../../nios2-elf/lib\libc.a(lib_a-puts.o) (strlen)
c:/altera/13.0sp1/nios2eds/bin/gnu/h-i686-mingw32/bin/../lib/gcc/nios2-elf/4.1.2/../../../../nios2-elf/lib\libc.a(lib_a-vfprintf.o)
[...]
Memory Configuration

Name             Origin             Length             Attributes
onchip_memory_BEFORE_EXCEPTION 0x00000000         0x00000020
onchip_memory    0x00000020         0x00031fe0
reset            0x01000000         0x00000020
flash_controller 0x01000020         0x007fffe0
sdram            0x08000000         0x08000000
*default*        0x00000000         0xffffffff

Linker script and memory map

LOAD ../freertos_test_bsp//obj/HAL/src/crt0.o
LOAD obj/FreeRTOS/croutine.o
LOAD obj/FreeRTOS/heap.o
LOAD obj/FreeRTOS/list.o
LOAD obj/FreeRTOS/port.o
LOAD obj/FreeRTOS/queue.o
LOAD obj/FreeRTOS/tasks.o
LOAD obj/FreeRTOS/timers.o
LOAD obj/freertos_test.o
LOAD obj/FreeRTOS/port_asm.o
LOAD c:/altera/13.0sp1/nios2eds/bin/gnu/h-i686-mingw32/bin/../lib/gcc/nios2-elf/4.1.2/../../../../nios2-elf/lib\libstdc++.a
LOAD c:/altera/13.0sp1/nios2eds/bin/gnu/h-i686-mingw32/bin/../lib/gcc/nios2-elf/4.1.2/../../../../nios2-elf/lib\libm.a
LOAD c:/altera/13.0sp1/nios2eds/bin/gnu/h-i686-mingw32/bin/../lib/gcc/nios2-elf/4.1.2\libgcc.a
START GROUP
LOAD c:/altera/13.0sp1/nios2eds/bin/gnu/h-i686-mingw32/bin/../lib/gcc/nios2-elf/4.1.2/../../../../nios2-elf/lib\libc.a
LOAD c:/altera/13.0sp1/nios2eds/bin/gnu/h-i686-mingw32/bin/../lib/gcc/nios2-elf/4.1.2\libgcc.a
LOAD ../freertos_test_bsp/\libhal_bsp.a
END GROUP
LOAD c:/altera/13.0sp1/nios2eds/bin/gnu/h-i686-mingw32/bin/../lib/gcc/nios2-elf/4.1.2\libgcc.a
                0x00000000                __alt_mem_onchip_memory = 0x0
                0x01000000                __alt_mem_flash_controller = 0x1000000
                0x08000000                __alt_mem_sdram = 0x8000000

.entry          0x01000000        0x0
 *(.entry)
 .entry         0x01000000        0x0 ../freertos_test_bsp//obj/HAL/src/crt0.o
                0x01000000                __reset

.exceptions     0x00000020      0x228
                0x00000020                PROVIDE (__ram_exceptions_start, ABSOLUTE (.))
                0x00000020                . = ALIGN (0x20)
 *(.irq)
 *(.exceptions.entry.label)
 *(.exceptions.entry.user)
 *(.exceptions.entry)
 .exceptions.entry
                0x00000020       0x8c obj/FreeRTOS/port_asm.o
 *(.exceptions.irqtest.user)
 *(.exceptions.irqtest)
 .exceptions.irqtest
                0x000000ac       0x14 obj/FreeRTOS/port_asm.o
 *(.exceptions.irqhandler.user)
 *(.exceptions.irqhandler)
 .exceptions.irqhandler
                0x000000c0        0x4 obj/FreeRTOS/port_asm.o
 *(.exceptions.irqreturn.user)
 *(.exceptions.irqreturn)
 .exceptions.irqreturn
                0x000000c4       0x8c obj/FreeRTOS/port_asm.o
                0x000000c4                restore_sp_from_pxCurrentTCB
 *(.exceptions.notirq.label)
 *(.exceptions.notirq.user)
 *(.exceptions.notirq)
 *(.exceptions.soft.user)
 *(.exceptions.soft)
 .exceptions.soft
                0x00000150       0x2c obj/FreeRTOS/port_asm.o
 *(.exceptions.unknown.user)
 *(.exceptions.unknown)
 *(.exceptions.exit.label)
 *(.exceptions.exit.user)
 *(.exceptions.exit)
 *(.exceptions)
 .exceptions    0x0000017c       0xcc ../freertos_test_bsp/\libhal_bsp.a(alt_irq_handler.o)
                0x0000017c                alt_irq_handler
                0x00000248                PROVIDE (__ram_exceptions_end, ABSOLUTE (.))
                0x00000020                PROVIDE (__flash_exceptions_start, LOADADDR (.exceptions))

.text           0x00000248    0x1887c
                0x00000248                PROVIDE (stext, ABSOLUTE (.))
 *(.interp)
 *(.hash)
 *(.dynsym)
 *(.dynstr)
 *(.gnu.version)
 *(.gnu.version_d)
 *(.gnu.version_r)
 *(.rel.init)
 *(.rela.init)
 *(.rel.text .rel.text.* .rel.gnu.linkonce.t.*)
 *(.rela.text .rela.text.* .rela.gnu.linkonce.t.*)
 *(.rel.fini)
 *(.rela.fini)
 *(.rel.rodata .rel.rodata.* .rel.gnu.linkonce.r.*)
 *(.rela.rodata .rela.rodata.* .rela.gnu.linkonce.r.*)
 *(.rel.data .rel.data.* .rel.gnu.linkonce.d.*)
 *(.rela.data .rela.data.* .rela.gnu.linkonce.d.*)
 *(.rel.tdata .rel.tdata.* .rel.gnu.linkonce.td.*)
 *(.rela.tdata .rela.tdata.* .rela.gnu.linkonce.td.*)
 *(.rel.tbss .rel.tbss.* .rel.gnu.linkonce.tb.*)
 *(.rela.tbss .rela.tbss.* .rela.gnu.linkonce.tb.*)
 *(.rel.ctors)
 *(.rela.ctors)
 *(.rel.dtors)
 *(.rela.dtors)
 *(.rel.got)
 *(.rela.got)
 *(.rel.sdata .rel.sdata.* .rel.gnu.linkonce.s.*)
 *(.rela.sdata .rela.sdata.* .rela.gnu.linkonce.s.*)
 *(.rel.sbss .rel.sbss.* .rel.gnu.linkonce.sb.*)
 *(.rela.sbss .rela.sbss.* .rela.gnu.linkonce.sb.*)
 *(.rel.sdata2 .rel.sdata2.* .rel.gnu.linkonce.s2.*)
 *(.rela.sdata2 .rela.sdata2.* .rela.gnu.linkonce.s2.*)
 *(.rel.sbss2 .rel.sbss2.* .rel.gnu.linkonce.sb2.*)
 *(.rela.sbss2 .rela.sbss2.* .rela.gnu.linkonce.sb2.*)
 *(.rel.bss .rel.bss.* .rel.gnu.linkonce.b.*)
 *(.rela.bss .rela.bss.* .rela.gnu.linkonce.b.*)
 *(.rel.plt)
 *(.rela.plt)
 *(.rel.dyn)
 *(.init)
 *(.plt)
 *(.text .stub .text.* .gnu.linkonce.t.*)
 .text          0x00000248       0x48 ../freertos_test_bsp//obj/HAL/src/crt0.o
                0x00000248                _start
 .text          0x00000290      0x60c obj/FreeRTOS/croutine.o
                0x00000290                xCoRoutineCreate
                0x000003d0                vCoRoutineAddToDelayedList
                0x00000694                vCoRoutineSchedule
                0x0000081c                xCoRoutineRemoveFromEventList
 .text          0x0000089c      0x448 obj/FreeRTOS/heap.o
                0x0000089c                pvPortMalloc
                0x00000a30                vPortFree
                0x00000ab0                xPortGetFreeHeapSize
                0x00000ad0                vPortInitialiseBlocks
 .text          0x00000ce4      0x28c obj/FreeRTOS/list.o
                0x00000ce4                vListInitialise
                0x00000d54                vListInitialiseItem
                0x00000d7c                vListInsertEnd
                0x00000e04                vListInsert
                0x00000ed8                uxListRemove
 .text          0x00000f70      0x434 obj/FreeRTOS/port.o
                0x00000f70                vApplicationStackOverflowHook
                0x00000fd4                pxPortInitialiseStack
                0x000010bc                xPortStartScheduler
                0x000010f4                vPortEndScheduler
                0x000011a8                vPortSysTickHandler
                0x000011f4                alt_irq_register
 .text          0x000013a4     0x1134 obj/FreeRTOS/queue.o
                0x000013a4                xQueueGenericReset
                0x000014b8                xQueueGenericCreate
                0x00001594                xQueueCreateMutex
                0x00001658                xQueueGiveMutexRecursive
                0x000016ec                xQueueTakeMutexRecursive
                0x00001794                xQueueCreateCountingSemaphore
                0x000017f0                xQueueGenericSend
                0x000019a0                xQueueGenericSendFromISR
                0x00001a88                xQueueGiveFromISR
                0x00001b60                xQueueGenericReceive
                0x00001d8c                xQueueReceiveFromISR
                0x00001e70                xQueuePeekFromISR
                0x00001ef0                uxQueueMessagesWaiting
                0x00001f30                uxQueueSpacesAvailable
                0x00001f84                uxQueueMessagesWaitingFromISR
                0x00001fb4                vQueueDelete
                0x00002360                xQueueIsQueueEmptyFromISR
                0x000023fc                xQueueIsQueueFullFromISR
                0x00002444                vQueueWaitForMessageRestricted
 .text          0x000024d8     0x1c94 obj/FreeRTOS/tasks.o
                0x000024d8                xTaskGenericCreate
                0x000026a0                vTaskDelete
                0x00002778                vTaskDelay
                0x000027f0                vTaskStartScheduler
                0x0000288c                vTaskEndScheduler
                0x000028d0                vTaskSuspendAll
                0x000028f8                xTaskResumeAll
                0x00002a48                xTaskGetTickCount
                0x00002a70                xTaskGetTickCountFromISR
                0x00002a9c                uxTaskGetNumberOfTasks
                0x00002abc                xTaskIncrementTick
                0x00002c98                vTaskSwitchContext
                0x00002dc8                vTaskPlaceOnEventList
                0x00002e28                vTaskPlaceOnUnorderedEventList
                0x00002e9c                vTaskPlaceOnEventListRestricted
                0x00002efc                xTaskRemoveFromEventList
                0x00002fe4                xTaskRemoveFromUnorderedEventList
                0x000030b4                vTaskSetTimeOutState
                0x000030ec                xTaskCheckForTimeOut
                0x000031b0                vTaskMissedYield
                0x00003630                uxTaskGetStackHighWaterMark
                0x0000374c                xTaskGetCurrentTaskHandle
                0x00003774                xTaskGetSchedulerState
                0x000037c8                vTaskPriorityInherit
                0x000038f8                xTaskPriorityDisinherit
                0x000039f4                vTaskEnterCritical
                0x00003a48                vTaskExitCritical
                0x00003ab0                uxTaskResetEventItemValue
                0x00003af4                pvTaskIncrementMutexHeldCount
                0x00003b30                ulTaskNotifyTake
                0x00003c08                xTaskNotifyWait
                0x00003d14                xTaskNotify
                0x00003e9c                xTaskNotifyFromISR
                0x0000405c                vTaskNotifyGiveFromISR
 .text          0x0000416c      0x8b0 obj/FreeRTOS/timers.o
                0x0000416c                xTimerCreateTimerTask
                0x000041dc                xTimerCreate
                0x0000428c                xTimerGenericCommand
                0x00004354                pcTimerGetTimerName
                0x000049a0                xTimerIsTimerActive
                0x000049ec                pvTimerGetTimerID
 .text          0x00004a1c     0x1810 obj/freertos_test.o
                0x00004a1c                freq_relay
                0x00004aa4                ps2_isr
                0x00004b3c                button_irq
                0x00004bac                Keyboard_Update_Task
                0x00004dec                ROC_Calculation_Task
                0x0000528c                VGA_Task
                0x00005a8c                update_leds_from_fsm
                0x00005bbc                shed_load
                0x00005c48                reconnect_load
                0x00005cd0                check_if_all_loads_connected
                0x00005d44                reset_timer
                0x00005dbc                timer_expiry_callback
                0x00005df8                Load_Management_Task
                0x00005f00                initCreateTasks
                0x00005fe8                initOSDataStructs
                0x00006100                ps2_init
                0x0000618c                button_init
                0x000061e4                main
 .text          0x0000622c        0x0 obj/FreeRTOS/port_asm.o
 .text          0x0000622c      0x504 c:/altera/13.0sp1/nios2eds/bin/gnu/h-i686-mingw32/bin/../lib/gcc/nios2-elf/4.1.2\libgcc.a(_addsub_df.o)
                0x0000663c                __subdf3
                0x000066bc                __adddf3
 .text          0x00006730      0x3c4 c:/altera/13.0sp1/nios2eds/bin/gnu/h-i686-mingw32/bin/../lib/gcc/nios2-elf/4.1.2\libgcc.a(_mul_df.o)
                0x00006730                __muldf3
 .text          0x00006af4      0x258 c:/altera/13.0sp1/nios2eds/bin/gnu/h-i686-mingw32/bin/../lib/gcc/nios2-elf/4.1.2\libgcc.a(_div_df.o)
                0x00006af4                __divdf3
 .text          0x00006d4c       0x88 c:/altera/13.0sp1/nios2eds/bin/gnu/h-i686-mingw32/bin/../lib/gcc/nios2-elf/4.1.2\libgcc.a(_gt_df.o)
                0x00006d4c                __gtdf2
 .text          0x00006dd4       0x88 c:/altera/13.0sp1/nios2eds/bin/gnu/h-i686-mingw32/bin/../lib/gcc/nios2-elf/4.1.2\libgcc.a(_ge_df.o)
                0x00006dd4                __gedf2
 .text          0x00006e5c       0x88 c:/altera/13.0sp1/nios2eds/bin/gnu/h-i686-mingw32/bin/../lib/gcc/nios2-elf/4.1.2\libgcc.a(_lt_df.o)
                0x00006e5c                __ltdf2
 .text          0x00006ee4       0xf8 c:/altera/13.0sp1/nios2eds/bin/gnu/h-i686-mingw32/bin/../lib/gcc/nios2-elf/4.1.2\libgcc.a(_si_to_df.o)
                0x00006ee4                __floatsidf
 .text          0x00006fdc       0xd8 c:/altera/13.0sp1/nios2eds/bin/gnu/h-i686-mingw32/bin/../lib/gcc/nios2-elf/4.1.2\libgcc.a(_df_to_si.o)
                0x00006fdc                __fixdfsi
 .text          0x000070b4        0x0 c:/altera/13.0sp1/nios2eds/bin/gnu/h-i686-mingw32/bin/../lib/gcc/nios2-elf/4.1.2\libgcc.a(_thenan_df.o)
 .text          0x000070b4      0x194 c:/altera/13.0sp1/nios2eds/bin/gnu/h-i686-mingw32/bin/../lib/gcc/nios2-elf/4.1.2\libgcc.a(_usi_to_df.o)
                0x000070b4                __floatunsidf
 .text          0x00007248       0x98 c:/altera/13.0sp1/nios2eds/bin/gnu/h-i686-mingw32/bin/../lib/gcc/nios2-elf/4.1.2\libgcc.a(_muldi3.o)
                0x00007248                __muldi3
 .text          0x000072e0       0x80 c:/altera/13.0sp1/nios2eds/bin/gnu/h-i686-mingw32/bin/../lib/gcc/nios2-elf/4.1.2\libgcc.a(_clzsi2.o)
                0x000072e0                __clzsi2
 .text          0x00007360      0x314 c:/altera/13.0sp1/nios2eds/bin/gnu/h-i686-mingw32/bin/../lib/gcc/nios2-elf/4.1.2\libgcc.a(_pack_df.o)
                0x00007360                __pack_d
 .text          0x00007674      0x138 c:/altera/13.0sp1/nios2eds/bin/gnu/h-i686-mingw32/bin/../lib/gcc/nios2-elf/4.1.2\libgcc.a(_unpack_df.o)
                0x00007674                __unpack_d
 .text          0x000077ac       0xc8 c:/altera/13.0sp1/nios2eds/bin/gnu/h-i686-mingw32/bin/../lib/gcc/nios2-elf/4.1.2\libgcc.a(_fpcmp_parts_df.o)
                0x000077ac                __fpcmp_parts_d
 .text          0x00007874        0x0 c:/altera/13.0sp1/nios2eds/bin/gnu/h-i686-mingw32/bin/../lib/gcc/nios2-elf/4.1.2\libgcc.a(_clz.o)
 .text          0x00007874       0x74 c:/altera/13.0sp1/nios2eds/bin/gnu/h-i686-mingw32/bin/../lib/gcc/nios2-elf/4.1.2/../../../../nios2-elf/lib\libc.a(lib_a-memcmp.o)
                0x00007874                memcmp
 .text          0x000078e8       0xa0 c:/altera/13.0sp1/nios2eds/bin/gnu/h-i686-mingw32/bin/../lib/gcc/nios2-elf/4.1.2/../../../../nios2-elf/lib\libc.a(lib_a-memcpy.o)
                0x000078e8                memcpy
 .text          0x00007988       0x98 c:/altera/13.0sp1/nios2eds/bin/gnu/h-i686-mingw32/bin/../lib/gcc/nios2-elf/4.1.2/../../../../nios2-elf/lib\libc.a(lib_a-memset.o)
                0x00007988                memset
 .text          0x00007a20       0x78 c:/altera/13.0sp1/nios2eds/bin/gnu/h-i686-mingw32/bin/../lib/gcc/nios2-elf/4.1.2/../../../../nios2-elf/lib\libc.a(lib_a-printf.o)
                0x00007a20                printf
                0x00007a64                _printf_r
 .text          0x00007a98       0xb4 c:/altera/13.0sp1/nios2eds/bin/gnu/h-i686-mingw32/bin/../lib/gcc/nios2-elf/4.1.2/../../../../nios2-elf/lib\libc.a(lib_a-puts.o)
                0x00007a98                _puts_r
                0x00007b38                puts
 .text          0x00007b4c       0xd4 c:/altera/13.0sp1/nios2eds/bin/gnu/h-i686-mingw32/bin/../lib/gcc/nios2-elf/4.1.2/../../../../nios2-elf/lib\libc.a(lib_a-sprintf.o)
                0x00007b4c                sprintf
                0x00007bc0                _sprintf_r
 .text          0x00007c20       0x74 c:/altera/13.0sp1/nios2eds/bin/gnu/h-i686-mingw32/bin/../lib/gcc/nios2-elf/4.1.2/../../../../nios2-elf/lib\libc.a(lib_a-strlen.o)
                0x00007c20                strlen
 .text          0x00007c94     0x1f28 c:/altera/13.0sp1/nios2eds/bin/gnu/h-i686-mingw32/bin/../lib/gcc/nios2-elf/4.1.2/../../../../nios2-elf/lib\libc.a(lib_a-vfprintf.o)
                0x00007cec                ___vfprintf_internal_r
                0x00009b98                __vfprintf_internal
 .text          0x00009bbc      0x13c c:/altera/13.0sp1/nios2eds/bin/gnu/h-i686-mingw32/bin/../lib/gcc/nios2-elf/4.1.2/../../../../nios2-elf/lib\libc.a(lib_a-wsetup.o)
                0x00009bbc                __swsetup_r
 .text          0x00009cf8     0x17cc c:/altera/13.0sp1/nios2eds/bin/gnu/h-i686-mingw32/bin/../lib/gcc/nios2-elf/4.1.2/../../../../nios2-elf/lib\libc.a(lib_a-dtoa.o)
                0x00009f10                _dtoa_r
 .text          0x0000b4c4      0x230 c:/altera/13.0sp1/nios2eds/bin/gnu/h-i686-mingw32/bin/../lib/gcc/nios2-elf/4.1.2/../../../../nios2-elf/lib\libc.a(lib_a-fflush.o)
                0x0000b4c4                _fflush_r
                0x0000b6c0                fflush
 .text          0x0000b6f4      0x2c0 c:/altera/13.0sp1/nios2eds/bin/gnu/h-i686-mingw32/bin/../lib/gcc/nios2-elf/4.1.2/../../../../nios2-elf/lib\libc.a(lib_a-findfp.o)
                0x0000b74c                __sfp_lock_acquire
                0x0000b750                __sfp_lock_release
                0x0000b754                __sinit_lock_acquire
                0x0000b758                __sinit_lock_release
                0x0000b75c                __sinit
                0x0000b810                __fp_unlock_all
                0x0000b828                __fp_lock_all
                0x0000b840                _cleanup_r
                0x0000b84c                _cleanup
                0x0000b85c                __sfmoreglue
                0x0000b8c4                __sfp
 .text          0x0000b9b4      0x440 c:/altera/13.0sp1/nios2eds/bin/gnu/h-i686-mingw32/bin/../lib/gcc/nios2-elf/4.1.2/../../../../nios2-elf/lib\libc.a(lib_a-freer.o)
                0x0000b9b4                _malloc_trim_r
                0x0000bae0                _free_r
 .text          0x0000bdf4      0x49c c:/altera/13.0sp1/nios2eds/bin/gnu/h-i686-mingw32/bin/../lib/gcc/nios2-elf/4.1.2/../../../../nios2-elf/lib\libc.a(lib_a-fvwrite.o)
                0x0000bdf4                __sfvwrite_r
 .text          0x0000c290      0x180 c:/altera/13.0sp1/nios2eds/bin/gnu/h-i686-mingw32/bin/../lib/gcc/nios2-elf/4.1.2/../../../../nios2-elf/lib\libc.a(lib_a-fwalk.o)
                0x0000c290                _fwalk_reent
                0x0000c358                _fwalk
 .text          0x0000c410        0x0 c:/altera/13.0sp1/nios2eds/bin/gnu/h-i686-mingw32/bin/../lib/gcc/nios2-elf/4.1.2/../../../../nios2-elf/lib\libc.a(lib_a-impure.o)
 .text          0x0000c410       0xc4 c:/altera/13.0sp1/nios2eds/bin/gnu/h-i686-mingw32/bin/../lib/gcc/nios2-elf/4.1.2/../../../../nios2-elf/lib\libc.a(lib_a-locale.o)
                0x0000c410                __locale_charset
                0x0000c418                _localeconv_r
                0x0000c424                localeconv
                0x0000c434                _setlocale_r
                0x0000c4b8                setlocale
 .text          0x0000c4d4      0x194 c:/altera/13.0sp1/nios2eds/bin/gnu/h-i686-mingw32/bin/../lib/gcc/nios2-elf/4.1.2/../../../../nios2-elf/lib\libc.a(lib_a-makebuf.o)
                0x0000c4d4                __smakebuf_r
 .text          0x0000c668      0x740 c:/altera/13.0sp1/nios2eds/bin/gnu/h-i686-mingw32/bin/../lib/gcc/nios2-elf/4.1.2/../../../../nios2-elf/lib\libc.a(lib_a-mallocr.o)
                0x0000c668                _malloc_r
 .text          0x0000cda8       0xe4 c:/altera/13.0sp1/nios2eds/bin/gnu/h-i686-mingw32/bin/../lib/gcc/nios2-elf/4.1.2/../../../../nios2-elf/lib\libc.a(lib_a-memchr.o)
                0x0000cda8                memchr
 .text          0x0000ce8c       0xe0 c:/altera/13.0sp1/nios2eds/bin/gnu/h-i686-mingw32/bin/../lib/gcc/nios2-elf/4.1.2/../../../../nios2-elf/lib\libc.a(lib_a-memmove.o)
                0x0000ce8c                memmove
 .text          0x0000cf6c      0xff4 c:/altera/13.0sp1/nios2eds/bin/gnu/h-i686-mingw32/bin/../lib/gcc/nios2-elf/4.1.2/../../../../nios2-elf/lib\libc.a(lib_a-mprec.o)
                0x0000cf6c                _Bfree
                0x0000cf94                __hi0bits
                0x0000d004                __lo0bits
                0x0000d0c8                __mcmp
                0x0000d128                __ulp
                0x0000d1a8                __b2d
                0x0000d2c8                __ratio
                0x0000d378                _mprec_log10
                0x0000d40c                __copybits
                0x0000d464                __any_on
                0x0000d4ec                _Balloc
                0x0000d5a8                __d2b
                0x0000d724                __mdiff
                0x0000d8b0                __lshift
                0x0000d9fc                __multiply
                0x0000dbe4                __i2b
                0x0000dc20                __multadd
                0x0000dd20                __pow5mult
                0x0000de40                __s2b
 .text          0x0000df60      0x5f4 c:/altera/13.0sp1/nios2eds/bin/gnu/h-i686-mingw32/bin/../lib/gcc/nios2-elf/4.1.2/../../../../nios2-elf/lib\libc.a(lib_a-reallocr.o)
                0x0000df60                _realloc_r
 .text          0x0000e554       0x40 c:/altera/13.0sp1/nios2eds/bin/gnu/h-i686-mingw32/bin/../lib/gcc/nios2-elf/4.1.2/../../../../nios2-elf/lib\libc.a(lib_a-s_isinfd.o)
                0x0000e554                __isinfd
 .text          0x0000e594       0x30 c:/altera/13.0sp1/nios2eds/bin/gnu/h-i686-mingw32/bin/../lib/gcc/nios2-elf/4.1.2/../../../../nios2-elf/lib\libc.a(lib_a-s_isnand.o)
                0x0000e594                __isnand
 .text          0x0000e5c4       0x70 c:/altera/13.0sp1/nios2eds/bin/gnu/h-i686-mingw32/bin/../lib/gcc/nios2-elf/4.1.2/../../../../nios2-elf/lib\libc.a(lib_a-sbrkr.o)
                0x0000e5c4                _sbrk_r
 .text          0x0000e634      0x14c c:/altera/13.0sp1/nios2eds/bin/gnu/h-i686-mingw32/bin/../lib/gcc/nios2-elf/4.1.2/../../../../nios2-elf/lib\libc.a(lib_a-stdio.o)
                0x0000e634                __sclose
                0x0000e63c                __sseek
                0x0000e6a4                __swrite
                0x0000e720                __sread
 .text          0x0000e780       0xbc c:/altera/13.0sp1/nios2eds/bin/gnu/h-i686-mingw32/bin/../lib/gcc/nios2-elf/4.1.2/../../../../nios2-elf/lib\libc.a(lib_a-strcmp.o)
                0x0000e780                strcmp
 .text          0x0000e83c       0x78 c:/altera/13.0sp1/nios2eds/bin/gnu/h-i686-mingw32/bin/../lib/gcc/nios2-elf/4.1.2/../../../../nios2-elf/lib\libc.a(lib_a-writer.o)
                0x0000e83c                _write_r
 .text          0x0000e8b4       0xb4 c:/altera/13.0sp1/nios2eds/bin/gnu/h-i686-mingw32/bin/../lib/gcc/nios2-elf/4.1.2/../../../../nios2-elf/lib\libc.a(lib_a-callocr.o)
                0x0000e8b4                _calloc_r
 .text          0x0000e968       0x70 c:/altera/13.0sp1/nios2eds/bin/gnu/h-i686-mingw32/bin/../lib/gcc/nios2-elf/4.1.2/../../../../nios2-elf/lib\libc.a(lib_a-closer.o)
                0x0000e968                _close_r
 .text          0x0000e9d8      0x124 c:/altera/13.0sp1/nios2eds/bin/gnu/h-i686-mingw32/bin/../lib/gcc/nios2-elf/4.1.2/../../../../nios2-elf/lib\libc.a(lib_a-fclose.o)
                0x0000e9d8                _fclose_r
                0x0000eae8                fclose
 .text          0x0000eafc       0x74 c:/altera/13.0sp1/nios2eds/bin/gnu/h-i686-mingw32/bin/../lib/gcc/nios2-elf/4.1.2/../../../../nios2-elf/lib\libc.a(lib_a-fstatr.o)
                0x0000eafc                _fstat_r
 .text          0x0000eb70        0x0 c:/altera/13.0sp1/nios2eds/bin/gnu/h-i686-mingw32/bin/../lib/gcc/nios2-elf/4.1.2/../../../../nios2-elf/lib\libc.a(lib_a-int_errno.o)
 .text          0x0000eb70       0x70 c:/altera/13.0sp1/nios2eds/bin/gnu/h-i686-mingw32/bin/../lib/gcc/nios2-elf/4.1.2/../../../../nios2-elf/lib\libc.a(lib_a-isattyr.o)
                0x0000eb70                _isatty_r
 .text          0x0000ebe0       0x78 c:/altera/13.0sp1/nios2eds/bin/gnu/h-i686-mingw32/bin/../lib/gcc/nios2-elf/4.1.2/../../../../nios2-elf/lib\libc.a(lib_a-lseekr.o)
                0x0000ebe0                _lseek_r
 .text          0x0000ec58       0x78 c:/altera/13.0sp1/nios2eds/bin/gnu/h-i686-mingw32/bin/../lib/gcc/nios2-elf/4.1.2/../../../../nios2-elf/lib\libc.a(lib_a-readr.o)
                0x0000ec58                _read_r
 .text          0x0000ecd0      0x5dc c:/altera/13.0sp1/nios2eds/bin/gnu/h-i686-mingw32/bin/../lib/gcc/nios2-elf/4.1.2\libgcc.a(_udivdi3.o)
                0x0000ecd0                __udivdi3
 .text          0x0000f2ac      0x5b0 c:/altera/13.0sp1/nios2eds/bin/gnu/h-i686-mingw32/bin/../lib/gcc/nios2-elf/4.1.2\libgcc.a(_umoddi3.o)
                0x0000f2ac                __umoddi3
 .text          0x0000f85c       0x88 c:/altera/13.0sp1/nios2eds/bin/gnu/h-i686-mingw32/bin/../lib/gcc/nios2-elf/4.1.2\libgcc.a(_eq_df.o)
                0x0000f85c                __eqdf2
 .text          0x0000f8e4       0x88 c:/altera/13.0sp1/nios2eds/bin/gnu/h-i686-mingw32/bin/../lib/gcc/nios2-elf/4.1.2\libgcc.a(_ne_df.o)
                0x0000f8e4                __nedf2
 .text          0x0000f96c      0x14c c:/altera/13.0sp1/nios2eds/bin/gnu/h-i686-mingw32/bin/../lib/gcc/nios2-elf/4.1.2\libgcc.a(lib2-divmod.o)
                0x0000f9e8                __divsi3
                0x0000fa48                __modsi3
                0x0000faa8                __udivsi3
                0x0000fab0                __umodsi3
 .text          0x0000fab8      0x15c ../freertos_test_bsp/\libhal_bsp.a(alt_close.o)
                0x0000fab8                close
 .text          0x0000fc14       0x2c ../freertos_test_bsp/\libhal_bsp.a(alt_dev.o)
 .text          0x0000fc40        0x0 ../freertos_test_bsp/\libhal_bsp.a(alt_errno.o)
 .text          0x0000fc40      0x134 ../freertos_test_bsp/\libhal_bsp.a(alt_fstat.o)
                0x0000fc40                fstat
 .text          0x0000fd74        0x0 ../freertos_test_bsp/\libhal_bsp.a(alt_irq_handler.o)
 .text          0x0000fd74        0x0 ../freertos_test_bsp/\libhal_bsp.a(alt_irq_vars.o)
 .text          0x0000fd74      0x120 ../freertos_test_bsp/\libhal_bsp.a(alt_isatty.o)
                0x0000fd74                isatty
 .text          0x0000fe94      0x150 ../freertos_test_bsp/\libhal_bsp.a(alt_lseek.o)
                0x0000fe94                lseek
 .text          0x0000ffe4       0x6c ../freertos_test_bsp/\libhal_bsp.a(alt_main.o)
                0x0000ffe4                alt_main
 .text          0x00010050       0x40 ../freertos_test_bsp/\libhal_bsp.a(alt_malloc_lock.o)
                0x00010050                __malloc_lock
                0x00010070                __malloc_unlock
 .text          0x00010090      0x180 ../freertos_test_bsp/\libhal_bsp.a(alt_read.o)
                0x00010090                read
 .text          0x00010210       0x60 ../freertos_test_bsp/\libhal_bsp.a(alt_release_fd.o)
                0x00010210                alt_release_fd
 .text          0x00010270       0xbc ../freertos_test_bsp/\libhal_bsp.a(alt_sbrk.o)
                0x00010270                sbrk
 .text          0x0001032c      0x180 ../freertos_test_bsp/\libhal_bsp.a(alt_write.o)
                0x0001032c                write
 .text          0x000104ac      0x3d8 ../freertos_test_bsp/\libhal_bsp.a(alt_sys_init.o)
                0x000104ac                alt_irq_init
                0x000104e0                alt_sys_init
 .text          0x00010884      0x8d8 ../freertos_test_bsp/\libhal_bsp.a(altera_avalon_cfi_flash.o)
                0x00010884                alt_flash_cfi_init
                0x00010958                alt_flash_cfi_write
                0x00010c18                alt_flash_cfi_get_info
                0x00010ca8                alt_flash_cfi_read
                0x00010d10                alt_write_value_to_flash
                0x00010e74                alt_flash_program_block
 .text          0x0001115c     0x14a8 ../freertos_test_bsp/\libhal_bsp.a(altera_avalon_cfi_flash_table.o)
                0x0001115c                alt_read_query_entry_8bit
                0x0001119c                alt_read_query_entry_16bit
                0x000111e0                alt_read_query_entry_32bit
                0x00011228                alt_write_flash_command_8bit_device_8bit_mode
                0x00011264                alt_write_flash_command_16bit_device_8bit_mode
                0x000112e0                alt_write_flash_command_32bit_device_8bit_mode
                0x00011328                alt_write_flash_command_16bit_device_16bit_mode
                0x0001136c                alt_write_flash_command_32bit_device_16bit_mode
                0x000113b4                alt_write_flash_command_32bit_device_32bit_mode
                0x000113fc                alt_write_native_8bit
                0x00011430                alt_write_native_16bit
                0x00011464                alt_write_native_32bit
                0x00011494                alt_set_flash_width_func
                0x00011674                alt_set_flash_algorithm_func
                0x0001179c                alt_read_cfi_table
                0x00011d7c                alt_read_cfi_width
                0x00012528                alt_check_primary_table
 .text          0x00012604      0x148 ../freertos_test_bsp/\libhal_bsp.a(altera_avalon_jtag_uart_fd.o)
                0x00012604                altera_avalon_jtag_uart_read_fd
                0x0001265c                altera_avalon_jtag_uart_write_fd
                0x000126b4                altera_avalon_jtag_uart_close_fd
                0x000126fc                altera_avalon_jtag_uart_ioctl_fd
 .text          0x0001274c      0x408 ../freertos_test_bsp/\libhal_bsp.a(altera_avalon_jtag_uart_init.o)
                0x0001274c                altera_avalon_jtag_uart_init
                0x00012ae0                altera_avalon_jtag_uart_close
 .text          0x00012b54       0xf4 ../freertos_test_bsp/\libhal_bsp.a(altera_avalon_jtag_uart_ioctl.o)
                0x00012b54                altera_avalon_jtag_uart_ioctl
 .text          0x00012c48      0x224 ../freertos_test_bsp/\libhal_bsp.a(altera_avalon_jtag_uart_read.o)
                0x00012c48                altera_avalon_jtag_uart_read
 .text          0x00012e6c      0x240 ../freertos_test_bsp/\libhal_bsp.a(altera_avalon_jtag_uart_write.o)
                0x00012e6c                altera_avalon_jtag_uart_write
 .text          0x000130ac      0xee0 ../freertos_test_bsp/\libhal_bsp.a(altera_avalon_lcd_16207.o)
                0x00013880                altera_avalon_lcd_16207_write
                0x00013e50                altera_avalon_lcd_16207_init
 .text          0x00013f8c       0x58 ../freertos_test_bsp/\libhal_bsp.a(altera_avalon_lcd_16207_fd.o)
                0x00013f8c                altera_avalon_lcd_16207_write_fd
 .text          0x00013fe4       0xfc ../freertos_test_bsp/\libhal_bsp.a(altera_avalon_timer_sc.o)
                0x00014058                alt_avalon_timer_sc_init
 .text          0x000140e0       0xf8 ../freertos_test_bsp/\libhal_bsp.a(altera_avalon_uart_fd.o)
                0x000140e0                altera_avalon_uart_read_fd
                0x00014138                altera_avalon_uart_write_fd
                0x00014190                altera_avalon_uart_close_fd
 .text          0x000141d8      0x3fc ../freertos_test_bsp/\libhal_bsp.a(altera_avalon_uart_init.o)
                0x000141d8                altera_avalon_uart_init
                0x00014574                altera_avalon_uart_close
 .text          0x000145d4      0x290 ../freertos_test_bsp/\libhal_bsp.a(altera_avalon_uart_read.o)
                0x000145d4                altera_avalon_uart_read
 .text          0x00014864      0x228 ../freertos_test_bsp/\libhal_bsp.a(altera_avalon_uart_write.o)
                0x00014864                altera_avalon_uart_write
 .text          0x00014a8c      0x700 ../freertos_test_bsp/\libhal_bsp.a(altera_up_avalon_ps2.o)
                0x00014a8c                read_RI_bit
                0x00014ac0                read_RE_bit
                0x00014af0                read_CE_bit
                0x00014b24                read_num_bytes_available
                0x00014b58                read_data_valid
                0x00014b8c                read_data_byte
                0x00014bb8                alt_up_ps2_init
                0x00014c84                alt_up_ps2_enable_read_interrupt
                0x00014cd8                alt_up_ps2_disable_read_interrupt
                0x00014d30                alt_up_ps2_write_data_byte
                0x00014da8                alt_up_ps2_wait_for_ack
                0x00014e18                alt_up_ps2_write_data_byte_with_ack
                0x00014e84                alt_up_ps2_read_data_byte_timeout
                0x00014f34                alt_up_ps2_read_data_byte
                0x00014fb0                alt_up_ps2_clear_fifo
                0x00015008                alt_up_ps2_read_fd
                0x000150a4                alt_up_ps2_write_fd
                0x0001514c                alt_up_ps2_open_dev
 .text          0x0001518c      0x304 ../freertos_test_bsp/\libhal_bsp.a(altera_up_avalon_video_character_buffer_with_dma.o)
                0x0001518c                alt_up_char_buffer_init
                0x00015210                alt_up_char_buffer_open_dev
                0x00015250                alt_up_char_buffer_draw
                0x00015320                alt_up_char_buffer_string
                0x00015434                alt_up_char_buffer_clear
 .text          0x00015490     0x156c ../freertos_test_bsp/\libhal_bsp.a(altera_up_avalon_video_pixel_buffer_dma.o)
                0x00015490                alt_up_pixel_buffer_dma_open_dev
                0x000154d0                alt_up_pixel_buffer_dma_draw
                0x00015670                alt_up_pixel_buffer_dma_change_back_buffer_address
                0x000156c8                alt_up_pixel_buffer_dma_swap_buffers
                0x00015720                alt_up_pixel_buffer_dma_check_swap_buffers_status
                0x00015754                alt_up_pixel_buffer_dma_clear_screen
                0x000158b8                alt_up_pixel_buffer_dma_draw_box
                0x00015dac                alt_up_pixel_buffer_dma_draw_hline
                0x000160fc                alt_up_pixel_buffer_dma_draw_vline
                0x000164cc                alt_up_pixel_buffer_dma_draw_rectangle
                0x00016590                helper_plot_pixel
                0x00016660                alt_up_pixel_buffer_dma_draw_line
 .text          0x000169fc      0x5e0 ../freertos_test_bsp/\libhal_bsp.a(altera_up_ps2_keyboard.o)
                0x000169fc                get_multi_byte_make_code_index
                0x00016a74                get_single_byte_make_code_index
                0x00016aec                get_next_state
                0x00016d48                decode_scancode
                0x00016df4                set_keyboard_rate
                0x00016e54                translate_make_code
                0x00016f5c                reset_keyboard
 .text          0x00016fdc      0x154 ../freertos_test_bsp/\libhal_bsp.a(alt_alarm_start.o)
                0x00016fdc                alt_alarm_start
 .text          0x00017130       0x78 ../freertos_test_bsp/\libhal_bsp.a(alt_dcache_flush.o)
                0x00017130                alt_dcache_flush
 .text          0x000171a8      0x114 ../freertos_test_bsp/\libhal_bsp.a(alt_dev_llist_insert.o)
                0x000171a8                alt_dev_llist_insert
 .text          0x000172bc       0x64 ../freertos_test_bsp/\libhal_bsp.a(alt_do_ctors.o)
                0x000172bc                _do_ctors
 .text          0x00017320       0x64 ../freertos_test_bsp/\libhal_bsp.a(alt_do_dtors.o)
                0x00017320                _do_dtors
 .text          0x00017384       0x94 ../freertos_test_bsp/\libhal_bsp.a(alt_find_dev.o)
                0x00017384                alt_find_dev
 .text          0x00017418       0xd0 ../freertos_test_bsp/\libhal_bsp.a(alt_flash_dev.o)
                0x00017418                alt_flash_open_dev
                0x00017494                alt_flash_close_dev
 .text          0x000174e8      0x13c ../freertos_test_bsp/\libhal_bsp.a(alt_io_redirect.o)
                0x000175ac                alt_io_redirect
 .text          0x00017624      0x2c4 ../freertos_test_bsp/\libhal_bsp.a(alt_open.o)
                0x00017700                open
 .text          0x000178e8      0x1a4 ../freertos_test_bsp/\libhal_bsp.a(alt_tick.o)
                0x000178e8                alt_alarm_stop
                0x00017980                alt_tick
 .text          0x00017a8c       0x30 ../freertos_test_bsp/\libhal_bsp.a(alt_usleep.o)
                0x00017a8c                usleep
 .text          0x00017abc       0x20 ../freertos_test_bsp/\libhal_bsp.a(altera_nios2_qsys_irq.o)
                0x00017abc                altera_nios2_qsys_irq_init
 .text          0x00017adc      0x460 ../freertos_test_bsp/\libhal_bsp.a(altera_avalon_cfi_flash_amd.o)
                0x00017adc                alt_program_amd
                0x00017b44                alt_erase_block_amd
 .text          0x00017f3c      0x460 ../freertos_test_bsp/\libhal_bsp.a(altera_avalon_cfi_flash_intel.o)
                0x00017f3c                alt_program_intel
                0x00017fc0                alt_erase_block_intel
 .text          0x0001839c      0x12c ../freertos_test_bsp/\libhal_bsp.a(alt_busy_sleep.o)
                0x0001839c                alt_busy_sleep
 .text          0x000184c8      0x120 ../freertos_test_bsp/\libhal_bsp.a(alt_find_file.o)
                0x000184c8                alt_find_file
 .text          0x000185e8       0xb8 ../freertos_test_bsp/\libhal_bsp.a(alt_get_fd.o)
                0x000185e8                alt_get_fd
 .text          0x000186a0       0x14 c:/altera/13.0sp1/nios2eds/bin/gnu/h-i686-mingw32/bin/../lib/gcc/nios2-elf/4.1.2/../../../../nios2-elf/lib\libc.a(lib_a-atexit.o)
                0x000186a0                atexit
 .text          0x000186b4        0x0 c:/altera/13.0sp1/nios2eds/bin/gnu/h-i686-mingw32/bin/../lib/gcc/nios2-elf/4.1.2/../../../../nios2-elf/lib\libc.a(lib_a-ctype_.o)
 .text          0x000186b4       0x38 c:/altera/13.0sp1/nios2eds/bin/gnu/h-i686-mingw32/bin/../lib/gcc/nios2-elf/4.1.2/../../../../nios2-elf/lib\libc.a(lib_a-exit.o)
                0x000186b4                exit
 .text          0x000186ec       0x8c c:/altera/13.0sp1/nios2eds/bin/gnu/h-i686-mingw32/bin/../lib/gcc/nios2-elf/4.1.2/../../../../nios2-elf/lib\libc.a(lib_a-strcpy.o)
                0x000186ec                strcpy
 .text          0x00018778      0x134 c:/altera/13.0sp1/nios2eds/bin/gnu/h-i686-mingw32/bin/../lib/gcc/nios2-elf/4.1.2/../../../../nios2-elf/lib\libc.a(lib_a-__atexit.o)
                0x00018778                __register_exitproc
 .text          0x000188ac      0x1b4 c:/altera/13.0sp1/nios2eds/bin/gnu/h-i686-mingw32/bin/../lib/gcc/nios2-elf/4.1.2/../../../../nios2-elf/lib\libc.a(lib_a-__call_atexit.o)
                0x000188b0                __call_exitprocs
 .text          0x00018a60       0x60 ../freertos_test_bsp/\libhal_bsp.a(alt_exit.o)
                0x00018aa0                _exit
 *(.gnu.warning.*)
 *(.fini)
                0x00018ac0                PROVIDE (__etext, ABSOLUTE (.))
                0x00018ac0                PROVIDE (_etext, ABSOLUTE (.))
                0x00018ac0                PROVIDE (etext, ABSOLUTE (.))
 *(.eh_frame_hdr)
                0x00018ac0                . = ALIGN (0x4)
                0x00018ac0                PROVIDE (__preinit_array_start, ABSOLUTE (.))
 *(.preinit_array)
                0x00018ac0                PROVIDE (__preinit_array_end, ABSOLUTE (.))
                0x00018ac0                PROVIDE (__init_array_start, ABSOLUTE (.))
 *(.init_array)
                0x00018ac0                PROVIDE (__init_array_end, ABSOLUTE (.))
                0x00018ac0                PROVIDE (__fini_array_start, ABSOLUTE (.))
 *(.fini_array)
                0x00018ac0                PROVIDE (__fini_array_end, ABSOLUTE (.))
 *(.eh_frame)
 *(.gcc_except_table)
 *(.dynamic)
                0x00018ac0                PROVIDE (__CTOR_LIST__, ABSOLUTE (.))
 *(.ctors)
 *(SORT(.ctors.*))
 .ctors.65535   0x00018ac0        0x4 c:/altera/13.0sp1/nios2eds/bin/gnu/h-i686-mingw32/bin/../lib/gcc/nios2-elf/4.1.2/../../../../nios2-elf/lib\libc.a(lib_a-__call_atexit.o)
                0x00018ac4                PROVIDE (__CTOR_END__, ABSOLUTE (.))
                0x00018ac4                PROVIDE (__DTOR_LIST__, ABSOLUTE (.))
 *(.dtors)
 *(SORT(.dtors.*))
                0x00018ac4                PROVIDE (__DTOR_END__, ABSOLUTE (.))
 *(.jcr)
                0x00018ac4                . = ALIGN (0x4)

.rodata         0x08000000      0xbf8
                0x08000000                PROVIDE (__ram_rodata_start, ABSOLUTE (.))
                0x08000000                . = ALIGN (0x4)
 *(.rodata .rodata.* .gnu.linkonce.r.*)
 .rodata        0x08000000       0x34 obj/FreeRTOS/port.o
 .rodata        0x08000034       0x1c obj/FreeRTOS/tasks.o
 .rodata        0x08000050        0x8 obj/FreeRTOS/timers.o
 .rodata        0x08000058      0x2e8 obj/freertos_test.o
 .rodata        0x08000340       0x14 c:/altera/13.0sp1/nios2eds/bin/gnu/h-i686-mingw32/bin/../lib/gcc/nios2-elf/4.1.2\libgcc.a(_thenan_df.o)
                0x08000340                __thenan_df
 .rodata        0x08000354      0x100 c:/altera/13.0sp1/nios2eds/bin/gnu/h-i686-mingw32/bin/../lib/gcc/nios2-elf/4.1.2\libgcc.a(_clz.o)
                0x08000354                __clz_tab
 .rodata.str1.4
                0x08000454        0x2 c:/altera/13.0sp1/nios2eds/bin/gnu/h-i686-mingw32/bin/../lib/gcc/nios2-elf/4.1.2/../../../../nios2-elf/lib\libc.a(lib_a-puts.o)
                                  0x4 (size before relaxing)
 *fill*         0x08000456        0x2 00
 .rodata.str1.4
                0x08000458       0x5e c:/altera/13.0sp1/nios2eds/bin/gnu/h-i686-mingw32/bin/../lib/gcc/nios2-elf/4.1.2/../../../../nios2-elf/lib\libc.a(lib_a-vfprintf.o)
                                 0x60 (size before relaxing)
 .rodata        0x080004b6       0x20 c:/altera/13.0sp1/nios2eds/bin/gnu/h-i686-mingw32/bin/../lib/gcc/nios2-elf/4.1.2/../../../../nios2-elf/lib\libc.a(lib_a-vfprintf.o)
 *fill*         0x080004d6        0x2 00
 .rodata.str1.4
                0x080004d8       0x10 c:/altera/13.0sp1/nios2eds/bin/gnu/h-i686-mingw32/bin/../lib/gcc/nios2-elf/4.1.2/../../../../nios2-elf/lib\libc.a(lib_a-dtoa.o)
                                 0x14 (size before relaxing)
 .rodata.str1.4
                0x080004e8        0x2 c:/altera/13.0sp1/nios2eds/bin/gnu/h-i686-mingw32/bin/../lib/gcc/nios2-elf/4.1.2/../../../../nios2-elf/lib\libc.a(lib_a-impure.o)
                                  0x4 (size before relaxing)
 *fill*         0x080004ea        0x2 00
 .rodata.str1.4
                0x080004ec       0x10 c:/altera/13.0sp1/nios2eds/bin/gnu/h-i686-mingw32/bin/../lib/gcc/nios2-elf/4.1.2/../../../../nios2-elf/lib\libc.a(lib_a-locale.o)
                                 0x18 (size before relaxing)
 .rodata        0x080004fc       0x30 c:/altera/13.0sp1/nios2eds/bin/gnu/h-i686-mingw32/bin/../lib/gcc/nios2-elf/4.1.2/../../../../nios2-elf/lib\libc.a(lib_a-locale.o)
 .rodata        0x0800052c      0x124 c:/altera/13.0sp1/nios2eds/bin/gnu/h-i686-mingw32/bin/../lib/gcc/nios2-elf/4.1.2/../../../../nios2-elf/lib\libc.a(lib_a-mprec.o)
                0x0800052c                __mprec_tens
                0x080005f4                __mprec_bigtens
                0x0800061c                __mprec_tinytens
 .rodata        0x08000650        0xc ../freertos_test_bsp/\libhal_bsp.a(alt_dev.o)
 .rodata        0x0800065c       0x10 ../freertos_test_bsp/\libhal_bsp.a(alt_main.o)
 .rodata        0x0800066c       0xb0 ../freertos_test_bsp/\libhal_bsp.a(alt_sys_init.o)
 .rodata        0x0800071c       0x1c ../freertos_test_bsp/\libhal_bsp.a(altera_up_avalon_video_character_buffer_with_dma.o)
 .rodata        0x08000738      0x23c ../freertos_test_bsp/\libhal_bsp.a(altera_up_ps2_keyboard.o)
 .rodata        0x08000974      0x281 c:/altera/13.0sp1/nios2eds/bin/gnu/h-i686-mingw32/bin/../lib/gcc/nios2-elf/4.1.2/../../../../nios2-elf/lib\libc.a(lib_a-ctype_.o)
                0x08000974                _ctype_
 *(.rodata1)
                0x08000bf8                . = ALIGN (0x4)
 *fill*         0x08000bf5        0x3 00
                0x08000bf8                PROVIDE (__ram_rodata_end, ABSOLUTE (.))
                0x08000000                PROVIDE (__flash_rodata_start, LOADADDR (.rodata))

.rwdata         0x08000bf8     0x20f0
                0x08000bf8                PROVIDE (__ram_rwdata_start, ABSOLUTE (.))
                0x08000bf8                . = ALIGN (0x4)
 *(.got.plt)
 *(.got)
 *(.data1)
 *(.data .data.* .gnu.linkonce.d.*)
 .data          0x08000bf8        0x0 ../freertos_test_bsp//obj/HAL/src/crt0.o
 .data          0x08000bf8        0x0 obj/FreeRTOS/croutine.o
 .data          0x08000bf8        0x0 obj/FreeRTOS/heap.o
 .data          0x08000bf8        0x0 obj/FreeRTOS/list.o
 .data          0x08000bf8        0x0 obj/FreeRTOS/port.o
 .data          0x08000bf8        0x0 obj/FreeRTOS/queue.o
 .data          0x08000bf8        0x0 obj/FreeRTOS/tasks.o
 .data          0x08000bf8        0x0 obj/FreeRTOS/timers.o
 .data          0x08000bf8        0x0 obj/freertos_test.o
 .data          0x08000bf8        0x0 obj/FreeRTOS/port_asm.o
 .data          0x08000bf8        0x0 c:/altera/13.0sp1/nios2eds/bin/gnu/h-i686-mingw32/bin/../lib/gcc/nios2-elf/4.1.2\libgcc.a(_addsub_df.o)
 .data          0x08000bf8        0x0 c:/altera/13.0sp1/nios2eds/bin/gnu/h-i686-mingw32/bin/../lib/gcc/nios2-elf/4.1.2\libgcc.a(_mul_df.o)
 .data          0x08000bf8        0x0 c:/altera/13.0sp1/nios2eds/bin/gnu/h-i686-mingw32/bin/../lib/gcc/nios2-elf/4.1.2\libgcc.a(_div_df.o)
 .data          0x08000bf8        0x0 c:/altera/13.0sp1/nios2eds/bin/gnu/h-i686-mingw32/bin/../lib/gcc/nios2-elf/4.1.2\libgcc.a(_gt_df.o)
 .data          0x08000bf8        0x0 c:/altera/13.0sp1/nios2eds/bin/gnu/h-i686-mingw32/bin/../lib/gcc/nios2-elf/4.1.2\libgcc.a(_ge_df.o)
 .data          0x08000bf8        0x0 c:/altera/13.0sp1/nios2eds/bin/gnu/h-i686-mingw32/bin/../lib/gcc/nios2-elf/4.1.2\libgcc.a(_lt_df.o)
 .data          0x08000bf8        0x0 c:/altera/13.0sp1/nios2eds/bin/gnu/h-i686-mingw32/bin/../lib/gcc/nios2-elf/4.1.2\libgcc.a(_si_to_df.o)
 .data          0x08000bf8        0x0 c:/altera/13.0sp1/nios2eds/bin/gnu/h-i686-mingw32/bin/../lib/gcc/nios2-elf/4.1.2\libgcc.a(_df_to_si.o)
 .data          0x08000bf8        0x0 c:/altera/13.0sp1/nios2eds/bin/gnu/h-i686-mingw32/bin/../lib/gcc/nios2-elf/4.1.2\libgcc.a(_thenan_df.o)
 .data          0x08000bf8        0x0 c:/altera/13.0sp1/nios2eds/bin/gnu/h-i686-mingw32/bin/../lib/gcc/nios2-elf/4.1.2\libgcc.a(_usi_to_df.o)
 .data          0x08000bf8        0x0 c:/altera/13.0sp1/nios2eds/bin/gnu/h-i686-mingw32/bin/../lib/gcc/nios2-elf/4.1.2\libgcc.a(_muldi3.o)
 .data          0x08000bf8        0x0 c:/altera/13.0sp1/nios2eds/bin/gnu/h-i686-mingw32/bin/../lib/gcc/nios2-elf/4.1.2\libgcc.a(_clzsi2.o)
 .data          0x08000bf8        0x0 c:/altera/13.0sp1/nios2eds/bin/gnu/h-i686-mingw32/bin/../lib/gcc/nios2-elf/4.1.2\libgcc.a(_pack_df.o)
 .data          0x08000bf8        0x0 c:/altera/13.0sp1/nios2eds/bin/gnu/h-i686-mingw32/bin/../lib/gcc/nios2-elf/4.1.2\libgcc.a(_unpack_df.o)
 .data          0x08000bf8        0x0 c:/altera/13.0sp1/nios2eds/bin/gnu/h-i686-mingw32/bin/../lib/gcc/nios2-elf/4.1.2\libgcc.a(_fpcmp_parts_df.o)
 .data          0x08000bf8        0x0 c:/altera/13.0sp1/nios2eds/bin/gnu/h-i686-mingw32/bin/../lib/gcc/nios2-elf/4.1.2\libgcc.a(_clz.o)
 .data          0x08000bf8        0x0 c:/altera/13.0sp1/nios2eds/bin/gnu/h-i686-mingw32/bin/../lib/gcc/nios2-elf/4.1.2/../../../../nios2-elf/lib\libc.a(lib_a-memcmp.o)
 .data          0x08000bf8        0x0 c:/altera/13.0sp1/nios2eds/bin/gnu/h-i686-mingw32/bin/../lib/gcc/nios2-elf/4.1.2/../../../../nios2-elf/lib\libc.a(lib_a-memcpy.o)
 .data          0x08000bf8        0x0 c:/altera/13.0sp1/nios2eds/bin/gnu/h-i686-mingw32/bin/../lib/gcc/nios2-elf/4.1.2/../../../../nios2-elf/lib\libc.a(lib_a-memset.o)
 .data          0x08000bf8        0x0 c:/altera/13.0sp1/nios2eds/bin/gnu/h-i686-mingw32/bin/../lib/gcc/nios2-elf/4.1.2/../../../../nios2-elf/lib\libc.a(lib_a-printf.o)
 .data          0x08000bf8        0x0 c:/altera/13.0sp1/nios2eds/bin/gnu/h-i686-mingw32/bin/../lib/gcc/nios2-elf/4.1.2/../../../../nios2-elf/lib\libc.a(lib_a-puts.o)
 .data          0x08000bf8        0x0 c:/altera/13.0sp1/nios2eds/bin/gnu/h-i686-mingw32/bin/../lib/gcc/nios2-elf/4.1.2/../../../../nios2-elf/lib\libc.a(lib_a-sprintf.o)
 .data          0x08000bf8        0x0 c:/altera/13.0sp1/nios2eds/bin/gnu/h-i686-mingw32/bin/../lib/gcc/nios2-elf/4.1.2/../../../../nios2-elf/lib\libc.a(lib_a-strlen.o)
 .data          0x08000bf8        0x0 c:/altera/13.0sp1/nios2eds/bin/gnu/h-i686-mingw32/bin/../lib/gcc/nios2-elf/4.1.2/../../../../nios2-elf/lib\libc.a(lib_a-vfprintf.o)
 .data          0x08000bf8        0x0 c:/altera/13.0sp1/nios2eds/bin/gnu/h-i686-mingw32/bin/../lib/gcc/nios2-elf/4.1.2/../../../../nios2-elf/lib\libc.a(lib_a-wsetup.o)
 .data          0x08000bf8        0x0 c:/altera/13.0sp1/nios2eds/bin/gnu/h-i686-mingw32/bin/../lib/gcc/nios2-elf/4.1.2/../../../../nios2-elf/lib\libc.a(lib_a-dtoa.o)
 .data          0x08000bf8        0x0 c:/altera/13.0sp1/nios2eds/bin/gnu/h-i686-mingw32/bin/../lib/gcc/nios2-elf/4.1.2/../../../../nios2-elf/lib\libc.a(lib_a-fflush.o)
 .data          0x08000bf8        0x0 c:/altera/13.0sp1/nios2eds/bin/gnu/h-i686-mingw32/bin/../lib/gcc/nios2-elf/4.1.2/../../../../nios2-elf/lib\libc.a(lib_a-findfp.o)
 .data          0x08000bf8        0x0 c:/altera/13.0sp1/nios2eds/bin/gnu/h-i686-mingw32/bin/../lib/gcc/nios2-elf/4.1.2/../../../../nios2-elf/lib\libc.a(lib_a-freer.o)
 .data          0x08000bf8        0x0 c:/altera/13.0sp1/nios2eds/bin/gnu/h-i686-mingw32/bin/../lib/gcc/nios2-elf/4.1.2/../../../../nios2-elf/lib\libc.a(lib_a-fvwrite.o)
 .data          0x08000bf8        0x0 c:/altera/13.0sp1/nios2eds/bin/gnu/h-i686-mingw32/bin/../lib/gcc/nios2-elf/4.1.2/../../../../nios2-elf/lib\libc.a(lib_a-fwalk.o)
 .data          0x08000bf8      0x400 c:/altera/13.0sp1/nios2eds/bin/gnu/h-i686-mingw32/bin/../lib/gcc/nios2-elf/4.1.2/../../../../nios2-elf/lib\libc.a(lib_a-impure.o)
 .data          0x08000ff8        0xc c:/altera/13.0sp1/nios2eds/bin/gnu/h-i686-mingw32/bin/../lib/gcc/nios2-elf/4.1.2/../../../../nios2-elf/lib\libc.a(lib_a-locale.o)
                0x08000ff8                __lc_ctype
 .data          0x08001004        0x0 c:/altera/13.0sp1/nios2eds/bin/gnu/h-i686-mingw32/bin/../lib/gcc/nios2-elf/4.1.2/../../../../nios2-elf/lib\libc.a(lib_a-makebuf.o)
 .data          0x08001004      0x408 c:/altera/13.0sp1/nios2eds/bin/gnu/h-i686-mingw32/bin/../lib/gcc/nios2-elf/4.1.2/../../../../nios2-elf/lib\libc.a(lib_a-mallocr.o)
                0x08001004                __malloc_av_
 .data          0x0800140c        0x0 c:/altera/13.0sp1/nios2eds/bin/gnu/h-i686-mingw32/bin/../lib/gcc/nios2-elf/4.1.2/../../../../nios2-elf/lib\libc.a(lib_a-memchr.o)
 .data          0x0800140c        0x0 c:/altera/13.0sp1/nios2eds/bin/gnu/h-i686-mingw32/bin/../lib/gcc/nios2-elf/4.1.2/../../../../nios2-elf/lib\libc.a(lib_a-memmove.o)
 .data          0x0800140c        0x0 c:/altera/13.0sp1/nios2eds/bin/gnu/h-i686-mingw32/bin/../lib/gcc/nios2-elf/4.1.2/../../../../nios2-elf/lib\libc.a(lib_a-mprec.o)
 .data          0x0800140c        0x0 c:/altera/13.0sp1/nios2eds/bin/gnu/h-i686-mingw32/bin/../lib/gcc/nios2-elf/4.1.2/../../../../nios2-elf/lib\libc.a(lib_a-reallocr.o)
 .data          0x0800140c        0x0 c:/altera/13.0sp1/nios2eds/bin/gnu/h-i686-mingw32/bin/../lib/gcc/nios2-elf/4.1.2/../../../../nios2-elf/lib\libc.a(lib_a-s_isinfd.o)
 .data          0x0800140c        0x0 c:/altera/13.0sp1/nios2eds/bin/gnu/h-i686-mingw32/bin/../lib/gcc/nios2-elf/4.1.2/../../../../nios2-elf/lib\libc.a(lib_a-s_isnand.o)
 .data          0x0800140c        0x0 c:/altera/13.0sp1/nios2eds/bin/gnu/h-i686-mingw32/bin/../lib/gcc/nios2-elf/4.1.2/../../../../nios2-elf/lib\libc.a(lib_a-sbrkr.o)
 .data          0x0800140c        0x0 c:/altera/13.0sp1/nios2eds/bin/gnu/h-i686-mingw32/bin/../lib/gcc/nios2-elf/4.1.2/../../../../nios2-elf/lib\libc.a(lib_a-stdio.o)
 .data          0x0800140c        0x0 c:/altera/13.0sp1/nios2eds/bin/gnu/h-i686-mingw32/bin/../lib/gcc/nios2-elf/4.1.2/../../../../nios2-elf/lib\libc.a(lib_a-strcmp.o)
 .data          0x0800140c        0x0 c:/altera/13.0sp1/nios2eds/bin/gnu/h-i686-mingw32/bin/../lib/gcc/nios2-elf/4.1.2/../../../../nios2-elf/lib\libc.a(lib_a-writer.o)
 .data          0x0800140c        0x0 c:/altera/13.0sp1/nios2eds/bin/gnu/h-i686-mingw32/bin/../lib/gcc/nios2-elf/4.1.2/../../../../nios2-elf/lib\libc.a(lib_a-callocr.o)
 .data          0x0800140c        0x0 c:/altera/13.0sp1/nios2eds/bin/gnu/h-i686-mingw32/bin/../lib/gcc/nios2-elf/4.1.2/../../../../nios2-elf/lib\libc.a(lib_a-closer.o)
 .data          0x0800140c        0x0 c:/altera/13.0sp1/nios2eds/bin/gnu/h-i686-mingw32/bin/../lib/gcc/nios2-elf/4.1.2/../../../../nios2-elf/lib\libc.a(lib_a-fclose.o)
 .data          0x0800140c        0x0 c:/altera/13.0sp1/nios2eds/bin/gnu/h-i686-mingw32/bin/../lib/gcc/nios2-elf/4.1.2/../../../../nios2-elf/lib\libc.a(lib_a-fstatr.o)
 .data          0x0800140c        0x0 c:/altera/13.0sp1/nios2eds/bin/gnu/h-i686-mingw32/bin/../lib/gcc/nios2-elf/4.1.2/../../../../nios2-elf/lib\libc.a(lib_a-int_errno.o)
 .data          0x0800140c        0x0 c:/altera/13.0sp1/nios2eds/bin/gnu/h-i686-mingw32/bin/../lib/gcc/nios2-elf/4.1.2/../../../../nios2-elf/lib\libc.a(lib_a-isattyr.o)
 .data          0x0800140c        0x0 c:/altera/13.0sp1/nios2eds/bin/gnu/h-i686-mingw32/bin/../lib/gcc/nios2-elf/4.1.2/../../../../nios2-elf/lib\libc.a(lib_a-lseekr.o)
 .data          0x0800140c        0x0 c:/altera/13.0sp1/nios2eds/bin/gnu/h-i686-mingw32/bin/../lib/gcc/nios2-elf/4.1.2/../../../../nios2-elf/lib\libc.a(lib_a-readr.o)
 .data          0x0800140c        0x0 c:/altera/13.0sp1/nios2eds/bin/gnu/h-i686-mingw32/bin/../lib/gcc/nios2-elf/4.1.2\libgcc.a(_udivdi3.o)
 .data          0x0800140c        0x0 c:/altera/13.0sp1/nios2eds/bin/gnu/h-i686-mingw32/bin/../lib/gcc/nios2-elf/4.1.2\libgcc.a(_umoddi3.o)
 .data          0x0800140c        0x0 c:/altera/13.0sp1/nios2eds/bin/gnu/h-i686-mingw32/bin/../lib/gcc/nios2-elf/4.1.2\libgcc.a(_eq_df.o)
 .data          0x0800140c        0x0 c:/altera/13.0sp1/nios2eds/bin/gnu/h-i686-mingw32/bin/../lib/gcc/nios2-elf/4.1.2\libgcc.a(_ne_df.o)
 .data          0x0800140c        0x0 c:/altera/13.0sp1/nios2eds/bin/gnu/h-i686-mingw32/bin/../lib/gcc/nios2-elf/4.1.2\libgcc.a(lib2-divmod.o)
 .data          0x0800140c        0x0 ../freertos_test_bsp/\libhal_bsp.a(alt_close.o)
 .data          0x0800140c      0x1a8 ../freertos_test_bsp/\libhal_bsp.a(alt_dev.o)
                0x0800140c                alt_dev_null
                0x08001434                alt_fd_list
 .data          0x080015b4        0x0 ../freertos_test_bsp/\libhal_bsp.a(alt_errno.o)
 .data          0x080015b4        0x0 ../freertos_test_bsp/\libhal_bsp.a(alt_fstat.o)
 .data          0x080015b4        0x0 ../freertos_test_bsp/\libhal_bsp.a(alt_irq_handler.o)
 .data          0x080015b4        0x0 ../freertos_test_bsp/\libhal_bsp.a(alt_irq_vars.o)
 .data          0x080015b4        0x0 ../freertos_test_bsp/\libhal_bsp.a(alt_isatty.o)
 .data          0x080015b4        0x0 ../freertos_test_bsp/\libhal_bsp.a(alt_lseek.o)
 .data          0x080015b4        0x0 ../freertos_test_bsp/\libhal_bsp.a(alt_main.o)
 .data          0x080015b4        0x0 ../freertos_test_bsp/\libhal_bsp.a(alt_malloc_lock.o)
 .data          0x080015b4        0x0 ../freertos_test_bsp/\libhal_bsp.a(alt_read.o)
 .data          0x080015b4        0x0 ../freertos_test_bsp/\libhal_bsp.a(alt_release_fd.o)
 .data          0x080015b4        0x0 ../freertos_test_bsp/\libhal_bsp.a(alt_sbrk.o)
 .data          0x080015b4        0x0 ../freertos_test_bsp/\libhal_bsp.a(alt_write.o)
 .data          0x080015b4     0x13f0 ../freertos_test_bsp/\libhal_bsp.a(alt_sys_init.o)
 .data          0x080029a4        0x0 ../freertos_test_bsp/\libhal_bsp.a(altera_avalon_cfi_flash.o)
 .data          0x080029a4        0x0 ../freertos_test_bsp/\libhal_bsp.a(altera_avalon_cfi_flash_table.o)
 .data          0x080029a4        0x0 ../freertos_test_bsp/\libhal_bsp.a(altera_avalon_jtag_uart_fd.o)
 .data          0x080029a4        0x0 ../freertos_test_bsp/\libhal_bsp.a(altera_avalon_jtag_uart_init.o)
 .data          0x080029a4        0x0 ../freertos_test_bsp/\libhal_bsp.a(altera_avalon_jtag_uart_ioctl.o)
 .data          0x080029a4        0x0 ../freertos_test_bsp/\libhal_bsp.a(altera_avalon_jtag_uart_read.o)
 .data          0x080029a4        0x0 ../freertos_test_bsp/\libhal_bsp.a(altera_avalon_jtag_uart_write.o)
 .data          0x080029a4        0x0 ../freertos_test_bsp/\libhal_bsp.a(altera_avalon_lcd_16207.o)
 .data          0x080029a4        0x0 ../freertos_test_bsp/\libhal_bsp.a(altera_avalon_lcd_16207_fd.o)
 .data          0x080029a4        0x0 ../freertos_test_bsp/\libhal_bsp.a(altera_avalon_timer_sc.o)
 .data          0x080029a4        0x0 ../freertos_test_bsp/\libhal_bsp.a(altera_avalon_uart_fd.o)
 .data          0x080029a4        0x0 ../freertos_test_bsp/\libhal_bsp.a(altera_avalon_uart_init.o)
 .data          0x080029a4        0x0 ../freertos_test_bsp/\libhal_bsp.a(altera_avalon_uart_read.o)
 .data          0x080029a4        0x0 ../freertos_test_bsp/\libhal_bsp.a(altera_avalon_uart_write.o)
 .data          0x080029a4        0x0 ../freertos_test_bsp/\libhal_bsp.a(altera_up_avalon_ps2.o)
 .data          0x080029a4        0x0 ../freertos_test_bsp/\libhal_bsp.a(altera_up_avalon_video_character_buffer_with_dma.o)
 .data          0x080029a4        0x0 ../freertos_test_bsp/\libhal_bsp.a(altera_up_avalon_video_pixel_buffer_dma.o)
 .data          0x080029a4      0x2cc ../freertos_test_bsp/\libhal_bsp.a(altera_up_ps2_keyboard.o)
                0x080029a4                key_table
                0x08002b3c                ascii_codes
                0x08002ba2                single_byte_make_code
                0x08002c08                multi_byte_make_code
 .data          0x08002c70        0x0 ../freertos_test_bsp/\libhal_bsp.a(alt_alarm_start.o)
 .data          0x08002c70        0x0 ../freertos_test_bsp/\libhal_bsp.a(alt_dcache_flush.o)
 .data          0x08002c70        0x0 ../freertos_test_bsp/\libhal_bsp.a(alt_dev_llist_insert.o)
 .data          0x08002c70        0x0 ../freertos_test_bsp/\libhal_bsp.a(alt_do_ctors.o)
 .data          0x08002c70        0x0 ../freertos_test_bsp/\libhal_bsp.a(alt_do_dtors.o)
 .data          0x08002c70        0x0 ../freertos_test_bsp/\libhal_bsp.a(alt_find_dev.o)
 .data          0x08002c70        0x0 ../freertos_test_bsp/\libhal_bsp.a(alt_flash_dev.o)
 .data          0x08002c70        0x0 ../freertos_test_bsp/\libhal_bsp.a(alt_io_redirect.o)
 .data          0x08002c70        0x0 ../freertos_test_bsp/\libhal_bsp.a(alt_open.o)
 .data          0x08002c70        0x0 ../freertos_test_bsp/\libhal_bsp.a(alt_tick.o)
 .data          0x08002c70        0x0 ../freertos_test_bsp/\libhal_bsp.a(alt_usleep.o)
 .data          0x08002c70        0x0 ../freertos_test_bsp/\libhal_bsp.a(altera_nios2_qsys_irq.o)
 .data          0x08002c70        0x0 ../freertos_test_bsp/\libhal_bsp.a(altera_avalon_cfi_flash_amd.o)
 .data          0x08002c70        0x0 ../freertos_test_bsp/\libhal_bsp.a(altera_avalon_cfi_flash_intel.o)
 .data          0x08002c70        0x0 ../freertos_test_bsp/\libhal_bsp.a(alt_busy_sleep.o)
 .data          0x08002c70        0x0 ../freertos_test_bsp/\libhal_bsp.a(alt_find_file.o)
 .data          0x08002c70        0x0 ../freertos_test_bsp/\libhal_bsp.a(alt_get_fd.o)
 .data          0x08002c70        0x0 c:/altera/13.0sp1/nios2eds/bin/gnu/h-i686-mingw32/bin/../lib/gcc/nios2-elf/4.1.2/../../../../nios2-elf/lib\libc.a(lib_a-atexit.o)
 .data          0x08002c70        0x0 c:/altera/13.0sp1/nios2eds/bin/gnu/h-i686-mingw32/bin/../lib/gcc/nios2-elf/4.1.2/../../../../nios2-elf/lib\libc.a(lib_a-ctype_.o)
 .data          0x08002c70        0x0 c:/altera/13.0sp1/nios2eds/bin/gnu/h-i686-mingw32/bin/../lib/gcc/nios2-elf/4.1.2/../../../../nios2-elf/lib\libc.a(lib_a-exit.o)
 .data          0x08002c70        0x0 c:/altera/13.0sp1/nios2eds/bin/gnu/h-i686-mingw32/bin/../lib/gcc/nios2-elf/4.1.2/../../../../nios2-elf/lib\libc.a(lib_a-strcpy.o)
 .data          0x08002c70        0x0 c:/altera/13.0sp1/nios2eds/bin/gnu/h-i686-mingw32/bin/../lib/gcc/nios2-elf/4.1.2/../../../../nios2-elf/lib\libc.a(lib_a-__atexit.o)
 .data          0x08002c70        0x0 c:/altera/13.0sp1/nios2eds/bin/gnu/h-i686-mingw32/bin/../lib/gcc/nios2-elf/4.1.2/../../../../nios2-elf/lib\libc.a(lib_a-__call_atexit.o)
 .data          0x08002c70        0x0 ../freertos_test_bsp/\libhal_bsp.a(alt_exit.o)
                0x0800ac70                _gp = ABSOLUTE ((. + 0x8000))
                0x0800ac70                PROVIDE (gp, _gp)
 *(.rwdata .rwdata.*)
 *(.sdata .sdata.* .gnu.linkonce.s.*)
 .sdata         0x08002c70        0xc obj/FreeRTOS/heap.o
 .sdata         0x08002c7c        0x4 obj/FreeRTOS/tasks.o
 .sdata         0x08002c80       0x18 obj/freertos_test.o
                0x08002c80                freq_idx
                0x08002c84                freq_threshold
                0x08002c8c                roc_threshold
                0x08002c94                system_stable
 .sdata         0x08002c98        0x8 c:/altera/13.0sp1/nios2eds/bin/gnu/h-i686-mingw32/bin/../lib/gcc/nios2-elf/4.1.2/../../../../nios2-elf/lib\libc.a(lib_a-impure.o)
                0x08002c98                _impure_ptr
                0x08002c9c                _global_impure_ptr
 .sdata         0x08002ca0        0x8 c:/altera/13.0sp1/nios2eds/bin/gnu/h-i686-mingw32/bin/../lib/gcc/nios2-elf/4.1.2/../../../../nios2-elf/lib\libc.a(lib_a-locale.o)
                0x08002ca0                __mb_cur_max
 .sdata         0x08002ca8        0x8 c:/altera/13.0sp1/nios2eds/bin/gnu/h-i686-mingw32/bin/../lib/gcc/nios2-elf/4.1.2/../../../../nios2-elf/lib\libc.a(lib_a-mallocr.o)
                0x08002ca8                __malloc_trim_threshold
                0x08002cac                __malloc_sbrk_base
 .sdata         0x08002cb0       0x14 ../freertos_test_bsp/\libhal_bsp.a(alt_dev.o)
                0x08002cb0                alt_fs_list
                0x08002cb8                alt_dev_list
                0x08002cc0                alt_max_fd
 .sdata         0x08002cc4        0x4 ../freertos_test_bsp/\libhal_bsp.a(alt_errno.o)
                0x08002cc4                alt_errno
 .sdata         0x08002cc8        0x4 ../freertos_test_bsp/\libhal_bsp.a(alt_irq_vars.o)
                0x08002cc8                alt_priority_mask
 .sdata         0x08002ccc        0x4 ../freertos_test_bsp/\libhal_bsp.a(alt_sbrk.o)
 .sdata         0x08002cd0        0x4 ../freertos_test_bsp/\libhal_bsp.a(altera_avalon_lcd_16207.o)
 .sdata         0x08002cd4        0x8 ../freertos_test_bsp/\libhal_bsp.a(alt_flash_dev.o)
                0x08002cd4                alt_flash_dev_list
 .sdata         0x08002cdc        0x8 ../freertos_test_bsp/\libhal_bsp.a(alt_tick.o)
                0x08002cdc                alt_alarm_list
 .sdata         0x08002ce4        0x4 c:/altera/13.0sp1/nios2eds/bin/gnu/h-i686-mingw32/bin/../lib/gcc/nios2-elf/4.1.2/../../../../nios2-elf/lib\libc.a(lib_a-ctype_.o)
                0x08002ce4                __ctype_ptr
 *(.sdata2 .sdata2.* .gnu.linkonce.s2.*)
                0x08002ce8                . = ALIGN (0x4)
                0x08002ce8                _edata = ABSOLUTE (.)
                0x08002ce8                PROVIDE (edata, ABSOLUTE (.))
                0x08002ce8                PROVIDE (__ram_rwdata_end, ABSOLUTE (.))
                0x08000bf8                PROVIDE (__flash_rwdata_start, LOADADDR (.rwdata))

.bss            0x08002ce8    0x7dba0
                0x08002ce8                __bss_start = ABSOLUTE (.)
                0x08002ce8                PROVIDE (__sbss_start, ABSOLUTE (.))
                0x08002ce8                PROVIDE (___sbss_start, ABSOLUTE (.))
 *(.dynsbss)
 *(.sbss .sbss.* .gnu.linkonce.sb.*)
 .sbss          0x08002ce8       0x1c obj/FreeRTOS/croutine.o
                0x08002ce8                pxCurrentCoRoutine
 .sbss          0x08002d04        0xc obj/FreeRTOS/heap.o
 .sbss          0x08002d10       0x34 obj/FreeRTOS/tasks.o
                0x08002d10                pxCurrentTCB
 .sbss          0x08002d44       0x10 obj/FreeRTOS/timers.o
 .sbss          0x08002d54        0x8 obj/freertos_test.o
                0x08002d54                system_state
                0x08002d58                timer_expired_flag
 .sbss          0x08002d5c       0x20 obj/freertos_test.o
                0x08002d5c                kb_dataQ
                0x08002d60                prev_state
                0x08002d64                freq_roc_sem
                0x08002d68                fsm_timer
                0x08002d6c                state_sem
                0x08002d70                thresholds_sem
                0x08002d74                HW_dataQ
                0x08002d78                led_sem
 .sbss          0x08002d7c        0xc c:/altera/13.0sp1/nios2eds/bin/gnu/h-i686-mingw32/bin/../lib/gcc/nios2-elf/4.1.2/../../../../nios2-elf/lib\libc.a(lib_a-locale.o)
                0x08002d7c                __nlocale_changed
                0x08002d80                __mlocale_changed
                0x08002d84                _PathLocale
 .sbss          0x08002d88        0xc c:/altera/13.0sp1/nios2eds/bin/gnu/h-i686-mingw32/bin/../lib/gcc/nios2-elf/4.1.2/../../../../nios2-elf/lib\libc.a(lib_a-mallocr.o)
                0x08002d88                __malloc_top_pad
                0x08002d8c                __malloc_max_sbrked_mem
                0x08002d90                __malloc_max_total_mem
 .sbss          0x08002d94        0x4 c:/altera/13.0sp1/nios2eds/bin/gnu/h-i686-mingw32/bin/../lib/gcc/nios2-elf/4.1.2/../../../../nios2-elf/lib\libc.a(lib_a-int_errno.o)
                0x08002d94                errno
 .sbss          0x08002d98        0x4 ../freertos_test_bsp/\libhal_bsp.a(alt_irq_vars.o)
                0x08002d98                alt_irq_active
 .sbss          0x08002d9c        0xc ../freertos_test_bsp/\libhal_bsp.a(alt_main.o)
                0x08002d9c                alt_argc
                0x08002da0                alt_argv
                0x08002da4                alt_envp
 .sbss          0x08002da8        0x8 ../freertos_test_bsp/\libhal_bsp.a(alt_tick.o)
                0x08002da8                _alt_tick_rate
                0x08002dac                _alt_nticks
 *(.sbss2 .sbss2.* .gnu.linkonce.sb2.*)
 *(.scommon)
                0x08002db0                PROVIDE (__sbss_end, ABSOLUTE (.))
                0x08002db0                PROVIDE (___sbss_end, ABSOLUTE (.))
 *(.dynbss)
 *(.bss .bss.* .gnu.linkonce.b.*)
 .bss           0x08002db0        0x0 ../freertos_test_bsp//obj/HAL/src/crt0.o
 .bss           0x08002db0       0x64 obj/FreeRTOS/croutine.o
 .bss           0x08002e14    0x7d000 obj/FreeRTOS/heap.o
 .bss           0x0807fe14        0x0 obj/FreeRTOS/list.o
 .bss           0x0807fe14        0x0 obj/FreeRTOS/port.o
 .bss           0x0807fe14        0x0 obj/FreeRTOS/queue.o
 .bss           0x0807fe14      0x140 obj/FreeRTOS/tasks.o
 .bss           0x0807ff54       0x28 obj/FreeRTOS/timers.o
 .bss           0x0807ff7c       0x14 obj/freertos_test.o
 .bss           0x0807ff90        0x0 obj/FreeRTOS/port_asm.o
 .bss           0x0807ff90        0x0 c:/altera/13.0sp1/nios2eds/bin/gnu/h-i686-mingw32/bin/../lib/gcc/nios2-elf/4.1.2\libgcc.a(_addsub_df.o)
 .bss           0x0807ff90        0x0 c:/altera/13.0sp1/nios2eds/bin/gnu/h-i686-mingw32/bin/../lib/gcc/nios2-elf/4.1.2\libgcc.a(_mul_df.o)
 .bss           0x0807ff90        0x0 c:/altera/13.0sp1/nios2eds/bin/gnu/h-i686-mingw32/bin/../lib/gcc/nios2-elf/4.1.2\libgcc.a(_div_df.o)
 .bss           0x0807ff90        0x0 c:/altera/13.0sp1/nios2eds/bin/gnu/h-i686-mingw32/bin/../lib/gcc/nios2-elf/4.1.2\libgcc.a(_gt_df.o)
 .bss           0x0807ff90        0x0 c:/altera/13.0sp1/nios2eds/bin/gnu/h-i686-mingw32/bin/../lib/gcc/nios2-elf/4.1.2\libgcc.a(_ge_df.o)
 .bss           0x0807ff90        0x0 c:/altera/13.0sp1/nios2eds/bin/gnu/h-i686-mingw32/bin/../lib/gcc/nios2-elf/4.1.2\libgcc.a(_lt_df.o)
 .bss           0x0807ff90        0x0 c:/altera/13.0sp1/nios2eds/bin/gnu/h-i686-mingw32/bin/../lib/gcc/nios2-elf/4.1.2\libgcc.a(_si_to_df.o)
 .bss           0x0807ff90        0x0 c:/altera/13.0sp1/nios2eds/bin/gnu/h-i686-mingw32/bin/../lib/gcc/nios2-elf/4.1.2\libgcc.a(_df_to_si.o)
 .bss           0x0807ff90        0x0 c:/altera/13.0sp1/nios2eds/bin/gnu/h-i686-mingw32/bin/../lib/gcc/nios2-elf/4.1.2\libgcc.a(_thenan_df.o)
 .bss           0x0807ff90        0x0 c:/altera/13.0sp1/nios2eds/bin/gnu/h-i686-mingw32/bin/../lib/gcc/nios2-elf/4.1.2\libgcc.a(_usi_to_df.o)
 .bss           0x0807ff90        0x0 c:/altera/13.0sp1/nios2eds/bin/gnu/h-i686-mingw32/bin/../lib/gcc/nios2-elf/4.1.2\libgcc.a(_muldi3.o)
 .bss           0x0807ff90        0x0 c:/altera/13.0sp1/nios2eds/bin/gnu/h-i686-mingw32/bin/../lib/gcc/nios2-elf/4.1.2\libgcc.a(_clzsi2.o)
 .bss           0x0807ff90        0x0 c:/altera/13.0sp1/nios2eds/bin/gnu/h-i686-mingw32/bin/../lib/gcc/nios2-elf/4.1.2\libgcc.a(_pack_df.o)
 .bss           0x0807ff90        0x0 c:/altera/13.0sp1/nios2eds/bin/gnu/h-i686-mingw32/bin/../lib/gcc/nios2-elf/4.1.2\libgcc.a(_unpack_df.o)
 .bss           0x0807ff90        0x0 c:/altera/13.0sp1/nios2eds/bin/gnu/h-i686-mingw32/bin/../lib/gcc/nios2-elf/4.1.2\libgcc.a(_fpcmp_parts_df.o)
 .bss           0x0807ff90        0x0 c:/altera/13.0sp1/nios2eds/bin/gnu/h-i686-mingw32/bin/../lib/gcc/nios2-elf/4.1.2\libgcc.a(_clz.o)
 .bss           0x0807ff90        0x0 c:/altera/13.0sp1/nios2eds/bin/gnu/h-i686-mingw32/bin/../lib/gcc/nios2-elf/4.1.2/../../../../nios2-elf/lib\libc.a(lib_a-memcmp.o)
 .bss           0x0807ff90        0x0 c:/altera/13.0sp1/nios2eds/bin/gnu/h-i686-mingw32/bin/../lib/gcc/nios2-elf/4.1.2/../../../../nios2-elf/lib\libc.a(lib_a-memcpy.o)
 .bss           0x0807ff90        0x0 c:/altera/13.0sp1/nios2eds/bin/gnu/h-i686-mingw32/bin/../lib/gcc/nios2-elf/4.1.2/../../../../nios2-elf/lib\libc.a(lib_a-memset.o)
 .bss           0x0807ff90        0x0 c:/altera/13.0sp1/nios2eds/bin/gnu/h-i686-mingw32/bin/../lib/gcc/nios2-elf/4.1.2/../../../../nios2-elf/lib\libc.a(lib_a-printf.o)
 .bss           0x0807ff90        0x0 c:/altera/13.0sp1/nios2eds/bin/gnu/h-i686-mingw32/bin/../lib/gcc/nios2-elf/4.1.2/../../../../nios2-elf/lib\libc.a(lib_a-puts.o)
 .bss           0x0807ff90        0x0 c:/altera/13.0sp1/nios2eds/bin/gnu/h-i686-mingw32/bin/../lib/gcc/nios2-elf/4.1.2/../../../../nios2-elf/lib\libc.a(lib_a-sprintf.o)
 .bss           0x0807ff90        0x0 c:/altera/13.0sp1/nios2eds/bin/gnu/h-i686-mingw32/bin/../lib/gcc/nios2-elf/4.1.2/../../../../nios2-elf/lib\libc.a(lib_a-strlen.o)
 .bss           0x0807ff90        0x0 c:/altera/13.0sp1/nios2eds/bin/gnu/h-i686-mingw32/bin/../lib/gcc/nios2-elf/4.1.2/../../../../nios2-elf/lib\libc.a(lib_a-vfprintf.o)
 .bss           0x0807ff90        0x0 c:/altera/13.0sp1/nios2eds/bin/gnu/h-i686-mingw32/bin/../lib/gcc/nios2-elf/4.1.2/../../../../nios2-elf/lib\libc.a(lib_a-wsetup.o)
 .bss           0x0807ff90        0x0 c:/altera/13.0sp1/nios2eds/bin/gnu/h-i686-mingw32/bin/../lib/gcc/nios2-elf/4.1.2/../../../../nios2-elf/lib\libc.a(lib_a-dtoa.o)
 .bss           0x0807ff90        0x0 c:/altera/13.0sp1/nios2eds/bin/gnu/h-i686-mingw32/bin/../lib/gcc/nios2-elf/4.1.2/../../../../nios2-elf/lib\libc.a(lib_a-fflush.o)
 .bss           0x0807ff90        0x0 c:/altera/13.0sp1/nios2eds/bin/gnu/h-i686-mingw32/bin/../lib/gcc/nios2-elf/4.1.2/../../../../nios2-elf/lib\libc.a(lib_a-findfp.o)
 .bss           0x0807ff90        0x0 c:/altera/13.0sp1/nios2eds/bin/gnu/h-i686-mingw32/bin/../lib/gcc/nios2-elf/4.1.2/../../../../nios2-elf/lib\libc.a(lib_a-freer.o)
 .bss           0x0807ff90        0x0 c:/altera/13.0sp1/nios2eds/bin/gnu/h-i686-mingw32/bin/../lib/gcc/nios2-elf/4.1.2/../../../../nios2-elf/lib\libc.a(lib_a-fvwrite.o)
 .bss           0x0807ff90        0x0 c:/altera/13.0sp1/nios2eds/bin/gnu/h-i686-mingw32/bin/../lib/gcc/nios2-elf/4.1.2/../../../../nios2-elf/lib\libc.a(lib_a-fwalk.o)
 .bss           0x0807ff90        0x0 c:/altera/13.0sp1/nios2eds/bin/gnu/h-i686-mingw32/bin/../lib/gcc/nios2-elf/4.1.2/../../../../nios2-elf/lib\libc.a(lib_a-impure.o)
 .bss           0x0807ff90        0x0 c:/altera/13.0sp1/nios2eds/bin/gnu/h-i686-mingw32/bin/../lib/gcc/nios2-elf/4.1.2/../../../../nios2-elf/lib\libc.a(lib_a-locale.o)
 .bss           0x0807ff90        0x0 c:/altera/13.0sp1/nios2eds/bin/gnu/h-i686-mingw32/bin/../lib/gcc/nios2-elf/4.1.2/../../../../nios2-elf/lib\libc.a(lib_a-makebuf.o)
 .bss           0x0807ff90       0x28 c:/altera/13.0sp1/nios2eds/bin/gnu/h-i686-mingw32/bin/../lib/gcc/nios2-elf/4.1.2/../../../../nios2-elf/lib\libc.a(lib_a-mallocr.o)
                0x0807ff90                __malloc_current_mallinfo
 .bss           0x0807ffb8        0x0 c:/altera/13.0sp1/nios2eds/bin/gnu/h-i686-mingw32/bin/../lib/gcc/nios2-elf/4.1.2/../../../../nios2-elf/lib\libc.a(lib_a-memchr.o)
 .bss           0x0807ffb8        0x0 c:/altera/13.0sp1/nios2eds/bin/gnu/h-i686-mingw32/bin/../lib/gcc/nios2-elf/4.1.2/../../../../nios2-elf/lib\libc.a(lib_a-memmove.o)
 .bss           0x0807ffb8        0x0 c:/altera/13.0sp1/nios2eds/bin/gnu/h-i686-mingw32/bin/../lib/gcc/nios2-elf/4.1.2/../../../../nios2-elf/lib\libc.a(lib_a-mprec.o)
 .bss           0x0807ffb8        0x0 c:/altera/13.0sp1/nios2eds/bin/gnu/h-i686-mingw32/bin/../lib/gcc/nios2-elf/4.1.2/../../../../nios2-elf/lib\libc.a(lib_a-reallocr.o)
 .bss           0x0807ffb8        0x0 c:/altera/13.0sp1/nios2eds/bin/gnu/h-i686-mingw32/bin/../lib/gcc/nios2-elf/4.1.2/../../../../nios2-elf/lib\libc.a(lib_a-s_isinfd.o)
 .bss           0x0807ffb8        0x0 c:/altera/13.0sp1/nios2eds/bin/gnu/h-i686-mingw32/bin/../lib/gcc/nios2-elf/4.1.2/../../../../nios2-elf/lib\libc.a(lib_a-s_isnand.o)
 .bss           0x0807ffb8        0x0 c:/altera/13.0sp1/nios2eds/bin/gnu/h-i686-mingw32/bin/../lib/gcc/nios2-elf/4.1.2/../../../../nios2-elf/lib\libc.a(lib_a-sbrkr.o)
 .bss           0x0807ffb8        0x0 c:/altera/13.0sp1/nios2eds/bin/gnu/h-i686-mingw32/bin/../lib/gcc/nios2-elf/4.1.2/../../../../nios2-elf/lib\libc.a(lib_a-stdio.o)
 .bss           0x0807ffb8        0x0 c:/altera/13.0sp1/nios2eds/bin/gnu/h-i686-mingw32/bin/../lib/gcc/nios2-elf/4.1.2/../../../../nios2-elf/lib\libc.a(lib_a-strcmp.o)
 .bss           0x0807ffb8        0x0 c:/altera/13.0sp1/nios2eds/bin/gnu/h-i686-mingw32/bin/../lib/gcc/nios2-elf/4.1.2/../../../../nios2-elf/lib\libc.a(lib_a-writer.o)
 .bss           0x0807ffb8        0x0 c:/altera/13.0sp1/nios2eds/bin/gnu/h-i686-mingw32/bin/../lib/gcc/nios2-elf/4.1.2/../../../../nios2-elf/lib\libc.a(lib_a-callocr.o)
 .bss           0x0807ffb8        0x0 c:/altera/13.0sp1/nios2eds/bin/gnu/h-i686-mingw32/bin/../lib/gcc/nios2-elf/4.1.2/../../../../nios2-elf/lib\libc.a(lib_a-closer.o)
 .bss           0x0807ffb8        0x0 c:/altera/13.0sp1/nios2eds/bin/gnu/h-i686-mingw32/bin/../lib/gcc/nios2-elf/4.1.2/../../../../nios2-elf/lib\libc.a(lib_a-fclose.o)
 .bss           0x0807ffb8        0x0 c:/altera/13.0sp1/nios2eds/bin/gnu/h-i686-mingw32/bin/../lib/gcc/nios2-elf/4.1.2/../../../../nios2-elf/lib\libc.a(lib_a-fstatr.o)
 .bss           0x0807ffb8        0x0 c:/altera/13.0sp1/nios2eds/bin/gnu/h-i686-mingw32/bin/../lib/gcc/nios2-elf/4.1.2/../../../../nios2-elf/lib\libc.a(lib_a-int_errno.o)
 .bss           0x0807ffb8        0x0 c:/altera/13.0sp1/nios2eds/bin/gnu/h-i686-mingw32/bin/../lib/gcc/nios2-elf/4.1.2/../../../../nios2-elf/lib\libc.a(lib_a-isattyr.o)
 .bss           0x0807ffb8        0x0 c:/altera/13.0sp1/nios2eds/bin/gnu/h-i686-mingw32/bin/../lib/gcc/nios2-elf/4.1.2/../../../../nios2-elf/lib\libc.a(lib_a-lseekr.o)
 .bss           0x0807ffb8        0x0 c:/altera/13.0sp1/nios2eds/bin/gnu/h-i686-mingw32/bin/../lib/gcc/nios2-elf/4.1.2/../../../../nios2-elf/lib\libc.a(lib_a-readr.o)
 .bss           0x0807ffb8        0x0 c:/altera/13.0sp1/nios2eds/bin/gnu/h-i686-mingw32/bin/../lib/gcc/nios2-elf/4.1.2\libgcc.a(_udivdi3.o)
 .bss           0x0807ffb8        0x0 c:/altera/13.0sp1/nios2eds/bin/gnu/h-i686-mingw32/bin/../lib/gcc/nios2-elf/4.1.2\libgcc.a(_umoddi3.o)
 .bss           0x0807ffb8        0x0 c:/altera/13.0sp1/nios2eds/bin/gnu/h-i686-mingw32/bin/../lib/gcc/nios2-elf/4.1.2\libgcc.a(_eq_df.o)
 .bss           0x0807ffb8        0x0 c:/altera/13.0sp1/nios2eds/bin/gnu/h-i686-mingw32/bin/../lib/gcc/nios2-elf/4.1.2\libgcc.a(_ne_df.o)
 .bss           0x0807ffb8        0x0 c:/altera/13.0sp1/nios2eds/bin/gnu/h-i686-mingw32/bin/../lib/gcc/nios2-elf/4.1.2\libgcc.a(lib2-divmod.o)
 .bss           0x0807ffb8        0x0 ../freertos_test_bsp/\libhal_bsp.a(alt_close.o)
 .bss           0x0807ffb8        0x0 ../freertos_test_bsp/\libhal_bsp.a(alt_dev.o)
 .bss           0x0807ffb8        0x0 ../freertos_test_bsp/\libhal_bsp.a(alt_errno.o)
 .bss           0x0807ffb8        0x0 ../freertos_test_bsp/\libhal_bsp.a(alt_fstat.o)
 .bss           0x0807ffb8        0x0 ../freertos_test_bsp/\libhal_bsp.a(alt_irq_handler.o)
 .bss           0x0807ffb8        0x0 ../freertos_test_bsp/\libhal_bsp.a(alt_irq_vars.o)
 .bss           0x0807ffb8        0x0 ../freertos_test_bsp/\libhal_bsp.a(alt_isatty.o)
 .bss           0x0807ffb8        0x0 ../freertos_test_bsp/\libhal_bsp.a(alt_lseek.o)
 .bss           0x0807ffb8        0x0 ../freertos_test_bsp/\libhal_bsp.a(alt_main.o)
 .bss           0x0807ffb8        0x0 ../freertos_test_bsp/\libhal_bsp.a(alt_malloc_lock.o)
 .bss           0x0807ffb8        0x0 ../freertos_test_bsp/\libhal_bsp.a(alt_read.o)
 .bss           0x0807ffb8        0x0 ../freertos_test_bsp/\libhal_bsp.a(alt_release_fd.o)
 .bss           0x0807ffb8        0x0 ../freertos_test_bsp/\libhal_bsp.a(alt_sbrk.o)
 .bss           0x0807ffb8        0x0 ../freertos_test_bsp/\libhal_bsp.a(alt_write.o)
 .bss           0x0807ffb8        0x0 ../freertos_test_bsp/\libhal_bsp.a(alt_sys_init.o)
 .bss           0x0807ffb8        0x0 ../freertos_test_bsp/\libhal_bsp.a(altera_avalon_cfi_flash.o)
 .bss           0x0807ffb8        0x0 ../freertos_test_bsp/\libhal_bsp.a(altera_avalon_cfi_flash_table.o)
 .bss           0x0807ffb8        0x0 ../freertos_test_bsp/\libhal_bsp.a(altera_avalon_jtag_uart_fd.o)
 .bss           0x0807ffb8        0x0 ../freertos_test_bsp/\libhal_bsp.a(altera_avalon_jtag_uart_init.o)
 .bss           0x0807ffb8        0x0 ../freertos_test_bsp/\libhal_bsp.a(altera_avalon_jtag_uart_ioctl.o)
 .bss           0x0807ffb8        0x0 ../freertos_test_bsp/\libhal_bsp.a(altera_avalon_jtag_uart_read.o)
 .bss           0x0807ffb8        0x0 ../freertos_test_bsp/\libhal_bsp.a(altera_avalon_jtag_uart_write.o)
 .bss           0x0807ffb8        0x0 ../freertos_test_bsp/\libhal_bsp.a(altera_avalon_lcd_16207.o)
 .bss           0x0807ffb8        0x0 ../freertos_test_bsp/\libhal_bsp.a(altera_avalon_lcd_16207_fd.o)
 .bss           0x0807ffb8        0x0 ../freertos_test_bsp/\libhal_bsp.a(altera_avalon_timer_sc.o)
 .bss           0x0807ffb8        0x0 ../freertos_test_bsp/\libhal_bsp.a(altera_avalon_uart_fd.o)
 .bss           0x0807ffb8        0x0 ../freertos_test_bsp/\libhal_bsp.a(altera_avalon_uart_init.o)
 .bss           0x0807ffb8        0x0 ../freertos_test_bsp/\libhal_bsp.a(altera_avalon_uart_read.o)
 .bss           0x0807ffb8        0x0 ../freertos_test_bsp/\libhal_bsp.a(altera_avalon_uart_write.o)
 .bss           0x0807ffb8        0x0 ../freertos_test_bsp/\libhal_bsp.a(altera_up_avalon_ps2.o)
 .bss           0x0807ffb8        0x0 ../freertos_test_bsp/\libhal_bsp.a(altera_up_avalon_video_character_buffer_with_dma.o)
 .bss           0x0807ffb8        0x0 ../freertos_test_bsp/\libhal_bsp.a(altera_up_avalon_video_pixel_buffer_dma.o)
 .bss           0x0807ffb8        0x0 ../freertos_test_bsp/\libhal_bsp.a(altera_up_ps2_keyboard.o)
 .bss           0x0807ffb8        0x0 ../freertos_test_bsp/\libhal_bsp.a(alt_alarm_start.o)
 .bss           0x0807ffb8        0x0 ../freertos_test_bsp/\libhal_bsp.a(alt_dcache_flush.o)
 .bss           0x0807ffb8        0x0 ../freertos_test_bsp/\libhal_bsp.a(alt_dev_llist_insert.o)
 .bss           0x0807ffb8        0x0 ../freertos_test_bsp/\libhal_bsp.a(alt_do_ctors.o)
 .bss           0x0807ffb8        0x0 ../freertos_test_bsp/\libhal_bsp.a(alt_do_dtors.o)
 .bss           0x0807ffb8        0x0 ../freertos_test_bsp/\libhal_bsp.a(alt_find_dev.o)
 .bss           0x0807ffb8        0x0 ../freertos_test_bsp/\libhal_bsp.a(alt_flash_dev.o)
 .bss           0x0807ffb8        0x0 ../freertos_test_bsp/\libhal_bsp.a(alt_io_redirect.o)
 .bss           0x0807ffb8        0x0 ../freertos_test_bsp/\libhal_bsp.a(alt_open.o)
 .bss           0x0807ffb8        0x0 ../freertos_test_bsp/\libhal_bsp.a(alt_tick.o)
 .bss           0x0807ffb8        0x0 ../freertos_test_bsp/\libhal_bsp.a(alt_usleep.o)
 .bss           0x0807ffb8        0x0 ../freertos_test_bsp/\libhal_bsp.a(altera_nios2_qsys_irq.o)
 .bss           0x0807ffb8        0x0 ../freertos_test_bsp/\libhal_bsp.a(altera_avalon_cfi_flash_amd.o)
 .bss           0x0807ffb8        0x0 ../freertos_test_bsp/\libhal_bsp.a(altera_avalon_cfi_flash_intel.o)
 .bss           0x0807ffb8        0x0 ../freertos_test_bsp/\libhal_bsp.a(alt_busy_sleep.o)
 .bss           0x0807ffb8        0x0 ../freertos_test_bsp/\libhal_bsp.a(alt_find_file.o)
 .bss           0x0807ffb8        0x0 ../freertos_test_bsp/\libhal_bsp.a(alt_get_fd.o)
 .bss           0x0807ffb8        0x0 c:/altera/13.0sp1/nios2eds/bin/gnu/h-i686-mingw32/bin/../lib/gcc/nios2-elf/4.1.2/../../../../nios2-elf/lib\libc.a(lib_a-atexit.o)
 .bss           0x0807ffb8        0x0 c:/altera/13.0sp1/nios2eds/bin/gnu/h-i686-mingw32/bin/../lib/gcc/nios2-elf/4.1.2/../../../../nios2-elf/lib\libc.a(lib_a-ctype_.o)
 .bss           0x0807ffb8        0x0 c:/altera/13.0sp1/nios2eds/bin/gnu/h-i686-mingw32/bin/../lib/gcc/nios2-elf/4.1.2/../../../../nios2-elf/lib\libc.a(lib_a-exit.o)
 .bss           0x0807ffb8        0x0 c:/altera/13.0sp1/nios2eds/bin/gnu/h-i686-mingw32/bin/../lib/gcc/nios2-elf/4.1.2/../../../../nios2-elf/lib\libc.a(lib_a-strcpy.o)
 .bss           0x0807ffb8        0x0 c:/altera/13.0sp1/nios2eds/bin/gnu/h-i686-mingw32/bin/../lib/gcc/nios2-elf/4.1.2/../../../../nios2-elf/lib\libc.a(lib_a-__atexit.o)
 .bss           0x0807ffb8        0x0 c:/altera/13.0sp1/nios2eds/bin/gnu/h-i686-mingw32/bin/../lib/gcc/nios2-elf/4.1.2/../../../../nios2-elf/lib\libc.a(lib_a-__call_atexit.o)
 .bss           0x0807ffb8        0x0 ../freertos_test_bsp/\libhal_bsp.a(alt_exit.o)
 *(COMMON)
 COMMON         0x0807ffb8      0x640 obj/freertos_test.o
                0x0807ffb8                freq
                0x080802d8                roc
 COMMON         0x080805f8      0x100 ../freertos_test_bsp/\libhal_bsp.a(alt_irq_handler.o)
                0x080805f8                alt_irq
 COMMON         0x080806f8      0x190 c:/altera/13.0sp1/nios2eds/bin/gnu/h-i686-mingw32/bin/../lib/gcc/nios2-elf/4.1.2/../../../../nios2-elf/lib\libc.a(lib_a-atexit.o)
                0x080806f8                _atexit0
                0x08080888                . = ALIGN (0x4)
                0x08080888                __bss_end = ABSOLUTE (.)

.onchip_memory  0x00018ac4        0x0
                0x00018ac4                PROVIDE (_alt_partition_onchip_memory_start, ABSOLUTE (.))
 *(.onchip_memory. onchip_memory.*)
                0x00018ac4                . = ALIGN (0x4)
                0x00018ac4                PROVIDE (_alt_partition_onchip_memory_end, ABSOLUTE (.))
                0x00018ac4                PROVIDE (_alt_partition_onchip_memory_load_addr, LOADADDR (.onchip_memory))

.flash_controller
                0x01000020        0x0
                0x01000020                PROVIDE (_alt_partition_flash_controller_start, ABSOLUTE (.))
 *(.flash_controller. flash_controller.*)
                0x01000020                . = ALIGN (0x4)
                0x01000020                PROVIDE (_alt_partition_flash_controller_end, ABSOLUTE (.))
                0x01000020                PROVIDE (_alt_partition_flash_controller_load_addr, LOADADDR (.flash_controller))

.sdram          0x08080888        0x0
                0x08080888                PROVIDE (_alt_partition_sdram_start, ABSOLUTE (.))
 *(.sdram. sdram.*)
                0x08080888                . = ALIGN (0x4)
                0x08080888                PROVIDE (_alt_partition_sdram_end, ABSOLUTE (.))
                0x08080888                _end = ABSOLUTE (.)
                0x08080888                end = ABSOLUTE (.)
                0x08080888                __alt_stack_base = ABSOLUTE (.)
                0x08080888                PROVIDE (_alt_partition_sdram_load_addr, LOADADDR (.sdram))

.stab
 *(.stab)

.stabstr
 *(.stabstr)

.stab.excl
 *(.stab.excl)

.stab.exclstr
 *(.stab.exclstr)

.stab.index
 *(.stab.index)

.stab.indexstr
 *(.stab.indexstr)

.comment        0x00000000       0x26
 *(.comment)
 .comment       0x00000000       0x26 obj/FreeRTOS/croutine.o
                                 0x27 (size before relaxing)
 .comment       0x00000000       0x27 obj/FreeRTOS/heap.o
 .comment       0x00000000       0x27 obj/FreeRTOS/list.o
 .comment       0x00000000       0x27 obj/FreeRTOS/port.o
 .comment       0x00000000       0x27 obj/FreeRTOS/queue.o
 .comment       0x00000000       0x27 obj/FreeRTOS/tasks.o
 .comment       0x00000000       0x27 obj/FreeRTOS/timers.o
 .comment       0x00000000       0x27 obj/freertos_test.o
 .comment       0x00000000       0x27 c:/altera/13.0sp1/nios2eds/bin/gnu/h-i686-mingw32/bin/../lib/gcc/nios2-elf/4.1.2\libgcc.a(_addsub_df.o)
 .comment       0x00000000       0x27 c:/altera/13.0sp1/nios2eds/bin/gnu/h-i686-mingw32/bin/../lib/gcc/nios2-elf/4.1.2\libgcc.a(_mul_df.o)
 .comment       0x00000000       0x27 c:/altera/13.0sp1/nios2eds/bin/gnu/h-i686-mingw32/bin/../lib/gcc/nios2-elf/4.1.2\libgcc.a(_div_df.o)
 .comment       0x00000000       0x27 c:/altera/13.0sp1/nios2eds/bin/gnu/h-i686-mingw32/bin/../lib/gcc/nios2-elf/4.1.2\libgcc.a(_gt_df.o)
 .comment       0x00000000       0x27 c:/altera/13.0sp1/nios2eds/bin/gnu/h-i686-mingw32/bin/../lib/gcc/nios2-elf/4.1.2\libgcc.a(_ge_df.o)
 .comment       0x00000000       0x27 c:/altera/13.0sp1/nios2eds/bin/gnu/h-i686-mingw32/bin/../lib/gcc/nios2-elf/4.1.2\libgcc.a(_lt_df.o)
 .comment       0x00000000       0x27 c:/altera/13.0sp1/nios2eds/bin/gnu/h-i686-mingw32/bin/../lib/gcc/nios2-elf/4.1.2\libgcc.a(_si_to_df.o)
 .comment       0x00000000       0x27 c:/altera/13.0sp1/nios2eds/bin/gnu/h-i686-mingw32/bin/../lib/gcc/nios2-elf/4.1.2\libgcc.a(_df_to_si.o)
 .comment       0x00000000       0x27 c:/altera/13.0sp1/nios2eds/bin/gnu/h-i686-mingw32/bin/../lib/gcc/nios2-elf/4.1.2\libgcc.a(_thenan_df.o)
 .comment       0x00000000       0x27 c:/altera/13.0sp1/nios2eds/bin/gnu/h-i686-mingw32/bin/../lib/gcc/nios2-elf/4.1.2\libgcc.a(_usi_to_df.o)
 .comment       0x00000000       0x27 c:/altera/13.0sp1/nios2eds/bin/gnu/h-i686-mingw32/bin/../lib/gcc/nios2-elf/4.1.2\libgcc.a(_muldi3.o)
 .comment       0x00000000       0x27 c:/altera/13.0sp1/nios2eds/bin/gnu/h-i686-mingw32/bin/../lib/gcc/nios2-elf/4.1.2\libgcc.a(_clzsi2.o)
 .comment       0x00000000       0x27 c:/altera/13.0sp1/nios2eds/bin/gnu/h-i686-mingw32/bin/../lib/gcc/nios2-elf/4.1.2\libgcc.a(_pack_df.o)
 .comment       0x00000000       0x27 c:/altera/13.0sp1/nios2eds/bin/gnu/h-i686-mingw32/bin/../lib/gcc/nios2-elf/4.1.2\libgcc.a(_unpack_df.o)
 .comment       0x00000000       0x27 c:/altera/13.0sp1/nios2eds/bin/gnu/h-i686-mingw32/bin/../lib/gcc/nios2-elf/4.1.2\libgcc.a(_fpcmp_parts_df.o)
 .comment       0x00000000       0x27 c:/altera/13.0sp1/nios2eds/bin/gnu/h-i686-mingw32/bin/../lib/gcc/nios2-elf/4.1.2\libgcc.a(_clz.o)
 .comment       0x00000000       0x27 c:/altera/13.0sp1/nios2eds/bin/gnu/h-i686-mingw32/bin/../lib/gcc/nios2-elf/4.1.2/../../../../nios2-elf/lib\libc.a(lib_a-memcmp.o)
 .comment       0x00000000       0x27 c:/altera/13.0sp1/nios2eds/bin/gnu/h-i686-mingw32/bin/../lib/gcc/nios2-elf/4.1.2/../../../../nios2-elf/lib\libc.a(lib_a-memcpy.o)
 .comment       0x00000000       0x27 c:/altera/13.0sp1/nios2eds/bin/gnu/h-i686-mingw32/bin/../lib/gcc/nios2-elf/4.1.2/../../../../nios2-elf/lib\libc.a(lib_a-memset.o)
 .comment       0x00000000       0x27 c:/altera/13.0sp1/nios2eds/bin/gnu/h-i686-mingw32/bin/../lib/gcc/nios2-elf/4.1.2/../../../../nios2-elf/lib\libc.a(lib_a-printf.o)
 .comment       0x00000000       0x27 c:/altera/13.0sp1/nios2eds/bin/gnu/h-i686-mingw32/bin/../lib/gcc/nios2-elf/4.1.2/../../../../nios2-elf/lib\libc.a(lib_a-puts.o)
 .comment       0x00000000       0x27 c:/altera/13.0sp1/nios2eds/bin/gnu/h-i686-mingw32/bin/../lib/gcc/nios2-elf/4.1.2/../../../../nios2-elf/lib\libc.a(lib_a-sprintf.o)
 .comment       0x00000000       0x27 c:/altera/13.0sp1/nios2eds/bin/gnu/h-i686-mingw32/bin/../lib/gcc/nios2-elf/4.1.2/../../../../nios2-elf/lib\libc.a(lib_a-strlen.o)
 .comment       0x00000000       0x27 c:/altera/13.0sp1/nios2eds/bin/gnu/h-i686-mingw32/bin/../lib/gcc/nios2-elf/4.1.2/../../../../nios2-elf/lib\libc.a(lib_a-vfprintf.o)
 .comment       0x00000000       0x27 c:/altera/13.0sp1/nios2eds/bin/gnu/h-i686-mingw32/bin/../lib/gcc/nios2-elf/4.1.2/../../../../nios2-elf/lib\libc.a(lib_a-wsetup.o)
 .comment       0x00000000       0x27 c:/altera/13.0sp1/nios2eds/bin/gnu/h-i686-mingw32/bin/../lib/gcc/nios2-elf/4.1.2/../../../../nios2-elf/lib\libc.a(lib_a-dtoa.o)
 .comment       0x00000000       0x27 c:/altera/13.0sp1/nios2eds/bin/gnu/h-i686-mingw32/bin/../lib/gcc/nios2-elf/4.1.2/../../../../nios2-elf/lib\libc.a(lib_a-fflush.o)
 .comment       0x00000000       0x27 c:/altera/13.0sp1/nios2eds/bin/gnu/h-i686-mingw32/bin/../lib/gcc/nios2-elf/4.1.2/../../../../nios2-elf/lib\libc.a(lib_a-findfp.o)
 .comment       0x00000000       0x27 c:/altera/13.0sp1/nios2eds/bin/gnu/h-i686-mingw32/bin/../lib/gcc/nios2-elf/4.1.2/../../../../nios2-elf/lib\libc.a(lib_a-freer.o)
 .comment       0x00000000       0x27 c:/altera/13.0sp1/nios2eds/bin/gnu/h-i686-mingw32/bin/../lib/gcc/nios2-elf/4.1.2/../../../../nios2-elf/lib\libc.a(lib_a-fvwrite.o)
 .comment       0x00000000       0x27 c:/altera/13.0sp1/nios2eds/bin/gnu/h-i686-mingw32/bin/../lib/gcc/nios2-elf/4.1.2/../../../../nios2-elf/lib\libc.a(lib_a-fwalk.o)
 .comment       0x00000000       0x27 c:/altera/13.0sp1/nios2eds/bin/gnu/h-i686-mingw32/bin/../lib/gcc/nios2-elf/4.1.2/../../../../nios2-elf/lib\libc.a(lib_a-impure.o)
 .comment       0x00000000       0x27 c:/altera/13.0sp1/nios2eds/bin/gnu/h-i686-mingw32/bin/../lib/gcc/nios2-elf/4.1.2/../../../../nios2-elf/lib\libc.a(lib_a-locale.o)
 .comment       0x00000000       0x27 c:/altera/13.0sp1/nios2eds/bin/gnu/h-i686-mingw32/bin/../lib/gcc/nios2-elf/4.1.2/../../../../nios2-elf/lib\libc.a(lib_a-makebuf.o)
 .comment       0x00000000       0x27 c:/altera/13.0sp1/nios2eds/bin/gnu/h-i686-mingw32/bin/../lib/gcc/nios2-elf/4.1.2/../../../../nios2-elf/lib\libc.a(lib_a-mallocr.o)
 .comment       0x00000000       0x27 c:/altera/13.0sp1/nios2eds/bin/gnu/h-i686-mingw32/bin/../lib/gcc/nios2-elf/4.1.2/../../../../nios2-elf/lib\libc.a(lib_a-memchr.o)
 .comment       0x00000000       0x27 c:/altera/13.0sp1/nios2eds/bin/gnu/h-i686-mingw32/bin/../lib/gcc/nios2-elf/4.1.2/../../../../nios2-elf/lib\libc.a(lib_a-memmove.o)
 .comment       0x00000000       0x27 c:/altera/13.0sp1/nios2eds/bin/gnu/h-i686-mingw32/bin/../lib/gcc/nios2-elf/4.1.2/../../../../nios2-elf/lib\libc.a(lib_a-mprec.o)
 .comment       0x00000000       0x27 c:/altera/13.0sp1/nios2eds/bin/gnu/h-i686-mingw32/bin/../lib/gcc/nios2-elf/4.1.2/../../../../nios2-elf/lib\libc.a(lib_a-reallocr.o)
 .comment       0x00000000       0x27 c:/altera/13.0sp1/nios2eds/bin/gnu/h-i686-mingw32/bin/../lib/gcc/nios2-elf/4.1.2/../../../../nios2-elf/lib\libc.a(lib_a-s_isinfd.o)
 .comment       0x00000000       0x27 c:/altera/13.0sp1/nios2eds/bin/gnu/h-i686-mingw32/bin/../lib/gcc/nios2-elf/4.1.2/../../../../nios2-elf/lib\libc.a(lib_a-s_isnand.o)
 .comment       0x00000000       0x27 c:/altera/13.0sp1/nios2eds/bin/gnu/h-i686-mingw32/bin/../lib/gcc/nios2-elf/4.1.2/../../../../nios2-elf/lib\libc.a(lib_a-sbrkr.o)
 .comment       0x00000000       0x27 c:/altera/13.0sp1/nios2eds/bin/gnu/h-i686-mingw32/bin/../lib/gcc/nios2-elf/4.1.2/../../../../nios2-elf/lib\libc.a(lib_a-stdio.o)
 .comment       0x00000000       0x27 c:/altera/13.0sp1/nios2eds/bin/gnu/h-i686-mingw32/bin/../lib/gcc/nios2-elf/4.1.2/../../../../nios2-elf/lib\libc.a(lib_a-strcmp.o)
 .comment       0x00000000       0x27 c:/altera/13.0sp1/nios2eds/bin/gnu/h-i686-mingw32/bin/../lib/gcc/nios2-elf/4.1.2/../../../../nios2-elf/lib\libc.a(lib_a-writer.o)
 .comment       0x00000000       0x27 c:/altera/13.0sp1/nios2eds/bin/gnu/h-i686-mingw32/bin/../lib/gcc/nios2-elf/4.1.2/../../../../nios2-elf/lib\libc.a(lib_a-callocr.o)
 .comment       0x00000000       0x27 c:/altera/13.0sp1/nios2eds/bin/gnu/h-i686-mingw32/bin/../lib/gcc/nios2-elf/4.1.2/../../../../nios2-elf/lib\libc.a(lib_a-closer.o)
 .comment       0x00000000       0x27 c:/altera/13.0sp1/nios2eds/bin/gnu/h-i686-mingw32/bin/../lib/gcc/nios2-elf/4.1.2/../../../../nios2-elf/lib\libc.a(lib_a-fclose.o)
 .comment       0x00000000       0x27 c:/altera/13.0sp1/nios2eds/bin/gnu/h-i686-mingw32/bin/../lib/gcc/nios2-elf/4.1.2/../../../../nios2-elf/lib\libc.a(lib_a-fstatr.o)
 .comment       0x00000000       0x27 c:/altera/13.0sp1/nios2eds/bin/gnu/h-i686-mingw32/bin/../lib/gcc/nios2-elf/4.1.2/../../../../nios2-elf/lib\libc.a(lib_a-int_errno.o)
 .comment       0x00000000       0x27 c:/altera/13.0sp1/nios2eds/bin/gnu/h-i686-mingw32/bin/../lib/gcc/nios2-elf/4.1.2/../../../../nios2-elf/lib\libc.a(lib_a-isattyr.o)
 .comment       0x00000000       0x27 c:/altera/13.0sp1/nios2eds/bin/gnu/h-i686-mingw32/bin/../lib/gcc/nios2-elf/4.1.2/../../../../nios2-elf/lib\libc.a(lib_a-lseekr.o)
 .comment       0x00000000       0x27 c:/altera/13.0sp1/nios2eds/bin/gnu/h-i686-mingw32/bin/../lib/gcc/nios2-elf/4.1.2/../../../../nios2-elf/lib\libc.a(lib_a-readr.o)
 .comment       0x00000000       0x27 c:/altera/13.0sp1/nios2eds/bin/gnu/h-i686-mingw32/bin/../lib/gcc/nios2-elf/4.1.2\libgcc.a(_udivdi3.o)