Archive member included because of file (symbol)

c:/altera/13.0sp1/nios2eds/bin/gnu/h-i686-mingw32/bin/../lib/gcc/nios2-elf/4.1.2\libgcc.a(_div_sf.o)
                              obj/freertos_test.o (__divsf3)
c:/altera/13.0sp1/nios2eds/bin/gnu/h-i686-mingw32/bin/../lib/gcc/nios2-elf/4.1.2\libgcc.a(_sf_to_df.o)
                              obj/freertos_test.o (__extendsfdf2)
c:/altera/13.0sp1/nios2eds/bin/gnu/h-i686-mingw32/bin/../lib/gcc/nios2-elf/4.1.2\libgcc.a(_thenan_sf.o)
                              c:/altera/13.0sp1/nios2eds/bin/gnu/h-i686-mingw32/bin/../lib/gcc/nios2-elf/4.1.2\libgcc.a(_div_sf.o) (__thenan_sf)
c:/altera/13.0sp1/nios2eds/bin/gnu/h-i686-mingw32/bin/../lib/gcc/nios2-elf/4.1.2\libgcc.a(_usi_to_sf.o)
                              obj/freertos_test.o (__floatunsisf)
c:/altera/13.0sp1/nios2eds/bin/gnu/h-i686-mingw32/bin/../lib/gcc/nios2-elf/4.1.2\libgcc.a(_addsub_df.o)
                              obj/freertos_test.o (__subdf3)
c:/altera/13.0sp1/nios2eds/bin/gnu/h-i686-mingw32/bin/../lib/gcc/nios2-elf/4.1.2\libgcc.a(_mul_df.o)
                              obj/freertos_test.o (__muldf3)
c:/altera/13.0sp1/nios2eds/bin/gnu/h-i686-mingw32/bin/../lib/gcc/nios2-elf/4.1.2\libgcc.a(_div_df.o)
                              obj/freertos_test.o (__divdf3)
c:/altera/13.0sp1/nios2eds/bin/gnu/h-i686-mingw32/bin/../lib/gcc/nios2-elf/4.1.2\libgcc.a(_gt_df.o)
                              obj/freertos_test.o (__gtdf2)
c:/altera/13.0sp1/nios2eds/bin/gnu/h-i686-mingw32/bin/../lib/gcc/nios2-elf/4.1.2\libgcc.a(_ge_df.o)
                              obj/freertos_test.o (__gedf2)
c:/altera/13.0sp1/nios2eds/bin/gnu/h-i686-mingw32/bin/../lib/gcc/nios2-elf/4.1.2\libgcc.a(_lt_df.o)
                              obj/freertos_test.o (__ltdf2)
c:/altera/13.0sp1/nios2eds/bin/gnu/h-i686-mingw32/bin/../lib/gcc/nios2-elf/4.1.2\libgcc.a(_si_to_df.o)
                              obj/freertos_test.o (__floatsidf)
c:/altera/13.0sp1/nios2eds/bin/gnu/h-i686-mingw32/bin/../lib/gcc/nios2-elf/4.1.2\libgcc.a(_df_to_si.o)
                              obj/freertos_test.o (__fixdfsi)
c:/altera/13.0sp1/nios2eds/bin/gnu/h-i686-mingw32/bin/../lib/gcc/nios2-elf/4.1.2\libgcc.a(_make_df.o)
                              c:/altera/13.0sp1/nios2eds/bin/gnu/h-i686-mingw32/bin/../lib/gcc/nios2-elf/4.1.2\libgcc.a(_sf_to_df.o) (__make_dp)
c:/altera/13.0sp1/nios2eds/bin/gnu/h-i686-mingw32/bin/../lib/gcc/nios2-elf/4.1.2\libgcc.a(_thenan_df.o)
                              c:/altera/13.0sp1/nios2eds/bin/gnu/h-i686-mingw32/bin/../lib/gcc/nios2-elf/4.1.2\libgcc.a(_addsub_df.o) (__thenan_df)
c:/altera/13.0sp1/nios2eds/bin/gnu/h-i686-mingw32/bin/../lib/gcc/nios2-elf/4.1.2\libgcc.a(_usi_to_df.o)
                              obj/freertos_test.o (__floatunsidf)
c:/altera/13.0sp1/nios2eds/bin/gnu/h-i686-mingw32/bin/../lib/gcc/nios2-elf/4.1.2\libgcc.a(_muldi3.o)
                              c:/altera/13.0sp1/nios2eds/bin/gnu/h-i686-mingw32/bin/../lib/gcc/nios2-elf/4.1.2\libgcc.a(_mul_df.o) (__muldi3)
c:/altera/13.0sp1/nios2eds/bin/gnu/h-i686-mingw32/bin/../lib/gcc/nios2-elf/4.1.2\libgcc.a(_clzsi2.o)
                              c:/altera/13.0sp1/nios2eds/bin/gnu/h-i686-mingw32/bin/../lib/gcc/nios2-elf/4.1.2\libgcc.a(_usi_to_sf.o) (__clzsi2)
c:/altera/13.0sp1/nios2eds/bin/gnu/h-i686-mingw32/bin/../lib/gcc/nios2-elf/4.1.2\libgcc.a(_pack_sf.o)
                              c:/altera/13.0sp1/nios2eds/bin/gnu/h-i686-mingw32/bin/../lib/gcc/nios2-elf/4.1.2\libgcc.a(_div_sf.o) (__pack_f)
c:/altera/13.0sp1/nios2eds/bin/gnu/h-i686-mingw32/bin/../lib/gcc/nios2-elf/4.1.2\libgcc.a(_unpack_sf.o)
                              c:/altera/13.0sp1/nios2eds/bin/gnu/h-i686-mingw32/bin/../lib/gcc/nios2-elf/4.1.2\libgcc.a(_div_sf.o) (__unpack_f)
c:/altera/13.0sp1/nios2eds/bin/gnu/h-i686-mingw32/bin/../lib/gcc/nios2-elf/4.1.2\libgcc.a(_pack_df.o)
                              c:/altera/13.0sp1/nios2eds/bin/gnu/h-i686-mingw32/bin/../lib/gcc/nios2-elf/4.1.2\libgcc.a(_addsub_df.o) (__pack_d)
c:/altera/13.0sp1/nios2eds/bin/gnu/h-i686-mingw32/bin/../lib/gcc/nios2-elf/4.1.2\libgcc.a(_unpack_df.o)
                              c:/altera/13.0sp1/nios2eds/bin/gnu/h-i686-mingw32/bin/../lib/gcc/nios2-elf/4.1.2\libgcc.a(_addsub_df.o) (__unpack_d)
c:/altera/13.0sp1/nios2eds/bin/gnu/h-i686-mingw32/bin/../lib/gcc/nios2-elf/4.1.2\libgcc.a(_fpcmp_parts_df.o)
                              c:/altera/13.0sp1/nios2eds/bin/gnu/h-i686-mingw32/bin/../lib/gcc/nios2-elf/4.1.2\libgcc.a(_gt_df.o) (__fpcmp_parts_d)
c:/altera/13.0sp1/nios2eds/bin/gnu/h-i686-mingw32/bin/../lib/gcc/nios2-elf/4.1.2\libgcc.a(_clz.o)
                              c:/altera/13.0sp1/nios2eds/bin/gnu/h-i686-mingw32/bin/../lib/gcc/nios2-elf/4.1.2\libgcc.a(_clzsi2.o) (__clz_tab)
c:/altera/13.0sp1/nios2eds/bin/gnu/h-i686-mingw32/bin/../lib/gcc/nios2-elf/4.1.2/../../../../nios2-elf/lib\libc.a(lib_a-memcmp.o)
                              obj/FreeRTOS/tasks.o (memcmp)
[...]
Memory Configuration

Name             Origin             Length             Attributes
onchip_memory_BEFORE_EXCEPTION 0x00000000         0x00000020
onchip_memory    0x00000020         0x00031fe0
reset            0x01000000         0x00000020
flash_controller 0x01000020         0x007fffe0
sdram            0x08000000         0x08000000
*default*        0x00000000         0xffffffff

Linker script and memory map

LOAD ../freertos_test_bsp//obj/HAL/src/crt0.o
LOAD obj/FreeRTOS/croutine.o
LOAD obj/FreeRTOS/heap.o
LOAD obj/FreeRTOS/list.o
LOAD obj/FreeRTOS/port.o
LOAD obj/FreeRTOS/queue.o
LOAD obj/FreeRTOS/tasks.o
LOAD obj/FreeRTOS/timers.o
LOAD obj/freertos_test.o
LOAD obj/FreeRTOS/port_asm.o
LOAD c:/altera/13.0sp1/nios2eds/bin/gnu/h-i686-mingw32/bin/../lib/gcc/nios2-elf/4.1.2/../../../../nios2-elf/lib\libstdc++.a
LOAD c:/altera/13.0sp1/nios2eds/bin/gnu/h-i686-mingw32/bin/../lib/gcc/nios2-elf/4.1.2/../../../../nios2-elf/lib\libm.a
LOAD c:/altera/13.0sp1/nios2eds/bin/gnu/h-i686-mingw32/bin/../lib/gcc/nios2-elf/4.1.2\libgcc.a
START GROUP
LOAD c:/altera/13.0sp1/nios2eds/bin/gnu/h-i686-mingw32/bin/../lib/gcc/nios2-elf/4.1.2/../../../../nios2-elf/lib\libc.a
LOAD c:/altera/13.0sp1/nios2eds/bin/gnu/h-i686-mingw32/bin/../lib/gcc/nios2-elf/4.1.2\libgcc.a
LOAD ../freertos_test_bsp/\libhal_bsp.a
END GROUP
LOAD c:/altera/13.0sp1/nios2eds/bin/gnu/h-i686-mingw32/bin/../lib/gcc/nios2-elf/4.1.2\libgcc.a
                0x00000000                __alt_mem_onchip_memory = 0x0
                0x01000000                __alt_mem_flash_controller = 0x1000000
                0x08000000                __alt_mem_sdram = 0x8000000

.entry          0x01000000        0x0
 *(.entry)
 .entry         0x01000000        0x0 ../freertos_test_bsp//obj/HAL/src/crt0.o
                0x01000000                __reset

.exceptions     0x00000020      0x228
                0x00000020                PROVIDE (__ram_exceptions_start, ABSOLUTE (.))
                0x00000020                . = ALIGN (0x20)
 *(.irq)
 *(.exceptions.entry.label)
 *(.exceptions.entry.user)
 *(.exceptions.entry)
 .exceptions.entry
                0x00000020       0x8c obj/FreeRTOS/port_asm.o
 *(.exceptions.irqtest.user)
 *(.exceptions.irqtest)
 .exceptions.irqtest
                0x000000ac       0x14 obj/FreeRTOS/port_asm.o
 *(.exceptions.irqhandler.user)
 *(.exceptions.irqhandler)
 .exceptions.irqhandler
                0x000000c0        0x4 obj/FreeRTOS/port_asm.o
 *(.exceptions.irqreturn.user)
 *(.exceptions.irqreturn)
 .exceptions.irqreturn
                0x000000c4       0x8c obj/FreeRTOS/port_asm.o
                0x000000c4                restore_sp_from_pxCurrentTCB
 *(.exceptions.notirq.label)
 *(.exceptions.notirq.user)
 *(.exceptions.notirq)
 *(.exceptions.soft.user)
 *(.exceptions.soft)
 .exceptions.soft
                0x00000150       0x2c obj/FreeRTOS/port_asm.o
 *(.exceptions.unknown.user)
 *(.exceptions.unknown)
 *(.exceptions.exit.label)
 *(.exceptions.exit.user)
 *(.exceptions.exit)
 *(.exceptions)
 .exceptions    0x0000017c       0xcc ../freertos_test_bsp/\libhal_bsp.a(alt_irq_handler.o)
                0x0000017c                alt_irq_handler
                0x00000248                PROVIDE (__ram_exceptions_end, ABSOLUTE (.))
                0x00000020                PROVIDE (__flash_exceptions_start, LOADADDR (.exceptions))

.text           0x00000248    0x1939c
                0x00000248                PROVIDE (stext, ABSOLUTE (.))
 *(.interp)
 *(.hash)
 *(.dynsym)
 *(.dynstr)
 *(.gnu.version)
 *(.gnu.version_d)
 *(.gnu.version_r)
 *(.rel.init)
 *(.rela.init)
 *(.rel.text .rel.text.* .rel.gnu.linkonce.t.*)
 *(.rela.text .rela.text.* .rela.gnu.linkonce.t.*)
 *(.rel.fini)
 *(.rela.fini)
 *(.rel.rodata .rel.rodata.* .rel.gnu.linkonce.r.*)
 *(.rela.rodata .rela.rodata.* .rela.gnu.linkonce.r.*)
 *(.rel.data .rel.data.* .rel.gnu.linkonce.d.*)
 *(.rela.data .rela.data.* .rela.gnu.linkonce.d.*)
 *(.rel.tdata .rel.tdata.* .rel.gnu.linkonce.td.*)
 *(.rela.tdata .rela.tdata.* .rela.gnu.linkonce.td.*)
 *(.rel.tbss .rel.tbss.* .rel.gnu.linkonce.tb.*)
 *(.rela.tbss .rela.tbss.* .rela.gnu.linkonce.tb.*)
 *(.rel.ctors)
 *(.rela.ctors)
 *(.rel.dtors)
 *(.rela.dtors)
 *(.rel.got)
 *(.rela.got)
 *(.rel.sdata .rel.sdata.* .rel.gnu.linkonce.s.*)
 *(.rela.sdata .rela.sdata.* .rela.gnu.linkonce.s.*)
 *(.rel.sbss .rel.sbss.* .rel.gnu.linkonce.sb.*)
 *(.rela.sbss .rela.sbss.* .rela.gnu.linkonce.sb.*)
 *(.rel.sdata2 .rel.sdata2.* .rel.gnu.linkonce.s2.*)
 *(.rela.sdata2 .rela.sdata2.* .rela.gnu.linkonce.s2.*)
 *(.rel.sbss2 .rel.sbss2.* .rel.gnu.linkonce.sb2.*)
 *(.rela.sbss2 .rela.sbss2.* .rela.gnu.linkonce.sb2.*)
 *(.rel.bss .rel.bss.* .rel.gnu.linkonce.b.*)
 *(.rela.bss .rela.bss.* .rela.gnu.linkonce.b.*)
 *(.rel.plt)
 *(.rela.plt)
 *(.rel.dyn)
 *(.init)
 *(.plt)
 *(.text .stub .text.* .gnu.linkonce.t.*)
 .text          0x00000248       0x48 ../freertos_test_bsp//obj/HAL/src/crt0.o
                0x00000248                _start
 .text          0x00000290      0x60c obj/FreeRTOS/croutine.o
                0x00000290                xCoRoutineCreate
                0x000003d0                vCoRoutineAddToDelayedList
                0x00000694                vCoRoutineSchedule
                0x0000081c                xCoRoutineRemoveFromEventList
 .text          0x0000089c      0x448 obj/FreeRTOS/heap.o
                0x0000089c                pvPortMalloc
                0x00000a30                vPortFree
                0x00000ab0                xPortGetFreeHeapSize
                0x00000ad0                vPortInitialiseBlocks
 .text          0x00000ce4      0x28c obj/FreeRTOS/list.o
                0x00000ce4                vListInitialise
                0x00000d54                vListInitialiseItem
                0x00000d7c                vListInsertEnd
                0x00000e04                vListInsert
                0x00000ed8                uxListRemove
 .text          0x00000f70      0x434 obj/FreeRTOS/port.o
                0x00000f70                vApplicationStackOverflowHook
                0x00000fd4                pxPortInitialiseStack
                0x000010bc                xPortStartScheduler
                0x000010f4                vPortEndScheduler
                0x000011a8                vPortSysTickHandler
                0x000011f4                alt_irq_register
 .text          0x000013a4     0x1134 obj/FreeRTOS/queue.o
                0x000013a4                xQueueGenericReset
                0x000014b8                xQueueGenericCreate
                0x00001594                xQueueCreateMutex
                0x00001658                xQueueGiveMutexRecursive
                0x000016ec                xQueueTakeMutexRecursive
                0x00001794                xQueueCreateCountingSemaphore
                0x000017f0                xQueueGenericSend
                0x000019a0                xQueueGenericSendFromISR
                0x00001a88                xQueueGiveFromISR
                0x00001b60                xQueueGenericReceive
                0x00001d8c                xQueueReceiveFromISR
                0x00001e70                xQueuePeekFromISR
                0x00001ef0                uxQueueMessagesWaiting
                0x00001f30                uxQueueSpacesAvailable
                0x00001f84                uxQueueMessagesWaitingFromISR
                0x00001fb4                vQueueDelete
                0x00002360                xQueueIsQueueEmptyFromISR
                0x000023fc                xQueueIsQueueFullFromISR
                0x00002444                vQueueWaitForMessageRestricted
 .text          0x000024d8     0x1c94 obj/FreeRTOS/tasks.o
                0x000024d8                xTaskGenericCreate
                0x000026a0                vTaskDelete
                0x00002778                vTaskDelay
                0x000027f0                vTaskStartScheduler
                0x0000288c                vTaskEndScheduler
                0x000028d0                vTaskSuspendAll
                0x000028f8                xTaskResumeAll
                0x00002a48                xTaskGetTickCount
                0x00002a70                xTaskGetTickCountFromISR
                0x00002a9c                uxTaskGetNumberOfTasks
                0x00002abc                xTaskIncrementTick
                0x00002c98                vTaskSwitchContext
                0x00002dc8                vTaskPlaceOnEventList
                0x00002e28                vTaskPlaceOnUnorderedEventList
                0x00002e9c                vTaskPlaceOnEventListRestricted
                0x00002efc                xTaskRemoveFromEventList
                0x00002fe4                xTaskRemoveFromUnorderedEventList
                0x000030b4                vTaskSetTimeOutState
                0x000030ec                xTaskCheckForTimeOut
                0x000031b0                vTaskMissedYield
                0x00003630                uxTaskGetStackHighWaterMark
                0x0000374c                xTaskGetCurrentTaskHandle
                0x00003774                xTaskGetSchedulerState
                0x000037c8                vTaskPriorityInherit
                0x000038f8                xTaskPriorityDisinherit
                0x000039f4                vTaskEnterCritical
                0x00003a48                vTaskExitCritical
                0x00003ab0                uxTaskResetEventItemValue
                0x00003af4                pvTaskIncrementMutexHeldCount
                0x00003b30                ulTaskNotifyTake
                0x00003c08                xTaskNotifyWait
                0x00003d14                xTaskNotify
                0x00003e9c                xTaskNotifyFromISR
                0x0000405c                vTaskNotifyGiveFromISR
 .text          0x0000416c      0x8b0 obj/FreeRTOS/timers.o
                0x0000416c                xTimerCreateTimerTask
                0x000041dc                xTimerCreate
                0x0000428c                xTimerGenericCommand
                0x00004354                pcTimerGetTimerName
                0x000049a0                xTimerIsTimerActive
                0x000049ec                pvTimerGetTimerID
 .text          0x00004a1c     0x1e48 obj/freertos_test.o
                0x00004a1c                freq_relay
                0x00004aa4                ps2_isr
                0x00004b3c                button_irq
                0x00004bac                Keyboard_Update_Task
                0x00004dec                ROC_Calculation_Task
                0x000052a8                update_shed_stats
                0x00005548                VGA_Task
                0x00005ec4                update_loads_from_switches
                0x00006044                update_leds_from_fsm
                0x000061c0                shed_load
                0x0000624c                reconnect_load
                0x000062f8                check_if_all_loads_connected
                0x00006390                reset_timer
                0x000063e4                timer_expiry_callback
                0x0000640c                Load_Management_Task
                0x00006538                initCreateTasks
                0x00006620                initOSDataStructs
                0x00006738                ps2_init
                0x000067c4                button_init
                0x0000681c                main
 .text          0x00006864        0x0 obj/FreeRTOS/port_asm.o
 .text          0x00006864      0x174 c:/altera/13.0sp1/nios2eds/bin/gnu/h-i686-mingw32/bin/../lib/gcc/nios2-elf/4.1.2\libgcc.a(_div_sf.o)
                0x00006864                __divsf3
 .text          0x000069d8       0x54 c:/altera/13.0sp1/nios2eds/bin/gnu/h-i686-mingw32/bin/../lib/gcc/nios2-elf/4.1.2\libgcc.a(_sf_to_df.o)
                0x000069d8                __extendsfdf2
 .text          0x00006a2c        0x0 c:/altera/13.0sp1/nios2eds/bin/gnu/h-i686-mingw32/bin/../lib/gcc/nios2-elf/4.1.2\libgcc.a(_thenan_sf.o)
 .text          0x00006a2c       0xc0 c:/altera/13.0sp1/nios2eds/bin/gnu/h-i686-mingw32/bin/../lib/gcc/nios2-elf/4.1.2\libgcc.a(_usi_to_sf.o)
                0x00006a2c                __floatunsisf
 .text          0x00006aec      0x504 c:/altera/13.0sp1/nios2eds/bin/gnu/h-i686-mingw32/bin/../lib/gcc/nios2-elf/4.1.2\libgcc.a(_addsub_df.o)
                0x00006efc                __subdf3
                0x00006f7c                __adddf3
 .text          0x00006ff0      0x3c4 c:/altera/13.0sp1/nios2eds/bin/gnu/h-i686-mingw32/bin/../lib/gcc/nios2-elf/4.1.2\libgcc.a(_mul_df.o)
                0x00006ff0                __muldf3
 .text          0x000073b4      0x258 c:/altera/13.0sp1/nios2eds/bin/gnu/h-i686-mingw32/bin/../lib/gcc/nios2-elf/4.1.2\libgcc.a(_div_df.o)
                0x000073b4                __divdf3
 .text          0x0000760c       0x88 c:/altera/13.0sp1/nios2eds/bin/gnu/h-i686-mingw32/bin/../lib/gcc/nios2-elf/4.1.2\libgcc.a(_gt_df.o)
                0x0000760c                __gtdf2
 .text          0x00007694       0x88 c:/altera/13.0sp1/nios2eds/bin/gnu/h-i686-mingw32/bin/../lib/gcc/nios2-elf/4.1.2\libgcc.a(_ge_df.o)
                0x00007694                __gedf2
 .text          0x0000771c       0x88 c:/altera/13.0sp1/nios2eds/bin/gnu/h-i686-mingw32/bin/../lib/gcc/nios2-elf/4.1.2\libgcc.a(_lt_df.o)
                0x0000771c                __ltdf2
 .text          0x000077a4       0xf8 c:/altera/13.0sp1/nios2eds/bin/gnu/h-i686-mingw32/bin/../lib/gcc/nios2-elf/4.1.2\libgcc.a(_si_to_df.o)
                0x000077a4                __floatsidf
 .text          0x0000789c       0xd8 c:/altera/13.0sp1/nios2eds/bin/gnu/h-i686-mingw32/bin/../lib/gcc/nios2-elf/4.1.2\libgcc.a(_df_to_si.o)
                0x0000789c                __fixdfsi
 .text          0x00007974       0x38 c:/altera/13.0sp1/nios2eds/bin/gnu/h-i686-mingw32/bin/../lib/gcc/nios2-elf/4.1.2\libgcc.a(_make_df.o)
                0x00007974                __make_dp
 .text          0x000079ac        0x0 c:/altera/13.0sp1/nios2eds/bin/gnu/h-i686-mingw32/bin/../lib/gcc/nios2-elf/4.1.2\libgcc.a(_thenan_df.o)
 .text          0x000079ac      0x194 c:/altera/13.0sp1/nios2eds/bin/gnu/h-i686-mingw32/bin/../lib/gcc/nios2-elf/4.1.2\libgcc.a(_usi_to_df.o)
                0x000079ac                __floatunsidf
 .text          0x00007b40       0x98 c:/altera/13.0sp1/nios2eds/bin/gnu/h-i686-mingw32/bin/../lib/gcc/nios2-elf/4.1.2\libgcc.a(_muldi3.o)
                0x00007b40                __muldi3
 .text          0x00007bd8       0x80 c:/altera/13.0sp1/nios2eds/bin/gnu/h-i686-mingw32/bin/../lib/gcc/nios2-elf/4.1.2\libgcc.a(_clzsi2.o)
                0x00007bd8                __clzsi2
 .text          0x00007c58      0x160 c:/altera/13.0sp1/nios2eds/bin/gnu/h-i686-mingw32/bin/../lib/gcc/nios2-elf/4.1.2\libgcc.a(_pack_sf.o)
                0x00007c58                __pack_f
 .text          0x00007db8       0xc8 c:/altera/13.0sp1/nios2eds/bin/gnu/h-i686-mingw32/bin/../lib/gcc/nios2-elf/4.1.2\libgcc.a(_unpack_sf.o)
                0x00007db8                __unpack_f
 .text          0x00007e80      0x314 c:/altera/13.0sp1/nios2eds/bin/gnu/h-i686-mingw32/bin/../lib/gcc/nios2-elf/4.1.2\libgcc.a(_pack_df.o)
                0x00007e80                __pack_d
 .text          0x00008194      0x138 c:/altera/13.0sp1/nios2eds/bin/gnu/h-i686-mingw32/bin/../lib/gcc/nios2-elf/4.1.2\libgcc.a(_unpack_df.o)
                0x00008194                __unpack_d
 .text          0x000082cc       0xc8 c:/altera/13.0sp1/nios2eds/bin/gnu/h-i686-mingw32/bin/../lib/gcc/nios2-elf/4.1.2\libgcc.a(_fpcmp_parts_df.o)
                0x000082cc                __fpcmp_parts_d
 .text          0x00008394        0x0 c:/altera/13.0sp1/nios2eds/bin/gnu/h-i686-mingw32/bin/../lib/gcc/nios2-elf/4.1.2\libgcc.a(_clz.o)
 .text          0x00008394       0x74 c:/altera/13.0sp1/nios2eds/bin/gnu/h-i686-mingw32/bin/../lib/gcc/nios2-elf/4.1.2/../../../../nios2-elf/lib\libc.a(lib_a-memcmp.o)
                0x00008394                memcmp
 .text          0x00008408       0xa0 c:/altera/13.0sp1/nios2eds/bin/gnu/h-i686-mingw32/bin/../lib/gcc/nios2-elf/4.1.2/../../../../nios2-elf/lib\libc.a(lib_a-memcpy.o)
                0x00008408                memcpy
 .text          0x000084a8       0x98 c:/altera/13.0sp1/nios2eds/bin/gnu/h-i686-mingw32/bin/../lib/gcc/nios2-elf/4.1.2/../../../../nios2-elf/lib\libc.a(lib_a-memset.o)
                0x000084a8                memset
 .text          0x00008540       0x78 c:/altera/13.0sp1/nios2eds/bin/gnu/h-i686-mingw32/bin/../lib/gcc/nios2-elf/4.1.2/../../../../nios2-elf/lib\libc.a(lib_a-printf.o)
                0x00008540                printf
                0x00008584                _printf_r
 .text          0x000085b8       0xb4 c:/altera/13.0sp1/nios2eds/bin/gnu/h-i686-mingw32/bin/../lib/gcc/nios2-elf/4.1.2/../../../../nios2-elf/lib\libc.a(lib_a-puts.o)
                0x000085b8                _puts_r
                0x00008658                puts
 .text          0x0000866c       0xd4 c:/altera/13.0sp1/nios2eds/bin/gnu/h-i686-mingw32/bin/../lib/gcc/nios2-elf/4.1.2/../../../../nios2-elf/lib\libc.a(lib_a-sprintf.o)
                0x0000866c                sprintf
                0x000086e0                _sprintf_r
 .text          0x00008740       0x74 c:/altera/13.0sp1/nios2eds/bin/gnu/h-i686-mingw32/bin/../lib/gcc/nios2-elf/4.1.2/../../../../nios2-elf/lib\libc.a(lib_a-strlen.o)
                0x00008740                strlen
 .text          0x000087b4     0x1f28 c:/altera/13.0sp1/nios2eds/bin/gnu/h-i686-mingw32/bin/../lib/gcc/nios2-elf/4.1.2/../../../../nios2-elf/lib\libc.a(lib_a-vfprintf.o)
                0x0000880c                ___vfprintf_internal_r
                0x0000a6b8                __vfprintf_internal
 .text          0x0000a6dc      0x13c c:/altera/13.0sp1/nios2eds/bin/gnu/h-i686-mingw32/bin/../lib/gcc/nios2-elf/4.1.2/../../../../nios2-elf/lib\libc.a(lib_a-wsetup.o)
                0x0000a6dc                __swsetup_r
 .text          0x0000a818     0x17cc c:/altera/13.0sp1/nios2eds/bin/gnu/h-i686-mingw32/bin/../lib/gcc/nios2-elf/4.1.2/../../../../nios2-elf/lib\libc.a(lib_a-dtoa.o)
                0x0000aa30                _dtoa_r
 .text          0x0000bfe4      0x230 c:/altera/13.0sp1/nios2eds/bin/gnu/h-i686-mingw32/bin/../lib/gcc/nios2-elf/4.1.2/../../../../nios2-elf/lib\libc.a(lib_a-fflush.o)
                0x0000bfe4                _fflush_r
                0x0000c1e0                fflush
 .text          0x0000c214      0x2c0 c:/altera/13.0sp1/nios2eds/bin/gnu/h-i686-mingw32/bin/../lib/gcc/nios2-elf/4.1.2/../../../../nios2-elf/lib\libc.a(lib_a-findfp.o)
                0x0000c26c                __sfp_lock_acquire
                0x0000c270                __sfp_lock_release
                0x0000c274                __sinit_lock_acquire
                0x0000c278                __sinit_lock_release
                0x0000c27c                __sinit
                0x0000c330                __fp_unlock_all
                0x0000c348                __fp_lock_all
                0x0000c360                _cleanup_r
                0x0000c36c                _cleanup
                0x0000c37c                __sfmoreglue
                0x0000c3e4                __sfp
 .text          0x0000c4d4      0x440 c:/altera/13.0sp1/nios2eds/bin/gnu/h-i686-mingw32/bin/../lib/gcc/nios2-elf/4.1.2/../../../../nios2-elf/lib\libc.a(lib_a-freer.o)
                0x0000c4d4                _malloc_trim_r
                0x0000c600                _free_r
 .text          0x0000c914      0x49c c:/altera/13.0sp1/nios2eds/bin/gnu/h-i686-mingw32/bin/../lib/gcc/nios2-elf/4.1.2/../../../../nios2-elf/lib\libc.a(lib_a-fvwrite.o)
                0x0000c914                __sfvwrite_r
 .text          0x0000cdb0      0x180 c:/altera/13.0sp1/nios2eds/bin/gnu/h-i686-mingw32/bin/../lib/gcc/nios2-elf/4.1.2/../../../../nios2-elf/lib\libc.a(lib_a-fwalk.o)
                0x0000cdb0                _fwalk_reent
                0x0000ce78                _fwalk
 .text          0x0000cf30        0x0 c:/altera/13.0sp1/nios2eds/bin/gnu/h-i686-mingw32/bin/../lib/gcc/nios2-elf/4.1.2/../../../../nios2-elf/lib\libc.a(lib_a-impure.o)
 .text          0x0000cf30       0xc4 c:/altera/13.0sp1/nios2eds/bin/gnu/h-i686-mingw32/bin/../lib/gcc/nios2-elf/4.1.2/../../../../nios2-elf/lib\libc.a(lib_a-locale.o)
                0x0000cf30                __locale_charset
                0x0000cf38                _localeconv_r
                0x0000cf44                localeconv
                0x0000cf54                _setlocale_r
                0x0000cfd8                setlocale
 .text          0x0000cff4      0x194 c:/altera/13.0sp1/nios2eds/bin/gnu/h-i686-mingw32/bin/../lib/gcc/nios2-elf/4.1.2/../../../../nios2-elf/lib\libc.a(lib_a-makebuf.o)
                0x0000cff4                __smakebuf_r
 .text          0x0000d188      0x740 c:/altera/13.0sp1/nios2eds/bin/gnu/h-i686-mingw32/bin/../lib/gcc/nios2-elf/4.1.2/../../../../nios2-elf/lib\libc.a(lib_a-mallocr.o)
                0x0000d188                _malloc_r
 .text          0x0000d8c8       0xe4 c:/altera/13.0sp1/nios2eds/bin/gnu/h-i686-mingw32/bin/../lib/gcc/nios2-elf/4.1.2/../../../../nios2-elf/lib\libc.a(lib_a-memchr.o)
                0x0000d8c8                memchr
 .text          0x0000d9ac       0xe0 c:/altera/13.0sp1/nios2eds/bin/gnu/h-i686-mingw32/bin/../lib/gcc/nios2-elf/4.1.2/../../../../nios2-elf/lib\libc.a(lib_a-memmove.o)
                0x0000d9ac                memmove
 .text          0x0000da8c      0xff4 c:/altera/13.0sp1/nios2eds/bin/gnu/h-i686-mingw32/bin/../lib/gcc/nios2-elf/4.1.2/../../../../nios2-elf/lib\libc.a(lib_a-mprec.o)
                0x0000da8c                _Bfree
                0x0000dab4                __hi0bits
                0x0000db24                __lo0bits
                0x0000dbe8                __mcmp
                0x0000dc48                __ulp
                0x0000dcc8                __b2d
                0x0000dde8                __ratio
                0x0000de98                _mprec_log10
                0x0000df2c                __copybits
                0x0000df84                __any_on
                0x0000e00c                _Balloc
                0x0000e0c8                __d2b
                0x0000e244                __mdiff
                0x0000e3d0                __lshift
                0x0000e51c                __multiply
                0x0000e704                __i2b
                0x0000e740                __multadd
                0x0000e840                __pow5mult
                0x0000e960                __s2b
 .text          0x0000ea80      0x5f4 c:/altera/13.0sp1/nios2eds/bin/gnu/h-i686-mingw32/bin/../lib/gcc/nios2-elf/4.1.2/../../../../nios2-elf/lib\libc.a(lib_a-reallocr.o)
                0x0000ea80                _realloc_r
 .text          0x0000f074       0x40 c:/altera/13.0sp1/nios2eds/bin/gnu/h-i686-mingw32/bin/../lib/gcc/nios2-elf/4.1.2/../../../../nios2-elf/lib\libc.a(lib_a-s_isinfd.o)
                0x0000f074                __isinfd
 .text          0x0000f0b4       0x30 c:/altera/13.0sp1/nios2eds/bin/gnu/h-i686-mingw32/bin/../lib/gcc/nios2-elf/4.1.2/../../../../nios2-elf/lib\libc.a(lib_a-s_isnand.o)
                0x0000f0b4                __isnand
 .text          0x0000f0e4       0x70 c:/altera/13.0sp1/nios2eds/bin/gnu/h-i686-mingw32/bin/../lib/gcc/nios2-elf/4.1.2/../../../../nios2-elf/lib\libc.a(lib_a-sbrkr.o)
                0x0000f0e4                _sbrk_r
 .text          0x0000f154      0x14c c:/altera/13.0sp1/nios2eds/bin/gnu/h-i686-mingw32/bin/../lib/gcc/nios2-elf/4.1.2/../../../../nios2-elf/lib\libc.a(lib_a-stdio.o)
                0x0000f154                __sclose
                0x0000f15c                __sseek
                0x0000f1c4                __swrite
                0x0000f240                __sread
 .text          0x0000f2a0       0xbc c:/altera/13.0sp1/nios2eds/bin/gnu/h-i686-mingw32/bin/../lib/gcc/nios2-elf/4.1.2/../../../../nios2-elf/lib\libc.a(lib_a-strcmp.o)
                0x0000f2a0                strcmp
 .text          0x0000f35c       0x78 c:/altera/13.0sp1/nios2eds/bin/gnu/h-i686-mingw32/bin/../lib/gcc/nios2-elf/4.1.2/../../../../nios2-elf/lib\libc.a(lib_a-writer.o)
                0x0000f35c                _write_r
 .text          0x0000f3d4       0xb4 c:/altera/13.0sp1/nios2eds/bin/gnu/h-i686-mingw32/bin/../lib/gcc/nios2-elf/4.1.2/../../../../nios2-elf/lib\libc.a(lib_a-callocr.o)
                0x0000f3d4                _calloc_r
 .text          0x0000f488       0x70 c:/altera/13.0sp1/nios2eds/bin/gnu/h-i686-mingw32/bin/../lib/gcc/nios2-elf/4.1.2/../../../../nios2-elf/lib\libc.a(lib_a-closer.o)
                0x0000f488                _close_r
 .text          0x0000f4f8      0x124 c:/altera/13.0sp1/nios2eds/bin/gnu/h-i686-mingw32/bin/../lib/gcc/nios2-elf/4.1.2/../../../../nios2-elf/lib\libc.a(lib_a-fclose.o)
                0x0000f4f8                _fclose_r
                0x0000f608                fclose
 .text          0x0000f61c       0x74 c:/altera/13.0sp1/nios2eds/bin/gnu/h-i686-mingw32/bin/../lib/gcc/nios2-elf/4.1.2/../../../../nios2-elf/lib\libc.a(lib_a-fstatr.o)
                0x0000f61c                _fstat_r
 .text          0x0000f690        0x0 c:/altera/13.0sp1/nios2eds/bin/gnu/h-i686-mingw32/bin/../lib/gcc/nios2-elf/4.1.2/../../../../nios2-elf/lib\libc.a(lib_a-int_errno.o)
 .text          0x0000f690       0x70 c:/altera/13.0sp1/nios2eds/bin/gnu/h-i686-mingw32/bin/../lib/gcc/nios2-elf/4.1.2/../../../../nios2-elf/lib\libc.a(lib_a-isattyr.o)
                0x0000f690                _isatty_r
 .text          0x0000f700       0x78 c:/altera/13.0sp1/nios2eds/bin/gnu/h-i686-mingw32/bin/../lib/gcc/nios2-elf/4.1.2/../../../../nios2-elf/lib\libc.a(lib_a-lseekr.o)
                0x0000f700                _lseek_r
 .text          0x0000f778       0x78 c:/altera/13.0sp1/nios2eds/bin/gnu/h-i686-mingw32/bin/../lib/gcc/nios2-elf/4.1.2/../../../../nios2-elf/lib\libc.a(lib_a-readr.o)
                0x0000f778                _read_r
 .text          0x0000f7f0      0x5dc c:/altera/13.0sp1/nios2eds/bin/gnu/h-i686-mingw32/bin/../lib/gcc/nios2-elf/4.1.2\libgcc.a(_udivdi3.o)
                0x0000f7f0                __udivdi3
 .text          0x0000fdcc      0x5b0 c:/altera/13.0sp1/nios2eds/bin/gnu/h-i686-mingw32/bin/../lib/gcc/nios2-elf/4.1.2\libgcc.a(_umoddi3.o)
                0x0000fdcc                __umoddi3
 .text          0x0001037c       0x88 c:/altera/13.0sp1/nios2eds/bin/gnu/h-i686-mingw32/bin/../lib/gcc/nios2-elf/4.1.2\libgcc.a(_eq_df.o)
                0x0001037c                __eqdf2
 .text          0x00010404       0x88 c:/altera/13.0sp1/nios2eds/bin/gnu/h-i686-mingw32/bin/../lib/gcc/nios2-elf/4.1.2\libgcc.a(_ne_df.o)
                0x00010404                __nedf2
 .text          0x0001048c      0x14c c:/altera/13.0sp1/nios2eds/bin/gnu/h-i686-mingw32/bin/../lib/gcc/nios2-elf/4.1.2\libgcc.a(lib2-divmod.o)
                0x00010508                __divsi3
                0x00010568                __modsi3
                0x000105c8                __udivsi3
                0x000105d0                __umodsi3
 .text          0x000105d8      0x15c ../freertos_test_bsp/\libhal_bsp.a(alt_close.o)
                0x000105d8                close
 .text          0x00010734       0x2c ../freertos_test_bsp/\libhal_bsp.a(alt_dev.o)
 .text          0x00010760        0x0 ../freertos_test_bsp/\libhal_bsp.a(alt_errno.o)
 .text          0x00010760      0x134 ../freertos_test_bsp/\libhal_bsp.a(alt_fstat.o)
                0x00010760                fstat
 .text          0x00010894        0x0 ../freertos_test_bsp/\libhal_bsp.a(alt_irq_handler.o)
 .text          0x00010894        0x0 ../freertos_test_bsp/\libhal_bsp.a(alt_irq_vars.o)
 .text          0x00010894      0x120 ../freertos_test_bsp/\libhal_bsp.a(alt_isatty.o)
                0x00010894                isatty
 .text          0x000109b4      0x150 ../freertos_test_bsp/\libhal_bsp.a(alt_lseek.o)
                0x000109b4                lseek
 .text          0x00010b04       0x6c ../freertos_test_bsp/\libhal_bsp.a(alt_main.o)
                0x00010b04                alt_main
 .text          0x00010b70       0x40 ../freertos_test_bsp/\libhal_bsp.a(alt_malloc_lock.o)
                0x00010b70                __malloc_lock
                0x00010b90                __malloc_unlock
 .text          0x00010bb0      0x180 ../freertos_test_bsp/\libhal_bsp.a(alt_read.o)
                0x00010bb0                read
 .text          0x00010d30       0x60 ../freertos_test_bsp/\libhal_bsp.a(alt_release_fd.o)
                0x00010d30                alt_release_fd
 .text          0x00010d90       0xbc ../freertos_test_bsp/\libhal_bsp.a(alt_sbrk.o)
                0x00010d90                sbrk
 .text          0x00010e4c      0x180 ../freertos_test_bsp/\libhal_bsp.a(alt_write.o)
                0x00010e4c                write
 .text          0x00010fcc      0x3d8 ../freertos_test_bsp/\libhal_bsp.a(alt_sys_init.o)
                0x00010fcc                alt_irq_init
                0x00011000                alt_sys_init
 .text          0x000113a4      0x8d8 ../freertos_test_bsp/\libhal_bsp.a(altera_avalon_cfi_flash.o)
                0x000113a4                alt_flash_cfi_init
                0x00011478                alt_flash_cfi_write
                0x00011738                alt_flash_cfi_get_info
                0x000117c8                alt_flash_cfi_read
                0x00011830                alt_write_value_to_flash
                0x00011994                alt_flash_program_block
 .text          0x00011c7c     0x14a8 ../freertos_test_bsp/\libhal_bsp.a(altera_avalon_cfi_flash_table.o)
                0x00011c7c                alt_read_query_entry_8bit
                0x00011cbc                alt_read_query_entry_16bit
                0x00011d00                alt_read_query_entry_32bit
                0x00011d48                alt_write_flash_command_8bit_device_8bit_mode
                0x00011d84                alt_write_flash_command_16bit_device_8bit_mode
                0x00011e00                alt_write_flash_command_32bit_device_8bit_mode
                0x00011e48                alt_write_flash_command_16bit_device_16bit_mode
                0x00011e8c                alt_write_flash_command_32bit_device_16bit_mode
                0x00011ed4                alt_write_flash_command_32bit_device_32bit_mode
                0x00011f1c                alt_write_native_8bit
                0x00011f50                alt_write_native_16bit
                0x00011f84                alt_write_native_32bit
                0x00011fb4                alt_set_flash_width_func
                0x00012194                alt_set_flash_algorithm_func
                0x000122bc                alt_read_cfi_table
                0x0001289c                alt_read_cfi_width
                0x00013048                alt_check_primary_table
 .text          0x00013124      0x148 ../freertos_test_bsp/\libhal_bsp.a(altera_avalon_jtag_uart_fd.o)
                0x00013124                altera_avalon_jtag_uart_read_fd
                0x0001317c                altera_avalon_jtag_uart_write_fd
                0x000131d4                altera_avalon_jtag_uart_close_fd
                0x0001321c                altera_avalon_jtag_uart_ioctl_fd
 .text          0x0001326c      0x408 ../freertos_test_bsp/\libhal_bsp.a(altera_avalon_jtag_uart_init.o)
                0x0001326c                altera_avalon_jtag_uart_init
                0x00013600                altera_avalon_jtag_uart_close
 .text          0x00013674       0xf4 ../freertos_test_bsp/\libhal_bsp.a(altera_avalon_jtag_uart_ioctl.o)
                0x00013674                altera_avalon_jtag_uart_ioctl
 .text          0x00013768      0x224 ../freertos_test_bsp/\libhal_bsp.a(altera_avalon_jtag_uart_read.o)
                0x00013768                altera_avalon_jtag_uart_read
 .text          0x0001398c      0x240 ../freertos_test_bsp/\libhal_bsp.a(altera_avalon_jtag_uart_write.o)
                0x0001398c                altera_avalon_jtag_uart_write
 .text          0x00013bcc      0xee0 ../freertos_test_bsp/\libhal_bsp.a(altera_avalon_lcd_16207.o)
                0x000143a0                altera_avalon_lcd_16207_write
                0x00014970                altera_avalon_lcd_16207_init
 .text          0x00014aac       0x58 ../freertos_test_bsp/\libhal_bsp.a(altera_avalon_lcd_16207_fd.o)
                0x00014aac                altera_avalon_lcd_16207_write_fd
 .text          0x00014b04       0xfc ../freertos_test_bsp/\libhal_bsp.a(altera_avalon_timer_sc.o)
                0x00014b78                alt_avalon_timer_sc_init
 .text          0x00014c00       0xf8 ../freertos_test_bsp/\libhal_bsp.a(altera_avalon_uart_fd.o)
                0x00014c00                altera_avalon_uart_read_fd
                0x00014c58                altera_avalon_uart_write_fd
                0x00014cb0                altera_avalon_uart_close_fd
 .text          0x00014cf8      0x3fc ../freertos_test_bsp/\libhal_bsp.a(altera_avalon_uart_init.o)
                0x00014cf8                altera_avalon_uart_init
                0x00015094                altera_avalon_uart_close
 .text          0x000150f4      0x290 ../freertos_test_bsp/\libhal_bsp.a(altera_avalon_uart_read.o)
                0x000150f4                altera_avalon_uart_read
 .text          0x00015384      0x228 ../freertos_test_bsp/\libhal_bsp.a(altera_avalon_uart_write.o)
                0x00015384                altera_avalon_uart_write
 .text          0x000155ac      0x700 ../freertos_test_bsp/\libhal_bsp.a(altera_up_avalon_ps2.o)
                0x000155ac                read_RI_bit
                0x000155e0                read_RE_bit
                0x00015610                read_CE_bit
                0x00015644                read_num_bytes_available
                0x00015678                read_data_valid
                0x000156ac                read_data_byte
                0x000156d8                alt_up_ps2_init
                0x000157a4                alt_up_ps2_enable_read_interrupt
                0x000157f8                alt_up_ps2_disable_read_interrupt
                0x00015850                alt_up_ps2_write_data_byte
                0x000158c8                alt_up_ps2_wait_for_ack
                0x00015938                alt_up_ps2_write_data_byte_with_ack
                0x000159a4                alt_up_ps2_read_data_byte_timeout
                0x00015a54                alt_up_ps2_read_data_byte
                0x00015ad0                alt_up_ps2_clear_fifo
                0x00015b28                alt_up_ps2_read_fd
                0x00015bc4                alt_up_ps2_write_fd
                0x00015c6c                alt_up_ps2_open_dev
 .text          0x00015cac      0x304 ../freertos_test_bsp/\libhal_bsp.a(altera_up_avalon_video_character_buffer_with_dma.o)
                0x00015cac                alt_up_char_buffer_init
                0x00015d30                alt_up_char_buffer_open_dev
                0x00015d70                alt_up_char_buffer_draw
                0x00015e40                alt_up_char_buffer_string
                0x00015f54                alt_up_char_buffer_clear
 .text          0x00015fb0     0x156c ../freertos_test_bsp/\libhal_bsp.a(altera_up_avalon_video_pixel_buffer_dma.o)
                0x00015fb0                alt_up_pixel_buffer_dma_open_dev
                0x00015ff0                alt_up_pixel_buffer_dma_draw
                0x00016190                alt_up_pixel_buffer_dma_change_back_buffer_address
                0x000161e8                alt_up_pixel_buffer_dma_swap_buffers
                0x00016240                alt_up_pixel_buffer_dma_check_swap_buffers_status
                0x00016274                alt_up_pixel_buffer_dma_clear_screen
                0x000163d8                alt_up_pixel_buffer_dma_draw_box
                0x000168cc                alt_up_pixel_buffer_dma_draw_hline
                0x00016c1c                alt_up_pixel_buffer_dma_draw_vline
                0x00016fec                alt_up_pixel_buffer_dma_draw_rectangle
                0x000170b0                helper_plot_pixel
                0x00017180                alt_up_pixel_buffer_dma_draw_line
 .text          0x0001751c      0x5e0 ../freertos_test_bsp/\libhal_bsp.a(altera_up_ps2_keyboard.o)
                0x0001751c                get_multi_byte_make_code_index
                0x00017594                get_single_byte_make_code_index
                0x0001760c                get_next_state
                0x00017868                decode_scancode
                0x00017914                set_keyboard_rate
                0x00017974                translate_make_code
                0x00017a7c                reset_keyboard
 .text          0x00017afc      0x154 ../freertos_test_bsp/\libhal_bsp.a(alt_alarm_start.o)
                0x00017afc                alt_alarm_start
 .text          0x00017c50       0x78 ../freertos_test_bsp/\libhal_bsp.a(alt_dcache_flush.o)
                0x00017c50                alt_dcache_flush
 .text          0x00017cc8      0x114 ../freertos_test_bsp/\libhal_bsp.a(alt_dev_llist_insert.o)
                0x00017cc8                alt_dev_llist_insert
 .text          0x00017ddc       0x64 ../freertos_test_bsp/\libhal_bsp.a(alt_do_ctors.o)
                0x00017ddc                _do_ctors
 .text          0x00017e40       0x64 ../freertos_test_bsp/\libhal_bsp.a(alt_do_dtors.o)
                0x00017e40                _do_dtors
 .text          0x00017ea4       0x94 ../freertos_test_bsp/\libhal_bsp.a(alt_find_dev.o)
                0x00017ea4                alt_find_dev
 .text          0x00017f38       0xd0 ../freertos_test_bsp/\libhal_bsp.a(alt_flash_dev.o)
                0x00017f38                alt_flash_open_dev
                0x00017fb4                alt_flash_close_dev
 .text          0x00018008      0x13c ../freertos_test_bsp/\libhal_bsp.a(alt_io_redirect.o)
                0x000180cc                alt_io_redirect
 .text          0x00018144      0x2c4 ../freertos_test_bsp/\libhal_bsp.a(alt_open.o)
                0x00018220                open
 .text          0x00018408      0x1a4 ../freertos_test_bsp/\libhal_bsp.a(alt_tick.o)
                0x00018408                alt_alarm_stop
                0x000184a0                alt_tick
 .text          0x000185ac       0x30 ../freertos_test_bsp/\libhal_bsp.a(alt_usleep.o)
                0x000185ac                usleep
 .text          0x000185dc       0x20 ../freertos_test_bsp/\libhal_bsp.a(altera_nios2_qsys_irq.o)
                0x000185dc                altera_nios2_qsys_irq_init
 .text          0x000185fc      0x460 ../freertos_test_bsp/\libhal_bsp.a(altera_avalon_cfi_flash_amd.o)
                0x000185fc                alt_program_amd
                0x00018664                alt_erase_block_amd
 .text          0x00018a5c      0x460 ../freertos_test_bsp/\libhal_bsp.a(altera_avalon_cfi_flash_intel.o)
                0x00018a5c                alt_program_intel
                0x00018ae0                alt_erase_block_intel
 .text          0x00018ebc      0x12c ../freertos_test_bsp/\libhal_bsp.a(alt_busy_sleep.o)
                0x00018ebc                alt_busy_sleep
 .text          0x00018fe8      0x120 ../freertos_test_bsp/\libhal_bsp.a(alt_find_file.o)
                0x00018fe8                alt_find_file
 .text          0x00019108       0xb8 ../freertos_test_bsp/\libhal_bsp.a(alt_get_fd.o)
                0x00019108                alt_get_fd
 .text          0x000191c0       0x14 c:/altera/13.0sp1/nios2eds/bin/gnu/h-i686-mingw32/bin/../lib/gcc/nios2-elf/4.1.2/../../../../nios2-elf/lib\libc.a(lib_a-atexit.o)
                0x000191c0                atexit
 .text          0x000191d4        0x0 c:/altera/13.0sp1/nios2eds/bin/gnu/h-i686-mingw32/bin/../lib/gcc/nios2-elf/4.1.2/../../../../nios2-elf/lib\libc.a(lib_a-ctype_.o)
 .text          0x000191d4       0x38 c:/altera/13.0sp1/nios2eds/bin/gnu/h-i686-mingw32/bin/../lib/gcc/nios2-elf/4.1.2/../../../../nios2-elf/lib\libc.a(lib_a-exit.o)
                0x000191d4                exit
 .text          0x0001920c       0x8c c:/altera/13.0sp1/nios2eds/bin/gnu/h-i686-mingw32/bin/../lib/gcc/nios2-elf/4.1.2/../../../../nios2-elf/lib\libc.a(lib_a-strcpy.o)
                0x0001920c                strcpy
 .text          0x00019298      0x134 c:/altera/13.0sp1/nios2eds/bin/gnu/h-i686-mingw32/bin/../lib/gcc/nios2-elf/4.1.2/../../../../nios2-elf/lib\libc.a(lib_a-__atexit.o)
                0x00019298                __register_exitproc
 .text          0x000193cc      0x1b4 c:/altera/13.0sp1/nios2eds/bin/gnu/h-i686-mingw32/bin/../lib/gcc/nios2-elf/4.1.2/../../../../nios2-elf/lib\libc.a(lib_a-__call_atexit.o)
                0x000193d0                __call_exitprocs
 .text          0x00019580       0x60 ../freertos_test_bsp/\libhal_bsp.a(alt_exit.o)
                0x000195c0                _exit
 *(.gnu.warning.*)
 *(.fini)
                0x000195e0                PROVIDE (__etext, ABSOLUTE (.))
                0x000195e0                PROVIDE (_etext, ABSOLUTE (.))
                0x000195e0                PROVIDE (etext, ABSOLUTE (.))
 *(.eh_frame_hdr)
                0x000195e0                . = ALIGN (0x4)
                0x000195e0                PROVIDE (__preinit_array_start, ABSOLUTE (.))
 *(.preinit_array)
                0x000195e0                PROVIDE (__preinit_array_end, ABSOLUTE (.))
                0x000195e0                PROVIDE (__init_array_start, ABSOLUTE (.))
 *(.init_array)
                0x000195e0                PROVIDE (__init_array_end, ABSOLUTE (.))
                0x000195e0                PROVIDE (__fini_array_start, ABSOLUTE (.))
 *(.fini_array)
                0x000195e0                PROVIDE (__fini_array_end, ABSOLUTE (.))
 *(.eh_frame)
 *(.gcc_except_table)
 *(.dynamic)
                0x000195e0                PROVIDE (__CTOR_LIST__, ABSOLUTE (.))
 *(.ctors)
 *(SORT(.ctors.*))
 .ctors.65535   0x000195e0        0x4 c:/altera/13.0sp1/nios2eds/bin/gnu/h-i686-mingw32/bin/../lib/gcc/nios2-elf/4.1.2/../../../../nios2-elf/lib\libc.a(lib_a-__call_atexit.o)
                0x000195e4                PROVIDE (__CTOR_END__, ABSOLUTE (.))
                0x000195e4                PROVIDE (__DTOR_LIST__, ABSOLUTE (.))
 *(.dtors)
 *(SORT(.dtors.*))
                0x000195e4                PROVIDE (__DTOR_END__, ABSOLUTE (.))
 *(.jcr)
                0x000195e4                . = ALIGN (0x4)

.rodata         0x08000000      0xca8
                0x08000000                PROVIDE (__ram_rodata_start, ABSOLUTE (.))
                0x08000000                . = ALIGN (0x4)
 *(.rodata .rodata.* .gnu.linkonce.r.*)
 .rodata        0x08000000       0x34 obj/FreeRTOS/port.o
 .rodata        0x08000034       0x1c obj/FreeRTOS/tasks.o
 .rodata        0x08000050        0x8 obj/FreeRTOS/timers.o
 .rodata        0x08000058      0x388 obj/freertos_test.o
 .rodata        0x080003e0       0x10 c:/altera/13.0sp1/nios2eds/bin/gnu/h-i686-mingw32/bin/../lib/gcc/nios2-elf/4.1.2\libgcc.a(_thenan_sf.o)
                0x080003e0                __thenan_sf
 .rodata        0x080003f0       0x14 c:/altera/13.0sp1/nios2eds/bin/gnu/h-i686-mingw32/bin/../lib/gcc/nios2-elf/4.1.2\libgcc.a(_thenan_df.o)
                0x080003f0                __thenan_df
 .rodata        0x08000404      0x100 c:/altera/13.0sp1/nios2eds/bin/gnu/h-i686-mingw32/bin/../lib/gcc/nios2-elf/4.1.2\libgcc.a(_clz.o)
                0x08000404                __clz_tab
 .rodata.str1.4
                0x08000504        0x2 c:/altera/13.0sp1/nios2eds/bin/gnu/h-i686-mingw32/bin/../lib/gcc/nios2-elf/4.1.2/../../../../nios2-elf/lib\libc.a(lib_a-puts.o)
                                  0x4 (size before relaxing)
 *fill*         0x08000506        0x2 00
 .rodata.str1.4
                0x08000508       0x5e c:/altera/13.0sp1/nios2eds/bin/gnu/h-i686-mingw32/bin/../lib/gcc/nios2-elf/4.1.2/../../../../nios2-elf/lib\libc.a(lib_a-vfprintf.o)
                                 0x60 (size before relaxing)
 .rodata        0x08000566       0x20 c:/altera/13.0sp1/nios2eds/bin/gnu/h-i686-mingw32/bin/../lib/gcc/nios2-elf/4.1.2/../../../../nios2-elf/lib\libc.a(lib_a-vfprintf.o)
 *fill*         0x08000586        0x2 00
 .rodata.str1.4
                0x08000588       0x10 c:/altera/13.0sp1/nios2eds/bin/gnu/h-i686-mingw32/bin/../lib/gcc/nios2-elf/4.1.2/../../../../nios2-elf/lib\libc.a(lib_a-dtoa.o)
                                 0x14 (size before relaxing)
 .rodata.str1.4
                0x08000598        0x2 c:/altera/13.0sp1/nios2eds/bin/gnu/h-i686-mingw32/bin/../lib/gcc/nios2-elf/4.1.2/../../../../nios2-elf/lib\libc.a(lib_a-impure.o)
                                  0x4 (size before relaxing)
 *fill*         0x0800059a        0x2 00
 .rodata.str1.4
                0x0800059c       0x10 c:/altera/13.0sp1/nios2eds/bin/gnu/h-i686-mingw32/bin/../lib/gcc/nios2-elf/4.1.2/../../../../nios2-elf/lib\libc.a(lib_a-locale.o)
                                 0x18 (size before relaxing)
 .rodata        0x080005ac       0x30 c:/altera/13.0sp1/nios2eds/bin/gnu/h-i686-mingw32/bin/../lib/gcc/nios2-elf/4.1.2/../../../../nios2-elf/lib\libc.a(lib_a-locale.o)
 .rodata        0x080005dc      0x124 c:/altera/13.0sp1/nios2eds/bin/gnu/h-i686-mingw32/bin/../lib/gcc/nios2-elf/4.1.2/../../../../nios2-elf/lib\libc.a(lib_a-mprec.o)
                0x080005dc                __mprec_tens
                0x080006a4                __mprec_bigtens
                0x080006cc                __mprec_tinytens
 .rodata        0x08000700        0xc ../freertos_test_bsp/\libhal_bsp.a(alt_dev.o)
 .rodata        0x0800070c       0x10 ../freertos_test_bsp/\libhal_bsp.a(alt_main.o)
 .rodata        0x0800071c       0xb0 ../freertos_test_bsp/\libhal_bsp.a(alt_sys_init.o)
 .rodata        0x080007cc       0x1c ../freertos_test_bsp/\libhal_bsp.a(altera_up_avalon_video_character_buffer_with_dma.o)
 .rodata        0x080007e8      0x23c ../freertos_test_bsp/\libhal_bsp.a(altera_up_ps2_keyboard.o)
 .rodata        0x08000a24      0x281 c:/altera/13.0sp1/nios2eds/bin/gnu/h-i686-mingw32/bin/../lib/gcc/nios2-elf/4.1.2/../../../../nios2-elf/lib\libc.a(lib_a-ctype_.o)
                0x08000a24                _ctype_
 *(.rodata1)
                0x08000ca8                . = ALIGN (0x4)
 *fill*         0x08000ca5        0x3 00
                0x08000ca8                PROVIDE (__ram_rodata_end, ABSOLUTE (.))
                0x08000000                PROVIDE (__flash_rodata_start, LOADADDR (.rodata))

.rwdata         0x08000ca8     0x20f0
                0x08000ca8                PROVIDE (__ram_rwdata_start, ABSOLUTE (.))
                0x08000ca8                . = ALIGN (0x4)
 *(.got.plt)
 *(.got)
 *(.data1)
 *(.data .data.* .gnu.linkonce.d.*)
 .data          0x08000ca8        0x0 ../freertos_test_bsp//obj/HAL/src/crt0.o
 .data          0x08000ca8        0x0 obj/FreeRTOS/croutine.o
 .data          0x08000ca8        0x0 obj/FreeRTOS/heap.o
 .data          0x08000ca8        0x0 obj/FreeRTOS/list.o
 .data          0x08000ca8        0x0 obj/FreeRTOS/port.o
 .data          0x08000ca8        0x0 obj/FreeRTOS/queue.o
 .data          0x08000ca8        0x0 obj/FreeRTOS/tasks.o
 .data          0x08000ca8        0x0 obj/FreeRTOS/timers.o
 .data          0x08000ca8        0x0 obj/freertos_test.o
 .data          0x08000ca8        0x0 obj/FreeRTOS/port_asm.o
 .data          0x08000ca8        0x0 c:/altera/13.0sp1/nios2eds/bin/gnu/h-i686-mingw32/bin/../lib/gcc/nios2-elf/4.1.2\libgcc.a(_div_sf.o)
 .data          0x08000ca8        0x0 c:/altera/13.0sp1/nios2eds/bin/gnu/h-i686-mingw32/bin/../lib/gcc/nios2-elf/4.1.2\libgcc.a(_sf_to_df.o)
 .data          0x08000ca8        0x0 c:/altera/13.0sp1/nios2eds/bin/gnu/h-i686-mingw32/bin/../lib/gcc/nios2-elf/4.1.2\libgcc.a(_thenan_sf.o)
 .data          0x08000ca8        0x0 c:/altera/13.0sp1/nios2eds/bin/gnu/h-i686-mingw32/bin/../lib/gcc/nios2-elf/4.1.2\libgcc.a(_usi_to_sf.o)
 .data          0x08000ca8        0x0 c:/altera/13.0sp1/nios2eds/bin/gnu/h-i686-mingw32/bin/../lib/gcc/nios2-elf/4.1.2\libgcc.a(_addsub_df.o)
 .data          0x08000ca8        0x0 c:/altera/13.0sp1/nios2eds/bin/gnu/h-i686-mingw32/bin/../lib/gcc/nios2-elf/4.1.2\libgcc.a(_mul_df.o)
 .data          0x08000ca8        0x0 c:/altera/13.0sp1/nios2eds/bin/gnu/h-i686-mingw32/bin/../lib/gcc/nios2-elf/4.1.2\libgcc.a(_div_df.o)
 .data          0x08000ca8        0x0 c:/altera/13.0sp1/nios2eds/bin/gnu/h-i686-mingw32/bin/../lib/gcc/nios2-elf/4.1.2\libgcc.a(_gt_df.o)
 .data          0x08000ca8        0x0 c:/altera/13.0sp1/nios2eds/bin/gnu/h-i686-mingw32/bin/../lib/gcc/nios2-elf/4.1.2\libgcc.a(_ge_df.o)
 .data          0x08000ca8        0x0 c:/altera/13.0sp1/nios2eds/bin/gnu/h-i686-mingw32/bin/../lib/gcc/nios2-elf/4.1.2\libgcc.a(_lt_df.o)
 .data          0x08000ca8        0x0 c:/altera/13.0sp1/nios2eds/bin/gnu/h-i686-mingw32/bin/../lib/gcc/nios2-elf/4.1.2\libgcc.a(_si_to_df.o)
 .data          0x08000ca8        0x0 c:/altera/13.0sp1/nios2eds/bin/gnu/h-i686-mingw32/bin/../lib/gcc/nios2-elf/4.1.2\libgcc.a(_df_to_si.o)
 .data          0x08000ca8        0x0 c:/altera/13.0sp1/nios2eds/bin/gnu/h-i686-mingw32/bin/../lib/gcc/nios2-elf/4.1.2\libgcc.a(_make_df.o)
 .data          0x08000ca8        0x0 c:/altera/13.0sp1/nios2eds/bin/gnu/h-i686-mingw32/bin/../lib/gcc/nios2-elf/4.1.2\libgcc.a(_thenan_df.o)
 .data          0x08000ca8        0x0 c:/altera/13.0sp1/nios2eds/bin/gnu/h-i686-mingw32/bin/../lib/gcc/nios2-elf/4.1.2\libgcc.a(_usi_to_df.o)
 .data          0x08000ca8        0x0 c:/altera/13.0sp1/nios2eds/bin/gnu/h-i686-mingw32/bin/../lib/gcc/nios2-elf/4.1.2\libgcc.a(_muldi3.o)
 .data          0x08000ca8        0x0 c:/altera/13.0sp1/nios2eds/bin/gnu/h-i686-mingw32/bin/../lib/gcc/nios2-elf/4.1.2\libgcc.a(_clzsi2.o)
 .data          0x08000ca8        0x0 c:/altera/13.0sp1/nios2eds/bin/gnu/h-i686-mingw32/bin/../lib/gcc/nios2-elf/4.1.2\libgcc.a(_pack_sf.o)
 .data          0x08000ca8        0x0 c:/altera/13.0sp1/nios2eds/bin/gnu/h-i686-mingw32/bin/../lib/gcc/nios2-elf/4.1.2\libgcc.a(_unpack_sf.o)
 .data          0x08000ca8        0x0 c:/altera/13.0sp1/nios2eds/bin/gnu/h-i686-mingw32/bin/../lib/gcc/nios2-elf/4.1.2\libgcc.a(_pack_df.o)
 .data          0x08000ca8        0x0 c:/altera/13.0sp1/nios2eds/bin/gnu/h-i686-mingw32/bin/../lib/gcc/nios2-elf/4.1.2\libgcc.a(_unpack_df.o)
 .data          0x08000ca8        0x0 c:/altera/13.0sp1/nios2eds/bin/gnu/h-i686-mingw32/bin/../lib/gcc/nios2-elf/4.1.2\libgcc.a(_fpcmp_parts_df.o)
 .data          0x08000ca8        0x0 c:/altera/13.0sp1/nios2eds/bin/gnu/h-i686-mingw32/bin/../lib/gcc/nios2-elf/4.1.2\libgcc.a(_clz.o)
 .data          0x08000ca8        0x0 c:/altera/13.0sp1/nios2eds/bin/gnu/h-i686-mingw32/bin/../lib/gcc/nios2-elf/4.1.2/../../../../nios2-elf/lib\libc.a(lib_a-memcmp.o)
 .data          0x08000ca8        0x0 c:/altera/13.0sp1/nios2eds/bin/gnu/h-i686-mingw32/bin/../lib/gcc/nios2-elf/4.1.2/../../../../nios2-elf/lib\libc.a(lib_a-memcpy.o)
 .data          0x08000ca8        0x0 c:/altera/13.0sp1/nios2eds/bin/gnu/h-i686-mingw32/bin/../lib/gcc/nios2-elf/4.1.2/../../../../nios2-elf/lib\libc.a(lib_a-memset.o)
 .data          0x08000ca8        0x0 c:/altera/13.0sp1/nios2eds/bin/gnu/h-i686-mingw32/bin/../lib/gcc/nios2-elf/4.1.2/../../../../nios2-elf/lib\libc.a(lib_a-printf.o)
 .data          0x08000ca8        0x0 c:/altera/13.0sp1/nios2eds/bin/gnu/h-i686-mingw32/bin/../lib/gcc/nios2-elf/4.1.2/../../../../nios2-elf/lib\libc.a(lib_a-puts.o)
 .data          0x08000ca8        0x0 c:/altera/13.0sp1/nios2eds/bin/gnu/h-i686-mingw32/bin/../lib/gcc/nios2-elf/4.1.2/../../../../nios2-elf/lib\libc.a(lib_a-sprintf.o)
 .data          0x08000ca8        0x0 c:/altera/13.0sp1/nios2eds/bin/gnu/h-i686-mingw32/bin/../lib/gcc/nios2-elf/4.1.2/../../../../nios2-elf/lib\libc.a(lib_a-strlen.o)
 .data          0x08000ca8        0x0 c:/altera/13.0sp1/nios2eds/bin/gnu/h-i686-mingw32/bin/../lib/gcc/nios2-elf/4.1.2/../../../../nios2-elf/lib\libc.a(lib_a-vfprintf.o)
 .data          0x08000ca8        0x0 c:/altera/13.0sp1/nios2eds/bin/gnu/h-i686-mingw32/bin/../lib/gcc/nios2-elf/4.1.2/../../../../nios2-elf/lib\libc.a(lib_a-wsetup.o)
 .data          0x08000ca8        0x0 c:/altera/13.0sp1/nios2eds/bin/gnu/h-i686-mingw32/bin/../lib/gcc/nios2-elf/4.1.2/../../../../nios2-elf/lib\libc.a(lib_a-dtoa.o)
 .data          0x08000ca8        0x0 c:/altera/13.0sp1/nios2eds/bin/gnu/h-i686-mingw32/bin/../lib/gcc/nios2-elf/4.1.2/../../../../nios2-elf/lib\libc.a(lib_a-fflush.o)
 .data          0x08000ca8        0x0 c:/altera/13.0sp1/nios2eds/bin/gnu/h-i686-mingw32/bin/../lib/gcc/nios2-elf/4.1.2/../../../../nios2-elf/lib\libc.a(lib_a-findfp.o)
 .data          0x08000ca8        0x0 c:/altera/13.0sp1/nios2eds/bin/gnu/h-i686-mingw32/bin/../lib/gcc/nios2-elf/4.1.2/../../../../nios2-elf/lib\libc.a(lib_a-freer.o)
 .data          0x08000ca8        0x0 c:/altera/13.0sp1/nios2eds/bin/gnu/h-i686-mingw32/bin/../lib/gcc/nios2-elf/4.1.2/../../../../nios2-elf/lib\libc.a(lib_a-fvwrite.o)
 .data          0x08000ca8        0x0 c:/altera/13.0sp1/nios2eds/bin/gnu/h-i686-mingw32/bin/../lib/gcc/nios2-elf/4.1.2/../../../../nios2-elf/lib\libc.a(lib_a-fwalk.o)
 .data          0x08000ca8      0x400 c:/altera/13.0sp1/nios2eds/bin/gnu/h-i686-mingw32/bin/../lib/gcc/nios2-elf/4.1.2/../../../../nios2-elf/lib\libc.a(lib_a-impure.o)
 .data          0x080010a8        0xc c:/altera/13.0sp1/nios2eds/bin/gnu/h-i686-mingw32/bin/../lib/gcc/nios2-elf/4.1.2/../../../../nios2-elf/lib\libc.a(lib_a-locale.o)
                0x080010a8                __lc_ctype
 .data          0x080010b4        0x0 c:/altera/13.0sp1/nios2eds/bin/gnu/h-i686-mingw32/bin/../lib/gcc/nios2-elf/4.1.2/../../../../nios2-elf/lib\libc.a(lib_a-makebuf.o)
 .data          0x080010b4      0x408 c:/altera/13.0sp1/nios2eds/bin/gnu/h-i686-mingw32/bin/../lib/gcc/nios2-elf/4.1.2/../../../../nios2-elf/lib\libc.a(lib_a-mallocr.o)
                0x080010b4                __malloc_av_
 .data          0x080014bc        0x0 c:/altera/13.0sp1/nios2eds/bin/gnu/h-i686-mingw32/bin/../lib/gcc/nios2-elf/4.1.2/../../../../nios2-elf/lib\libc.a(lib_a-memchr.o)
 .data          0x080014bc        0x0 c:/altera/13.0sp1/nios2eds/bin/gnu/h-i686-mingw32/bin/../lib/gcc/nios2-elf/4.1.2/../../../../nios2-elf/lib\libc.a(lib_a-memmove.o)
 .data          0x080014bc        0x0 c:/altera/13.0sp1/nios2eds/bin/gnu/h-i686-mingw32/bin/../lib/gcc/nios2-elf/4.1.2/../../../../nios2-elf/lib\libc.a(lib_a-mprec.o)
 .data          0x080014bc        0x0 c:/altera/13.0sp1/nios2eds/bin/gnu/h-i686-mingw32/bin/../lib/gcc/nios2-elf/4.1.2/../../../../nios2-elf/lib\libc.a(lib_a-reallocr.o)
 .data          0x080014bc        0x0 c:/altera/13.0sp1/nios2eds/bin/gnu/h-i686-mingw32/bin/../lib/gcc/nios2-elf/4.1.2/../../../../nios2-elf/lib\libc.a(lib_a-s_isinfd.o)
 .data          0x080014bc        0x0 c:/altera/13.0sp1/nios2eds/bin/gnu/h-i686-mingw32/bin/../lib/gcc/nios2-elf/4.1.2/../../../../nios2-elf/lib\libc.a(lib_a-s_isnand.o)
 .data          0x080014bc        0x0 c:/altera/13.0sp1/nios2eds/bin/gnu/h-i686-mingw32/bin/../lib/gcc/nios2-elf/4.1.2/../../../../nios2-elf/lib\libc.a(lib_a-sbrkr.o)
 .data          0x080014bc        0x0 c:/altera/13.0sp1/nios2eds/bin/gnu/h-i686-mingw32/bin/../lib/gcc/nios2-elf/4.1.2/../../../../nios2-elf/lib\libc.a(lib_a-stdio.o)
 .data          0x080014bc        0x0 c:/altera/13.0sp1/nios2eds/bin/gnu/h-i686-mingw32/bin/../lib/gcc/nios2-elf/4.1.2/../../../../nios2-elf/lib\libc.a(lib_a-strcmp.o)
 .data          0x080014bc        0x0 c:/altera/13.0sp1/nios2eds/bin/gnu/h-i686-mingw32/bin/../lib/gcc/nios2-elf/4.1.2/../../../../nios2-elf/lib\libc.a(lib_a-writer.o)
 .data          0x080014bc        0x0 c:/altera/13.0sp1/nios2eds/bin/gnu/h-i686-mingw32/bin/../lib/gcc/nios2-elf/4.1.2/../../../../nios2-elf/lib\libc.a(lib_a-callocr.o)
 .data          0x080014bc        0x0 c:/altera/13.0sp1/nios2eds/bin/gnu/h-i686-mingw32/bin/../lib/gcc/nios2-elf/4.1.2/../../../../nios2-elf/lib\libc.a(lib_a-closer.o)
 .data          0x080014bc        0x0 c:/altera/13.0sp1/nios2eds/bin/gnu/h-i686-mingw32/bin/../lib/gcc/nios2-elf/4.1.2/../../../../nios2-elf/lib\libc.a(lib_a-fclose.o)
 .data          0x080014bc        0x0 c:/altera/13.0sp1/nios2eds/bin/gnu/h-i686-mingw32/bin/../lib/gcc/nios2-elf/4.1.2/../../../../nios2-elf/lib\libc.a(lib_a-fstatr.o)
 .data          0x080014bc        0x0 c:/altera/13.0sp1/nios2eds/bin/gnu/h-i686-mingw32/bin/../lib/gcc/nios2-elf/4.1.2/../../../../nios2-elf/lib\libc.a(lib_a-int_errno.o)
 .data          0x080014bc        0x0 c:/altera/13.0sp1/nios2eds/bin/gnu/h-i686-mingw32/bin/../lib/gcc/nios2-elf/4.1.2/../../../../nios2-elf/lib\libc.a(lib_a-isattyr.o)
 .data          0x080014bc        0x0 c:/altera/13.0sp1/nios2eds/bin/gnu/h-i686-mingw32/bin/../lib/gcc/nios2-elf/4.1.2/../../../../nios2-elf/lib\libc.a(lib_a-lseekr.o)
 .data          0x080014bc        0x0 c:/altera/13.0sp1/nios2eds/bin/gnu/h-i686-mingw32/bin/../lib/gcc/nios2-elf/4.1.2/../../../../nios2-elf/lib\libc.a(lib_a-readr.o)
 .data          0x080014bc        0x0 c:/altera/13.0sp1/nios2eds/bin/gnu/h-i686-mingw32/bin/../lib/gcc/nios2-elf/4.1.2\libgcc.a(_udivdi3.o)
 .data          0x080014bc        0x0 c:/altera/13.0sp1/nios2eds/bin/gnu/h-i686-mingw32/bin/../lib/gcc/nios2-elf/4.1.2\libgcc.a(_umoddi3.o)
 .data          0x080014bc        0x0 c:/altera/13.0sp1/nios2eds/bin/gnu/h-i686-mingw32/bin/../lib/gcc/nios2-elf/4.1.2\libgcc.a(_eq_df.o)
 .data          0x080014bc        0x0 c:/altera/13.0sp1/nios2eds/bin/gnu/h-i686-mingw32/bin/../lib/gcc/nios2-elf/4.1.2\libgcc.a(_ne_df.o)
 .data          0x080014bc        0x0 c:/altera/13.0sp1/nios2eds/bin/gnu/h-i686-mingw32/bin/../lib/gcc/nios2-elf/4.1.2\libgcc.a(lib2-divmod.o)
 .data          0x080014bc        0x0 ../freertos_test_bsp/\libhal_bsp.a(alt_close.o)
 .data          0x080014bc      0x1a8 ../freertos_test_bsp/\libhal_bsp.a(alt_dev.o)
                0x080014bc                alt_dev_null
                0x080014e4                alt_fd_list
 .data          0x08001664        0x0 ../freertos_test_bsp/\libhal_bsp.a(alt_errno.o)
 .data          0x08001664        0x0 ../freertos_test_bsp/\libhal_bsp.a(alt_fstat.o)
 .data          0x08001664        0x0 ../freertos_test_bsp/\libhal_bsp.a(alt_irq_handler.o)
 .data          0x08001664        0x0 ../freertos_test_bsp/\libhal_bsp.a(alt_irq_vars.o)
 .data          0x08001664        0x0 ../freertos_test_bsp/\libhal_bsp.a(alt_isatty.o)
 .data          0x08001664        0x0 ../freertos_test_bsp/\libhal_bsp.a(alt_lseek.o)
 .data          0x08001664        0x0 ../freertos_test_bsp/\libhal_bsp.a(alt_main.o)
 .data          0x08001664        0x0 ../freertos_test_bsp/\libhal_bsp.a(alt_malloc_lock.o)
 .data          0x08001664        0x0 ../freertos_test_bsp/\libhal_bsp.a(alt_read.o)
 .data          0x08001664        0x0 ../freertos_test_bsp/\libhal_bsp.a(alt_release_fd.o)
 .data          0x08001664        0x0 ../freertos_test_bsp/\libhal_bsp.a(alt_sbrk.o)
 .data          0x08001664        0x0 ../freertos_test_bsp/\libhal_bsp.a(alt_write.o)
 .data          0x08001664     0x13f0 ../freertos_test_bsp/\libhal_bsp.a(alt_sys_init.o)
 .data          0x08002a54        0x0 ../freertos_test_bsp/\libhal_bsp.a(altera_avalon_cfi_flash.o)
 .data          0x08002a54        0x0 ../freertos_test_bsp/\libhal_bsp.a(altera_avalon_cfi_flash_table.o)
 .data          0x08002a54        0x0 ../freertos_test_bsp/\libhal_bsp.a(altera_avalon_jtag_uart_fd.o)
 .data          0x08002a54        0x0 ../freertos_test_bsp/\libhal_bsp.a(altera_avalon_jtag_uart_init.o)
 .data          0x08002a54        0x0 ../freertos_test_bsp/\libhal_bsp.a(altera_avalon_jtag_uart_ioctl.o)
 .data          0x08002a54        0x0 ../freertos_test_bsp/\libhal_bsp.a(altera_avalon_jtag_uart_read.o)
 .data          0x08002a54        0x0 ../freertos_test_bsp/\libhal_bsp.a(altera_avalon_jtag_uart_write.o)
 .data          0x08002a54        0x0 ../freertos_test_bsp/\libhal_bsp.a(altera_avalon_lcd_16207.o)
 .data          0x08002a54        0x0 ../freertos_test_bsp/\libhal_bsp.a(altera_avalon_lcd_16207_fd.o)
 .data          0x08002a54        0x0 ../freertos_test_bsp/\libhal_bsp.a(altera_avalon_timer_sc.o)
 .data          0x08002a54        0x0 ../freertos_test_bsp/\libhal_bsp.a(altera_avalon_uart_fd.o)
 .data          0x08002a54        0x0 ../freertos_test_bsp/\libhal_bsp.a(altera_avalon_uart_init.o)
 .data          0x08002a54        0x0 ../freertos_test_bsp/\libhal_bsp.a(altera_avalon_uart_read.o)
 .data          0x08002a54        0x0 ../freertos_test_bsp/\libhal_bsp.a(altera_avalon_uart_write.o)
 .data          0x08002a54        0x0 ../freertos_test_bsp/\libhal_bsp.a(altera_up_avalon_ps2.o)
 .data          0x08002a54        0x0 ../freertos_test_bsp/\libhal_bsp.a(altera_up_avalon_video_character_buffer_with_dma.o)
 .data          0x08002a54        0x0 ../freertos_test_bsp/\libhal_bsp.a(altera_up_avalon_video_pixel_buffer_dma.o)
 .data          0x08002a54      0x2cc ../freertos_test_bsp/\libhal_bsp.a(altera_up_ps2_keyboard.o)
                0x08002a54                key_table
                0x08002bec                ascii_codes
                0x08002c52                single_byte_make_code
                0x08002cb8                multi_byte_make_code
 .data          0x08002d20        0x0 ../freertos_test_bsp/\libhal_bsp.a(alt_alarm_start.o)
 .data          0x08002d20        0x0 ../freertos_test_bsp/\libhal_bsp.a(alt_dcache_flush.o)
 .data          0x08002d20        0x0 ../freertos_test_bsp/\libhal_bsp.a(alt_dev_llist_insert.o)
 .data          0x08002d20        0x0 ../freertos_test_bsp/\libhal_bsp.a(alt_do_ctors.o)
 .data          0x08002d20        0x0 ../freertos_test_bsp/\libhal_bsp.a(alt_do_dtors.o)
 .data          0x08002d20        0x0 ../freertos_test_bsp/\libhal_bsp.a(alt_find_dev.o)
 .data          0x08002d20        0x0 ../freertos_test_bsp/\libhal_bsp.a(alt_flash_dev.o)
 .data          0x08002d20        0x0 ../freertos_test_bsp/\libhal_bsp.a(alt_io_redirect.o)
 .data          0x08002d20        0x0 ../freertos_test_bsp/\libhal_bsp.a(alt_open.o)
 .data          0x08002d20        0x0 ../freertos_test_bsp/\libhal_bsp.a(alt_tick.o)
 .data          0x08002d20        0x0 ../freertos_test_bsp/\libhal_bsp.a(alt_usleep.o)
 .data          0x08002d20        0x0 ../freertos_test_bsp/\libhal_bsp.a(altera_nios2_qsys_irq.o)
 .data          0x08002d20        0x0 ../freertos_test_bsp/\libhal_bsp.a(altera_avalon_cfi_flash_amd.o)
 .data          0x08002d20        0x0 ../freertos_test_bsp/\libhal_bsp.a(altera_avalon_cfi_flash_intel.o)
 .data          0x08002d20        0x0 ../freertos_test_bsp/\libhal_bsp.a(alt_busy_sleep.o)
 .data          0x08002d20        0x0 ../freertos_test_bsp/\libhal_bsp.a(alt_find_file.o)
 .data          0x08002d20        0x0 ../freertos_test_bsp/\libhal_bsp.a(alt_get_fd.o)
 .data          0x08002d20        0x0 c:/altera/13.0sp1/nios2eds/bin/gnu/h-i686-mingw32/bin/../lib/gcc/nios2-elf/4.1.2/../../../../nios2-elf/lib\libc.a(lib_a-atexit.o)
 .data          0x08002d20        0x0 c:/altera/13.0sp1/nios2eds/bin/gnu/h-i686-mingw32/bin/../lib/gcc/nios2-elf/4.1.2/../../../../nios2-elf/lib\libc.a(lib_a-ctype_.o)
 .data          0x08002d20        0x0 c:/altera/13.0sp1/nios2eds/bin/gnu/h-i686-mingw32/bin/../lib/gcc/nios2-elf/4.1.2/../../../../nios2-elf/lib\libc.a(lib_a-exit.o)
 .data          0x08002d20        0x0 c:/altera/13.0sp1/nios2eds/bin/gnu/h-i686-mingw32/bin/../lib/gcc/nios2-elf/4.1.2/../../../../nios2-elf/lib\libc.a(lib_a-strcpy.o)
 .data          0x08002d20        0x0 c:/altera/13.0sp1/nios2eds/bin/gnu/h-i686-mingw32/bin/../lib/gcc/nios2-elf/4.1.2/../../../../nios2-elf/lib\libc.a(lib_a-__atexit.o)
 .data          0x08002d20        0x0 c:/altera/13.0sp1/nios2eds/bin/gnu/h-i686-mingw32/bin/../lib/gcc/nios2-elf/4.1.2/../../../../nios2-elf/lib\libc.a(lib_a-__call_atexit.o)
 .data          0x08002d20        0x0 ../freertos_test_bsp/\libhal_bsp.a(alt_exit.o)
                0x0800ad20                _gp = ABSOLUTE ((. + 0x8000))
                0x0800ad20                PROVIDE (gp, _gp)
 *(.rwdata .rwdata.*)
 *(.sdata .sdata.* .gnu.linkonce.s.*)
 .sdata         0x08002d20        0xc obj/FreeRTOS/heap.o
 .sdata         0x08002d2c        0x4 obj/FreeRTOS/tasks.o
 .sdata         0x08002d30       0x18 obj/freertos_test.o
                0x08002d30                freq_idx
                0x08002d34                freq_threshold
                0x08002d3c                roc_threshold
                0x08002d44                system_stable
 .sdata         0x08002d48        0x8 c:/altera/13.0sp1/nios2eds/bin/gnu/h-i686-mingw32/bin/../lib/gcc/nios2-elf/4.1.2/../../../../nios2-elf/lib\libc.a(lib_a-impure.o)
                0x08002d48                _impure_ptr
                0x08002d4c                _global_impure_ptr
 .sdata         0x08002d50        0x8 c:/altera/13.0sp1/nios2eds/bin/gnu/h-i686-mingw32/bin/../lib/gcc/nios2-elf/4.1.2/../../../../nios2-elf/lib\libc.a(lib_a-locale.o)
                0x08002d50                __mb_cur_max
 .sdata         0x08002d58        0x8 c:/altera/13.0sp1/nios2eds/bin/gnu/h-i686-mingw32/bin/../lib/gcc/nios2-elf/4.1.2/../../../../nios2-elf/lib\libc.a(lib_a-mallocr.o)
                0x08002d58                __malloc_trim_threshold
                0x08002d5c                __malloc_sbrk_base
 .sdata         0x08002d60       0x14 ../freertos_test_bsp/\libhal_bsp.a(alt_dev.o)
                0x08002d60                alt_fs_list
                0x08002d68                alt_dev_list
                0x08002d70                alt_max_fd
 .sdata         0x08002d74        0x4 ../freertos_test_bsp/\libhal_bsp.a(alt_errno.o)
                0x08002d74                alt_errno
 .sdata         0x08002d78        0x4 ../freertos_test_bsp/\libhal_bsp.a(alt_irq_vars.o)
                0x08002d78                alt_priority_mask
 .sdata         0x08002d7c        0x4 ../freertos_test_bsp/\libhal_bsp.a(alt_sbrk.o)
 .sdata         0x08002d80        0x4 ../freertos_test_bsp/\libhal_bsp.a(altera_avalon_lcd_16207.o)
 .sdata         0x08002d84        0x8 ../freertos_test_bsp/\libhal_bsp.a(alt_flash_dev.o)
                0x08002d84                alt_flash_dev_list
 .sdata         0x08002d8c        0x8 ../freertos_test_bsp/\libhal_bsp.a(alt_tick.o)
                0x08002d8c                alt_alarm_list
 .sdata         0x08002d94        0x4 c:/altera/13.0sp1/nios2eds/bin/gnu/h-i686-mingw32/bin/../lib/gcc/nios2-elf/4.1.2/../../../../nios2-elf/lib\libc.a(lib_a-ctype_.o)
                0x08002d94                __ctype_ptr
 *(.sdata2 .sdata2.* .gnu.linkonce.s2.*)
                0x08002d98                . = ALIGN (0x4)
                0x08002d98                _edata = ABSOLUTE (.)
                0x08002d98                PROVIDE (edata, ABSOLUTE (.))
                0x08002d98                PROVIDE (__ram_rwdata_end, ABSOLUTE (.))
                0x08000ca8                PROVIDE (__flash_rwdata_start, LOADADDR (.rwdata))

.bss            0x08002d98    0x7dbfc
                0x08002d98                __bss_start = ABSOLUTE (.)
                0x08002d98                PROVIDE (__sbss_start, ABSOLUTE (.))
                0x08002d98                PROVIDE (___sbss_start, ABSOLUTE (.))
 *(.dynsbss)
 *(.sbss .sbss.* .gnu.linkonce.sb.*)
 .sbss          0x08002d98       0x1c obj/FreeRTOS/croutine.o
                0x08002d98                pxCurrentCoRoutine
 .sbss          0x08002db4        0xc obj/FreeRTOS/heap.o
 .sbss          0x08002dc0       0x34 obj/FreeRTOS/tasks.o
                0x08002dc0                pxCurrentTCB
 .sbss          0x08002df4       0x10 obj/FreeRTOS/timers.o
 .sbss          0x08002e04       0x24 obj/freertos_test.o
                0x08002e04                system_state
                0x08002e08                timer_expired_flag
                0x08002e0c                time_before_shed
                0x08002e10                shed_time
                0x08002e14                min_shed_time
                0x08002e18                max_shed_time
                0x08002e1c                avg_shed_time
                0x08002e20                array_filled
                0x08002e24                shed_count
 .sbss          0x08002e28       0x20 obj/freertos_test.o
                0x08002e28                kb_dataQ
                0x08002e2c                prev_state
                0x08002e30                freq_roc_sem
                0x08002e34                fsm_timer
                0x08002e38                state_sem
                0x08002e3c                thresholds_sem
                0x08002e40                HW_dataQ
                0x08002e44                led_sem
 .sbss          0x08002e48        0xc c:/altera/13.0sp1/nios2eds/bin/gnu/h-i686-mingw32/bin/../lib/gcc/nios2-elf/4.1.2/../../../../nios2-elf/lib\libc.a(lib_a-locale.o)
                0x08002e48                __nlocale_changed
                0x08002e4c                __mlocale_changed
                0x08002e50                _PathLocale
 .sbss          0x08002e54        0xc c:/altera/13.0sp1/nios2eds/bin/gnu/h-i686-mingw32/bin/../lib/gcc/nios2-elf/4.1.2/../../../../nios2-elf/lib\libc.a(lib_a-mallocr.o)
                0x08002e54                __malloc_top_pad
                0x08002e58                __malloc_max_sbrked_mem
                0x08002e5c                __malloc_max_total_mem
 .sbss          0x08002e60        0x4 c:/altera/13.0sp1/nios2eds/bin/gnu/h-i686-mingw32/bin/../lib/gcc/nios2-elf/4.1.2/../../../../nios2-elf/lib\libc.a(lib_a-int_errno.o)
                0x08002e60                errno
 .sbss          0x08002e64        0x4 ../freertos_test_bsp/\libhal_bsp.a(alt_irq_vars.o)
                0x08002e64                alt_irq_active
 .sbss          0x08002e68        0xc ../freertos_test_bsp/\libhal_bsp.a(alt_main.o)
                0x08002e68                alt_argc
                0x08002e6c                alt_argv
                0x08002e70                alt_envp
 .sbss          0x08002e74        0x8 ../freertos_test_bsp/\libhal_bsp.a(alt_tick.o)
                0x08002e74                _alt_tick_rate
                0x08002e78                _alt_nticks
 *(.sbss2 .sbss2.* .gnu.linkonce.sb2.*)
 *(.scommon)
                0x08002e7c                PROVIDE (__sbss_end, ABSOLUTE (.))
                0x08002e7c                PROVIDE (___sbss_end, ABSOLUTE (.))
 *(.dynbss)
 *(.bss .bss.* .gnu.linkonce.b.*)
 .bss           0x08002e7c        0x0 ../freertos_test_bsp//obj/HAL/src/crt0.o
 .bss           0x08002e7c       0x64 obj/FreeRTOS/croutine.o
 .bss           0x08002ee0    0x7d000 obj/FreeRTOS/heap.o
 .bss           0x0807fee0        0x0 obj/FreeRTOS/list.o
 .bss           0x0807fee0        0x0 obj/FreeRTOS/port.o
 .bss           0x0807fee0        0x0 obj/FreeRTOS/queue.o
 .bss           0x0807fee0      0x140 obj/FreeRTOS/tasks.o
 .bss           0x08080020       0x28 obj/FreeRTOS/timers.o
 .bss           0x08080048       0x54 obj/freertos_test.o
                0x08080048                shed_time_measurements
 .bss           0x0808009c        0x0 obj/FreeRTOS/port_asm.o
 .bss           0x0808009c        0x0 c:/altera/13.0sp1/nios2eds/bin/gnu/h-i686-mingw32/bin/../lib/gcc/nios2-elf/4.1.2\libgcc.a(_div_sf.o)
 .bss           0x0808009c        0x0 c:/altera/13.0sp1/nios2eds/bin/gnu/h-i686-mingw32/bin/../lib/gcc/nios2-elf/4.1.2\libgcc.a(_sf_to_df.o)
 .bss           0x0808009c        0x0 c:/altera/13.0sp1/nios2eds/bin/gnu/h-i686-mingw32/bin/../lib/gcc/nios2-elf/4.1.2\libgcc.a(_thenan_sf.o)
 .bss           0x0808009c        0x0 c:/altera/13.0sp1/nios2eds/bin/gnu/h-i686-mingw32/bin/../lib/gcc/nios2-elf/4.1.2\libgcc.a(_usi_to_sf.o)
 .bss           0x0808009c        0x0 c:/altera/13.0sp1/nios2eds/bin/gnu/h-i686-mingw32/bin/../lib/gcc/nios2-elf/4.1.2\libgcc.a(_addsub_df.o)
 .bss           0x0808009c        0x0 c:/altera/13.0sp1/nios2eds/bin/gnu/h-i686-mingw32/bin/../lib/gcc/nios2-elf/4.1.2\libgcc.a(_mul_df.o)
 .bss           0x0808009c        0x0 c:/altera/13.0sp1/nios2eds/bin/gnu/h-i686-mingw32/bin/../lib/gcc/nios2-elf/4.1.2\libgcc.a(_div_df.o)
 .bss           0x0808009c        0x0 c:/altera/13.0sp1/nios2eds/bin/gnu/h-i686-mingw32/bin/../lib/gcc/nios2-elf/4.1.2\libgcc.a(_gt_df.o)
 .bss           0x0808009c        0x0 c:/altera/13.0sp1/nios2eds/bin/gnu/h-i686-mingw32/bin/../lib/gcc/nios2-elf/4.1.2\libgcc.a(_ge_df.o)
 .bss           0x0808009c        0x0 c:/altera/13.0sp1/nios2eds/bin/gnu/h-i686-mingw32/bin/../lib/gcc/nios2-elf/4.1.2\libgcc.a(_lt_df.o)
 .bss           0x0808009c        0x0 c:/altera/13.0sp1/nios2eds/bin/gnu/h-i686-mingw32/bin/../lib/gcc/nios2-elf/4.1.2\libgcc.a(_si_to_df.o)
 .bss           0x0808009c        0x0 c:/altera/13.0sp1/nios2eds/bin/gnu/h-i686-mingw32/bin/../lib/gcc/nios2-elf/4.1.2\libgcc.a(_df_to_si.o)
 .bss           0x0808009c        0x0 c:/altera/13.0sp1/nios2eds/bin/gnu/h-i686-mingw32/bin/../lib/gcc/nios2-elf/4.1.2\libgcc.a(_make_df.o)
 .bss           0x0808009c        0x0 c:/altera/13.0sp1/nios2eds/bin/gnu/h-i686-mingw32/bin/../lib/gcc/nios2-elf/4.1.2\libgcc.a(_thenan_df.o)
 .bss           0x0808009c        0x0 c:/altera/13.0sp1/nios2eds/bin/gnu/h-i686-mingw32/bin/../lib/gcc/nios2-elf/4.1.2\libgcc.a(_usi_to_df.o)
 .bss           0x0808009c        0x0 c:/altera/13.0sp1/nios2eds/bin/gnu/h-i686-mingw32/bin/../lib/gcc/nios2-elf/4.1.2\libgcc.a(_muldi3.o)
 .bss           0x0808009c        0x0 c:/altera/13.0sp1/nios2eds/bin/gnu/h-i686-mingw32/bin/../lib/gcc/nios2-elf/4.1.2\libgcc.a(_clzsi2.o)
 .bss           0x0808009c        0x0 c:/altera/13.0sp1/nios2eds/bin/gnu/h-i686-mingw32/bin/../lib/gcc/nios2-elf/4.1.2\libgcc.a(_pack_sf.o)
 .bss           0x0808009c        0x0 c:/altera/13.0sp1/nios2eds/bin/gnu/h-i686-mingw32/bin/../lib/gcc/nios2-elf/4.1.2\libgcc.a(_unpack_sf.o)
 .bss           0x0808009c        0x0 c:/altera/13.0sp1/nios2eds/bin/gnu/h-i686-mingw32/bin/../lib/gcc/nios2-elf/4.1.2\libgcc.a(_pack_df.o)
 .bss           0x0808009c        0x0 c:/altera/13.0sp1/nios2eds/bin/gnu/h-i686-mingw32/bin/../lib/gcc/nios2-elf/4.1.2\libgcc.a(_unpack_df.o)
 .bss           0x0808009c        0x0 c:/altera/13.0sp1/nios2eds/bin/gnu/h-i686-mingw32/bin/../lib/gcc/nios2-elf/4.1.2\libgcc.a(_fpcmp_parts_df.o)
 .bss           0x0808009c        0x0 c:/altera/13.0sp1/nios2eds/bin/gnu/h-i686-mingw32/bin/../lib/gcc/nios2-elf/4.1.2\libgcc.a(_clz.o)
 .bss           0x0808009c        0x0 c:/altera/13.0sp1/nios2eds/bin/gnu/h-i686-mingw32/bin/../lib/gcc/nios2-elf/4.1.2/../../../../nios2-elf/lib\libc.a(lib_a-memcmp.o)
 .bss           0x0808009c        0x0 c:/altera/13.0sp1/nios2eds/bin/gnu/h-i686-mingw32/bin/../lib/gcc/nios2-elf/4.1.2/../../../../nios2-elf/lib\libc.a(lib_a-memcpy.o)
 .bss           0x0808009c        0x0 c:/altera/13.0sp1/nios2eds/bin/gnu/h-i686-mingw32/bin/../lib/gcc/nios2-elf/4.1.2/../../../../nios2-elf/lib\libc.a(lib_a-memset.o)
 .bss           0x0808009c        0x0 c:/altera/13.0sp1/nios2eds/bin/gnu/h-i686-mingw32/bin/../lib/gcc/nios2-elf/4.1.2/../../../../nios2-elf/lib\libc.a(lib_a-printf.o)
 .bss           0x0808009c        0x0 c:/altera/13.0sp1/nios2eds/bin/gnu/h-i686-mingw32/bin/../lib/gcc/nios2-elf/4.1.2/../../../../nios2-elf/lib\libc.a(lib_a-puts.o)
 .bss           0x0808009c        0x0 c:/altera/13.0sp1/nios2eds/bin/gnu/h-i686-mingw32/bin/../lib/gcc/nios2-elf/4.1.2/../../../../nios2-elf/lib\libc.a(lib_a-sprintf.o)
 .bss           0x0808009c        0x0 c:/altera/13.0sp1/nios2eds/bin/gnu/h-i686-mingw32/bin/../lib/gcc/nios2-elf/4.1.2/../../../../nios2-elf/lib\libc.a(lib_a-strlen.o)
 .bss           0x0808009c        0x0 c:/altera/13.0sp1/nios2eds/bin/gnu/h-i686-mingw32/bin/../lib/gcc/nios2-elf/4.1.2/../../../../nios2-elf/lib\libc.a(lib_a-vfprintf.o)
 .bss           0x0808009c        0x0 c:/altera/13.0sp1/nios2eds/bin/gnu/h-i686-mingw32/bin/../lib/gcc/nios2-elf/4.1.2/../../../../nios2-elf/lib\libc.a(lib_a-wsetup.o)
 .bss           0x0808009c        0x0 c:/altera/13.0sp1/nios2eds/bin/gnu/h-i686-mingw32/bin/../lib/gcc/nios2-elf/4.1.2/../../../../nios2-elf/lib\libc.a(lib_a-dtoa.o)
 .bss           0x0808009c        0x0 c:/altera/13.0sp1/nios2eds/bin/gnu/h-i686-mingw32/bin/../lib/gcc/nios2-elf/4.1.2/../../../../nios2-elf/lib\libc.a(lib_a-fflush.o)
 .bss           0x0808009c        0x0 c:/altera/13.0sp1/nios2eds/bin/gnu/h-i686-mingw32/bin/../lib/gcc/nios2-elf/4.1.2/../../../../nios2-elf/lib\libc.a(lib_a-findfp.o)
 .bss           0x0808009c        0x0 c:/altera/13.0sp1/nios2eds/bin/gnu/h-i686-mingw32/bin/../lib/gcc/nios2-elf/4.1.2/../../../../nios2-elf/lib\libc.a(lib_a-freer.o)
 .bss           0x0808009c        0x0 c:/altera/13.0sp1/nios2eds/bin/gnu/h-i686-mingw32/bin/../lib/gcc/nios2-elf/4.1.2/../../../../nios2-elf/lib\libc.a(lib_a-fvwrite.o)
 .bss           0x0808009c        0x0 c:/altera/13.0sp1/nios2eds/bin/gnu/h-i686-mingw32/bin/../lib/gcc/nios2-elf/4.1.2/../../../../nios2-elf/lib\libc.a(lib_a-fwalk.o)
 .bss           0x0808009c        0x0 c:/altera/13.0sp1/nios2eds/bin/gnu/h-i686-mingw32/bin/../lib/gcc/nios2-elf/4.1.2/../../../../nios2-elf/lib\libc.a(lib_a-impure.o)
 .bss           0x0808009c        0x0 c:/altera/13.0sp1/nios2eds/bin/gnu/h-i686-mingw32/bin/../lib/gcc/nios2-elf/4.1.2/../../../../nios2-elf/lib\libc.a(lib_a-locale.o)
 .bss           0x0808009c        0x0 c:/altera/13.0sp1/nios2eds/bin/gnu/h-i686-mingw32/bin/../lib/gcc/nios2-elf/4.1.2/../../../../nios2-elf/lib\libc.a(lib_a-makebuf.o)
 .bss           0x0808009c       0x28 c:/altera/13.0sp1/nios2eds/bin/gnu/h-i686-mingw32/bin/../lib/gcc/nios2-elf/4.1.2/../../../../nios2-elf/lib\libc.a(lib_a-mallocr.o)
                0x0808009c                __malloc_current_mallinfo
 .bss           0x080800c4        0x0 c:/altera/13.0sp1/nios2eds/bin/gnu/h-i686-mingw32/bin/../lib/gcc/nios2-elf/4.1.2/../../../../nios2-elf/lib\libc.a(lib_a-memchr.o)
 .bss           0x080800c4        0x0 c:/altera/13.0sp1/nios2eds/bin/gnu/h-i686-mingw32/bin/../lib/gcc/nios2-elf/4.1.2/../../../../nios2-elf/lib\libc.a(lib_a-memmove.o)
 .bss           0x080800c4        0x0 c:/altera/13.0sp1/nios2eds/bin/gnu/h-i686-mingw32/bin/../lib/gcc/nios2-elf/4.1.2/../../../../nios2-elf/lib\libc.a(lib_a-mprec.o)
 .bss           0x080800c4        0x0 c:/altera/13.0sp1/nios2eds/bin/gnu/h-i686-mingw32/bin/../lib/gcc/nios2-elf/4.1.2/../../../../nios2-elf/lib\libc.a(lib_a-reallocr.o)
 .bss           0x080800c4        0x0 c:/altera/13.0sp1/nios2eds/bin/gnu/h-i686-mingw32/bin/../lib/gcc/nios2-elf/4.1.2/../../../../nios2-elf/lib\libc.a(lib_a-s_isinfd.o)
 .bss           0x080800c4        0x0 c:/altera/13.0sp1/nios2eds/bin/gnu/h-i686-mingw32/bin/../lib/gcc/nios2-elf/4.1.2/../../../../nios2-elf/lib\libc.a(lib_a-s_isnand.o)
 .bss           0x080800c4        0x0 c:/altera/13.0sp1/nios2eds/bin/gnu/h-i686-mingw32/bin/../lib/gcc/nios2-elf/4.1.2/../../../../nios2-elf/lib\libc.a(lib_a-sbrkr.o)
 .bss           0x080800c4        0x0 c:/altera/13.0sp1/nios2eds/bin/gnu/h-i686-mingw32/bin/../lib/gcc/nios2-elf/4.1.2/../../../../nios2-elf/lib\libc.a(lib_a-stdio.o)
 .bss           0x080800c4        0x0 c:/altera/13.0sp1/nios2eds/bin/gnu/h-i686-mingw32/bin/../lib/gcc/nios2-elf/4.1.2/../../../../nios2-elf/lib\libc.a(lib_a-strcmp.o)
 .bss           0x080800c4        0x0 c:/altera/13.0sp1/nios2eds/bin/gnu/h-i686-mingw32/bin/../lib/gcc/nios2-elf/4.1.2/../../../../nios2-elf/lib\libc.a(lib_a-writer.o)
 .bss           0x080800c4        0x0 c:/altera/13.0sp1/nios2eds/bin/gnu/h-i686-mingw32/bin/../lib/gcc/nios2-elf/4.1.2/../../../../nios2-elf/lib\libc.a(lib_a-callocr.o)
 .bss           0x080800c4        0x0 c:/altera/13.0sp1/nios2eds/bin/gnu/h-i686-mingw32/bin/../lib/gcc/nios2-elf/4.1.2/../../../../nios2-elf/lib\libc.a(lib_a-closer.o)
 .bss           0x080800c4        0x0 c:/altera/13.0sp1/nios2eds/bin/gnu/h-i686-mingw32/bin/../lib/gcc/nios2-elf/4.1.2/../../../../nios2-elf/lib\libc.a(lib_a-fclose.o)
 .bss           0x080800c4        0x0 c:/altera/13.0sp1/nios2eds/bin/gnu/h-i686-mingw32/bin/../lib/gcc/nios2-elf/4.1.2/../../../../nios2-elf/lib\libc.a(lib_a-fstatr.o)
 .bss           0x080800c4        0x0 c:/altera/13.0sp1/nios2eds/bin/gnu/h-i686-mingw32/bin/../lib/gcc/nios2-elf/4.1.2/../../../../nios2-elf/lib\libc.a(lib_a-int_errno.o)
 .bss           0x080800c4        0x0 c:/altera/13.0sp1/nios2eds/bin/gnu/h-i686-mingw32/bin/../lib/gcc/nios2-elf/4.1.2/../../../../nios2-elf/lib\libc.a(lib_a-isattyr.o)
 .bss           0x080800c4        0x0 c:/altera/13.0sp1/nios2eds/bin/gnu/h-i686-mingw32/bin/../lib/gcc/nios2-elf/4.1.2/../../../../nios2-elf/lib\libc.a(lib_a-lseekr.o)
 .bss           0x080800c4        0x0 c:/altera/13.0sp1/nios2eds/bin/gnu/h-i686-mingw32/bin/../lib/gcc/nios2-elf/4.1.2/../../../../nios2-elf/lib\libc.a(lib_a-readr.o)
 .bss           0x080800c4        0x0 c:/altera/13.0sp1/nios2eds/bin/gnu/h-i686-mingw32/bin/../lib/gcc/nios2-elf/4.1.2\libgcc.a(_udivdi3.o)
 .bss           0x080800c4        0x0 c:/altera/13.0sp1/nios2eds/bin/gnu/h-i686-mingw32/bin/../lib/gcc/nios2-elf/4.1.2\libgcc.a(_umoddi3.o)
 .bss           0x080800c4        0x0 c:/altera/13.0sp1/nios2eds/bin/gnu/h-i686-mingw32/bin/../lib/gcc/nios2-elf/4.1.2\libgcc.a(_eq_df.o)
 .bss           0x080800c4        0x0 c:/altera/13.0sp1/nios2eds/bin/gnu/h-i686-mingw32/bin/../lib/gcc/nios2-elf/4.1.2\libgcc.a(_ne_df.o)
 .bss           0x080800c4        0x0 c:/altera/13.0sp1/nios2eds/bin/gnu/h-i686-mingw32/bin/../lib/gcc/nios2-elf/4.1.2\libgcc.a(lib2-divmod.o)
 .bss           0x080800c4        0x0 ../freertos_test_bsp/\libhal_bsp.a(alt_close.o)
 .bss           0x080800c4        0x0 ../freertos_test_bsp/\libhal_bsp.a(alt_dev.o)
 .bss           0x080800c4        0x0 ../freertos_test_bsp/\libhal_bsp.a(alt_errno.o)
 .bss           0x080800c4        0x0 ../freertos_test_bsp/\libhal_bsp.a(alt_fstat.o)
 .bss           0x080800c4        0x0 ../freertos_test_bsp/\libhal_bsp.a(alt_irq_handler.o)
 .bss           0x080800c4        0x0 ../freertos_test_bsp/\libhal_bsp.a(alt_irq_vars.o)
 .bss           0x080800c4        0x0 ../freertos_test_bsp/\libhal_bsp.a(alt_isatty.o)
 .bss           0x080800c4        0x0 ../freertos_test_bsp/\libhal_bsp.a(alt_lseek.o)
 .bss           0x080800c4        0x0 ../freertos_test_bsp/\libhal_bsp.a(alt_main.o)
 .bss           0x080800c4        0x0 ../freertos_test_bsp/\libhal_bsp.a(alt_malloc_lock.o)
 .bss           0x080800c4        0x0 ../freertos_test_bsp/\libhal_bsp.a(alt_read.o)
 .bss           0x080800c4        0x0 ../freertos_test_bsp/\libhal_bsp.a(alt_release_fd.o)
 .bss           0x080800c4        0x0 ../freertos_test_bsp/\libhal_bsp.a(alt_sbrk.o)
 .bss           0x080800c4        0x0 ../freertos_test_bsp/\libhal_bsp.a(alt_write.o)
 .bss           0x080800c4        0x0 ../freertos_test_bsp/\libhal_bsp.a(alt_sys_init.o)
 .bss           0x080800c4        0x0 ../freertos_test_bsp/\libhal_bsp.a(altera_avalon_cfi_flash.o)
 .bss           0x080800c4        0x0 ../freertos_test_bsp/\libhal_bsp.a(altera_avalon_cfi_flash_table.o)
 .bss           0x080800c4        0x0 ../freertos_test_bsp/\libhal_bsp.a(altera_avalon_jtag_uart_fd.o)
 .bss           0x080800c4        0x0 ../freertos_test_bsp/\libhal_bsp.a(altera_avalon_jtag_uart_init.o)
 .bss           0x080800c4        0x0 ../freertos_test_bsp/\libhal_bsp.a(altera_avalon_jtag_uart_ioctl.o)
 .bss           0x080800c4        0x0 ../freertos_test_bsp/\libhal_bsp.a(altera_avalon_jtag_uart_read.o)
 .bss           0x080800c4        0x0 ../freertos_test_bsp/\libhal_bsp.a(altera_avalon_jtag_uart_write.o)
 .bss           0x080800c4        0x0 ../freertos_test_bsp/\libhal_bsp.a(altera_avalon_lcd_16207.o)
 .bss           0x080800c4        0x0 ../freertos_test_bsp/\libhal_bsp.a(altera_avalon_lcd_16207_fd.o)
 .bss           0x080800c4        0x0 ../freertos_test_bsp/\libhal_bsp.a(altera_avalon_timer_sc.o)
 .bss           0x080800c4        0x0 ../freertos_test_bsp/\libhal_bsp.a(altera_avalon_uart_fd.o)
 .bss           0x080800c4        0x0 ../freertos_test_bsp/\libhal_bsp.a(altera_avalon_uart_init.o)
 .bss           0x080800c4        0x0 ../freertos_test_bsp/\libhal_bsp.a(altera_avalon_uart_read.o)
 .bss           0x080800c4        0x0 ../freertos_test_bsp/\libhal_bsp.a(altera_avalon_uart_write.o)
 .bss           0x080800c4        0x0 ../freertos_test_bsp/\libhal_bsp.a(altera_up_avalon_ps2.o)
 .bss           0x080800c4        0x0 ../freertos_test_bsp/\libhal_bsp.a(altera_up_avalon_video_character_buffer_with_dma.o)
 .bss           0x080800c4        0x0 ../freertos_test_bsp/\libhal_bsp.a(altera_up_avalon_video_pixel_buffer_dma.o)
 .bss           0x080800c4        0x0 ../freertos_test_bsp/\libhal_bsp.a(altera_up_ps2_keyboard.o)
 .bss           0x080800c4        0x0 ../freertos_test_bsp/\libhal_bsp.a(alt_alarm_start.o)
 .bss           0x080800c4        0x0 ../freertos_test_bsp/\libhal_bsp.a(alt_dcache_flush.o)
 .bss           0x080800c4        0x0 ../freertos_test_bsp/\libhal_bsp.a(alt_dev_llist_insert.o)
 .bss           0x080800c4        0x0 ../freertos_test_bsp/\libhal_bsp.a(alt_do_ctors.o)
 .bss           0x080800c4        0x0 ../freertos_test_bsp/\libhal_bsp.a(alt_do_dtors.o)
 .bss           0x080800c4        0x0 ../freertos_test_bsp/\libhal_bsp.a(alt_find_dev.o)
 .bss           0x080800c4        0x0 ../freertos_test_bsp/\libhal_bsp.a(alt_flash_dev.o)
 .bss           0x080800c4        0x0 ../freertos_test_bsp/\libhal_bsp.a(alt_io_redirect.o)
 .bss           0x080800c4        0x0 ../freertos_test_bsp/\libhal_bsp.a(alt_open.o)
 .bss           0x080800c4        0x0 ../freertos_test_bsp/\libhal_bsp.a(alt_tick.o)
 .bss           0x080800c4        0x0 ../freertos_test_bsp/\libhal_bsp.a(alt_usleep.o)
 .bss           0x080800c4        0x0 ../freertos_test_bsp/\libhal_bsp.a(altera_nios2_qsys_irq.o)
 .bss           0x080800c4        0x0 ../freertos_test_bsp/\libhal_bsp.a(altera_avalon_cfi_flash_amd.o)
 .bss           0x080800c4        0x0 ../freertos_test_bsp/\libhal_bsp.a(altera_avalon_cfi_flash_intel.o)
 .bss           0x080800c4        0x0 ../freertos_test_bsp/\libhal_bsp.a(alt_busy_sleep.o)
 .bss           0x080800c4        0x0 ../freertos_test_bsp/\libhal_bsp.a(alt_find_file.o)
 .bss           0x080800c4        0x0 ../freertos_test_bsp/\libhal_bsp.a(alt_get_fd.o)
 .bss           0x080800c4        0x0 c:/altera/13.0sp1/nios2eds/bin/gnu/h-i686-mingw32/bin/../lib/gcc/nios2-elf/4.1.2/../../../../nios2-elf/lib\libc.a(lib_a-atexit.o)
 .bss           0x080800c4        0x0 c:/altera/13.0sp1/nios2eds/bin/gnu/h-i686-mingw32/bin/../lib/gcc/nios2-elf/4.1.2/../../../../nios2-elf/lib\libc.a(lib_a-ctype_.o)
 .bss           0x080800c4        0x0 c:/altera/13.0sp1/nios2eds/bin/gnu/h-i686-mingw32/bin/../lib/gcc/nios2-elf/4.1.2/../../../../nios2-elf/lib\libc.a(lib_a-exit.o)
 .bss           0x080800c4        0x0 c:/altera/13.0sp1/nios2eds/bin/gnu/h-i686-mingw32/bin/../lib/gcc/nios2-elf/4.1.2/../../../../nios2-elf/lib\libc.a(lib_a-strcpy.o)
 .bss           0x080800c4        0x0 c:/altera/13.0sp1/nios2eds/bin/gnu/h-i686-mingw32/bin/../lib/gcc/nios2-elf/4.1.2/../../../../nios2-elf/lib\libc.a(lib_a-__atexit.o)
 .bss           0x080800c4        0x0 c:/altera/13.0sp1/nios2eds/bin/gnu/h-i686-mingw32/bin/../lib/gcc/nios2-elf/4.1.2/../../../../nios2-elf/lib\libc.a(lib_a-__call_atexit.o)
 .bss           0x080800c4        0x0 ../freertos_test_bsp/\libhal_bsp.a(alt_exit.o)
 *(COMMON)
 COMMON         0x080800c4      0x640 obj/freertos_test.o
                0x080800c4                freq
                0x080803e4                roc
 COMMON         0x08080704      0x100 ../freertos_test_bsp/\libhal_bsp.a(alt_irq_handler.o)
                0x08080704                alt_irq
 COMMON         0x08080804      0x190 c:/altera/13.0sp1/nios2eds/bin/gnu/h-i686-mingw32/bin/../lib/gcc/nios2-elf/4.1.2/../../../../nios2-elf/lib\libc.a(lib_a-atexit.o)
                0x08080804                _atexit0
                0x08080994                . = ALIGN (0x4)
                0x08080994                __bss_end = ABSOLUTE (.)

.onchip_memory  0x000195e4        0x0
                0x000195e4                PROVIDE (_alt_partition_onchip_memory_start, ABSOLUTE (.))
 *(.onchip_memory. onchip_memory.*)
                0x000195e4                . = ALIGN (0x4)
                0x000195e4                PROVIDE (_alt_partition_onchip_memory_end, ABSOLUTE (.))
                0x000195e4                PROVIDE (_alt_partition_onchip_memory_load_addr, LOADADDR (.onchip_memory))

.flash_controller
                0x01000020        0x0
                0x01000020                PROVIDE (_alt_partition_flash_controller_start, ABSOLUTE (.))
 *(.flash_controller. flash_controller.*)
                0x01000020                . = ALIGN (0x4)
                0x01000020                PROVIDE (_alt_partition_flash_controller_end, ABSOLUTE (.))
                0x01000020                PROVIDE (_alt_partition_flash_controller_load_addr, LOADADDR (.flash_controller))

.sdram          0x08080994        0x0
                0x08080994                PROVIDE (_alt_partition_sdram_start, ABSOLUTE (.))
 *(.sdram. sdram.*)
                0x08080994                . = ALIGN (0x4)
                0x08080994                PROVIDE (_alt_partition_sdram_end, ABSOLUTE (.))
                0x08080994                _end = ABSOLUTE (.)
                0x08080994                end = ABSOLUTE (.)
                0x08080994                __alt_stack_base = ABSOLUTE (.)
                0x08080994                PROVIDE (_alt_partition_sdram_load_addr, LOADADDR (.sdram))

.stab
 *(.stab)

.stabstr
 *(.stabstr)

.stab.excl
 *(.stab.excl)

.stab.exclstr
 *(.stab.exclstr)

.stab.index
 *(.stab.index)

.stab.indexstr
 *(.stab.indexstr)

.comment        0x00000000       0x26
 *(.comment)
 .comment       0x00000000       0x26 obj/FreeRTOS/croutine.o
                                 0x27 (size before relaxing)
 .comment       0x00000000       0x27 obj/FreeRTOS/heap.o
 .comment       0x00000000       0x27 obj/FreeRTOS/list.o
 .comment       0x00000000       0x27 obj/FreeRTOS/port.o
 .comment       0x00000000       0x27 obj/FreeRTOS/queue.o
 .comment       0x00000000       0x27 obj/FreeRTOS/tasks.o
 .comment       0x00000000       0x27 obj/FreeRTOS/timers.o
 .comment       0x00000000       0x27 obj/freertos_test.o
 .comment       0x00000000       0x27 c:/altera/13.0sp1/nios2eds/bin/gnu/h-i686-mingw32/bin/../lib/gcc/nios2-elf/4.1.2\libgcc.a(_div_sf.o)
 .comment       0x00000000       0x27 c:/altera/13.0sp1/nios2eds/bin/gnu/h-i686-mingw32/bin/../lib/gcc/nios2-elf/4.1.2\libgcc.a(_sf_to_df.o)
 .comment       0x00000000       0x27 c:/altera/13.0sp1/nios2eds/bin/gnu/h-i686-mingw32/bin/../lib/gcc/nios2-elf/4.1.2\libgcc.a(_thenan_sf.o)
 .comment       0x00000000       0x27 c:/altera/13.0sp1/nios2eds/bin/gnu/h-i686-mingw32/bin/../lib/gcc/nios2-elf/4.1.2\libgcc.a(_usi_to_sf.o)
 .comment       0x00000000       0x27 c:/altera/13.0sp1/nios2eds/bin/gnu/h-i686-mingw32/bin/../lib/gcc/nios2-elf/4.1.2\libgcc.a(_addsub_df.o)
 .comment       0x00000000       0x27 c:/altera/13.0sp1/nios2eds/bin/gnu/h-i686-mingw32/bin/../lib/gcc/nios2-elf/4.1.2\libgcc.a(_mul_df.o)
 .comment       0x00000000       0x27 c:/altera/13.0sp1/nios2eds/bin/gnu/h-i686-mingw32/bin/../lib/gcc/nios2-elf/4.1.2\libgcc.a(_div_df.o)
 .comment       0x00000000       0x27 c:/altera/13.0sp1/nios2eds/bin/gnu/h-i686-mingw32/bin/../lib/gcc/nios2-elf/4.1.2\libgcc.a(_gt_df.o)
 .comment       0x00000000       0x27 c:/altera/13.0sp1/nios2eds/bin/gnu/h-i686-mingw32/bin/../lib/gcc/nios2-elf/4.1.2\libgcc.a(_ge_df.o)
 .comment       0x00000000       0x27 c:/altera/13.0sp1/nios2eds/bin/gnu/h-i686-mingw32/bin/../lib/gcc/nios2-elf/4.1.2\libgcc.a(_lt_df.o)
 .comment       0x00000000       0x27 c:/altera/13.0sp1/nios2eds/bin/gnu/h-i686-mingw32/bin/../lib/gcc/nios2-elf/4.1.2\libgcc.a(_si_to_df.o)
 .comment       0x00000000       0x27 c:/altera/13.0sp1/nios2eds/bin/gnu/h-i686-mingw32/bin/../lib/gcc/nios2-elf/4.1.2\libgcc.a(_df_to_si.o)
 .comment       0x00000000       0x27 c:/altera/13.0sp1/nios2eds/bin/gnu/h-i686-mingw32/bin/../lib/gcc/nios2-elf/4.1.2\libgcc.a(_make_df.o)
 .comment       0x00000000       0x27 c:/altera/13.0sp1/nios2eds/bin/gnu/h-i686-mingw32/bin/../lib/gcc/nios2-elf/4.1.2\libgcc.a(_thenan_df.o)
 .comment       0x00000000       0x27 c:/altera/13.0sp1/nios2eds/bin/gnu/h-i686-mingw32/bin/../lib/gcc/nios2-elf/4.1.2\libgcc.a(_usi_to_df.o)
 .comment       0x00000000       0x27 c:/altera/13.0sp1/nios2eds/bin/gnu/h-i686-mingw32/bin/../lib/gcc/nios2-elf/4.1.2\libgcc.a(_muldi3.o)
 .comment       0x00000000       0x27 c:/altera/13.0sp1/nios2eds/bin/gnu/h-i686-mingw32/bin/../lib/gcc/nios2-elf/4.1.2\libgcc.a(_clzsi2.o)
 .comment       0x00000000       0x27 c:/altera/13.0sp1/nios2eds/bin/gnu/h-i686-mingw32/bin/../lib/gcc/nios2-elf/4.1.2\libgcc.a(_pack_sf.o)
 .comment       0x00000000       0x27 c:/altera/13.0sp1/nios2eds/bin/gnu/h-i686-mingw32/bin/../lib/gcc/nios2-elf/4.1.2\libgcc.a(_unpack_sf.o)
 .comment       0x00000000       0x27 c:/altera/13.0sp1/nios2eds/bin/gnu/h-i686-mingw32/bin/../lib/gcc/nios2-elf/4.1.2\libgcc.a(_pack_df.o)
 .comment       0x00000000       0x27 c:/altera/13.0sp1/nios2eds/bin/gnu/h-i686-mingw32/bin/../lib/gcc/nios2-elf/4.1.2\libgcc.a(_unpack_df.o)
 .comment       0x00000000       0x27 c:/altera/13.0sp1/nios2eds/bin/gnu/h-i686-mingw32/bin/../lib/gcc/nios2-elf/4.1.2\libgcc.a(_fpcmp_parts_df.o)
 .comment       0x00000000       0x27 c:/altera/13.0sp1/nios2eds/bin/gnu/h-i686-mingw32/bin/../lib/gcc/nios2-elf/4.1.2\libgcc.a(_clz.o)
 .comment       0x00000000       0x27 c:/altera/13.0sp1/nios2eds/bin/gnu/h-i686-mingw32/bin/../lib/gcc/nios2-elf/4.1.2/../../../../nios2-elf/lib\libc.a(lib_a-memcmp.o)
 .comment       0x00000000       0x27 c:/altera/13.0sp1/nios2eds/bin/gnu/h-i686-mingw32/bin/../lib/gcc/nios2-elf/4.1.2/../../../../nios2-elf/lib\libc.a(lib_a-memcpy.o)
 .comment       0x00000000       0x27 c:/altera/13.0sp1/nios2eds/bin/gnu/h-i686-mingw32/bin/../lib/gcc/nios2-elf/4.1.2/../../../../nios2-elf/lib\libc.a(lib_a-memset.o)
 .comment       0x00000000       0x27 c:/altera/13.0sp1/nios2eds/bin/gnu/h-i686-mingw32/bin/../lib/gcc/nios2-elf/4.1.2/../../../../nios2-elf/lib\libc.a(lib_a-printf.o)
 .comment       0x00000000       0x27 c:/altera/13.0sp1/nios2eds/bin/gnu/h-i686-mingw32/bin/../lib/gcc/nios2-elf/4.1.2/../../../../nios2-elf/lib\libc.a(lib_a-puts.o)
 .comment       0x00000000       0x27 c:/altera/13.0sp1/nios2eds/bin/gnu/h-i686-mingw32/bin/../lib/gcc/nios2-elf/4.1.2/../../../../nios2-elf/lib\libc.a(lib_a-sprintf.o)
 .comment       0x00000000       0x27 c:/altera/13.0sp1/nios2eds/bin/gnu/h-i686-mingw32/bin/../lib/gcc/nios2-elf/4.1.2/../../../../nios2-elf/lib\libc.a(lib_a-strlen.o)
 .comment       0x00000000       0x27 c:/altera/13.0sp1/nios2eds/bin/gnu/h-i686-mingw32/bin/../lib/gcc/nios2-elf/4.1.2/../../../../nios2-elf/lib\libc.a(lib_a-vfprintf.o)