Archive member included because of file (symbol)

c:/altera/13.0/nios2eds/bin/gnu/h-i686-mingw32/bin/../lib/gcc/nios2-elf/4.1.2\libgcc.a(_addsub_df.o)
                              obj/default//D/cs723-assignment1/software/freertos_test/freertos_test.o (__subdf3)
c:/altera/13.0/nios2eds/bin/gnu/h-i686-mingw32/bin/../lib/gcc/nios2-elf/4.1.2\libgcc.a(_mul_df.o)
                              obj/default//D/cs723-assignment1/software/freertos_test/freertos_test.o (__muldf3)
c:/altera/13.0/nios2eds/bin/gnu/h-i686-mingw32/bin/../lib/gcc/nios2-elf/4.1.2\libgcc.a(_div_df.o)
                              obj/default//D/cs723-assignment1/software/freertos_test/freertos_test.o (__divdf3)
c:/altera/13.0/nios2eds/bin/gnu/h-i686-mingw32/bin/../lib/gcc/nios2-elf/4.1.2\libgcc.a(_eq_df.o)
                              obj/default//D/cs723-assignment1/software/freertos_test/freertos_test.o (__eqdf2)
c:/altera/13.0/nios2eds/bin/gnu/h-i686-mingw32/bin/../lib/gcc/nios2-elf/4.1.2\libgcc.a(_si_to_df.o)
                              obj/default//D/cs723-assignment1/software/freertos_test/freertos_test.o (__floatsidf)
c:/altera/13.0/nios2eds/bin/gnu/h-i686-mingw32/bin/../lib/gcc/nios2-elf/4.1.2\libgcc.a(_thenan_df.o)
                              c:/altera/13.0/nios2eds/bin/gnu/h-i686-mingw32/bin/../lib/gcc/nios2-elf/4.1.2\libgcc.a(_addsub_df.o) (__thenan_df)
c:/altera/13.0/nios2eds/bin/gnu/h-i686-mingw32/bin/../lib/gcc/nios2-elf/4.1.2\libgcc.a(_usi_to_df.o)
                              obj/default//D/cs723-assignment1/software/freertos_test/freertos_test.o (__floatunsidf)
c:/altera/13.0/nios2eds/bin/gnu/h-i686-mingw32/bin/../lib/gcc/nios2-elf/4.1.2\libgcc.a(_muldi3.o)
                              c:/altera/13.0/nios2eds/bin/gnu/h-i686-mingw32/bin/../lib/gcc/nios2-elf/4.1.2\libgcc.a(_mul_df.o) (__muldi3)
c:/altera/13.0/nios2eds/bin/gnu/h-i686-mingw32/bin/../lib/gcc/nios2-elf/4.1.2\libgcc.a(_clzsi2.o)
                              c:/altera/13.0/nios2eds/bin/gnu/h-i686-mingw32/bin/../lib/gcc/nios2-elf/4.1.2\libgcc.a(_si_to_df.o) (__clzsi2)
c:/altera/13.0/nios2eds/bin/gnu/h-i686-mingw32/bin/../lib/gcc/nios2-elf/4.1.2\libgcc.a(_pack_df.o)
                              c:/altera/13.0/nios2eds/bin/gnu/h-i686-mingw32/bin/../lib/gcc/nios2-elf/4.1.2\libgcc.a(_addsub_df.o) (__pack_d)
c:/altera/13.0/nios2eds/bin/gnu/h-i686-mingw32/bin/../lib/gcc/nios2-elf/4.1.2\libgcc.a(_unpack_df.o)
                              c:/altera/13.0/nios2eds/bin/gnu/h-i686-mingw32/bin/../lib/gcc/nios2-elf/4.1.2\libgcc.a(_addsub_df.o) (__unpack_d)
c:/altera/13.0/nios2eds/bin/gnu/h-i686-mingw32/bin/../lib/gcc/nios2-elf/4.1.2\libgcc.a(_fpcmp_parts_df.o)
                              c:/altera/13.0/nios2eds/bin/gnu/h-i686-mingw32/bin/../lib/gcc/nios2-elf/4.1.2\libgcc.a(_eq_df.o) (__fpcmp_parts_d)
c:/altera/13.0/nios2eds/bin/gnu/h-i686-mingw32/bin/../lib/gcc/nios2-elf/4.1.2\libgcc.a(_clz.o)
                              c:/altera/13.0/nios2eds/bin/gnu/h-i686-mingw32/bin/../lib/gcc/nios2-elf/4.1.2\libgcc.a(_clzsi2.o) (__clz_tab)
c:/altera/13.0/nios2eds/bin/gnu/h-i686-mingw32/bin/../lib/gcc/nios2-elf/4.1.2/../../../../nios2-elf/lib\libc.a(lib_a-memcmp.o)
                              obj/default//D/cs723-assignment1/software/freertos_test/freertos/tasks.o (memcmp)
c:/altera/13.0/nios2eds/bin/gnu/h-i686-mingw32/bin/../lib/gcc/nios2-elf/4.1.2/../../../../nios2-elf/lib\libc.a(lib_a-memcpy.o)
                              obj/default//D/cs723-assignment1/software/freertos_test/freertos/queue.o (memcpy)
c:/altera/13.0/nios2eds/bin/gnu/h-i686-mingw32/bin/../lib/gcc/nios2-elf/4.1.2/../../../../nios2-elf/lib\libc.a(lib_a-memset.o)
                              obj/default//D/cs723-assignment1/software/freertos_test/freertos/tasks.o (memset)
c:/altera/13.0/nios2eds/bin/gnu/h-i686-mingw32/bin/../lib/gcc/nios2-elf/4.1.2/../../../../nios2-elf/lib\libc.a(lib_a-printf.o)
                              obj/default//D/cs723-assignment1/software/freertos_test/freertos/port.o (printf)
c:/altera/13.0/nios2eds/bin/gnu/h-i686-mingw32/bin/../lib/gcc/nios2-elf/4.1.2/../../../../nios2-elf/lib\libc.a(lib_a-puts.o)
                              obj/default//D/cs723-assignment1/software/freertos_test/freertos_test.o (puts)
c:/altera/13.0/nios2eds/bin/gnu/h-i686-mingw32/bin/../lib/gcc/nios2-elf/4.1.2/../../../../nios2-elf/lib\libc.a(lib_a-strlen.o)
                              c:/altera/13.0/nios2eds/bin/gnu/h-i686-mingw32/bin/../lib/gcc/nios2-elf/4.1.2/../../../../nios2-elf/lib\libc.a(lib_a-puts.o) (strlen)
c:/altera/13.0/nios2eds/bin/gnu/h-i686-mingw32/bin/../lib/gcc/nios2-elf/4.1.2/../../../../nios2-elf/lib\libc.a(lib_a-vfprintf.o)
                              c:/altera/13.0/nios2eds/bin/gnu/h-i686-mingw32/bin/../lib/gcc/nios2-elf/4.1.2/../../../../nios2-elf/lib\libc.a(lib_a-printf.o) (___vfprintf_internal_r)
c:/altera/13.0/nios2eds/bin/gnu/h-i686-mingw32/bin/../lib/gcc/nios2-elf/4.1.2/../../../../nios2-elf/lib\libc.a(lib_a-wsetup.o)
[...]
Memory Configuration

Name             Origin             Length             Attributes
onchip_memory_BEFORE_EXCEPTION 0x00000000         0x00000020
onchip_memory    0x00000020         0x00031fe0
reset            0x01000000         0x00000020
flash_controller 0x01000020         0x007fffe0
sdram            0x08000000         0x08000000
*default*        0x00000000         0xffffffff

Linker script and memory map

LOAD D:/cs723-assignment1/software/freertos_test_bsp//obj/HAL/src/crt0.o
LOAD obj/default//D/cs723-assignment1/software/freertos_test/freertos/croutine.o
LOAD obj/default//D/cs723-assignment1/software/freertos_test/freertos/event_groups.o
LOAD obj/default//D/cs723-assignment1/software/freertos_test/freertos/heap.o
LOAD obj/default//D/cs723-assignment1/software/freertos_test/freertos/list.o
LOAD obj/default//D/cs723-assignment1/software/freertos_test/freertos/port.o
LOAD obj/default//D/cs723-assignment1/software/freertos_test/freertos/queue.o
LOAD obj/default//D/cs723-assignment1/software/freertos_test/freertos/tasks.o
LOAD obj/default//D/cs723-assignment1/software/freertos_test/freertos/timers.o
LOAD obj/default//D/cs723-assignment1/software/freertos_test/freertos_test.o
LOAD obj/default//D/cs723-assignment1/software/freertos_test/freertos/port_asm.o
LOAD c:/altera/13.0/nios2eds/bin/gnu/h-i686-mingw32/bin/../lib/gcc/nios2-elf/4.1.2/../../../../nios2-elf/lib\libstdc++.a
LOAD c:/altera/13.0/nios2eds/bin/gnu/h-i686-mingw32/bin/../lib/gcc/nios2-elf/4.1.2/../../../../nios2-elf/lib\libm.a
LOAD c:/altera/13.0/nios2eds/bin/gnu/h-i686-mingw32/bin/../lib/gcc/nios2-elf/4.1.2\libgcc.a
START GROUP
LOAD c:/altera/13.0/nios2eds/bin/gnu/h-i686-mingw32/bin/../lib/gcc/nios2-elf/4.1.2/../../../../nios2-elf/lib\libc.a
LOAD c:/altera/13.0/nios2eds/bin/gnu/h-i686-mingw32/bin/../lib/gcc/nios2-elf/4.1.2\libgcc.a
LOAD D:/cs723-assignment1/software/freertos_test_bsp/\libhal_bsp.a
END GROUP
LOAD c:/altera/13.0/nios2eds/bin/gnu/h-i686-mingw32/bin/../lib/gcc/nios2-elf/4.1.2\libgcc.a
                0x00000000                __alt_mem_onchip_memory = 0x0
                0x01000000                __alt_mem_flash_controller = 0x1000000
                0x08000000                __alt_mem_sdram = 0x8000000

.entry          0x01000000        0x0
 *(.entry)
 .entry         0x01000000        0x0 D:/cs723-assignment1/software/freertos_test_bsp//obj/HAL/src/crt0.o
                0x01000000                __reset

.exceptions     0x00000020      0x228
                0x00000020                PROVIDE (__ram_exceptions_start, ABSOLUTE (.))
                0x00000020                . = ALIGN (0x20)
 *(.irq)
 *(.exceptions.entry.label)
 *(.exceptions.entry.user)
 *(.exceptions.entry)
 .exceptions.entry
                0x00000020       0x8c obj/default//D/cs723-assignment1/software/freertos_test/freertos/port_asm.o
 *(.exceptions.irqtest.user)
 *(.exceptions.irqtest)
 .exceptions.irqtest
                0x000000ac       0x14 obj/default//D/cs723-assignment1/software/freertos_test/freertos/port_asm.o
 *(.exceptions.irqhandler.user)
 *(.exceptions.irqhandler)
 .exceptions.irqhandler
                0x000000c0        0x4 obj/default//D/cs723-assignment1/software/freertos_test/freertos/port_asm.o
 *(.exceptions.irqreturn.user)
 *(.exceptions.irqreturn)
 .exceptions.irqreturn
                0x000000c4       0x8c obj/default//D/cs723-assignment1/software/freertos_test/freertos/port_asm.o
                0x000000c4                restore_sp_from_pxCurrentTCB
 *(.exceptions.notirq.label)
 *(.exceptions.notirq.user)
 *(.exceptions.notirq)
 *(.exceptions.soft.user)
 *(.exceptions.soft)
 .exceptions.soft
                0x00000150       0x2c obj/default//D/cs723-assignment1/software/freertos_test/freertos/port_asm.o
 *(.exceptions.unknown.user)
 *(.exceptions.unknown)
 *(.exceptions.exit.label)
 *(.exceptions.exit.user)
 *(.exceptions.exit)
 *(.exceptions)
 .exceptions    0x0000017c       0xcc D:/cs723-assignment1/software/freertos_test_bsp/\libhal_bsp.a(alt_irq_handler.o)
                0x0000017c                alt_irq_handler
                0x00000248                PROVIDE (__ram_exceptions_end, ABSOLUTE (.))
                0x00000020                PROVIDE (__flash_exceptions_start, LOADADDR (.exceptions))

.text           0x00000248    0x15d98
                0x00000248                PROVIDE (stext, ABSOLUTE (.))
 *(.interp)
 *(.hash)
 *(.dynsym)
 *(.dynstr)
 *(.gnu.version)
 *(.gnu.version_d)
 *(.gnu.version_r)
 *(.rel.init)
 *(.rela.init)
 *(.rel.text .rel.text.* .rel.gnu.linkonce.t.*)
 *(.rela.text .rela.text.* .rela.gnu.linkonce.t.*)
 *(.rel.fini)
 *(.rela.fini)
 *(.rel.rodata .rel.rodata.* .rel.gnu.linkonce.r.*)
 *(.rela.rodata .rela.rodata.* .rela.gnu.linkonce.r.*)
 *(.rel.data .rel.data.* .rel.gnu.linkonce.d.*)
 *(.rela.data .rela.data.* .rela.gnu.linkonce.d.*)
 *(.rel.tdata .rel.tdata.* .rel.gnu.linkonce.td.*)
 *(.rela.tdata .rela.tdata.* .rela.gnu.linkonce.td.*)
 *(.rel.tbss .rel.tbss.* .rel.gnu.linkonce.tb.*)
 *(.rela.tbss .rela.tbss.* .rela.gnu.linkonce.tb.*)
 *(.rel.ctors)
 *(.rela.ctors)
 *(.rel.dtors)
 *(.rela.dtors)
 *(.rel.got)
 *(.rela.got)
 *(.rel.sdata .rel.sdata.* .rel.gnu.linkonce.s.*)
 *(.rela.sdata .rela.sdata.* .rela.gnu.linkonce.s.*)
 *(.rel.sbss .rel.sbss.* .rel.gnu.linkonce.sb.*)
 *(.rela.sbss .rela.sbss.* .rela.gnu.linkonce.sb.*)
 *(.rel.sdata2 .rel.sdata2.* .rel.gnu.linkonce.s2.*)
 *(.rela.sdata2 .rela.sdata2.* .rela.gnu.linkonce.s2.*)
 *(.rel.sbss2 .rel.sbss2.* .rel.gnu.linkonce.sb2.*)
 *(.rela.sbss2 .rela.sbss2.* .rela.gnu.linkonce.sb2.*)
 *(.rel.bss .rel.bss.* .rel.gnu.linkonce.b.*)
 *(.rela.bss .rela.bss.* .rela.gnu.linkonce.b.*)
 *(.rel.plt)
 *(.rela.plt)
 *(.rel.dyn)
 *(.init)
 *(.plt)
 *(.text .stub .text.* .gnu.linkonce.t.*)
 .text          0x00000248       0x48 D:/cs723-assignment1/software/freertos_test_bsp//obj/HAL/src/crt0.o
                0x00000248                _start
 .text          0x00000290      0x60c obj/default//D/cs723-assignment1/software/freertos_test/freertos/croutine.o
                0x00000290                xCoRoutineCreate
                0x000003d0                vCoRoutineAddToDelayedList
                0x00000694                vCoRoutineSchedule
                0x0000081c                xCoRoutineRemoveFromEventList
 .text          0x0000089c      0x720 obj/default//D/cs723-assignment1/software/freertos_test/freertos/event_groups.o
                0x0000089c                xEventGroupCreate
                0x000008f0                xEventGroupSync
                0x00000a74                xEventGroupWaitBits
                0x00000c34                xEventGroupClearBits
                0x00000c9c                xEventGroupGetBitsFromISR
                0x00000cd8                xEventGroupSetBits
                0x00000e64                vEventGroupDelete
                0x00000ed4                vEventGroupSetBitsCallback
                0x00000f0c                vEventGroupClearBitsCallback
 .text          0x00000fbc      0x448 obj/default//D/cs723-assignment1/software/freertos_test/freertos/heap.o
                0x00000fbc                pvPortMalloc
                0x00001150                vPortFree
                0x000011d0                xPortGetFreeHeapSize
                0x000011f0                vPortInitialiseBlocks
 .text          0x00001404      0x28c obj/default//D/cs723-assignment1/software/freertos_test/freertos/list.o
                0x00001404                vListInitialise
                0x00001474                vListInitialiseItem
                0x0000149c                vListInsertEnd
                0x00001524                vListInsert
                0x000015f8                uxListRemove
 .text          0x00001690      0x434 obj/default//D/cs723-assignment1/software/freertos_test/freertos/port.o
                0x00001690                vApplicationStackOverflowHook
                0x000016f4                pxPortInitialiseStack
                0x000017dc                xPortStartScheduler
                0x00001814                vPortEndScheduler
                0x000018c8                vPortSysTickHandler
                0x00001914                alt_irq_register
 .text          0x00001ac4     0x1134 obj/default//D/cs723-assignment1/software/freertos_test/freertos/queue.o
                0x00001ac4                xQueueGenericReset
                0x00001bd8                xQueueGenericCreate
                0x00001cb4                xQueueCreateMutex
                0x00001d78                xQueueGiveMutexRecursive
                0x00001e0c                xQueueTakeMutexRecursive
                0x00001eb4                xQueueCreateCountingSemaphore
                0x00001f10                xQueueGenericSend
                0x000020c0                xQueueGenericSendFromISR
                0x000021a8                xQueueGiveFromISR
                0x00002280                xQueueGenericReceive
                0x000024ac                xQueueReceiveFromISR
                0x00002590                xQueuePeekFromISR
                0x00002610                uxQueueMessagesWaiting
                0x00002650                uxQueueSpacesAvailable
                0x000026a4                uxQueueMessagesWaitingFromISR
                0x000026d4                vQueueDelete
                0x00002a80                xQueueIsQueueEmptyFromISR
                0x00002b1c                xQueueIsQueueFullFromISR
                0x00002b64                vQueueWaitForMessageRestricted
 .text          0x00002bf8     0x1c94 obj/default//D/cs723-assignment1/software/freertos_test/freertos/tasks.o
                0x00002bf8                xTaskGenericCreate
                0x00002dc0                vTaskDelete
                0x00002e98                vTaskDelay
                0x00002f10                vTaskStartScheduler
                0x00002fac                vTaskEndScheduler
                0x00002ff0                vTaskSuspendAll
                0x00003018                xTaskResumeAll
                0x00003168                xTaskGetTickCount
                0x00003190                xTaskGetTickCountFromISR
                0x000031bc                uxTaskGetNumberOfTasks
                0x000031dc                xTaskIncrementTick
                0x000033b8                vTaskSwitchContext
                0x000034e8                vTaskPlaceOnEventList
                0x00003548                vTaskPlaceOnUnorderedEventList
                0x000035bc                vTaskPlaceOnEventListRestricted
                0x0000361c                xTaskRemoveFromEventList
                0x00003704                xTaskRemoveFromUnorderedEventList
                0x000037d4                vTaskSetTimeOutState
                0x0000380c                xTaskCheckForTimeOut
                0x000038d0                vTaskMissedYield
                0x00003d50                uxTaskGetStackHighWaterMark
                0x00003e6c                xTaskGetCurrentTaskHandle
                0x00003e94                xTaskGetSchedulerState
                0x00003ee8                vTaskPriorityInherit
                0x00004018                xTaskPriorityDisinherit
                0x00004114                vTaskEnterCritical
                0x00004168                vTaskExitCritical
                0x000041d0                uxTaskResetEventItemValue
                0x00004214                pvTaskIncrementMutexHeldCount
                0x00004250                ulTaskNotifyTake
                0x00004328                xTaskNotifyWait
                0x00004434                xTaskNotify
                0x000045bc                xTaskNotifyFromISR
                0x0000477c                vTaskNotifyGiveFromISR
 .text          0x0000488c      0x8b0 obj/default//D/cs723-assignment1/software/freertos_test/freertos/timers.o
                0x0000488c                xTimerCreateTimerTask
                0x000048fc                xTimerCreate
                0x000049ac                xTimerGenericCommand
                0x00004a74                pcTimerGetTimerName
                0x000050c0                xTimerIsTimerActive
                0x0000510c                pvTimerGetTimerID
 .text          0x0000513c      0x2b8 obj/default//D/cs723-assignment1/software/freertos_test/freertos_test.o
                0x0000513c                freq_relay
                0x0000534c                initOSDataStructs
                0x00005394                main
                0x000053d4                initCreateTasks
 .text          0x000053f4        0x0 obj/default//D/cs723-assignment1/software/freertos_test/freertos/port_asm.o
 .text          0x000053f4      0x504 c:/altera/13.0/nios2eds/bin/gnu/h-i686-mingw32/bin/../lib/gcc/nios2-elf/4.1.2\libgcc.a(_addsub_df.o)
                0x00005804                __subdf3
                0x00005884                __adddf3
 .text          0x000058f8      0x3c4 c:/altera/13.0/nios2eds/bin/gnu/h-i686-mingw32/bin/../lib/gcc/nios2-elf/4.1.2\libgcc.a(_mul_df.o)
                0x000058f8                __muldf3
 .text          0x00005cbc      0x258 c:/altera/13.0/nios2eds/bin/gnu/h-i686-mingw32/bin/../lib/gcc/nios2-elf/4.1.2\libgcc.a(_div_df.o)
                0x00005cbc                __divdf3
 .text          0x00005f14       0x88 c:/altera/13.0/nios2eds/bin/gnu/h-i686-mingw32/bin/../lib/gcc/nios2-elf/4.1.2\libgcc.a(_eq_df.o)
                0x00005f14                __eqdf2
 .text          0x00005f9c       0xf8 c:/altera/13.0/nios2eds/bin/gnu/h-i686-mingw32/bin/../lib/gcc/nios2-elf/4.1.2\libgcc.a(_si_to_df.o)
                0x00005f9c                __floatsidf
 .text          0x00006094        0x0 c:/altera/13.0/nios2eds/bin/gnu/h-i686-mingw32/bin/../lib/gcc/nios2-elf/4.1.2\libgcc.a(_thenan_df.o)
 .text          0x00006094      0x194 c:/altera/13.0/nios2eds/bin/gnu/h-i686-mingw32/bin/../lib/gcc/nios2-elf/4.1.2\libgcc.a(_usi_to_df.o)
                0x00006094                __floatunsidf
 .text          0x00006228       0x98 c:/altera/13.0/nios2eds/bin/gnu/h-i686-mingw32/bin/../lib/gcc/nios2-elf/4.1.2\libgcc.a(_muldi3.o)
                0x00006228                __muldi3
 .text          0x000062c0       0x80 c:/altera/13.0/nios2eds/bin/gnu/h-i686-mingw32/bin/../lib/gcc/nios2-elf/4.1.2\libgcc.a(_clzsi2.o)
                0x000062c0                __clzsi2
 .text          0x00006340      0x314 c:/altera/13.0/nios2eds/bin/gnu/h-i686-mingw32/bin/../lib/gcc/nios2-elf/4.1.2\libgcc.a(_pack_df.o)
                0x00006340                __pack_d
 .text          0x00006654      0x138 c:/altera/13.0/nios2eds/bin/gnu/h-i686-mingw32/bin/../lib/gcc/nios2-elf/4.1.2\libgcc.a(_unpack_df.o)
                0x00006654                __unpack_d
 .text          0x0000678c       0xc8 c:/altera/13.0/nios2eds/bin/gnu/h-i686-mingw32/bin/../lib/gcc/nios2-elf/4.1.2\libgcc.a(_fpcmp_parts_df.o)
                0x0000678c                __fpcmp_parts_d
 .text          0x00006854        0x0 c:/altera/13.0/nios2eds/bin/gnu/h-i686-mingw32/bin/../lib/gcc/nios2-elf/4.1.2\libgcc.a(_clz.o)
 .text          0x00006854       0x74 c:/altera/13.0/nios2eds/bin/gnu/h-i686-mingw32/bin/../lib/gcc/nios2-elf/4.1.2/../../../../nios2-elf/lib\libc.a(lib_a-memcmp.o)
                0x00006854                memcmp
 .text          0x000068c8       0xa0 c:/altera/13.0/nios2eds/bin/gnu/h-i686-mingw32/bin/../lib/gcc/nios2-elf/4.1.2/../../../../nios2-elf/lib\libc.a(lib_a-memcpy.o)
                0x000068c8                memcpy
 .text          0x00006968       0x98 c:/altera/13.0/nios2eds/bin/gnu/h-i686-mingw32/bin/../lib/gcc/nios2-elf/4.1.2/../../../../nios2-elf/lib\libc.a(lib_a-memset.o)
                0x00006968                memset
 .text          0x00006a00       0x78 c:/altera/13.0/nios2eds/bin/gnu/h-i686-mingw32/bin/../lib/gcc/nios2-elf/4.1.2/../../../../nios2-elf/lib\libc.a(lib_a-printf.o)
                0x00006a00                printf
                0x00006a44                _printf_r
 .text          0x00006a78       0xb4 c:/altera/13.0/nios2eds/bin/gnu/h-i686-mingw32/bin/../lib/gcc/nios2-elf/4.1.2/../../../../nios2-elf/lib\libc.a(lib_a-puts.o)
                0x00006a78                _puts_r
                0x00006b18                puts
 .text          0x00006b2c       0x74 c:/altera/13.0/nios2eds/bin/gnu/h-i686-mingw32/bin/../lib/gcc/nios2-elf/4.1.2/../../../../nios2-elf/lib\libc.a(lib_a-strlen.o)
                0x00006b2c                strlen
 .text          0x00006ba0     0x1f28 c:/altera/13.0/nios2eds/bin/gnu/h-i686-mingw32/bin/../lib/gcc/nios2-elf/4.1.2/../../../../nios2-elf/lib\libc.a(lib_a-vfprintf.o)
                0x00006bf8                ___vfprintf_internal_r
                0x00008aa4                __vfprintf_internal
 .text          0x00008ac8      0x13c c:/altera/13.0/nios2eds/bin/gnu/h-i686-mingw32/bin/../lib/gcc/nios2-elf/4.1.2/../../../../nios2-elf/lib\libc.a(lib_a-wsetup.o)
                0x00008ac8                __swsetup_r
 .text          0x00008c04     0x17cc c:/altera/13.0/nios2eds/bin/gnu/h-i686-mingw32/bin/../lib/gcc/nios2-elf/4.1.2/../../../../nios2-elf/lib\libc.a(lib_a-dtoa.o)
                0x00008e1c                _dtoa_r
 .text          0x0000a3d0      0x230 c:/altera/13.0/nios2eds/bin/gnu/h-i686-mingw32/bin/../lib/gcc/nios2-elf/4.1.2/../../../../nios2-elf/lib\libc.a(lib_a-fflush.o)
                0x0000a3d0                _fflush_r
                0x0000a5cc                fflush
 .text          0x0000a600      0x2c0 c:/altera/13.0/nios2eds/bin/gnu/h-i686-mingw32/bin/../lib/gcc/nios2-elf/4.1.2/../../../../nios2-elf/lib\libc.a(lib_a-findfp.o)
                0x0000a658                __sfp_lock_acquire
                0x0000a65c                __sfp_lock_release
                0x0000a660                __sinit_lock_acquire
                0x0000a664                __sinit_lock_release
                0x0000a668                __sinit
                0x0000a71c                __fp_unlock_all
                0x0000a734                __fp_lock_all
                0x0000a74c                _cleanup_r
                0x0000a758                _cleanup
                0x0000a768                __sfmoreglue
                0x0000a7d0                __sfp
 .text          0x0000a8c0      0x440 c:/altera/13.0/nios2eds/bin/gnu/h-i686-mingw32/bin/../lib/gcc/nios2-elf/4.1.2/../../../../nios2-elf/lib\libc.a(lib_a-freer.o)
                0x0000a8c0                _malloc_trim_r
                0x0000a9ec                _free_r
 .text          0x0000ad00      0x49c c:/altera/13.0/nios2eds/bin/gnu/h-i686-mingw32/bin/../lib/gcc/nios2-elf/4.1.2/../../../../nios2-elf/lib\libc.a(lib_a-fvwrite.o)
                0x0000ad00                __sfvwrite_r
 .text          0x0000b19c      0x180 c:/altera/13.0/nios2eds/bin/gnu/h-i686-mingw32/bin/../lib/gcc/nios2-elf/4.1.2/../../../../nios2-elf/lib\libc.a(lib_a-fwalk.o)
                0x0000b19c                _fwalk_reent
                0x0000b264                _fwalk
 .text          0x0000b31c        0x0 c:/altera/13.0/nios2eds/bin/gnu/h-i686-mingw32/bin/../lib/gcc/nios2-elf/4.1.2/../../../../nios2-elf/lib\libc.a(lib_a-impure.o)
 .text          0x0000b31c       0xc4 c:/altera/13.0/nios2eds/bin/gnu/h-i686-mingw32/bin/../lib/gcc/nios2-elf/4.1.2/../../../../nios2-elf/lib\libc.a(lib_a-locale.o)
                0x0000b31c                __locale_charset
                0x0000b324                _localeconv_r
                0x0000b330                localeconv
                0x0000b340                _setlocale_r
                0x0000b3c4                setlocale
 .text          0x0000b3e0      0x194 c:/altera/13.0/nios2eds/bin/gnu/h-i686-mingw32/bin/../lib/gcc/nios2-elf/4.1.2/../../../../nios2-elf/lib\libc.a(lib_a-makebuf.o)
                0x0000b3e0                __smakebuf_r
 .text          0x0000b574      0x740 c:/altera/13.0/nios2eds/bin/gnu/h-i686-mingw32/bin/../lib/gcc/nios2-elf/4.1.2/../../../../nios2-elf/lib\libc.a(lib_a-mallocr.o)
                0x0000b574                _malloc_r
 .text          0x0000bcb4       0xe4 c:/altera/13.0/nios2eds/bin/gnu/h-i686-mingw32/bin/../lib/gcc/nios2-elf/4.1.2/../../../../nios2-elf/lib\libc.a(lib_a-memchr.o)
                0x0000bcb4                memchr
 .text          0x0000bd98       0xe0 c:/altera/13.0/nios2eds/bin/gnu/h-i686-mingw32/bin/../lib/gcc/nios2-elf/4.1.2/../../../../nios2-elf/lib\libc.a(lib_a-memmove.o)
                0x0000bd98                memmove
 .text          0x0000be78      0xff4 c:/altera/13.0/nios2eds/bin/gnu/h-i686-mingw32/bin/../lib/gcc/nios2-elf/4.1.2/../../../../nios2-elf/lib\libc.a(lib_a-mprec.o)
                0x0000be78                _Bfree
                0x0000bea0                __hi0bits
                0x0000bf10                __lo0bits
                0x0000bfd4                __mcmp
                0x0000c034                __ulp
                0x0000c0b4                __b2d
                0x0000c1d4                __ratio
                0x0000c284                _mprec_log10
                0x0000c318                __copybits
                0x0000c370                __any_on
                0x0000c3f8                _Balloc
                0x0000c4b4                __d2b
                0x0000c630                __mdiff
                0x0000c7bc                __lshift
                0x0000c908                __multiply
                0x0000caf0                __i2b
                0x0000cb2c                __multadd
                0x0000cc2c                __pow5mult
                0x0000cd4c                __s2b
 .text          0x0000ce6c      0x5f4 c:/altera/13.0/nios2eds/bin/gnu/h-i686-mingw32/bin/../lib/gcc/nios2-elf/4.1.2/../../../../nios2-elf/lib\libc.a(lib_a-reallocr.o)
                0x0000ce6c                _realloc_r
 .text          0x0000d460       0x40 c:/altera/13.0/nios2eds/bin/gnu/h-i686-mingw32/bin/../lib/gcc/nios2-elf/4.1.2/../../../../nios2-elf/lib\libc.a(lib_a-s_isinfd.o)
                0x0000d460                __isinfd
 .text          0x0000d4a0       0x30 c:/altera/13.0/nios2eds/bin/gnu/h-i686-mingw32/bin/../lib/gcc/nios2-elf/4.1.2/../../../../nios2-elf/lib\libc.a(lib_a-s_isnand.o)
                0x0000d4a0                __isnand
 .text          0x0000d4d0       0x70 c:/altera/13.0/nios2eds/bin/gnu/h-i686-mingw32/bin/../lib/gcc/nios2-elf/4.1.2/../../../../nios2-elf/lib\libc.a(lib_a-sbrkr.o)
                0x0000d4d0                _sbrk_r
 .text          0x0000d540      0x14c c:/altera/13.0/nios2eds/bin/gnu/h-i686-mingw32/bin/../lib/gcc/nios2-elf/4.1.2/../../../../nios2-elf/lib\libc.a(lib_a-stdio.o)
                0x0000d540                __sclose
                0x0000d548                __sseek
                0x0000d5b0                __swrite
                0x0000d62c                __sread
 .text          0x0000d68c       0xbc c:/altera/13.0/nios2eds/bin/gnu/h-i686-mingw32/bin/../lib/gcc/nios2-elf/4.1.2/../../../../nios2-elf/lib\libc.a(lib_a-strcmp.o)
                0x0000d68c                strcmp
 .text          0x0000d748       0x78 c:/altera/13.0/nios2eds/bin/gnu/h-i686-mingw32/bin/../lib/gcc/nios2-elf/4.1.2/../../../../nios2-elf/lib\libc.a(lib_a-writer.o)
                0x0000d748                _write_r
 .text          0x0000d7c0       0xb4 c:/altera/13.0/nios2eds/bin/gnu/h-i686-mingw32/bin/../lib/gcc/nios2-elf/4.1.2/../../../../nios2-elf/lib\libc.a(lib_a-callocr.o)
                0x0000d7c0                _calloc_r
 .text          0x0000d874       0x70 c:/altera/13.0/nios2eds/bin/gnu/h-i686-mingw32/bin/../lib/gcc/nios2-elf/4.1.2/../../../../nios2-elf/lib\libc.a(lib_a-closer.o)
                0x0000d874                _close_r
 .text          0x0000d8e4      0x124 c:/altera/13.0/nios2eds/bin/gnu/h-i686-mingw32/bin/../lib/gcc/nios2-elf/4.1.2/../../../../nios2-elf/lib\libc.a(lib_a-fclose.o)
                0x0000d8e4                _fclose_r
                0x0000d9f4                fclose
 .text          0x0000da08       0x74 c:/altera/13.0/nios2eds/bin/gnu/h-i686-mingw32/bin/../lib/gcc/nios2-elf/4.1.2/../../../../nios2-elf/lib\libc.a(lib_a-fstatr.o)
                0x0000da08                _fstat_r
 .text          0x0000da7c        0x0 c:/altera/13.0/nios2eds/bin/gnu/h-i686-mingw32/bin/../lib/gcc/nios2-elf/4.1.2/../../../../nios2-elf/lib\libc.a(lib_a-int_errno.o)
 .text          0x0000da7c       0x70 c:/altera/13.0/nios2eds/bin/gnu/h-i686-mingw32/bin/../lib/gcc/nios2-elf/4.1.2/../../../../nios2-elf/lib\libc.a(lib_a-isattyr.o)
                0x0000da7c                _isatty_r
 .text          0x0000daec       0x78 c:/altera/13.0/nios2eds/bin/gnu/h-i686-mingw32/bin/../lib/gcc/nios2-elf/4.1.2/../../../../nios2-elf/lib\libc.a(lib_a-lseekr.o)
                0x0000daec                _lseek_r
 .text          0x0000db64       0x78 c:/altera/13.0/nios2eds/bin/gnu/h-i686-mingw32/bin/../lib/gcc/nios2-elf/4.1.2/../../../../nios2-elf/lib\libc.a(lib_a-readr.o)
                0x0000db64                _read_r
 .text          0x0000dbdc      0x5dc c:/altera/13.0/nios2eds/bin/gnu/h-i686-mingw32/bin/../lib/gcc/nios2-elf/4.1.2\libgcc.a(_udivdi3.o)
                0x0000dbdc                __udivdi3
 .text          0x0000e1b8      0x5b0 c:/altera/13.0/nios2eds/bin/gnu/h-i686-mingw32/bin/../lib/gcc/nios2-elf/4.1.2\libgcc.a(_umoddi3.o)
                0x0000e1b8                __umoddi3
 .text          0x0000e768       0x88 c:/altera/13.0/nios2eds/bin/gnu/h-i686-mingw32/bin/../lib/gcc/nios2-elf/4.1.2\libgcc.a(_ne_df.o)
                0x0000e768                __nedf2
 .text          0x0000e7f0       0x88 c:/altera/13.0/nios2eds/bin/gnu/h-i686-mingw32/bin/../lib/gcc/nios2-elf/4.1.2\libgcc.a(_gt_df.o)
                0x0000e7f0                __gtdf2
 .text          0x0000e878       0x88 c:/altera/13.0/nios2eds/bin/gnu/h-i686-mingw32/bin/../lib/gcc/nios2-elf/4.1.2\libgcc.a(_ge_df.o)
                0x0000e878                __gedf2
 .text          0x0000e900       0x88 c:/altera/13.0/nios2eds/bin/gnu/h-i686-mingw32/bin/../lib/gcc/nios2-elf/4.1.2\libgcc.a(_lt_df.o)
                0x0000e900                __ltdf2
 .text          0x0000e988       0xd8 c:/altera/13.0/nios2eds/bin/gnu/h-i686-mingw32/bin/../lib/gcc/nios2-elf/4.1.2\libgcc.a(_df_to_si.o)
                0x0000e988                __fixdfsi
 .text          0x0000ea60      0x14c c:/altera/13.0/nios2eds/bin/gnu/h-i686-mingw32/bin/../lib/gcc/nios2-elf/4.1.2\libgcc.a(lib2-divmod.o)
                0x0000eadc                __divsi3
                0x0000eb3c                __modsi3
                0x0000eb9c                __udivsi3
                0x0000eba4                __umodsi3
 .text          0x0000ebac      0x15c D:/cs723-assignment1/software/freertos_test_bsp/\libhal_bsp.a(alt_close.o)
                0x0000ebac                close
 .text          0x0000ed08       0x2c D:/cs723-assignment1/software/freertos_test_bsp/\libhal_bsp.a(alt_dev.o)
 .text          0x0000ed34        0x0 D:/cs723-assignment1/software/freertos_test_bsp/\libhal_bsp.a(alt_errno.o)
 .text          0x0000ed34      0x134 D:/cs723-assignment1/software/freertos_test_bsp/\libhal_bsp.a(alt_fstat.o)
                0x0000ed34                fstat
 .text          0x0000ee68        0x0 D:/cs723-assignment1/software/freertos_test_bsp/\libhal_bsp.a(alt_irq_handler.o)
 .text          0x0000ee68        0x0 D:/cs723-assignment1/software/freertos_test_bsp/\libhal_bsp.a(alt_irq_vars.o)
 .text          0x0000ee68      0x120 D:/cs723-assignment1/software/freertos_test_bsp/\libhal_bsp.a(alt_isatty.o)
                0x0000ee68                isatty
 .text          0x0000ef88      0x150 D:/cs723-assignment1/software/freertos_test_bsp/\libhal_bsp.a(alt_lseek.o)
                0x0000ef88                lseek
 .text          0x0000f0d8       0x6c D:/cs723-assignment1/software/freertos_test_bsp/\libhal_bsp.a(alt_main.o)
                0x0000f0d8                alt_main
 .text          0x0000f144       0x40 D:/cs723-assignment1/software/freertos_test_bsp/\libhal_bsp.a(alt_malloc_lock.o)
                0x0000f144                __malloc_lock
                0x0000f164                __malloc_unlock
 .text          0x0000f184      0x180 D:/cs723-assignment1/software/freertos_test_bsp/\libhal_bsp.a(alt_read.o)
                0x0000f184                read
 .text          0x0000f304       0x60 D:/cs723-assignment1/software/freertos_test_bsp/\libhal_bsp.a(alt_release_fd.o)
                0x0000f304                alt_release_fd
 .text          0x0000f364       0xbc D:/cs723-assignment1/software/freertos_test_bsp/\libhal_bsp.a(alt_sbrk.o)
                0x0000f364                sbrk
 .text          0x0000f420      0x180 D:/cs723-assignment1/software/freertos_test_bsp/\libhal_bsp.a(alt_write.o)
                0x0000f420                write
 .text          0x0000f5a0      0x3d8 D:/cs723-assignment1/software/freertos_test_bsp/\libhal_bsp.a(alt_sys_init.o)
                0x0000f5a0                alt_irq_init
                0x0000f5d4                alt_sys_init
 .text          0x0000f978      0x8d8 D:/cs723-assignment1/software/freertos_test_bsp/\libhal_bsp.a(altera_avalon_cfi_flash.o)
                0x0000f978                alt_flash_cfi_init
                0x0000fa4c                alt_flash_cfi_write
                0x0000fd0c                alt_flash_cfi_get_info
                0x0000fd9c                alt_flash_cfi_read
                0x0000fe04                alt_write_value_to_flash
                0x0000ff68                alt_flash_program_block
 .text          0x00010250     0x14a8 D:/cs723-assignment1/software/freertos_test_bsp/\libhal_bsp.a(altera_avalon_cfi_flash_table.o)
                0x00010250                alt_read_query_entry_8bit
                0x00010290                alt_read_query_entry_16bit
                0x000102d4                alt_read_query_entry_32bit
                0x0001031c                alt_write_flash_command_8bit_device_8bit_mode
                0x00010358                alt_write_flash_command_16bit_device_8bit_mode
                0x000103d4                alt_write_flash_command_32bit_device_8bit_mode
                0x0001041c                alt_write_flash_command_16bit_device_16bit_mode
                0x00010460                alt_write_flash_command_32bit_device_16bit_mode
                0x000104a8                alt_write_flash_command_32bit_device_32bit_mode
                0x000104f0                alt_write_native_8bit
                0x00010524                alt_write_native_16bit
                0x00010558                alt_write_native_32bit
                0x00010588                alt_set_flash_width_func
                0x00010768                alt_set_flash_algorithm_func
                0x00010890                alt_read_cfi_table
                0x00010e70                alt_read_cfi_width
                0x0001161c                alt_check_primary_table
 .text          0x000116f8      0x148 D:/cs723-assignment1/software/freertos_test_bsp/\libhal_bsp.a(altera_avalon_jtag_uart_fd.o)
                0x000116f8                altera_avalon_jtag_uart_read_fd
                0x00011750                altera_avalon_jtag_uart_write_fd
                0x000117a8                altera_avalon_jtag_uart_close_fd
                0x000117f0                altera_avalon_jtag_uart_ioctl_fd
 .text          0x00011840      0x408 D:/cs723-assignment1/software/freertos_test_bsp/\libhal_bsp.a(altera_avalon_jtag_uart_init.o)
                0x00011840                altera_avalon_jtag_uart_init
                0x00011bd4                altera_avalon_jtag_uart_close
 .text          0x00011c48       0xf4 D:/cs723-assignment1/software/freertos_test_bsp/\libhal_bsp.a(altera_avalon_jtag_uart_ioctl.o)
                0x00011c48                altera_avalon_jtag_uart_ioctl
 .text          0x00011d3c      0x224 D:/cs723-assignment1/software/freertos_test_bsp/\libhal_bsp.a(altera_avalon_jtag_uart_read.o)
                0x00011d3c                altera_avalon_jtag_uart_read
 .text          0x00011f60      0x240 D:/cs723-assignment1/software/freertos_test_bsp/\libhal_bsp.a(altera_avalon_jtag_uart_write.o)
                0x00011f60                altera_avalon_jtag_uart_write
 .text          0x000121a0      0xee0 D:/cs723-assignment1/software/freertos_test_bsp/\libhal_bsp.a(altera_avalon_lcd_16207.o)
                0x00012974                altera_avalon_lcd_16207_write
                0x00012f44                altera_avalon_lcd_16207_init
 .text          0x00013080       0x58 D:/cs723-assignment1/software/freertos_test_bsp/\libhal_bsp.a(altera_avalon_lcd_16207_fd.o)
                0x00013080                altera_avalon_lcd_16207_write_fd
 .text          0x000130d8       0xfc D:/cs723-assignment1/software/freertos_test_bsp/\libhal_bsp.a(altera_avalon_timer_sc.o)
                0x0001314c                alt_avalon_timer_sc_init
 .text          0x000131d4       0xf8 D:/cs723-assignment1/software/freertos_test_bsp/\libhal_bsp.a(altera_avalon_uart_fd.o)
                0x000131d4                altera_avalon_uart_read_fd
                0x0001322c                altera_avalon_uart_write_fd
                0x00013284                altera_avalon_uart_close_fd
 .text          0x000132cc      0x3fc D:/cs723-assignment1/software/freertos_test_bsp/\libhal_bsp.a(altera_avalon_uart_init.o)
                0x000132cc                altera_avalon_uart_init
                0x00013668                altera_avalon_uart_close
 .text          0x000136c8      0x290 D:/cs723-assignment1/software/freertos_test_bsp/\libhal_bsp.a(altera_avalon_uart_read.o)
                0x000136c8                altera_avalon_uart_read
 .text          0x00013958      0x228 D:/cs723-assignment1/software/freertos_test_bsp/\libhal_bsp.a(altera_avalon_uart_write.o)
                0x00013958                altera_avalon_uart_write
 .text          0x00013b80      0x700 D:/cs723-assignment1/software/freertos_test_bsp/\libhal_bsp.a(altera_up_avalon_ps2.o)
                0x00013b80                read_RI_bit
                0x00013bb4                read_RE_bit
                0x00013be4                read_CE_bit
                0x00013c18                read_num_bytes_available
                0x00013c4c                read_data_valid
                0x00013c80                read_data_byte
                0x00013cac                alt_up_ps2_init
                0x00013d78                alt_up_ps2_enable_read_interrupt
                0x00013dcc                alt_up_ps2_disable_read_interrupt
                0x00013e24                alt_up_ps2_write_data_byte
                0x00013e9c                alt_up_ps2_wait_for_ack
                0x00013f0c                alt_up_ps2_write_data_byte_with_ack
                0x00013f78                alt_up_ps2_read_data_byte_timeout
                0x00014028                alt_up_ps2_read_data_byte
                0x000140a4                alt_up_ps2_clear_fifo
                0x000140fc                alt_up_ps2_read_fd
                0x00014198                alt_up_ps2_write_fd
                0x00014240                alt_up_ps2_open_dev
 .text          0x00014280      0x304 D:/cs723-assignment1/software/freertos_test_bsp/\libhal_bsp.a(altera_up_avalon_video_character_buffer_with_dma.o)
                0x00014280                alt_up_char_buffer_init
                0x00014304                alt_up_char_buffer_open_dev
                0x00014344                alt_up_char_buffer_draw
                0x00014414                alt_up_char_buffer_string
                0x00014528                alt_up_char_buffer_clear
 .text          0x00014584      0x154 D:/cs723-assignment1/software/freertos_test_bsp/\libhal_bsp.a(alt_alarm_start.o)
                0x00014584                alt_alarm_start
 .text          0x000146d8       0x78 D:/cs723-assignment1/software/freertos_test_bsp/\libhal_bsp.a(alt_dcache_flush.o)
                0x000146d8                alt_dcache_flush
 .text          0x00014750      0x114 D:/cs723-assignment1/software/freertos_test_bsp/\libhal_bsp.a(alt_dev_llist_insert.o)
                0x00014750                alt_dev_llist_insert
 .text          0x00014864       0x64 D:/cs723-assignment1/software/freertos_test_bsp/\libhal_bsp.a(alt_do_ctors.o)
                0x00014864                _do_ctors
 .text          0x000148c8       0x64 D:/cs723-assignment1/software/freertos_test_bsp/\libhal_bsp.a(alt_do_dtors.o)
                0x000148c8                _do_dtors
 .text          0x0001492c       0x94 D:/cs723-assignment1/software/freertos_test_bsp/\libhal_bsp.a(alt_find_dev.o)
                0x0001492c                alt_find_dev
 .text          0x000149c0       0xd0 D:/cs723-assignment1/software/freertos_test_bsp/\libhal_bsp.a(alt_flash_dev.o)
                0x000149c0                alt_flash_open_dev
                0x00014a3c                alt_flash_close_dev
 .text          0x00014a90      0x13c D:/cs723-assignment1/software/freertos_test_bsp/\libhal_bsp.a(alt_io_redirect.o)
                0x00014b54                alt_io_redirect
 .text          0x00014bcc      0x2c4 D:/cs723-assignment1/software/freertos_test_bsp/\libhal_bsp.a(alt_open.o)
                0x00014ca8                open
 .text          0x00014e90      0x1a4 D:/cs723-assignment1/software/freertos_test_bsp/\libhal_bsp.a(alt_tick.o)
                0x00014e90                alt_alarm_stop
                0x00014f28                alt_tick
 .text          0x00015034       0x30 D:/cs723-assignment1/software/freertos_test_bsp/\libhal_bsp.a(alt_usleep.o)
                0x00015034                usleep
 .text          0x00015064       0x20 D:/cs723-assignment1/software/freertos_test_bsp/\libhal_bsp.a(altera_nios2_qsys_irq.o)
                0x00015064                altera_nios2_qsys_irq_init
 .text          0x00015084      0x460 D:/cs723-assignment1/software/freertos_test_bsp/\libhal_bsp.a(altera_avalon_cfi_flash_amd.o)
                0x00015084                alt_program_amd
                0x000150ec                alt_erase_block_amd
 .text          0x000154e4      0x460 D:/cs723-assignment1/software/freertos_test_bsp/\libhal_bsp.a(altera_avalon_cfi_flash_intel.o)
                0x000154e4                alt_program_intel
                0x00015568                alt_erase_block_intel
 .text          0x00015944      0x12c D:/cs723-assignment1/software/freertos_test_bsp/\libhal_bsp.a(alt_busy_sleep.o)
                0x00015944                alt_busy_sleep
 .text          0x00015a70      0x120 D:/cs723-assignment1/software/freertos_test_bsp/\libhal_bsp.a(alt_find_file.o)
                0x00015a70                alt_find_file
 .text          0x00015b90       0xb8 D:/cs723-assignment1/software/freertos_test_bsp/\libhal_bsp.a(alt_get_fd.o)
                0x00015b90                alt_get_fd
 .text          0x00015c48       0x14 c:/altera/13.0/nios2eds/bin/gnu/h-i686-mingw32/bin/../lib/gcc/nios2-elf/4.1.2/../../../../nios2-elf/lib\libc.a(lib_a-atexit.o)
                0x00015c48                atexit
 .text          0x00015c5c        0x0 c:/altera/13.0/nios2eds/bin/gnu/h-i686-mingw32/bin/../lib/gcc/nios2-elf/4.1.2/../../../../nios2-elf/lib\libc.a(lib_a-ctype_.o)
 .text          0x00015c5c       0x38 c:/altera/13.0/nios2eds/bin/gnu/h-i686-mingw32/bin/../lib/gcc/nios2-elf/4.1.2/../../../../nios2-elf/lib\libc.a(lib_a-exit.o)
                0x00015c5c                exit
 .text          0x00015c94      0x134 c:/altera/13.0/nios2eds/bin/gnu/h-i686-mingw32/bin/../lib/gcc/nios2-elf/4.1.2/../../../../nios2-elf/lib\libc.a(lib_a-__atexit.o)
                0x00015c94                __register_exitproc
 .text          0x00015dc8      0x1b4 c:/altera/13.0/nios2eds/bin/gnu/h-i686-mingw32/bin/../lib/gcc/nios2-elf/4.1.2/../../../../nios2-elf/lib\libc.a(lib_a-__call_atexit.o)
                0x00015dcc                __call_exitprocs
 .text          0x00015f7c       0x60 D:/cs723-assignment1/software/freertos_test_bsp/\libhal_bsp.a(alt_exit.o)
                0x00015fbc                _exit
 *(.gnu.warning.*)
 *(.fini)
                0x00015fdc                PROVIDE (__etext, ABSOLUTE (.))
                0x00015fdc                PROVIDE (_etext, ABSOLUTE (.))
                0x00015fdc                PROVIDE (etext, ABSOLUTE (.))
 *(.eh_frame_hdr)
                0x00015fdc                . = ALIGN (0x4)
                0x00015fdc                PROVIDE (__preinit_array_start, ABSOLUTE (.))
 *(.preinit_array)
                0x00015fdc                PROVIDE (__preinit_array_end, ABSOLUTE (.))
                0x00015fdc                PROVIDE (__init_array_start, ABSOLUTE (.))
 *(.init_array)
                0x00015fdc                PROVIDE (__init_array_end, ABSOLUTE (.))
                0x00015fdc                PROVIDE (__fini_array_start, ABSOLUTE (.))
 *(.fini_array)
                0x00015fdc                PROVIDE (__fini_array_end, ABSOLUTE (.))
 *(.eh_frame)
 *(.gcc_except_table)
 *(.dynamic)
                0x00015fdc                PROVIDE (__CTOR_LIST__, ABSOLUTE (.))
 *(.ctors)
 *(SORT(.ctors.*))
 .ctors.65535   0x00015fdc        0x4 c:/altera/13.0/nios2eds/bin/gnu/h-i686-mingw32/bin/../lib/gcc/nios2-elf/4.1.2/../../../../nios2-elf/lib\libc.a(lib_a-__call_atexit.o)
                0x00015fe0                PROVIDE (__CTOR_END__, ABSOLUTE (.))
                0x00015fe0                PROVIDE (__DTOR_LIST__, ABSOLUTE (.))
 *(.dtors)
 *(SORT(.dtors.*))
                0x00015fe0                PROVIDE (__DTOR_END__, ABSOLUTE (.))
 *(.jcr)
                0x00015fe0                . = ALIGN (0x4)

.rodata         0x08000000      0x720
                0x08000000                PROVIDE (__ram_rodata_start, ABSOLUTE (.))
                0x08000000                . = ALIGN (0x4)
 *(.rodata .rodata.* .gnu.linkonce.r.*)
 .rodata        0x08000000       0x34 obj/default//D/cs723-assignment1/software/freertos_test/freertos/port.o
 .rodata        0x08000034       0x1c obj/default//D/cs723-assignment1/software/freertos_test/freertos/tasks.o
 .rodata        0x08000050        0x8 obj/default//D/cs723-assignment1/software/freertos_test/freertos/timers.o
 .rodata        0x08000058       0x4c obj/default//D/cs723-assignment1/software/freertos_test/freertos_test.o
 .rodata        0x080000a4       0x14 c:/altera/13.0/nios2eds/bin/gnu/h-i686-mingw32/bin/../lib/gcc/nios2-elf/4.1.2\libgcc.a(_thenan_df.o)
                0x080000a4                __thenan_df
 .rodata        0x080000b8      0x100 c:/altera/13.0/nios2eds/bin/gnu/h-i686-mingw32/bin/../lib/gcc/nios2-elf/4.1.2\libgcc.a(_clz.o)
                0x080000b8                __clz_tab
 .rodata.str1.4
                0x080001b8        0x2 c:/altera/13.0/nios2eds/bin/gnu/h-i686-mingw32/bin/../lib/gcc/nios2-elf/4.1.2/../../../../nios2-elf/lib\libc.a(lib_a-puts.o)
                                  0x4 (size before relaxing)
 *fill*         0x080001ba        0x2 00
 .rodata.str1.4
                0x080001bc       0x5e c:/altera/13.0/nios2eds/bin/gnu/h-i686-mingw32/bin/../lib/gcc/nios2-elf/4.1.2/../../../../nios2-elf/lib\libc.a(lib_a-vfprintf.o)
                                 0x60 (size before relaxing)
 *fill*         0x0800021a        0x2 00
 .rodata        0x0800021c       0x20 c:/altera/13.0/nios2eds/bin/gnu/h-i686-mingw32/bin/../lib/gcc/nios2-elf/4.1.2/../../../../nios2-elf/lib\libc.a(lib_a-vfprintf.o)
 .rodata.str1.4
                0x0800023c       0x10 c:/altera/13.0/nios2eds/bin/gnu/h-i686-mingw32/bin/../lib/gcc/nios2-elf/4.1.2/../../../../nios2-elf/lib\libc.a(lib_a-dtoa.o)
                                 0x14 (size before relaxing)
 .rodata.str1.4
                0x0800024c        0x2 c:/altera/13.0/nios2eds/bin/gnu/h-i686-mingw32/bin/../lib/gcc/nios2-elf/4.1.2/../../../../nios2-elf/lib\libc.a(lib_a-impure.o)
                                  0x4 (size before relaxing)
 *fill*         0x0800024e        0x2 00
 .rodata.str1.4
                0x08000250       0x10 c:/altera/13.0/nios2eds/bin/gnu/h-i686-mingw32/bin/../lib/gcc/nios2-elf/4.1.2/../../../../nios2-elf/lib\libc.a(lib_a-locale.o)
                                 0x18 (size before relaxing)
 .rodata        0x08000260       0x30 c:/altera/13.0/nios2eds/bin/gnu/h-i686-mingw32/bin/../lib/gcc/nios2-elf/4.1.2/../../../../nios2-elf/lib\libc.a(lib_a-locale.o)
 .rodata        0x08000290      0x124 c:/altera/13.0/nios2eds/bin/gnu/h-i686-mingw32/bin/../lib/gcc/nios2-elf/4.1.2/../../../../nios2-elf/lib\libc.a(lib_a-mprec.o)
                0x08000290                __mprec_tens
                0x08000358                __mprec_bigtens
                0x08000380                __mprec_tinytens
 .rodata        0x080003b4        0xc D:/cs723-assignment1/software/freertos_test_bsp/\libhal_bsp.a(alt_dev.o)
 .rodata        0x080003c0       0x10 D:/cs723-assignment1/software/freertos_test_bsp/\libhal_bsp.a(alt_main.o)
 .rodata        0x080003d0       0xb0 D:/cs723-assignment1/software/freertos_test_bsp/\libhal_bsp.a(alt_sys_init.o)
 .rodata        0x08000480       0x1c D:/cs723-assignment1/software/freertos_test_bsp/\libhal_bsp.a(altera_up_avalon_video_character_buffer_with_dma.o)
 .rodata        0x0800049c      0x284 c:/altera/13.0/nios2eds/bin/gnu/h-i686-mingw32/bin/../lib/gcc/nios2-elf/4.1.2/../../../../nios2-elf/lib\libc.a(lib_a-ctype_.o)
                0x0800049c                _ctype_
 *(.rodata1)
                0x08000720                . = ALIGN (0x4)
                0x08000720                PROVIDE (__ram_rodata_end, ABSOLUTE (.))
                0x08000000                PROVIDE (__flash_rodata_start, LOADADDR (.rodata))

.rwdata         0x08000720     0x1e14
                0x08000720                PROVIDE (__ram_rwdata_start, ABSOLUTE (.))
                0x08000720                . = ALIGN (0x4)
 *(.got.plt)
 *(.got)
 *(.data1)
 *(.data .data.* .gnu.linkonce.d.*)
 .data          0x08000720        0x0 D:/cs723-assignment1/software/freertos_test_bsp//obj/HAL/src/crt0.o
 .data          0x08000720        0x0 obj/default//D/cs723-assignment1/software/freertos_test/freertos/croutine.o
 .data          0x08000720        0x0 obj/default//D/cs723-assignment1/software/freertos_test/freertos/event_groups.o
 .data          0x08000720        0x0 obj/default//D/cs723-assignment1/software/freertos_test/freertos/heap.o
 .data          0x08000720        0x0 obj/default//D/cs723-assignment1/software/freertos_test/freertos/list.o
 .data          0x08000720        0x0 obj/default//D/cs723-assignment1/software/freertos_test/freertos/port.o
 .data          0x08000720        0x0 obj/default//D/cs723-assignment1/software/freertos_test/freertos/queue.o
 .data          0x08000720        0x0 obj/default//D/cs723-assignment1/software/freertos_test/freertos/tasks.o
 .data          0x08000720        0x0 obj/default//D/cs723-assignment1/software/freertos_test/freertos/timers.o
 .data          0x08000720        0x0 obj/default//D/cs723-assignment1/software/freertos_test/freertos_test.o
 .data          0x08000720        0x0 obj/default//D/cs723-assignment1/software/freertos_test/freertos/port_asm.o
 .data          0x08000720        0x0 c:/altera/13.0/nios2eds/bin/gnu/h-i686-mingw32/bin/../lib/gcc/nios2-elf/4.1.2\libgcc.a(_addsub_df.o)
 .data          0x08000720        0x0 c:/altera/13.0/nios2eds/bin/gnu/h-i686-mingw32/bin/../lib/gcc/nios2-elf/4.1.2\libgcc.a(_mul_df.o)
 .data          0x08000720        0x0 c:/altera/13.0/nios2eds/bin/gnu/h-i686-mingw32/bin/../lib/gcc/nios2-elf/4.1.2\libgcc.a(_div_df.o)
 .data          0x08000720        0x0 c:/altera/13.0/nios2eds/bin/gnu/h-i686-mingw32/bin/../lib/gcc/nios2-elf/4.1.2\libgcc.a(_eq_df.o)
 .data          0x08000720        0x0 c:/altera/13.0/nios2eds/bin/gnu/h-i686-mingw32/bin/../lib/gcc/nios2-elf/4.1.2\libgcc.a(_si_to_df.o)
 .data          0x08000720        0x0 c:/altera/13.0/nios2eds/bin/gnu/h-i686-mingw32/bin/../lib/gcc/nios2-elf/4.1.2\libgcc.a(_thenan_df.o)
 .data          0x08000720        0x0 c:/altera/13.0/nios2eds/bin/gnu/h-i686-mingw32/bin/../lib/gcc/nios2-elf/4.1.2\libgcc.a(_usi_to_df.o)
 .data          0x08000720        0x0 c:/altera/13.0/nios2eds/bin/gnu/h-i686-mingw32/bin/../lib/gcc/nios2-elf/4.1.2\libgcc.a(_muldi3.o)
 .data          0x08000720        0x0 c:/altera/13.0/nios2eds/bin/gnu/h-i686-mingw32/bin/../lib/gcc/nios2-elf/4.1.2\libgcc.a(_clzsi2.o)
 .data          0x08000720        0x0 c:/altera/13.0/nios2eds/bin/gnu/h-i686-mingw32/bin/../lib/gcc/nios2-elf/4.1.2\libgcc.a(_pack_df.o)
 .data          0x08000720        0x0 c:/altera/13.0/nios2eds/bin/gnu/h-i686-mingw32/bin/../lib/gcc/nios2-elf/4.1.2\libgcc.a(_unpack_df.o)
 .data          0x08000720        0x0 c:/altera/13.0/nios2eds/bin/gnu/h-i686-mingw32/bin/../lib/gcc/nios2-elf/4.1.2\libgcc.a(_fpcmp_parts_df.o)
 .data          0x08000720        0x0 c:/altera/13.0/nios2eds/bin/gnu/h-i686-mingw32/bin/../lib/gcc/nios2-elf/4.1.2\libgcc.a(_clz.o)
 .data          0x08000720        0x0 c:/altera/13.0/nios2eds/bin/gnu/h-i686-mingw32/bin/../lib/gcc/nios2-elf/4.1.2/../../../../nios2-elf/lib\libc.a(lib_a-memcmp.o)
 .data          0x08000720        0x0 c:/altera/13.0/nios2eds/bin/gnu/h-i686-mingw32/bin/../lib/gcc/nios2-elf/4.1.2/../../../../nios2-elf/lib\libc.a(lib_a-memcpy.o)
 .data          0x08000720        0x0 c:/altera/13.0/nios2eds/bin/gnu/h-i686-mingw32/bin/../lib/gcc/nios2-elf/4.1.2/../../../../nios2-elf/lib\libc.a(lib_a-memset.o)
 .data          0x08000720        0x0 c:/altera/13.0/nios2eds/bin/gnu/h-i686-mingw32/bin/../lib/gcc/nios2-elf/4.1.2/../../../../nios2-elf/lib\libc.a(lib_a-printf.o)
 .data          0x08000720        0x0 c:/altera/13.0/nios2eds/bin/gnu/h-i686-mingw32/bin/../lib/gcc/nios2-elf/4.1.2/../../../../nios2-elf/lib\libc.a(lib_a-puts.o)
 .data          0x08000720        0x0 c:/altera/13.0/nios2eds/bin/gnu/h-i686-mingw32/bin/../lib/gcc/nios2-elf/4.1.2/../../../../nios2-elf/lib\libc.a(lib_a-strlen.o)
 .data          0x08000720        0x0 c:/altera/13.0/nios2eds/bin/gnu/h-i686-mingw32/bin/../lib/gcc/nios2-elf/4.1.2/../../../../nios2-elf/lib\libc.a(lib_a-vfprintf.o)
 .data          0x08000720        0x0 c:/altera/13.0/nios2eds/bin/gnu/h-i686-mingw32/bin/../lib/gcc/nios2-elf/4.1.2/../../../../nios2-elf/lib\libc.a(lib_a-wsetup.o)
 .data          0x08000720        0x0 c:/altera/13.0/nios2eds/bin/gnu/h-i686-mingw32/bin/../lib/gcc/nios2-elf/4.1.2/../../../../nios2-elf/lib\libc.a(lib_a-dtoa.o)
 .data          0x08000720        0x0 c:/altera/13.0/nios2eds/bin/gnu/h-i686-mingw32/bin/../lib/gcc/nios2-elf/4.1.2/../../../../nios2-elf/lib\libc.a(lib_a-fflush.o)
 .data          0x08000720        0x0 c:/altera/13.0/nios2eds/bin/gnu/h-i686-mingw32/bin/../lib/gcc/nios2-elf/4.1.2/../../../../nios2-elf/lib\libc.a(lib_a-findfp.o)
 .data          0x08000720        0x0 c:/altera/13.0/nios2eds/bin/gnu/h-i686-mingw32/bin/../lib/gcc/nios2-elf/4.1.2/../../../../nios2-elf/lib\libc.a(lib_a-freer.o)
 .data          0x08000720        0x0 c:/altera/13.0/nios2eds/bin/gnu/h-i686-mingw32/bin/../lib/gcc/nios2-elf/4.1.2/../../../../nios2-elf/lib\libc.a(lib_a-fvwrite.o)
 .data          0x08000720        0x0 c:/altera/13.0/nios2eds/bin/gnu/h-i686-mingw32/bin/../lib/gcc/nios2-elf/4.1.2/../../../../nios2-elf/lib\libc.a(lib_a-fwalk.o)
 .data          0x08000720      0x400 c:/altera/13.0/nios2eds/bin/gnu/h-i686-mingw32/bin/../lib/gcc/nios2-elf/4.1.2/../../../../nios2-elf/lib\libc.a(lib_a-impure.o)
 .data          0x08000b20        0xc c:/altera/13.0/nios2eds/bin/gnu/h-i686-mingw32/bin/../lib/gcc/nios2-elf/4.1.2/../../../../nios2-elf/lib\libc.a(lib_a-locale.o)
                0x08000b20                __lc_ctype
 .data          0x08000b2c        0x0 c:/altera/13.0/nios2eds/bin/gnu/h-i686-mingw32/bin/../lib/gcc/nios2-elf/4.1.2/../../../../nios2-elf/lib\libc.a(lib_a-makebuf.o)
 .data          0x08000b2c      0x408 c:/altera/13.0/nios2eds/bin/gnu/h-i686-mingw32/bin/../lib/gcc/nios2-elf/4.1.2/../../../../nios2-elf/lib\libc.a(lib_a-mallocr.o)
                0x08000b2c                __malloc_av_
 .data          0x08000f34        0x0 c:/altera/13.0/nios2eds/bin/gnu/h-i686-mingw32/bin/../lib/gcc/nios2-elf/4.1.2/../../../../nios2-elf/lib\libc.a(lib_a-memchr.o)
 .data          0x08000f34        0x0 c:/altera/13.0/nios2eds/bin/gnu/h-i686-mingw32/bin/../lib/gcc/nios2-elf/4.1.2/../../../../nios2-elf/lib\libc.a(lib_a-memmove.o)
 .data          0x08000f34        0x0 c:/altera/13.0/nios2eds/bin/gnu/h-i686-mingw32/bin/../lib/gcc/nios2-elf/4.1.2/../../../../nios2-elf/lib\libc.a(lib_a-mprec.o)
 .data          0x08000f34        0x0 c:/altera/13.0/nios2eds/bin/gnu/h-i686-mingw32/bin/../lib/gcc/nios2-elf/4.1.2/../../../../nios2-elf/lib\libc.a(lib_a-reallocr.o)
 .data          0x08000f34        0x0 c:/altera/13.0/nios2eds/bin/gnu/h-i686-mingw32/bin/../lib/gcc/nios2-elf/4.1.2/../../../../nios2-elf/lib\libc.a(lib_a-s_isinfd.o)
 .data          0x08000f34        0x0 c:/altera/13.0/nios2eds/bin/gnu/h-i686-mingw32/bin/../lib/gcc/nios2-elf/4.1.2/../../../../nios2-elf/lib\libc.a(lib_a-s_isnand.o)
 .data          0x08000f34        0x0 c:/altera/13.0/nios2eds/bin/gnu/h-i686-mingw32/bin/../lib/gcc/nios2-elf/4.1.2/../../../../nios2-elf/lib\libc.a(lib_a-sbrkr.o)
 .data          0x08000f34        0x0 c:/altera/13.0/nios2eds/bin/gnu/h-i686-mingw32/bin/../lib/gcc/nios2-elf/4.1.2/../../../../nios2-elf/lib\libc.a(lib_a-stdio.o)
 .data          0x08000f34        0x0 c:/altera/13.0/nios2eds/bin/gnu/h-i686-mingw32/bin/../lib/gcc/nios2-elf/4.1.2/../../../../nios2-elf/lib\libc.a(lib_a-strcmp.o)
 .data          0x08000f34        0x0 c:/altera/13.0/nios2eds/bin/gnu/h-i686-mingw32/bin/../lib/gcc/nios2-elf/4.1.2/../../../../nios2-elf/lib\libc.a(lib_a-writer.o)
 .data          0x08000f34        0x0 c:/altera/13.0/nios2eds/bin/gnu/h-i686-mingw32/bin/../lib/gcc/nios2-elf/4.1.2/../../../../nios2-elf/lib\libc.a(lib_a-callocr.o)
 .data          0x08000f34        0x0 c:/altera/13.0/nios2eds/bin/gnu/h-i686-mingw32/bin/../lib/gcc/nios2-elf/4.1.2/../../../../nios2-elf/lib\libc.a(lib_a-closer.o)
 .data          0x08000f34        0x0 c:/altera/13.0/nios2eds/bin/gnu/h-i686-mingw32/bin/../lib/gcc/nios2-elf/4.1.2/../../../../nios2-elf/lib\libc.a(lib_a-fclose.o)
 .data          0x08000f34        0x0 c:/altera/13.0/nios2eds/bin/gnu/h-i686-mingw32/bin/../lib/gcc/nios2-elf/4.1.2/../../../../nios2-elf/lib\libc.a(lib_a-fstatr.o)
 .data          0x08000f34        0x0 c:/altera/13.0/nios2eds/bin/gnu/h-i686-mingw32/bin/../lib/gcc/nios2-elf/4.1.2/../../../../nios2-elf/lib\libc.a(lib_a-int_errno.o)
 .data          0x08000f34        0x0 c:/altera/13.0/nios2eds/bin/gnu/h-i686-mingw32/bin/../lib/gcc/nios2-elf/4.1.2/../../../../nios2-elf/lib\libc.a(lib_a-isattyr.o)
 .data          0x08000f34        0x0 c:/altera/13.0/nios2eds/bin/gnu/h-i686-mingw32/bin/../lib/gcc/nios2-elf/4.1.2/../../../../nios2-elf/lib\libc.a(lib_a-lseekr.o)
 .data          0x08000f34        0x0 c:/altera/13.0/nios2eds/bin/gnu/h-i686-mingw32/bin/../lib/gcc/nios2-elf/4.1.2/../../../../nios2-elf/lib\libc.a(lib_a-readr.o)
 .data          0x08000f34        0x0 c:/altera/13.0/nios2eds/bin/gnu/h-i686-mingw32/bin/../lib/gcc/nios2-elf/4.1.2\libgcc.a(_udivdi3.o)
 .data          0x08000f34        0x0 c:/altera/13.0/nios2eds/bin/gnu/h-i686-mingw32/bin/../lib/gcc/nios2-elf/4.1.2\libgcc.a(_umoddi3.o)
 .data          0x08000f34        0x0 c:/altera/13.0/nios2eds/bin/gnu/h-i686-mingw32/bin/../lib/gcc/nios2-elf/4.1.2\libgcc.a(_ne_df.o)
 .data          0x08000f34        0x0 c:/altera/13.0/nios2eds/bin/gnu/h-i686-mingw32/bin/../lib/gcc/nios2-elf/4.1.2\libgcc.a(_gt_df.o)
 .data          0x08000f34        0x0 c:/altera/13.0/nios2eds/bin/gnu/h-i686-mingw32/bin/../lib/gcc/nios2-elf/4.1.2\libgcc.a(_ge_df.o)
 .data          0x08000f34        0x0 c:/altera/13.0/nios2eds/bin/gnu/h-i686-mingw32/bin/../lib/gcc/nios2-elf/4.1.2\libgcc.a(_lt_df.o)
 .data          0x08000f34        0x0 c:/altera/13.0/nios2eds/bin/gnu/h-i686-mingw32/bin/../lib/gcc/nios2-elf/4.1.2\libgcc.a(_df_to_si.o)
 .data          0x08000f34        0x0 c:/altera/13.0/nios2eds/bin/gnu/h-i686-mingw32/bin/../lib/gcc/nios2-elf/4.1.2\libgcc.a(lib2-divmod.o)
 .data          0x08000f34        0x0 D:/cs723-assignment1/software/freertos_test_bsp/\libhal_bsp.a(alt_close.o)
 .data          0x08000f34      0x1a8 D:/cs723-assignment1/software/freertos_test_bsp/\libhal_bsp.a(alt_dev.o)
                0x08000f34                alt_dev_null
                0x08000f5c                alt_fd_list
 .data          0x080010dc        0x0 D:/cs723-assignment1/software/freertos_test_bsp/\libhal_bsp.a(alt_errno.o)
 .data          0x080010dc        0x0 D:/cs723-assignment1/software/freertos_test_bsp/\libhal_bsp.a(alt_fstat.o)
 .data          0x080010dc        0x0 D:/cs723-assignment1/software/freertos_test_bsp/\libhal_bsp.a(alt_irq_handler.o)
 .data          0x080010dc        0x0 D:/cs723-assignment1/software/freertos_test_bsp/\libhal_bsp.a(alt_irq_vars.o)
 .data          0x080010dc        0x0 D:/cs723-assignment1/software/freertos_test_bsp/\libhal_bsp.a(alt_isatty.o)
 .data          0x080010dc        0x0 D:/cs723-assignment1/software/freertos_test_bsp/\libhal_bsp.a(alt_lseek.o)
 .data          0x080010dc        0x0 D:/cs723-assignment1/software/freertos_test_bsp/\libhal_bsp.a(alt_main.o)
 .data          0x080010dc        0x0 D:/cs723-assignment1/software/freertos_test_bsp/\libhal_bsp.a(alt_malloc_lock.o)
 .data          0x080010dc        0x0 D:/cs723-assignment1/software/freertos_test_bsp/\libhal_bsp.a(alt_read.o)
 .data          0x080010dc        0x0 D:/cs723-assignment1/software/freertos_test_bsp/\libhal_bsp.a(alt_release_fd.o)
 .data          0x080010dc        0x0 D:/cs723-assignment1/software/freertos_test_bsp/\libhal_bsp.a(alt_sbrk.o)
 .data          0x080010dc        0x0 D:/cs723-assignment1/software/freertos_test_bsp/\libhal_bsp.a(alt_write.o)
 .data          0x080010dc     0x13f0 D:/cs723-assignment1/software/freertos_test_bsp/\libhal_bsp.a(alt_sys_init.o)
 .data          0x080024cc        0x0 D:/cs723-assignment1/software/freertos_test_bsp/\libhal_bsp.a(altera_avalon_cfi_flash.o)
 .data          0x080024cc        0x0 D:/cs723-assignment1/software/freertos_test_bsp/\libhal_bsp.a(altera_avalon_cfi_flash_table.o)
 .data          0x080024cc        0x0 D:/cs723-assignment1/software/freertos_test_bsp/\libhal_bsp.a(altera_avalon_jtag_uart_fd.o)
 .data          0x080024cc        0x0 D:/cs723-assignment1/software/freertos_test_bsp/\libhal_bsp.a(altera_avalon_jtag_uart_init.o)
 .data          0x080024cc        0x0 D:/cs723-assignment1/software/freertos_test_bsp/\libhal_bsp.a(altera_avalon_jtag_uart_ioctl.o)
 .data          0x080024cc        0x0 D:/cs723-assignment1/software/freertos_test_bsp/\libhal_bsp.a(altera_avalon_jtag_uart_read.o)
 .data          0x080024cc        0x0 D:/cs723-assignment1/software/freertos_test_bsp/\libhal_bsp.a(altera_avalon_jtag_uart_write.o)
 .data          0x080024cc        0x0 D:/cs723-assignment1/software/freertos_test_bsp/\libhal_bsp.a(altera_avalon_lcd_16207.o)
 .data          0x080024cc        0x0 D:/cs723-assignment1/software/freertos_test_bsp/\libhal_bsp.a(altera_avalon_lcd_16207_fd.o)
 .data          0x080024cc        0x0 D:/cs723-assignment1/software/freertos_test_bsp/\libhal_bsp.a(altera_avalon_timer_sc.o)
 .data          0x080024cc        0x0 D:/cs723-assignment1/software/freertos_test_bsp/\libhal_bsp.a(altera_avalon_uart_fd.o)
 .data          0x080024cc        0x0 D:/cs723-assignment1/software/freertos_test_bsp/\libhal_bsp.a(altera_avalon_uart_init.o)
 .data          0x080024cc        0x0 D:/cs723-assignment1/software/freertos_test_bsp/\libhal_bsp.a(altera_avalon_uart_read.o)
 .data          0x080024cc        0x0 D:/cs723-assignment1/software/freertos_test_bsp/\libhal_bsp.a(altera_avalon_uart_write.o)
 .data          0x080024cc        0x0 D:/cs723-assignment1/software/freertos_test_bsp/\libhal_bsp.a(altera_up_avalon_ps2.o)
 .data          0x080024cc        0x0 D:/cs723-assignment1/software/freertos_test_bsp/\libhal_bsp.a(altera_up_avalon_video_character_buffer_with_dma.o)
 .data          0x080024cc        0x0 D:/cs723-assignment1/software/freertos_test_bsp/\libhal_bsp.a(alt_alarm_start.o)
 .data          0x080024cc        0x0 D:/cs723-assignment1/software/freertos_test_bsp/\libhal_bsp.a(alt_dcache_flush.o)
 .data          0x080024cc        0x0 D:/cs723-assignment1/software/freertos_test_bsp/\libhal_bsp.a(alt_dev_llist_insert.o)
 .data          0x080024cc        0x0 D:/cs723-assignment1/software/freertos_test_bsp/\libhal_bsp.a(alt_do_ctors.o)
 .data          0x080024cc        0x0 D:/cs723-assignment1/software/freertos_test_bsp/\libhal_bsp.a(alt_do_dtors.o)
 .data          0x080024cc        0x0 D:/cs723-assignment1/software/freertos_test_bsp/\libhal_bsp.a(alt_find_dev.o)
 .data          0x080024cc        0x0 D:/cs723-assignment1/software/freertos_test_bsp/\libhal_bsp.a(alt_flash_dev.o)
 .data          0x080024cc        0x0 D:/cs723-assignment1/software/freertos_test_bsp/\libhal_bsp.a(alt_io_redirect.o)
 .data          0x080024cc        0x0 D:/cs723-assignment1/software/freertos_test_bsp/\libhal_bsp.a(alt_open.o)
 .data          0x080024cc        0x0 D:/cs723-assignment1/software/freertos_test_bsp/\libhal_bsp.a(alt_tick.o)
 .data          0x080024cc        0x0 D:/cs723-assignment1/software/freertos_test_bsp/\libhal_bsp.a(alt_usleep.o)
 .data          0x080024cc        0x0 D:/cs723-assignment1/software/freertos_test_bsp/\libhal_bsp.a(altera_nios2_qsys_irq.o)
 .data          0x080024cc        0x0 D:/cs723-assignment1/software/freertos_test_bsp/\libhal_bsp.a(altera_avalon_cfi_flash_amd.o)
 .data          0x080024cc        0x0 D:/cs723-assignment1/software/freertos_test_bsp/\libhal_bsp.a(altera_avalon_cfi_flash_intel.o)
 .data          0x080024cc        0x0 D:/cs723-assignment1/software/freertos_test_bsp/\libhal_bsp.a(alt_busy_sleep.o)
 .data          0x080024cc        0x0 D:/cs723-assignment1/software/freertos_test_bsp/\libhal_bsp.a(alt_find_file.o)
 .data          0x080024cc        0x0 D:/cs723-assignment1/software/freertos_test_bsp/\libhal_bsp.a(alt_get_fd.o)
 .data          0x080024cc        0x0 c:/altera/13.0/nios2eds/bin/gnu/h-i686-mingw32/bin/../lib/gcc/nios2-elf/4.1.2/../../../../nios2-elf/lib\libc.a(lib_a-atexit.o)
 .data          0x080024cc        0x0 c:/altera/13.0/nios2eds/bin/gnu/h-i686-mingw32/bin/../lib/gcc/nios2-elf/4.1.2/../../../../nios2-elf/lib\libc.a(lib_a-ctype_.o)
 .data          0x080024cc        0x0 c:/altera/13.0/nios2eds/bin/gnu/h-i686-mingw32/bin/../lib/gcc/nios2-elf/4.1.2/../../../../nios2-elf/lib\libc.a(lib_a-exit.o)
 .data          0x080024cc        0x0 c:/altera/13.0/nios2eds/bin/gnu/h-i686-mingw32/bin/../lib/gcc/nios2-elf/4.1.2/../../../../nios2-elf/lib\libc.a(lib_a-__atexit.o)
 .data          0x080024cc        0x0 c:/altera/13.0/nios2eds/bin/gnu/h-i686-mingw32/bin/../lib/gcc/nios2-elf/4.1.2/../../../../nios2-elf/lib\libc.a(lib_a-__call_atexit.o)
 .data          0x080024cc        0x0 D:/cs723-assignment1/software/freertos_test_bsp/\libhal_bsp.a(alt_exit.o)
                0x0800a4cc                _gp = ABSOLUTE ((. + 0x8000))
                0x0800a4cc                PROVIDE (gp, _gp)
 *(.rwdata .rwdata.*)
 *(.sdata .sdata.* .gnu.linkonce.s.*)
 .sdata         0x080024cc        0xc obj/default//D/cs723-assignment1/software/freertos_test/freertos/heap.o
 .sdata         0x080024d8        0x4 obj/default//D/cs723-assignment1/software/freertos_test/freertos/tasks.o
 .sdata         0x080024dc        0x8 obj/default//D/cs723-assignment1/software/freertos_test/freertos_test.o
 .sdata         0x080024e4        0x8 c:/altera/13.0/nios2eds/bin/gnu/h-i686-mingw32/bin/../lib/gcc/nios2-elf/4.1.2/../../../../nios2-elf/lib\libc.a(lib_a-impure.o)
                0x080024e4                _impure_ptr
                0x080024e8                _global_impure_ptr
 .sdata         0x080024ec        0x8 c:/altera/13.0/nios2eds/bin/gnu/h-i686-mingw32/bin/../lib/gcc/nios2-elf/4.1.2/../../../../nios2-elf/lib\libc.a(lib_a-locale.o)
                0x080024ec                __mb_cur_max
 .sdata         0x080024f4        0x8 c:/altera/13.0/nios2eds/bin/gnu/h-i686-mingw32/bin/../lib/gcc/nios2-elf/4.1.2/../../../../nios2-elf/lib\libc.a(lib_a-mallocr.o)
                0x080024f4                __malloc_trim_threshold
                0x080024f8                __malloc_sbrk_base
 .sdata         0x080024fc       0x14 D:/cs723-assignment1/software/freertos_test_bsp/\libhal_bsp.a(alt_dev.o)
                0x080024fc                alt_fs_list
                0x08002504                alt_dev_list
                0x0800250c                alt_max_fd
 .sdata         0x08002510        0x4 D:/cs723-assignment1/software/freertos_test_bsp/\libhal_bsp.a(alt_errno.o)
                0x08002510                alt_errno
 .sdata         0x08002514        0x4 D:/cs723-assignment1/software/freertos_test_bsp/\libhal_bsp.a(alt_irq_vars.o)
                0x08002514                alt_priority_mask
 .sdata         0x08002518        0x4 D:/cs723-assignment1/software/freertos_test_bsp/\libhal_bsp.a(alt_sbrk.o)
 .sdata         0x0800251c        0x4 D:/cs723-assignment1/software/freertos_test_bsp/\libhal_bsp.a(altera_avalon_lcd_16207.o)
 .sdata         0x08002520        0x8 D:/cs723-assignment1/software/freertos_test_bsp/\libhal_bsp.a(alt_flash_dev.o)
                0x08002520                alt_flash_dev_list
 .sdata         0x08002528        0x8 D:/cs723-assignment1/software/freertos_test_bsp/\libhal_bsp.a(alt_tick.o)
                0x08002528                alt_alarm_list
 .sdata         0x08002530        0x4 c:/altera/13.0/nios2eds/bin/gnu/h-i686-mingw32/bin/../lib/gcc/nios2-elf/4.1.2/../../../../nios2-elf/lib\libc.a(lib_a-ctype_.o)
                0x08002530                __ctype_ptr
 *(.sdata2 .sdata2.* .gnu.linkonce.s2.*)
                0x08002534                . = ALIGN (0x4)
                0x08002534                _edata = ABSOLUTE (.)
                0x08002534                PROVIDE (edata, ABSOLUTE (.))
                0x08002534                PROVIDE (__ram_rwdata_end, ABSOLUTE (.))
                0x08000720                PROVIDE (__flash_rwdata_start, LOADADDR (.rwdata))

.bss            0x08002534    0x7d530
                0x08002534                __bss_start = ABSOLUTE (.)
                0x08002534                PROVIDE (__sbss_start, ABSOLUTE (.))
                0x08002534                PROVIDE (___sbss_start, ABSOLUTE (.))
 *(.dynsbss)
 *(.sbss .sbss.* .gnu.linkonce.sb.*)
 .sbss          0x08002534       0x1c obj/default//D/cs723-assignment1/software/freertos_test/freertos/croutine.o
                0x08002534                pxCurrentCoRoutine
 .sbss          0x08002550        0xc obj/default//D/cs723-assignment1/software/freertos_test/freertos/heap.o
 .sbss          0x0800255c       0x34 obj/default//D/cs723-assignment1/software/freertos_test/freertos/tasks.o
                0x0800255c                pxCurrentTCB
 .sbss          0x08002590       0x10 obj/default//D/cs723-assignment1/software/freertos_test/freertos/timers.o
 .sbss          0x080025a0        0x4 obj/default//D/cs723-assignment1/software/freertos_test/freertos_test.o
 .sbss          0x080025a4        0x8 obj/default//D/cs723-assignment1/software/freertos_test/freertos_test.o
                0x080025a4                freq_buffer_sem
                0x080025a8                HW_dataQ
 .sbss          0x080025ac        0xc c:/altera/13.0/nios2eds/bin/gnu/h-i686-mingw32/bin/../lib/gcc/nios2-elf/4.1.2/../../../../nios2-elf/lib\libc.a(lib_a-locale.o)
                0x080025ac                __nlocale_changed
                0x080025b0                __mlocale_changed
                0x080025b4                _PathLocale
 .sbss          0x080025b8        0xc c:/altera/13.0/nios2eds/bin/gnu/h-i686-mingw32/bin/../lib/gcc/nios2-elf/4.1.2/../../../../nios2-elf/lib\libc.a(lib_a-mallocr.o)
                0x080025b8                __malloc_top_pad
                0x080025bc                __malloc_max_sbrked_mem
                0x080025c0                __malloc_max_total_mem
 .sbss          0x080025c4        0x4 c:/altera/13.0/nios2eds/bin/gnu/h-i686-mingw32/bin/../lib/gcc/nios2-elf/4.1.2/../../../../nios2-elf/lib\libc.a(lib_a-int_errno.o)
                0x080025c4                errno
 .sbss          0x080025c8        0x4 D:/cs723-assignment1/software/freertos_test_bsp/\libhal_bsp.a(alt_irq_vars.o)
                0x080025c8                alt_irq_active
 .sbss          0x080025cc        0xc D:/cs723-assignment1/software/freertos_test_bsp/\libhal_bsp.a(alt_main.o)
                0x080025cc                alt_argc
                0x080025d0                alt_argv
                0x080025d4                alt_envp
 .sbss          0x080025d8        0x8 D:/cs723-assignment1/software/freertos_test_bsp/\libhal_bsp.a(alt_tick.o)
                0x080025d8                _alt_tick_rate
                0x080025dc                _alt_nticks
 *(.sbss2 .sbss2.* .gnu.linkonce.sb2.*)
 *(.scommon)
                0x080025e0                PROVIDE (__sbss_end, ABSOLUTE (.))
                0x080025e0                PROVIDE (___sbss_end, ABSOLUTE (.))
 *(.dynbss)
 *(.bss .bss.* .gnu.linkonce.b.*)
 .bss           0x080025e0        0x0 D:/cs723-assignment1/software/freertos_test_bsp//obj/HAL/src/crt0.o
 .bss           0x080025e0       0x64 obj/default//D/cs723-assignment1/software/freertos_test/freertos/croutine.o
 .bss           0x08002644        0x0 obj/default//D/cs723-assignment1/software/freertos_test/freertos/event_groups.o
 .bss           0x08002644    0x7d000 obj/default//D/cs723-assignment1/software/freertos_test/freertos/heap.o
 .bss           0x0807f644        0x0 obj/default//D/cs723-assignment1/software/freertos_test/freertos/list.o
 .bss           0x0807f644        0x0 obj/default//D/cs723-assignment1/software/freertos_test/freertos/port.o
 .bss           0x0807f644        0x0 obj/default//D/cs723-assignment1/software/freertos_test/freertos/queue.o
 .bss           0x0807f644      0x140 obj/default//D/cs723-assignment1/software/freertos_test/freertos/tasks.o
 .bss           0x0807f784       0x28 obj/default//D/cs723-assignment1/software/freertos_test/freertos/timers.o
 .bss           0x0807f7ac        0x0 obj/default//D/cs723-assignment1/software/freertos_test/freertos_test.o
 .bss           0x0807f7ac        0x0 obj/default//D/cs723-assignment1/software/freertos_test/freertos/port_asm.o
 .bss           0x0807f7ac        0x0 c:/altera/13.0/nios2eds/bin/gnu/h-i686-mingw32/bin/../lib/gcc/nios2-elf/4.1.2\libgcc.a(_addsub_df.o)
 .bss           0x0807f7ac        0x0 c:/altera/13.0/nios2eds/bin/gnu/h-i686-mingw32/bin/../lib/gcc/nios2-elf/4.1.2\libgcc.a(_mul_df.o)
 .bss           0x0807f7ac        0x0 c:/altera/13.0/nios2eds/bin/gnu/h-i686-mingw32/bin/../lib/gcc/nios2-elf/4.1.2\libgcc.a(_div_df.o)
 .bss           0x0807f7ac        0x0 c:/altera/13.0/nios2eds/bin/gnu/h-i686-mingw32/bin/../lib/gcc/nios2-elf/4.1.2\libgcc.a(_eq_df.o)
 .bss           0x0807f7ac        0x0 c:/altera/13.0/nios2eds/bin/gnu/h-i686-mingw32/bin/../lib/gcc/nios2-elf/4.1.2\libgcc.a(_si_to_df.o)
 .bss           0x0807f7ac        0x0 c:/altera/13.0/nios2eds/bin/gnu/h-i686-mingw32/bin/../lib/gcc/nios2-elf/4.1.2\libgcc.a(_thenan_df.o)
 .bss           0x0807f7ac        0x0 c:/altera/13.0/nios2eds/bin/gnu/h-i686-mingw32/bin/../lib/gcc/nios2-elf/4.1.2\libgcc.a(_usi_to_df.o)
 .bss           0x0807f7ac        0x0 c:/altera/13.0/nios2eds/bin/gnu/h-i686-mingw32/bin/../lib/gcc/nios2-elf/4.1.2\libgcc.a(_muldi3.o)
 .bss           0x0807f7ac        0x0 c:/altera/13.0/nios2eds/bin/gnu/h-i686-mingw32/bin/../lib/gcc/nios2-elf/4.1.2\libgcc.a(_clzsi2.o)
 .bss           0x0807f7ac        0x0 c:/altera/13.0/nios2eds/bin/gnu/h-i686-mingw32/bin/../lib/gcc/nios2-elf/4.1.2\libgcc.a(_pack_df.o)
 .bss           0x0807f7ac        0x0 c:/altera/13.0/nios2eds/bin/gnu/h-i686-mingw32/bin/../lib/gcc/nios2-elf/4.1.2\libgcc.a(_unpack_df.o)
 .bss           0x0807f7ac        0x0 c:/altera/13.0/nios2eds/bin/gnu/h-i686-mingw32/bin/../lib/gcc/nios2-elf/4.1.2\libgcc.a(_fpcmp_parts_df.o)
 .bss           0x0807f7ac        0x0 c:/altera/13.0/nios2eds/bin/gnu/h-i686-mingw32/bin/../lib/gcc/nios2-elf/4.1.2\libgcc.a(_clz.o)
 .bss           0x0807f7ac        0x0 c:/altera/13.0/nios2eds/bin/gnu/h-i686-mingw32/bin/../lib/gcc/nios2-elf/4.1.2/../../../../nios2-elf/lib\libc.a(lib_a-memcmp.o)
 .bss           0x0807f7ac        0x0 c:/altera/13.0/nios2eds/bin/gnu/h-i686-mingw32/bin/../lib/gcc/nios2-elf/4.1.2/../../../../nios2-elf/lib\libc.a(lib_a-memcpy.o)
 .bss           0x0807f7ac        0x0 c:/altera/13.0/nios2eds/bin/gnu/h-i686-mingw32/bin/../lib/gcc/nios2-elf/4.1.2/../../../../nios2-elf/lib\libc.a(lib_a-memset.o)
 .bss           0x0807f7ac        0x0 c:/altera/13.0/nios2eds/bin/gnu/h-i686-mingw32/bin/../lib/gcc/nios2-elf/4.1.2/../../../../nios2-elf/lib\libc.a(lib_a-printf.o)
 .bss           0x0807f7ac        0x0 c:/altera/13.0/nios2eds/bin/gnu/h-i686-mingw32/bin/../lib/gcc/nios2-elf/4.1.2/../../../../nios2-elf/lib\libc.a(lib_a-puts.o)
 .bss           0x0807f7ac        0x0 c:/altera/13.0/nios2eds/bin/gnu/h-i686-mingw32/bin/../lib/gcc/nios2-elf/4.1.2/../../../../nios2-elf/lib\libc.a(lib_a-strlen.o)
 .bss           0x0807f7ac        0x0 c:/altera/13.0/nios2eds/bin/gnu/h-i686-mingw32/bin/../lib/gcc/nios2-elf/4.1.2/../../../../nios2-elf/lib\libc.a(lib_a-vfprintf.o)
 .bss           0x0807f7ac        0x0 c:/altera/13.0/nios2eds/bin/gnu/h-i686-mingw32/bin/../lib/gcc/nios2-elf/4.1.2/../../../../nios2-elf/lib\libc.a(lib_a-wsetup.o)
 .bss           0x0807f7ac        0x0 c:/altera/13.0/nios2eds/bin/gnu/h-i686-mingw32/bin/../lib/gcc/nios2-elf/4.1.2/../../../../nios2-elf/lib\libc.a(lib_a-dtoa.o)
 .bss           0x0807f7ac        0x0 c:/altera/13.0/nios2eds/bin/gnu/h-i686-mingw32/bin/../lib/gcc/nios2-elf/4.1.2/../../../../nios2-elf/lib\libc.a(lib_a-fflush.o)
 .bss           0x0807f7ac        0x0 c:/altera/13.0/nios2eds/bin/gnu/h-i686-mingw32/bin/../lib/gcc/nios2-elf/4.1.2/../../../../nios2-elf/lib\libc.a(lib_a-findfp.o)
 .bss           0x0807f7ac        0x0 c:/altera/13.0/nios2eds/bin/gnu/h-i686-mingw32/bin/../lib/gcc/nios2-elf/4.1.2/../../../../nios2-elf/lib\libc.a(lib_a-freer.o)
 .bss           0x0807f7ac        0x0 c:/altera/13.0/nios2eds/bin/gnu/h-i686-mingw32/bin/../lib/gcc/nios2-elf/4.1.2/../../../../nios2-elf/lib\libc.a(lib_a-fvwrite.o)
 .bss           0x0807f7ac        0x0 c:/altera/13.0/nios2eds/bin/gnu/h-i686-mingw32/bin/../lib/gcc/nios2-elf/4.1.2/../../../../nios2-elf/lib\libc.a(lib_a-fwalk.o)
 .bss           0x0807f7ac        0x0 c:/altera/13.0/nios2eds/bin/gnu/h-i686-mingw32/bin/../lib/gcc/nios2-elf/4.1.2/../../../../nios2-elf/lib\libc.a(lib_a-impure.o)
 .bss           0x0807f7ac        0x0 c:/altera/13.0/nios2eds/bin/gnu/h-i686-mingw32/bin/../lib/gcc/nios2-elf/4.1.2/../../../../nios2-elf/lib\libc.a(lib_a-locale.o)
 .bss           0x0807f7ac        0x0 c:/altera/13.0/nios2eds/bin/gnu/h-i686-mingw32/bin/../lib/gcc/nios2-elf/4.1.2/../../../../nios2-elf/lib\libc.a(lib_a-makebuf.o)
 .bss           0x0807f7ac       0x28 c:/altera/13.0/nios2eds/bin/gnu/h-i686-mingw32/bin/../lib/gcc/nios2-elf/4.1.2/../../../../nios2-elf/lib\libc.a(lib_a-mallocr.o)
                0x0807f7ac                __malloc_current_mallinfo
 .bss           0x0807f7d4        0x0 c:/altera/13.0/nios2eds/bin/gnu/h-i686-mingw32/bin/../lib/gcc/nios2-elf/4.1.2/../../../../nios2-elf/lib\libc.a(lib_a-memchr.o)
 .bss           0x0807f7d4        0x0 c:/altera/13.0/nios2eds/bin/gnu/h-i686-mingw32/bin/../lib/gcc/nios2-elf/4.1.2/../../../../nios2-elf/lib\libc.a(lib_a-memmove.o)
 .bss           0x0807f7d4        0x0 c:/altera/13.0/nios2eds/bin/gnu/h-i686-mingw32/bin/../lib/gcc/nios2-elf/4.1.2/../../../../nios2-elf/lib\libc.a(lib_a-mprec.o)
 .bss           0x0807f7d4        0x0 c:/altera/13.0/nios2eds/bin/gnu/h-i686-mingw32/bin/../lib/gcc/nios2-elf/4.1.2/../../../../nios2-elf/lib\libc.a(lib_a-reallocr.o)
 .bss           0x0807f7d4        0x0 c:/altera/13.0/nios2eds/bin/gnu/h-i686-mingw32/bin/../lib/gcc/nios2-elf/4.1.2/../../../../nios2-elf/lib\libc.a(lib_a-s_isinfd.o)
 .bss           0x0807f7d4        0x0 c:/altera/13.0/nios2eds/bin/gnu/h-i686-mingw32/bin/../lib/gcc/nios2-elf/4.1.2/../../../../nios2-elf/lib\libc.a(lib_a-s_isnand.o)
 .bss           0x0807f7d4        0x0 c:/altera/13.0/nios2eds/bin/gnu/h-i686-mingw32/bin/../lib/gcc/nios2-elf/4.1.2/../../../../nios2-elf/lib\libc.a(lib_a-sbrkr.o)
 .bss           0x0807f7d4        0x0 c:/altera/13.0/nios2eds/bin/gnu/h-i686-mingw32/bin/../lib/gcc/nios2-elf/4.1.2/../../../../nios2-elf/lib\libc.a(lib_a-stdio.o)
 .bss           0x0807f7d4        0x0 c:/altera/13.0/nios2eds/bin/gnu/h-i686-mingw32/bin/../lib/gcc/nios2-elf/4.1.2/../../../../nios2-elf/lib\libc.a(lib_a-strcmp.o)
 .bss           0x0807f7d4        0x0 c:/altera/13.0/nios2eds/bin/gnu/h-i686-mingw32/bin/../lib/gcc/nios2-elf/4.1.2/../../../../nios2-elf/lib\libc.a(lib_a-writer.o)
 .bss           0x0807f7d4        0x0 c:/altera/13.0/nios2eds/bin/gnu/h-i686-mingw32/bin/../lib/gcc/nios2-elf/4.1.2/../../../../nios2-elf/lib\libc.a(lib_a-callocr.o)
 .bss           0x0807f7d4        0x0 c:/altera/13.0/nios2eds/bin/gnu/h-i686-mingw32/bin/../lib/gcc/nios2-elf/4.1.2/../../../../nios2-elf/lib\libc.a(lib_a-closer.o)
 .bss           0x0807f7d4        0x0 c:/altera/13.0/nios2eds/bin/gnu/h-i686-mingw32/bin/../lib/gcc/nios2-elf/4.1.2/../../../../nios2-elf/lib\libc.a(lib_a-fclose.o)
 .bss           0x0807f7d4        0x0 c:/altera/13.0/nios2eds/bin/gnu/h-i686-mingw32/bin/../lib/gcc/nios2-elf/4.1.2/../../../../nios2-elf/lib\libc.a(lib_a-fstatr.o)
 .bss           0x0807f7d4        0x0 c:/altera/13.0/nios2eds/bin/gnu/h-i686-mingw32/bin/../lib/gcc/nios2-elf/4.1.2/../../../../nios2-elf/lib\libc.a(lib_a-int_errno.o)
 .bss           0x0807f7d4        0x0 c:/altera/13.0/nios2eds/bin/gnu/h-i686-mingw32/bin/../lib/gcc/nios2-elf/4.1.2/../../../../nios2-elf/lib\libc.a(lib_a-isattyr.o)
 .bss           0x0807f7d4        0x0 c:/altera/13.0/nios2eds/bin/gnu/h-i686-mingw32/bin/../lib/gcc/nios2-elf/4.1.2/../../../../nios2-elf/lib\libc.a(lib_a-lseekr.o)
 .bss           0x0807f7d4        0x0 c:/altera/13.0/nios2eds/bin/gnu/h-i686-mingw32/bin/../lib/gcc/nios2-elf/4.1.2/../../../../nios2-elf/lib\libc.a(lib_a-readr.o)
 .bss           0x0807f7d4        0x0 c:/altera/13.0/nios2eds/bin/gnu/h-i686-mingw32/bin/../lib/gcc/nios2-elf/4.1.2\libgcc.a(_udivdi3.o)
 .bss           0x0807f7d4        0x0 c:/altera/13.0/nios2eds/bin/gnu/h-i686-mingw32/bin/../lib/gcc/nios2-elf/4.1.2\libgcc.a(_umoddi3.o)
 .bss           0x0807f7d4        0x0 c:/altera/13.0/nios2eds/bin/gnu/h-i686-mingw32/bin/../lib/gcc/nios2-elf/4.1.2\libgcc.a(_ne_df.o)
 .bss           0x0807f7d4        0x0 c:/altera/13.0/nios2eds/bin/gnu/h-i686-mingw32/bin/../lib/gcc/nios2-elf/4.1.2\libgcc.a(_gt_df.o)
 .bss           0x0807f7d4        0x0 c:/altera/13.0/nios2eds/bin/gnu/h-i686-mingw32/bin/../lib/gcc/nios2-elf/4.1.2\libgcc.a(_ge_df.o)
 .bss           0x0807f7d4        0x0 c:/altera/13.0/nios2eds/bin/gnu/h-i686-mingw32/bin/../lib/gcc/nios2-elf/4.1.2\libgcc.a(_lt_df.o)
 .bss           0x0807f7d4        0x0 c:/altera/13.0/nios2eds/bin/gnu/h-i686-mingw32/bin/../lib/gcc/nios2-elf/4.1.2\libgcc.a(_df_to_si.o)
 .bss           0x0807f7d4        0x0 c:/altera/13.0/nios2eds/bin/gnu/h-i686-mingw32/bin/../lib/gcc/nios2-elf/4.1.2\libgcc.a(lib2-divmod.o)
 .bss           0x0807f7d4        0x0 D:/cs723-assignment1/software/freertos_test_bsp/\libhal_bsp.a(alt_close.o)
 .bss           0x0807f7d4        0x0 D:/cs723-assignment1/software/freertos_test_bsp/\libhal_bsp.a(alt_dev.o)
 .bss           0x0807f7d4        0x0 D:/cs723-assignment1/software/freertos_test_bsp/\libhal_bsp.a(alt_errno.o)
 .bss           0x0807f7d4        0x0 D:/cs723-assignment1/software/freertos_test_bsp/\libhal_bsp.a(alt_fstat.o)
 .bss           0x0807f7d4        0x0 D:/cs723-assignment1/software/freertos_test_bsp/\libhal_bsp.a(alt_irq_handler.o)
 .bss           0x0807f7d4        0x0 D:/cs723-assignment1/software/freertos_test_bsp/\libhal_bsp.a(alt_irq_vars.o)
 .bss           0x0807f7d4        0x0 D:/cs723-assignment1/software/freertos_test_bsp/\libhal_bsp.a(alt_isatty.o)
 .bss           0x0807f7d4        0x0 D:/cs723-assignment1/software/freertos_test_bsp/\libhal_bsp.a(alt_lseek.o)
 .bss           0x0807f7d4        0x0 D:/cs723-assignment1/software/freertos_test_bsp/\libhal_bsp.a(alt_main.o)
 .bss           0x0807f7d4        0x0 D:/cs723-assignment1/software/freertos_test_bsp/\libhal_bsp.a(alt_malloc_lock.o)
 .bss           0x0807f7d4        0x0 D:/cs723-assignment1/software/freertos_test_bsp/\libhal_bsp.a(alt_read.o)
 .bss           0x0807f7d4        0x0 D:/cs723-assignment1/software/freertos_test_bsp/\libhal_bsp.a(alt_release_fd.o)
 .bss           0x0807f7d4        0x0 D:/cs723-assignment1/software/freertos_test_bsp/\libhal_bsp.a(alt_sbrk.o)
 .bss           0x0807f7d4        0x0 D:/cs723-assignment1/software/freertos_test_bsp/\libhal_bsp.a(alt_write.o)
 .bss           0x0807f7d4        0x0 D:/cs723-assignment1/software/freertos_test_bsp/\libhal_bsp.a(alt_sys_init.o)
 .bss           0x0807f7d4        0x0 D:/cs723-assignment1/software/freertos_test_bsp/\libhal_bsp.a(altera_avalon_cfi_flash.o)
 .bss           0x0807f7d4        0x0 D:/cs723-assignment1/software/freertos_test_bsp/\libhal_bsp.a(altera_avalon_cfi_flash_table.o)
 .bss           0x0807f7d4        0x0 D:/cs723-assignment1/software/freertos_test_bsp/\libhal_bsp.a(altera_avalon_jtag_uart_fd.o)
 .bss           0x0807f7d4        0x0 D:/cs723-assignment1/software/freertos_test_bsp/\libhal_bsp.a(altera_avalon_jtag_uart_init.o)
 .bss           0x0807f7d4        0x0 D:/cs723-assignment1/software/freertos_test_bsp/\libhal_bsp.a(altera_avalon_jtag_uart_ioctl.o)
 .bss           0x0807f7d4        0x0 D:/cs723-assignment1/software/freertos_test_bsp/\libhal_bsp.a(altera_avalon_jtag_uart_read.o)
 .bss           0x0807f7d4        0x0 D:/cs723-assignment1/software/freertos_test_bsp/\libhal_bsp.a(altera_avalon_jtag_uart_write.o)
 .bss           0x0807f7d4        0x0 D:/cs723-assignment1/software/freertos_test_bsp/\libhal_bsp.a(altera_avalon_lcd_16207.o)
 .bss           0x0807f7d4        0x0 D:/cs723-assignment1/software/freertos_test_bsp/\libhal_bsp.a(altera_avalon_lcd_16207_fd.o)
 .bss           0x0807f7d4        0x0 D:/cs723-assignment1/software/freertos_test_bsp/\libhal_bsp.a(altera_avalon_timer_sc.o)
 .bss           0x0807f7d4        0x0 D:/cs723-assignment1/software/freertos_test_bsp/\libhal_bsp.a(altera_avalon_uart_fd.o)
 .bss           0x0807f7d4        0x0 D:/cs723-assignment1/software/freertos_test_bsp/\libhal_bsp.a(altera_avalon_uart_init.o)
 .bss           0x0807f7d4        0x0 D:/cs723-assignment1/software/freertos_test_bsp/\libhal_bsp.a(altera_avalon_uart_read.o)
 .bss           0x0807f7d4        0x0 D:/cs723-assignment1/software/freertos_test_bsp/\libhal_bsp.a(altera_avalon_uart_write.o)
 .bss           0x0807f7d4        0x0 D:/cs723-assignment1/software/freertos_test_bsp/\libhal_bsp.a(altera_up_avalon_ps2.o)
 .bss           0x0807f7d4        0x0 D:/cs723-assignment1/software/freertos_test_bsp/\libhal_bsp.a(altera_up_avalon_video_character_buffer_with_dma.o)
 .bss           0x0807f7d4        0x0 D:/cs723-assignment1/software/freertos_test_bsp/\libhal_bsp.a(alt_alarm_start.o)
 .bss           0x0807f7d4        0x0 D:/cs723-assignment1/software/freertos_test_bsp/\libhal_bsp.a(alt_dcache_flush.o)
 .bss           0x0807f7d4        0x0 D:/cs723-assignment1/software/freertos_test_bsp/\libhal_bsp.a(alt_dev_llist_insert.o)
 .bss           0x0807f7d4        0x0 D:/cs723-assignment1/software/freertos_test_bsp/\libhal_bsp.a(alt_do_ctors.o)
 .bss           0x0807f7d4        0x0 D:/cs723-assignment1/software/freertos_test_bsp/\libhal_bsp.a(alt_do_dtors.o)
 .bss           0x0807f7d4        0x0 D:/cs723-assignment1/software/freertos_test_bsp/\libhal_bsp.a(alt_find_dev.o)
 .bss           0x0807f7d4        0x0 D:/cs723-assignment1/software/freertos_test_bsp/\libhal_bsp.a(alt_flash_dev.o)
 .bss           0x0807f7d4        0x0 D:/cs723-assignment1/software/freertos_test_bsp/\libhal_bsp.a(alt_io_redirect.o)
 .bss           0x0807f7d4        0x0 D:/cs723-assignment1/software/freertos_test_bsp/\libhal_bsp.a(alt_open.o)
 .bss           0x0807f7d4        0x0 D:/cs723-assignment1/software/freertos_test_bsp/\libhal_bsp.a(alt_tick.o)
 .bss           0x0807f7d4        0x0 D:/cs723-assignment1/software/freertos_test_bsp/\libhal_bsp.a(alt_usleep.o)
 .bss           0x0807f7d4        0x0 D:/cs723-assignment1/software/freertos_test_bsp/\libhal_bsp.a(altera_nios2_qsys_irq.o)
 .bss           0x0807f7d4        0x0 D:/cs723-assignment1/software/freertos_test_bsp/\libhal_bsp.a(altera_avalon_cfi_flash_amd.o)
 .bss           0x0807f7d4        0x0 D:/cs723-assignment1/software/freertos_test_bsp/\libhal_bsp.a(altera_avalon_cfi_flash_intel.o)
 .bss           0x0807f7d4        0x0 D:/cs723-assignment1/software/freertos_test_bsp/\libhal_bsp.a(alt_busy_sleep.o)
 .bss           0x0807f7d4        0x0 D:/cs723-assignment1/software/freertos_test_bsp/\libhal_bsp.a(alt_find_file.o)
 .bss           0x0807f7d4        0x0 D:/cs723-assignment1/software/freertos_test_bsp/\libhal_bsp.a(alt_get_fd.o)
 .bss           0x0807f7d4        0x0 c:/altera/13.0/nios2eds/bin/gnu/h-i686-mingw32/bin/../lib/gcc/nios2-elf/4.1.2/../../../../nios2-elf/lib\libc.a(lib_a-atexit.o)
 .bss           0x0807f7d4        0x0 c:/altera/13.0/nios2eds/bin/gnu/h-i686-mingw32/bin/../lib/gcc/nios2-elf/4.1.2/../../../../nios2-elf/lib\libc.a(lib_a-ctype_.o)
 .bss           0x0807f7d4        0x0 c:/altera/13.0/nios2eds/bin/gnu/h-i686-mingw32/bin/../lib/gcc/nios2-elf/4.1.2/../../../../nios2-elf/lib\libc.a(lib_a-exit.o)
 .bss           0x0807f7d4        0x0 c:/altera/13.0/nios2eds/bin/gnu/h-i686-mingw32/bin/../lib/gcc/nios2-elf/4.1.2/../../../../nios2-elf/lib\libc.a(lib_a-__atexit.o)
 .bss           0x0807f7d4        0x0 c:/altera/13.0/nios2eds/bin/gnu/h-i686-mingw32/bin/../lib/gcc/nios2-elf/4.1.2/../../../../nios2-elf/lib\libc.a(lib_a-__call_atexit.o)
 .bss           0x0807f7d4        0x0 D:/cs723-assignment1/software/freertos_test_bsp/\libhal_bsp.a(alt_exit.o)
 *(COMMON)
 COMMON         0x0807f7d4      0x100 D:/cs723-assignment1/software/freertos_test_bsp/\libhal_bsp.a(alt_irq_handler.o)
                0x0807f7d4                alt_irq
 COMMON         0x0807f8d4      0x190 c:/altera/13.0/nios2eds/bin/gnu/h-i686-mingw32/bin/../lib/gcc/nios2-elf/4.1.2/../../../../nios2-elf/lib\libc.a(lib_a-atexit.o)
                0x0807f8d4                _atexit0
                0x0807fa64                . = ALIGN (0x4)
                0x0807fa64                __bss_end = ABSOLUTE (.)

.onchip_memory  0x00015fe0        0x0
                0x00015fe0                PROVIDE (_alt_partition_onchip_memory_start, ABSOLUTE (.))
 *(.onchip_memory. onchip_memory.*)
                0x00015fe0                . = ALIGN (0x4)
                0x00015fe0                PROVIDE (_alt_partition_onchip_memory_end, ABSOLUTE (.))
                0x00015fe0                PROVIDE (_alt_partition_onchip_memory_load_addr, LOADADDR (.onchip_memory))

.flash_controller
                0x01000020        0x0
                0x01000020                PROVIDE (_alt_partition_flash_controller_start, ABSOLUTE (.))
 *(.flash_controller. flash_controller.*)
                0x01000020                . = ALIGN (0x4)
                0x01000020                PROVIDE (_alt_partition_flash_controller_end, ABSOLUTE (.))
                0x01000020                PROVIDE (_alt_partition_flash_controller_load_addr, LOADADDR (.flash_controller))

.sdram          0x0807fa64        0x0
                0x0807fa64                PROVIDE (_alt_partition_sdram_start, ABSOLUTE (.))
 *(.sdram. sdram.*)
                0x0807fa64                . = ALIGN (0x4)
                0x0807fa64                PROVIDE (_alt_partition_sdram_end, ABSOLUTE (.))
                0x0807fa64                _end = ABSOLUTE (.)
                0x0807fa64                end = ABSOLUTE (.)
                0x0807fa64                __alt_stack_base = ABSOLUTE (.)
                0x0807fa64                PROVIDE (_alt_partition_sdram_load_addr, LOADADDR (.sdram))

.stab
 *(.stab)

.stabstr
 *(.stabstr)

.stab.excl
 *(.stab.excl)

.stab.exclstr
 *(.stab.exclstr)

.stab.index
 *(.stab.index)

.stab.indexstr
 *(.stab.indexstr)

.comment        0x00000000       0x23
 *(.comment)
 .comment       0x00000000       0x23 obj/default//D/cs723-assignment1/software/freertos_test/freertos/croutine.o
                                 0x24 (size before relaxing)
 .comment       0x00000000       0x24 obj/default//D/cs723-assignment1/software/freertos_test/freertos/event_groups.o
 .comment       0x00000000       0x24 obj/default//D/cs723-assignment1/software/freertos_test/freertos/heap.o
 .comment       0x00000000       0x24 obj/default//D/cs723-assignment1/software/freertos_test/freertos/list.o
 .comment       0x00000000       0x24 obj/default//D/cs723-assignment1/software/freertos_test/freertos/port.o
 .comment       0x00000000       0x24 obj/default//D/cs723-assignment1/software/freertos_test/freertos/queue.o
 .comment       0x00000000       0x24 obj/default//D/cs723-assignment1/software/freertos_test/freertos/tasks.o
 .comment       0x00000000       0x24 obj/default//D/cs723-assignment1/software/freertos_test/freertos/timers.o
 .comment       0x00000000       0x24 obj/default//D/cs723-assignment1/software/freertos_test/freertos_test.o
 .comment       0x00000000       0x24 c:/altera/13.0/nios2eds/bin/gnu/h-i686-mingw32/bin/../lib/gcc/nios2-elf/4.1.2\libgcc.a(_addsub_df.o)
 .comment       0x00000000       0x24 c:/altera/13.0/nios2eds/bin/gnu/h-i686-mingw32/bin/../lib/gcc/nios2-elf/4.1.2\libgcc.a(_mul_df.o)
 .comment       0x00000000       0x24 c:/altera/13.0/nios2eds/bin/gnu/h-i686-mingw32/bin/../lib/gcc/nios2-elf/4.1.2\libgcc.a(_div_df.o)
 .comment       0x00000000       0x24 c:/altera/13.0/nios2eds/bin/gnu/h-i686-mingw32/bin/../lib/gcc/nios2-elf/4.1.2\libgcc.a(_eq_df.o)
 .comment       0x00000000       0x24 c:/altera/13.0/nios2eds/bin/gnu/h-i686-mingw32/bin/../lib/gcc/nios2-elf/4.1.2\libgcc.a(_si_to_df.o)
 .comment       0x00000000       0x24 c:/altera/13.0/nios2eds/bin/gnu/h-i686-mingw32/bin/../lib/gcc/nios2-elf/4.1.2\libgcc.a(_thenan_df.o)
 .comment       0x00000000       0x24 c:/altera/13.0/nios2eds/bin/gnu/h-i686-mingw32/bin/../lib/gcc/nios2-elf/4.1.2\libgcc.a(_usi_to_df.o)
 .comment       0x00000000       0x24 c:/altera/13.0/nios2eds/bin/gnu/h-i686-mingw32/bin/../lib/gcc/nios2-elf/4.1.2\libgcc.a(_muldi3.o)
 .comment       0x00000000       0x24 c:/altera/13.0/nios2eds/bin/gnu/h-i686-mingw32/bin/../lib/gcc/nios2-elf/4.1.2\libgcc.a(_clzsi2.o)
 .comment       0x00000000       0x24 c:/altera/13.0/nios2eds/bin/gnu/h-i686-mingw32/bin/../lib/gcc/nios2-elf/4.1.2\libgcc.a(_pack_df.o)
 .comment       0x00000000       0x24 c:/altera/13.0/nios2eds/bin/gnu/h-i686-mingw32/bin/../lib/gcc/nios2-elf/4.1.2\libgcc.a(_unpack_df.o)
 .comment       0x00000000       0x24 c:/altera/13.0/nios2eds/bin/gnu/h-i686-mingw32/bin/../lib/gcc/nios2-elf/4.1.2\libgcc.a(_fpcmp_parts_df.o)
 .comment       0x00000000       0x24 c:/altera/13.0/nios2eds/bin/gnu/h-i686-mingw32/bin/../lib/gcc/nios2-elf/4.1.2\libgcc.a(_clz.o)
 .comment       0x00000000       0x24 c:/altera/13.0/nios2eds/bin/gnu/h-i686-mingw32/bin/../lib/gcc/nios2-elf/4.1.2/../../../../nios2-elf/lib\libc.a(lib_a-memcmp.o)
 .comment       0x00000000       0x24 c:/altera/13.0/nios2eds/bin/gnu/h-i686-mingw32/bin/../lib/gcc/nios2-elf/4.1.2/../../../../nios2-elf/lib\libc.a(lib_a-memcpy.o)
 .comment       0x00000000       0x24 c:/altera/13.0/nios2eds/bin/gnu/h-i686-mingw32/bin/../lib/gcc/nios2-elf/4.1.2/../../../../nios2-elf/lib\libc.a(lib_a-memset.o)
 .comment       0x00000000       0x24 c:/altera/13.0/nios2eds/bin/gnu/h-i686-mingw32/bin/../lib/gcc/nios2-elf/4.1.2/../../../../nios2-elf/lib\libc.a(lib_a-printf.o)
 .comment       0x00000000       0x24 c:/altera/13.0/nios2eds/bin/gnu/h-i686-mingw32/bin/../lib/gcc/nios2-elf/4.1.2/../../../../nios2-elf/lib\libc.a(lib_a-puts.o)
 .comment       0x00000000       0x24 c:/altera/13.0/nios2eds/bin/gnu/h-i686-mingw32/bin/../lib/gcc/nios2-elf/4.1.2/../../../../nios2-elf/lib\libc.a(lib_a-strlen.o)
 .comment       0x00000000       0x24 c:/altera/13.0/nios2eds/bin/gnu/h-i686-mingw32/bin/../lib/gcc/nios2-elf/4.1.2/../../../../nios2-elf/lib\libc.a(lib_a-vfprintf.o)
 .comment       0x00000000       0x24 c:/altera/13.0/nios2eds/bin/gnu/h-i686-mingw32/bin/../lib/gcc/nios2-elf/4.1.2/../../../../nios2-elf/lib\libc.a(lib_a-wsetup.o)
 .comment       0x00000000       0x24 c:/altera/13.0/nios2eds/bin/gnu/h-i686-mingw32/bin/../lib/gcc/nios2-elf/4.1.2/../../../../nios2-elf/lib\libc.a(lib_a-dtoa.o)
 .comment       0x00000000       0x24 c:/altera/13.0/nios2eds/bin/gnu/h-i686-mingw32/bin/../lib/gcc/nios2-elf/4.1.2/../../../../nios2-elf/lib\libc.a(lib_a-fflush.o)
 .comment       0x00000000       0x24 c:/altera/13.0/nios2eds/bin/gnu/h-i686-mingw32/bin/../lib/gcc/nios2-elf/4.1.2/../../../../nios2-elf/lib\libc.a(lib_a-findfp.o)
 .comment       0x00000000       0x24 c:/altera/13.0/nios2eds/bin/gnu/h-i686-mingw32/bin/../lib/gcc/nios2-elf/4.1.2/../../../../nios2-elf/lib\libc.a(lib_a-freer.o)
 .comment       0x00000000       0x24 c:/altera/13.0/nios2eds/bin/gnu/h-i686-mingw32/bin/../lib/gcc/nios2-elf/4.1.2/../../../../nios2-elf/lib\libc.a(lib_a-fvwrite.o)
 .comment       0x00000000       0x24 c:/altera/13.0/nios2eds/bin/gnu/h-i686-mingw32/bin/../lib/gcc/nios2-elf/4.1.2/../../../../nios2-elf/lib\libc.a(lib_a-fwalk.o)
 .comment       0x00000000       0x24 c:/altera/13.0/nios2eds/bin/gnu/h-i686-mingw32/bin/../lib/gcc/nios2-elf/4.1.2/../../../../nios2-elf/lib\libc.a(lib_a-impure.o)
 .comment       0x00000000       0x24 c:/altera/13.0/nios2eds/bin/gnu/h-i686-mingw32/bin/../lib/gcc/nios2-elf/4.1.2/../../../../nios2-elf/lib\libc.a(lib_a-locale.o)
 .comment       0x00000000       0x24 c:/altera/13.0/nios2eds/bin/gnu/h-i686-mingw32/bin/../lib/gcc/nios2-elf/4.1.2/../../../../nios2-elf/lib\libc.a(lib_a-makebuf.o)
 .comment       0x00000000       0x24 c:/altera/13.0/nios2eds/bin/gnu/h-i686-mingw32/bin/../lib/gcc/nios2-elf/4.1.2/../../../../nios2-elf/lib\libc.a(lib_a-mallocr.o)
 .comment       0x00000000       0x24 c:/altera/13.0/nios2eds/bin/gnu/h-i686-mingw32/bin/../lib/gcc/nios2-elf/4.1.2/../../../../nios2-elf/lib\libc.a(lib_a-memchr.o)
 .comment       0x00000000       0x24 c:/altera/13.0/nios2eds/bin/gnu/h-i686-mingw32/bin/../lib/gcc/nios2-elf/4.1.2/../../../../nios2-elf/lib\libc.a(lib_a-memmove.o)
 .comment       0x00000000       0x24 c:/altera/13.0/nios2eds/bin/gnu/h-i686-mingw32/bin/../lib/gcc/nios2-elf/4.1.2/../../../../nios2-elf/lib\libc.a(lib_a-mprec.o)
 .comment       0x00000000       0x24 c:/altera/13.0/nios2eds/bin/gnu/h-i686-mingw32/bin/../lib/gcc/nios2-elf/4.1.2/../../../../nios2-elf/lib\libc.a(lib_a-reallocr.o)
 .comment       0x00000000       0x24 c:/altera/13.0/nios2eds/bin/gnu/h-i686-mingw32/bin/../lib/gcc/nios2-elf/4.1.2/../../../../nios2-elf/lib\libc.a(lib_a-s_isinfd.o)